******************************************************************************
                  TI ARM Linker PC v20.2.6                     
******************************************************************************
>> Linked Sat Apr 13 23:49:11 2024

OUTPUT FILE NAME:   <ece3849_lab2_starter.out>
ENTRY POINT SYMBOL: "_c_int00"  address: 00008b89


MEMORY CONFIGURATION

         name            origin    length      used     unused   attr    fill
----------------------  --------  ---------  --------  --------  ----  --------
  FLASH                 00000000   00100000  0000dd12  000f22ee  R  X
  SRAM                  20000000   00040000  00012dbc  0002d244  RW X


SEGMENT ALLOCATION MAP

run origin  load origin   length   init length attrs members
----------  ----------- ---------- ----------- ----- -------
00000000    00000000    0000dd20   0000dd20    r-x
  00000000    00000000    0000003c   0000003c    r-- .resetVecs
  00000040    00000040    0000afda   0000afda    r-x .text
  0000b020    0000b020    00002a0c   00002a0c    r-- .const
  0000da30    0000da30    000002f0   000002f0    r-- .cinit
20000000    20000000    00012dc0   00000000    rw-
  20000000    20000000    00000360   00000000    rw- .vecs
  20000360    20000360    0000a04c   00000000    rw- .bss
  2000a3ac    2000a3ac    00008710   00000000    rw- .data
  20012ac0    20012ac0    00000300   00000000    rw- .stack


SECTION ALLOCATION MAP

 output                                  attributes/
section   page    origin      length       input sections
--------  ----  ----------  ----------   ----------------
.text      0    00000040    0000afda     
                  00000040    00000a4e     rtsv7M4_T_le_v4SPD16_eabi.lib : _printfi.c.obj (.text:__TI_printfi)
                  00000a8e    00000002                                   : _lock.c.obj (.text:_nop)
                  00000a90    00000738                                   : k_rem_pio2.c.obj (.text:__kernel_rem_pio2)
                  000011c8    000005e0                                   : s_sin.c.obj (.text:sin)
                  000017a8    000005dc                                   : s_cos.c.obj (.text:cos)
                  00001d84    00000004     driverlib.lib : timer.obj (.text:TimerIntClear)
                  00001d88    00000430     sysbios.aem4f : BIOS.obj (.text:ti_sysbios_family_arm_m3_Hwi_excDumpRegs__I)
                  000021b8    000003c4     main.obj (.text:displaytask)
                  0000257c    0000034c     ti.targets.arm.rtsarm.aem4f : System.oem4f (.text:xdc_runtime_System_doPrint__I)
                  000028c8    000002a4     sysbios.aem4f : BIOS.obj (.text:ti_sysbios_knl_Semaphore_pend__E)
                  00002b6c    00000004     rtsv7M4_T_le_v4SPD16_eabi.lib : exit.c.obj (.text:abort:abort)
                  00002b70    0000028e     kiss_fft.obj (.text:kf_bfly5)
                  00002dfe    00000002     rtsv7M4_T_le_v4SPD16_eabi.lib : div0.asm.obj (.text)
                  00002e00    00000270                                   : _printfi.c.obj (.text:_pconv_a)
                  00003070    0000026c     sysbios.aem4f : BIOS.obj (.text:ti_sysbios_heaps_HeapMem_free__E)
                  000032dc    00000256     grlib.lib : string.obj (.text:GrFontGlyphRender)
                  00003532    00000006     driverlib.lib : gpio.obj (.text:GPIOPinRead)
                  00003538    00000250     sysbios.aem4f : BIOS.obj (.text:ti_sysbios_heaps_HeapMem_alloc__E)
                  00003788    00000204     driverlib.lib : sysctl.obj (.text:SysCtlClockFreqSet)
                  0000398c    00000204     Boot.aem4f : Boot_sysctl.oem4f (.text:ti_catalog_arm_cortexm4_tiva_ce_Boot_sysCtlClockFreqSetI__I)
                  00003b90    000001f4     sysbios.aem4f : BIOS.obj (.text:ti_sysbios_family_arm_m3_Hwi_excHandlerMax__I)
                  00003d84    00000004                   : BIOS.obj (.text:ti_sysbios_family_arm_lm4_Timer_masterEnable__I)
                  00003d88    000001f0     kiss_fft.obj (.text:kf_bfly4)
                  00003f78    000001d0     rtsv7M4_T_le_v4SPD16_eabi.lib : _printfi.c.obj (.text:_pconv_g)
                  00004148    000001b6                                   : fd_add_t2.asm.obj (.text)
                  000042fe    00000002     --HOLE-- [fill = 0]
                  00004300    000001b4     kiss_fft.obj (.text:kf_bfly3)
                  000044b4    00000004     ti.targets.arm.rtsarm.aem4f : Error.oem4f (.text:xdc_runtime_Error_getSite__E)
                  000044b8    000001a8     main.obj (.text:processingtask)
                  00004660    00000194     buttons.obj (.text:ButtonInit)
                  000047f4    00000174     rtsv7M4_T_le_v4SPD16_eabi.lib : k_sin.c.obj (.text:__kernel_sin)
                  00004968    00000174     sysbios.aem4f : BIOS.obj (.text:ti_sysbios_family_arm_m3_Hwi_excBusFault__I)
                  00004adc    00000170     rtsv7M4_T_le_v4SPD16_eabi.lib : k_cos.c.obj (.text:__kernel_cos)
                  00004c4c    00000004     ti.targets.arm.rtsarm.aem4f : System.oem4f (.text:xdc_runtime_System_aprintf_va__F)
                  00004c50    00000164     sysbios.aem4f : BIOS.obj (.text:ti_sysbios_family_arm_m3_Hwi_excUsageFault__I)
                  00004db4    0000015c     rtsv7M4_T_le_v4SPD16_eabi.lib : e_log10f.c.obj (.text:log10f)
                  00004f10    00000158                                   : e_sqrt.c.obj (.text:sqrt)
                  00005068    00000148     main.obj (.text:main)
                  000051b0    00000148     sysbios.aem4f : BIOS.obj (.text:ti_sysbios_family_arm_m3_Hwi_excMemFault__I)
                  000052f8    0000013c     rtsv7M4_T_le_v4SPD16_eabi.lib : _printfi.c.obj (.text:_pconv_e)
                  00005434    00000004     ti.targets.arm.rtsarm.aem4f : System.oem4f (.text:xdc_runtime_System_printf_va__F)
                  00005438    0000013c     sysbios.aem4f : BIOS.obj (.text:ti_sysbios_heaps_HeapMem_Instance_init__E)
                  00005574    00000136     rtsv7M4_T_le_v4SPD16_eabi.lib : fd_div_t2.asm.obj (.text)
                  000056aa    00000130     driverlib.lib : gpio.obj (.text:GPIOPadConfigSet)
                  000057da    00000002     --HOLE-- [fill = 0]
                  000057dc    00000124     rtsv7M4_T_le_v4SPD16_eabi.lib : _printfi.c.obj (.text:fcvt)
                  00005900    00000118     ti.targets.arm.rtsarm.aem4f : Error.oem4f (.text:xdc_runtime_Error_policyDefault__E)
                  00005a18    00000110     rtsv7M4_T_le_v4SPD16_eabi.lib : s_scalbn.c.obj (.text:scalbn)
                  00005b28    00000108     sysbios.aem4f : BIOS.obj (.text:ti_sysbios_family_arm_lm4_Timer_start__E)
                  00005c30    00000106     grlib.lib : line.obj (.text:GrLineDraw)
                  00005d36    00000002     --HOLE-- [fill = 0]
                  00005d38    00000100     main.obj (.text:Buttontask)
                  00005e38    00000100     ti.targets.arm.rtsarm.aem4f : Core-mem.oem4f (.text:xdc_runtime_Core_createObject__I)
                  00005f38    000000fc     kiss_fft.obj (.text:kf_bfly_generic)
                  00006034    000000fc     rtsv7M4_T_le_v4SPD16_eabi.lib : fd_mul_t2.asm.obj (.text)
                  00006130    000000fc     rtos_pem4f.oem4f (.text:xdc_runtime_System_printfExtend__I)
                  0000622c    000000f8     rtsv7M4_T_le_v4SPD16_eabi.lib : s_floor.c.obj (.text:floor)
                  00006324    000000f8     ti.targets.arm.rtsarm.aem4f : Startup.oem4f (.text:xdc_runtime_Startup_startMods__I)
                  0000641c    000000f4     sysbios.aem4f : m3_Hwi_asm.obj (.text:ti_sysbios_family_arm_m3_Hwi_dispatch__I)
                  00006510    000000ec                   : BIOS.obj (.text:ti_sysbios_knl_Semaphore_post__E)
                  000065fc    00000004     --HOLE-- [fill = 0]
                  00006600    000000e2     kiss_fft.obj (.text:kf_work)
                  000066e2    00000006     driverlib.lib : gpio.obj (.text:GPIOPinWrite)
                  000066e8    000000dc     Crystalfontz128x128_ST7735.obj (.text:Crystalfontz128x128_PixelDrawMultiple)
                  000067c4    00000004     --HOLE-- [fill = 0]
                  000067c8    000000d4     buttons.obj (.text:ButtonReadJoystick)
                  0000689c    00000004     --HOLE-- [fill = 0]
                  000068a0    000000cc     kiss_fft.obj (.text:kiss_fft_alloc)
                  0000696c    000000cc     ti.targets.arm.rtsarm.aem4f : Core-smem.oem4f (.text:xdc_runtime_Core_constructObject__I)
                  00006a38    000000c4     grlib.lib : string.obj (.text:GrDefaultStringRenderer)
                  00006afc    000000c0               : line.obj (.text:GrLineClip)
                  00006bbc    00000004     --HOLE-- [fill = 0]
                  00006bc0    000000bc     Crystalfontz128x128_ST7735.obj (.text:Crystalfontz128x128_Init)
                  00006c7c    00000004     --HOLE-- [fill = 0]
                  00006c80    000000bc     sysbios.aem4f : BIOS.obj (.text:ti_sysbios_family_arm_m3_Hwi_excDebugMon__I)
                  00006d3c    00000004     --HOLE-- [fill = 0]
                  00006d40    000000bc                   : BIOS.obj (.text:ti_sysbios_family_arm_m3_Hwi_excHardFault__I)
                  00006dfc    00000004     --HOLE-- [fill = 0]
                  00006e00    000000b4                   : BIOS.obj (.text:ti_sysbios_gates_GateMutex_enter__E)
                  00006eb4    00000004     --HOLE-- [fill = 0]
                  00006eb8    000000b4                   : BIOS.obj (.text:ti_sysbios_knl_Task_checkStacks__E)
                  00006f6c    000000b1     rtsv7M4_T_le_v4SPD16_eabi.lib : _printfi.c.obj (.text:_ltostr)
                  0000701d    00000003     --HOLE-- [fill = 0]
                  00007020    000000ac     sysbios.aem4f : BIOS.obj (.text:ti_sysbios_family_arm_lm4_Timer_enableTiva__I)
                  000070cc    00000004     --HOLE-- [fill = 0]
                  000070d0    000000ac     main.obj (.text:waveformtask)
                  0000717c    00000004     --HOLE-- [fill = 0]
                  00007180    000000a4     sampling.obj (.text:ADCInit)
                  00007224    000000a0     auto_init.aem4f : auto_init.oem4f (.text)
                  000072c4    000000a0     ti.targets.arm.rtsarm.aem4f : Text.oem4f (.text:xdc_runtime_Text_putMod__E)
                  00007364    00000004     --HOLE-- [fill = 0]
                  00007368    0000009c     Crystalfontz128x128_ST7735.obj (.text:Crystalfontz128x128_SetDrawFrame)
                  00007404    0000009c     rtsv7M4_T_le_v4SPD16_eabi.lib : memcpy_t2.asm.obj (.text)
                  000074a0    0000009c     sysbios.aem4f : BIOS.obj (.text:ti_sysbios_knl_Semaphore_Instance_init__E)
                  0000753c    00000004     --HOLE-- [fill = 0]
                  00007540    0000009c     main.obj (.text:user_input)
                  000075dc    0000009a     ti.targets.arm.rtsarm.aem4f : Text.oem4f (.text:xdc_runtime_Text_putSite__E)
                  00007676    00000002     --HOLE-- [fill = 0]
                  00007678    00000098     Boot.aem4f : Boot.oem4f (.text:ti_catalog_arm_cortexm4_tiva_ce_Boot_sysCtlClockFreqSet__E)
                  00007710    00000096     rtsv7M4_T_le_v4SPD16_eabi.lib : ull_div_t2.asm.obj (.text)
                  000077a6    00000002     --HOLE-- [fill = 0]
                  000077a8    00000094     sysbios.aem4f : BIOS.obj (.text:ti_sysbios_family_arm_m3_Hwi_initNVIC__E)
                  0000783c    0000008c                   : m3_TaskSupport_asm.obj (.text:ti_sysbios_family_arm_m3_TaskSupport_buildTaskStack)
                  000078c8    0000008c                   : BIOS.obj (.text:ti_sysbios_knl_Task_postInit__I)
                  00007954    00000004     --HOLE-- [fill = 0]
                  00007958    00000088                   : BIOS.obj (.text:ti_sysbios_knl_Mailbox_post__E)
                  000079e0    00000086     grlib.lib : rectangle.obj (.text:GrRectFill)
                  00007a66    00000086     rtsv7M4_T_le_v4SPD16_eabi.lib : fd_cmp_t2.asm.obj (.text:__aeabi_cdcmple)
                  00007aec    00000086                                   : fd_cmp_t2.asm.obj (.text:__aeabi_cdrcmple)
                  00007b72    00000006     grlib.lib : string.obj (.text:GrContextFontSet)
                  00007b78    00000084     sysbios.aem4f : BIOS.obj (.text:ti_sysbios_family_arm_m3_Hwi_postInit__I)
                  00007bfc    00000004     --HOLE-- [fill = 0]
                  00007c00    00000080     Crystalfontz128x128_ST7735.obj (.text:Crystalfontz128x128_RectFill)
                  00007c80    00000080     rtsv7M4_T_le_v4SPD16_eabi.lib : s_floorf.c.obj (.text:floorf)
                  00007d00    00000080     kiss_fft.obj (.text:kf_bfly2)
                  00007d80    0000007a     driverlib.lib : adc.obj (.text:ADCSequenceStepConfigure)
                  00007dfa    0000007a     rtsv7M4_T_le_v4SPD16_eabi.lib : memset_t2.asm.obj (.text)
                  00007e74    00000004     --HOLE-- [fill = 0]
                  00007e78    00000078     HAL_EK_TM4C1294XL_Crystalfontz128x128_ST7735.obj (.text:HAL_LCD_PortInit)
                  00007ef0    00000078     HAL_EK_TM4C1294XL_Crystalfontz128x128_ST7735.obj (.text:HAL_LCD_SpiInit)
                  00007f68    00000074     sysbios.aem4f : BIOS.obj (.text:ti_sysbios_knl_Mailbox_pend__E)
                  00007fdc    00000004     --HOLE-- [fill = 0]
                  00007fe0    00000070                   : BIOS.obj (.text:ti_sysbios_knl_Clock_workFunc__E)
                  00008050    00000070                   : BIOS.obj (.text:ti_sysbios_knl_Task_exit__E)
                  000080c0    0000006e     rtsv7M4_T_le_v4SPD16_eabi.lib : _printfi.c.obj (.text:_mcpy)
                  0000812e    0000006e                                   : s_roundf.c.obj (.text:roundf)
                  0000819c    0000006e                                   : fd_tos_t2.asm.obj (.text)
                  0000820a    00000002     --HOLE-- [fill = 0]
                  0000820c    0000006d     ti.targets.arm.rtsarm.aem4f : System.oem4f (.text:xdc_runtime_System_formatNum__I)
                  00008279    00000001     --HOLE-- [fill = 0]
                  0000827a    00000006     driverlib.lib : sysctl.obj (.text:SysCtlDelay)
                  00008280    0000006c     kiss_fft.obj (.text:kf_factor)
                  000082ec    00000004     --HOLE-- [fill = 0]
                  000082f0    0000006c     sysbios.aem4f : BIOS.obj (.text:ti_sysbios_knl_Swi_restoreHwi__E)
                  0000835c    0000006c     ti.targets.arm.rtsarm.aem4f : Error.oem4f (.text:xdc_runtime_Error_print__E)
                  000083c8    0000006c                                 : Memory.oem4f (.text:xdc_runtime_Memory_alloc__E)
                  00008434    00000068     grlib.lib : context.obj (.text:GrContextInit)
                  0000849c    00000068     driverlib.lib : interrupt.obj (.text:IntEnable)
                  00008504    00000068     rtsv7M4_T_le_v4SPD16_eabi.lib : copy_decompress_lzss.c.obj (.text:decompress:lzss:__TI_decompress_lzss)
                  0000856c    00000004     --HOLE-- [fill = 0]
                  00008570    00000068     sysbios.aem4f : BIOS.obj (.text:ti_sysbios_family_arm_lm4_TimestampProvider_initTimerHandle__I)
                  000085d8    00000066     ti.targets.arm.rtsarm.aem4f : Core-mem.oem4f (.text:xdc_runtime_Core_deleteObject__I)
                  0000863e    00000002     --HOLE-- [fill = 0]
                  00008640    00000064     rtsv7M4_T_le_v4SPD16_eabi.lib : s_frexp.c.obj (.text:frexp)
                  000086a4    00000004     --HOLE-- [fill = 0]
                  000086a8    00000064     sysbios.aem4f : BIOS.obj (.text:ti_sysbios_family_arm_lm4_Timer_Module_startup__E)
                  0000870c    00000004     --HOLE-- [fill = 0]
                  00008710    00000064                   : BIOS.obj (.text:ti_sysbios_family_arm_m3_Hwi_dispatchC__I)
                  00008774    00000004     --HOLE-- [fill = 0]
                  00008778    00000060     buttons.obj (.text:ButtonDebounce)
                  000087d8    00000060     driverlib.lib : timer.obj (.text:TimerConfigure)
                  00008838    00000060     sysbios.aem4f : BIOS.obj (.text:ti_sysbios_knl_Task_schedule__I)
                  00008898    0000005c     kiss_fft.obj (.text:kiss_fft_stride)
                  000088f4    00000004     --HOLE-- [fill = 0]
                  000088f8    0000005c     sysbios.aem4f : BIOS.obj (.text:ti_sysbios_knl_Swi_run__I)
                  00008954    00000004     --HOLE-- [fill = 0]
                  00008958    0000005c                   : BIOS.obj (.text:ti_sysbios_knl_Swi_schedule__I)
                  000089b4    00000004     --HOLE-- [fill = 0]
                  000089b8    0000005c                   : BIOS.obj (.text:ti_sysbios_knl_Task_Module_startup__E)
                  00008a14    00000004     --HOLE-- [fill = 0]
                  00008a18    0000005c                   : BIOS.obj (.text:ti_sysbios_knl_Task_startCore__E)
                  00008a74    0000005b     ti.targets.arm.rtsarm.aem4f : Text.oem4f (.text:xdc_runtime_Text_putLab__E)
                  00008acf    00000001     --HOLE-- [fill = 0]
                  00008ad0    0000005a     grlib.lib : string.obj (.text:FontWideGlyphDataGet)
                  00008b2a    00000006     ti.targets.arm.rtsarm.aem4f : System.oem4f (.text:xdc_runtime_System_Module_startup__E)
                  00008b30    00000058     buttons.obj (.text:ButtonAutoRepeat)
                  00008b88    00000058     boot.aem4f : boot.oem4f (.text)
                  00008be0    00000058     rtsv7M4_T_le_v4SPD16_eabi.lib : hostwrite.c.obj (.text:HOSTwrite)
                  00008c38    00000058     sysbios.aem4f : m3_Hwi_asm_switch.obj (.text:ti_sysbios_family_arm_m3_Hwi_initStacks__E)
                  00008c90    00000056     rtsv7M4_T_le_v4SPD16_eabi.lib : _printfi.c.obj (.text:_pconv_f)
                  00008ce6    00000002     --HOLE-- [fill = 0]
                  00008ce8    00000054     sampling.obj (.text:FallingTrigger)
                  00008d3c    00000004     --HOLE-- [fill = 0]
                  00008d40    00000054     sampling.obj (.text:RisingTrigger)
                  00008d94    00000054     rtsv7M4_T_le_v4SPD16_eabi.lib : _ltoa.c.obj (.text:__TI_ltoa)
                  00008de8    00000054     sysbios.aem4f : BIOS.obj (.text:ti_sysbios_family_arm_lm4_Timer_initDevice__I)
                  00008e3c    00000054     ti.targets.arm.rtsarm.aem4f : Assert.oem4f (.text:xdc_runtime_Assert_raise__I)
                  00008e90    00000052     rtsv7M4_T_le_v4SPD16_eabi.lib : _printfi.c.obj (.text:_ecpy)
                  00008ee2    00000002     --HOLE-- [fill = 0]
                  00008ee4    00000050     Boot.aem4f : Boot_sysctl.oem4f (.text:_SysCtlFrequencyGet)
                  00008f34    00000004     --HOLE-- [fill = 0]
                  00008f38    00000050     sysbios.aem4f : BIOS.obj (.text:ti_sysbios_family_arm_m3_Hwi_Module_startup__E)
                  00008f88    00000050     ti.targets.arm.rtsarm.aem4f : Startup.oem4f (.text:xdc_runtime_Startup_exec__E)
                  00008fd8    00000050                                 : Text.oem4f (.text:xdc_runtime_Text_visitRope2__I)
                  00009028    0000004c     rtsv7M4_T_le_v4SPD16_eabi.lib : atoi.c.obj (.text:atoi)
                  00009074    0000004c                                   : cpy_tbl.c.obj (.text:copy_in)
                  000090c0    0000004c                                   : snprintf.c.obj (.text:snprintf)
                  0000910c    00000004     --HOLE-- [fill = 0]
                  00009110    0000004c     sysbios.aem4f : BIOS.obj (.text:ti_sysbios_heaps_HeapMem_getStats__E)
                  0000915c    00000004     --HOLE-- [fill = 0]
                  00009160    0000004c                   : BIOS.obj (.text:ti_sysbios_knl_Swi_runLoop__I)
                  000091ac    00000004     --HOLE-- [fill = 0]
                  000091b0    0000004c                   : BIOS.obj (.text:ti_sysbios_knl_Task_allBlockedFunction__I)
                  000091fc    0000004a     grlib.lib : string.obj (.text:UpdateContextCharMapping)
                  00009246    00000002     --HOLE-- [fill = 0]
                  00009248    00000048     sampling.obj (.text:ADC_ISR)
                  00009290    00000048     driverlib.lib : gpio.obj (.text:GPIOPinConfigure)
                  000092d8    00000048     HAL_EK_TM4C1294XL_Crystalfontz128x128_ST7735.obj (.text:HAL_LCD_writeCommand)
                  00009320    00000048     sysctl_pll.obj (.text:SysCtlFrequencyGet)
                  00009368    00000048     driverlib.lib : sysctl.obj (.text:_SysCtlFrequencyGet)
                  000093b0    00000048     rtsv7M4_T_le_v4SPD16_eabi.lib : fd_toi_t2.asm.obj (.text)
                  000093f8    00000048     sysbios.aem4f : BIOS.obj (.text:ti_sysbios_family_arm_lm4_Timer_enableTimers__I)
                  00009440    00000048                   : BIOS.obj (.text:ti_sysbios_family_arm_m3_Hwi_disableInterrupt__E)
                  00009488    00000048                   : BIOS.obj (.text:ti_sysbios_family_arm_m3_Hwi_enableInterrupt__E)
                  000094d0    00000048                   : BIOS.obj (.text:ti_sysbios_family_arm_m3_Hwi_excReserved__I)
                  00009518    00000048                   : BIOS.obj (.text:ti_sysbios_knl_Mailbox_Module_startup__E)
                  00009560    00000046     grlib.lib : line.obj (.text:GrLineDrawH)
                  000095a6    00000046               : line.obj (.text:GrLineDrawV)
                  000095ec    00000046     ti.targets.arm.rtsarm.aem4f : Core-params.oem4f (.text:xdc_runtime_Core_assignParams__I)
                  00009632    00000006     --HOLE-- [fill = 0]
                  00009638    00000044     Crystalfontz128x128_ST7735.obj (.text:Crystalfontz128x128_SetOrientation)
                  0000967c    00000004     --HOLE-- [fill = 0]
                  00009680    00000044     sysbios.aem4f : BIOS.obj (.text:ti_sysbios_family_arm_lm4_Timer_isrStub__E)
                  000096c4    00000004     --HOLE-- [fill = 0]
                  000096c8    00000044                   : BIOS.obj (.text:ti_sysbios_family_arm_m3_Hwi_getStackInfo__E)
                  0000970c    00000004     --HOLE-- [fill = 0]
                  00009710    00000044                   : BIOS.obj (.text:ti_sysbios_knl_Swi_post__E)
                  00009754    00000044     ti.targets.arm.rtsarm.aem4f : Error.oem4f (.text:xdc_runtime_Error_setX__E)
                  00009798    00000044                                 : SysMin.oem4f (.text:xdc_runtime_SysMin_flush__E)
                  000097dc    00000044                                 : Text.oem4f (.text:xdc_runtime_Text_xprintf__I)
                  00009820    00000040     Crystalfontz128x128_ST7735.obj (.text:Crystalfontz128x128_LineDrawH)
                  00009860    00000040     rtsv7M4_T_le_v4SPD16_eabi.lib : u_divt2.asm.obj (.text)
                  000098a0    00000040     sysbios.aem4f : BIOS.obj (.text:ti_sysbios_family_arm_lm4_Timer_startup__E)
                  000098e0    0000003e     driverlib.lib : adc.obj (.text:ADCSequenceConfigure)
                  0000991e    0000003e     rtsv7M4_T_le_v4SPD16_eabi.lib : _printfi.c.obj (.text:_fcpy)
                  0000995c    0000003c     driverlib.lib : ssi.obj (.text:SSIConfigSetExpClk)
                  00009998    0000003c     sysbios.aem4f : BIOS.obj (.text:ti_sysbios_family_arm_m3_Hwi_excSvCall__I)
                  000099d4    00000004     --HOLE-- [fill = 0]
                  000099d8    0000003c                   : BIOS.obj (.text:ti_sysbios_heaps_HeapMem_init__I)
                  00009a14    00000004     --HOLE-- [fill = 0]
                  00009a18    0000003c                   : BIOS.obj (.text:ti_sysbios_knl_Swi_restore__E)
                  00009a54    0000003a     grlib.lib : string.obj (.text:FontGlyphDataGet)
                  00009a8e    00000002     --HOLE-- [fill = 0]
                  00009a90    00000038     Crystalfontz128x128_ST7735.obj (.text:Crystalfontz128x128_Flush)
                  00009ac8    00000038     rtsv7M4_T_le_v4SPD16_eabi.lib : trgmsg.c.obj (.text:__TI_writemsg)
                  00009b00    00000038                                   : fs_tod_t2.asm.obj (.text)
                  00009b38    00000038     sysbios.aem4f : BIOS.obj (.text:ti_sysbios_family_arm_m3_Hwi_excNoIsr__I)
                  00009b70    00000038                   : BIOS.obj (.text:ti_sysbios_knl_Task_processVitalTaskFlag__I)
                  00009ba8    00000038     ti.targets.arm.rtsarm.aem4f : SysMin.oem4f (.text:xdc_runtime_SysMin_putch__E)
                  00009be0    00000038                                 : System.oem4f (.text:xdc_runtime_System_atexit__E)
                  00009c18    00000036     grlib.lib : line.obj (.text:GrClipCodeGet)
                  00009c4e    00000002     --HOLE-- [fill = 0]
                  00009c50    00000034     driverlib.lib : sysctl.obj (.text:SysCtlPeripheralEnable)
                  00009c84    00000034     rtsv7M4_T_le_v4SPD16_eabi.lib : trgmsg.c.obj (.text:__TI_readmsg)
                  00009cb8    00000034     sysbios.aem4f : BIOS.obj (.text:ti_sysbios_family_arm_m3_Hwi_excNmi__I)
                  00009cec    00000004     --HOLE-- [fill = 0]
                  00009cf0    00000034                   : BIOS.obj (.text:ti_sysbios_hal_Hwi_checkStack)
                  00009d24    00000034     ti.targets.arm.rtsarm.aem4f : Core-label.oem4f (.text:xdc_runtime_Core_assignLabel__I)
                  00009d58    00000033                                 : Text.oem4f (.text:xdc_runtime_Text_printVisFxn__I)
                  00009d8b    00000005     --HOLE-- [fill = 0]
                  00009d90    00000032     sysbios.aem4f : BIOS.obj (.text:ti_sysbios_hal_Hwi_initStack)
                  00009dc2    00000030     rtsv7M4_T_le_v4SPD16_eabi.lib : snprintf.c.obj (.text:_outs)
                  00009df2    00000006     --HOLE-- [fill = 0]
                  00009df8    00000030     main.obj (.text:cpu_load_count)
                  00009e28    00000030     rtos_pem4f.oem4f (.text:ti_sysbios_BIOS_atExitFunc__I)
                  00009e58    00000030     sysbios.aem4f : BIOS.obj (.text:ti_sysbios_family_arm_lm4_Timer_stop__E)
                  00009e88    00000030                   : BIOS.obj (.text:ti_sysbios_family_arm_m3_TaskSupport_start__E)
                  00009eb8    00000030     rtos_pem4f.oem4f (.text:ti_sysbios_gates_GateHwi_Object__create__S)
                  00009ee8    00000030     rtos_pem4f.oem4f (.text:ti_sysbios_gates_GateMutex_Object__create__S)
                  00009f18    00000030     rtos_pem4f.oem4f (.text:ti_sysbios_heaps_HeapMem_Object__create__S)
                  00009f48    00000030     sysbios.aem4f : BIOS.obj (.text:ti_sysbios_knl_Mailbox_postInit__I)
                  00009f78    00000030     rtos_pem4f.oem4f (.text:ti_sysbios_knl_Semaphore_construct)
                  00009fa8    00000030     sysbios.aem4f : BIOS.obj (.text:ti_sysbios_knl_Semaphore_pendTimeout__I)
                  00009fd8    00000030                   : BIOS.obj (.text:ti_sysbios_knl_Task_unblockI__E)
                  0000a008    00000030     ti.targets.arm.rtsarm.aem4f : SysMin.oem4f (.text:xdc_runtime_SysMin_abort__E)
                  0000a038    00000030                                 : System.oem4f (.text:xdc_runtime_System_processAtExit__E)
                  0000a068    0000002e     driverlib.lib : adc.obj (.text:ADCIntStatus)
                  0000a096    0000002e     grlib.lib : string.obj (.text:GrStringNextCharGet)
                  0000a0c4    00000004     --HOLE-- [fill = 0]
                  0000a0c8    0000002e     rtos_pem4f.oem4f (.text:malloc)
                  0000a0f6    0000002e     rtsv7M4_T_le_v4SPD16_eabi.lib : i_tofd_t2.asm.obj (.text)
                  0000a124    00000004     --HOLE-- [fill = 0]
                  0000a128    0000002c     rtos_pem4f.oem4f (.text:ti_sysbios_knl_Clock_doTick__I)
                  0000a154    00000004     --HOLE-- [fill = 0]
                  0000a158    0000002c     rtos_pem4f.oem4f (.text:ti_sysbios_knl_Queue_construct)
                  0000a184    00000004     --HOLE-- [fill = 0]
                  0000a188    0000002c     sysbios.aem4f : BIOS.obj (.text:ti_sysbios_knl_Task_restore__E)
                  0000a1b4    0000002c     ti.targets.arm.rtsarm.aem4f : Text.oem4f (.text:xdc_runtime_Text_cordText__E)
                  0000a1e0    0000002a     driverlib.lib : gpio.obj (.text:GPIODirModeSet)
                  0000a20a    0000002a     ti.targets.arm.rtsarm.aem4f : System.oem4f (.text:xdc_runtime_System_putchar__I)
                  0000a234    00000004     --HOLE-- [fill = 0]
                  0000a238    00000028     sysbios.aem4f : BIOS.obj (.text:ti_sysbios_knl_Clock_addI__E)
                  0000a260    00000028                   : BIOS.obj (.text:ti_sysbios_knl_Swi_Module_startup__E)
                  0000a288    00000026     grlib.lib : string.obj (.text:GrFontInfoGet)
                  0000a2ae    00000026     sysbios.aem4f : m3_Hwi_asm.obj (.text:ti_sysbios_family_arm_m3_Hwi_pendSV__I)
                  0000a2d4    00000026     ti.targets.arm.rtsarm.aem4f : System.oem4f (.text:xdc_runtime_System_avprintf__E)
                  0000a2fa    00000002     --HOLE-- [fill = 0]
                  0000a2fc    00000024     driverlib.lib : interrupt.obj (.text:IntPrioritySet)
                  0000a320    00000024     rtos_pem4f.oem4f (.text:ti_sysbios_BIOS_errorRaiseHook__I)
                  0000a344    00000004     --HOLE-- [fill = 0]
                  0000a348    00000024     rtos_pem4f.oem4f (.text:ti_sysbios_BIOS_registerRTSLock__I)
                  0000a36c    00000004     --HOLE-- [fill = 0]
                  0000a370    00000024     rtos_pem4f.oem4f (.text:ti_sysbios_BIOS_removeRTSLock__I)
                  0000a394    00000004     --HOLE-- [fill = 0]
                  0000a398    00000024     rtos_pem4f.oem4f (.text:ti_sysbios_BIOS_startFunc__I)
                  0000a3bc    00000004     --HOLE-- [fill = 0]
                  0000a3c0    00000024     rtos_pem4f.oem4f (.text:ti_sysbios_gates_GateMutex_Object__delete__S)
                  0000a3e4    00000004     --HOLE-- [fill = 0]
                  0000a3e8    00000024     sysbios.aem4f : BIOS.obj (.text:ti_sysbios_knl_Clock_Module_startup__E)
                  0000a40c    00000004     --HOLE-- [fill = 0]
                  0000a410    00000024                   : BIOS.obj (.text:ti_sysbios_knl_Task_restoreHwi__E)
                  0000a434    00000024     ti.targets.arm.rtsarm.aem4f : System.oem4f (.text:xdc_runtime_System_vprintf__E)
                  0000a458    00000022     grlib.lib : string.obj (.text:GrFontGlyphDataGet)
                  0000a47a    00000022     driverlib.lib : pwm.obj (.text:PWMGenConfigure)
                  0000a49c    00000004     --HOLE-- [fill = 0]
                  0000a4a0    00000022     sysbios.aem4f : BIOS.obj (.text:ti_sysbios_family_arm_lm4_Timer_write__I)
                  0000a4c2    00000006     --HOLE-- [fill = 0]
                  0000a4c8    00000022     rtos_pem4f.oem4f (.text:xdc_runtime_SysMin_output__I)
                  0000a4ea    00000002     --HOLE-- [fill = 0]
                  0000a4ec    00000020     Boot.aem4f : Boot_sysctl.oem4f (.text:_SysCtlMemTimingGet)
                  0000a50c    00000004     --HOLE-- [fill = 0]
                  0000a510    00000020     rtos_pem4f.oem4f (.text:ti_sysbios_BIOS_rtsLock__I)
                  0000a530    00000020     sysbios.aem4f : m3_Hwi_asm.obj (.text:ti_sysbios_family_arm_m3_Hwi_excHandlerAsm__I)
                  0000a550    00000020                   : BIOS.obj (.text:ti_sysbios_family_arm_m3_Hwi_excHandler__I)
                  0000a570    00000020     rtos_pem4f.oem4f (.text:ti_sysbios_gates_GateHwi_Object__delete__S)
                  0000a590    00000020     rtos_pem4f.oem4f (.text:ti_sysbios_heaps_HeapMem_Object__delete__S)
                  0000a5b0    00000020     sysbios.aem4f : BIOS.obj (.text:ti_sysbios_knl_Idle_run__E)
                  0000a5d0    00000020     rtos_pem4f.oem4f (.text:ti_sysbios_knl_Semaphore_Object__destruct__S)
                  0000a5f0    00000020     ti.targets.arm.rtsarm.aem4f : Registry.oem4f (.text:xdc_runtime_Registry_findById__E)
                  0000a610    00000020                                 : SysMin.oem4f (.text:xdc_runtime_SysMin_Module_startup__E)
                  0000a630    0000001e     driverlib.lib : adc.obj (.text:ADCSequenceDataGet)
                  0000a64e    00000002     --HOLE-- [fill = 0]
                  0000a650    0000001e     Crystalfontz128x128_ST7735.obj (.text:Crystalfontz128x128_ColorTranslate)
                  0000a66e    0000001e     grlib.lib : string.obj (.text:GrFontCodepageGet)
                  0000a68c    0000001e     driverlib.lib : pwm.obj (.text:PWMPulseWidthSet)
                  0000a6aa    0000001e     sysbios.aem4f : m3_Hwi_asm_switch.obj (.text:ti_sysbios_family_xxx_Hwi_switchAndRunFunc)
                  0000a6c8    0000001c     Crystalfontz128x128_ST7735.obj (.text:Crystalfontz128x128_LineDrawV)
                  0000a6e4    0000001c     driverlib.lib : sysctl.obj (.text:_SysCtlMemTimingGet)
                  0000a700    0000001c     rtsv7M4_T_le_v4SPD16_eabi.lib : memccpy.c.obj (.text:memccpy)
                  0000a71c    00000004     --HOLE-- [fill = 0]
                  0000a720    0000001c     sysbios.aem4f : BIOS.obj (.text:ti_sysbios_gates_GateMutex_Instance_init__E)
                  0000a73c    00000004     --HOLE-- [fill = 0]
                  0000a740    0000001c     rtos_pem4f.oem4f (.text:ti_sysbios_knl_Queue_Object__destruct__S)
                  0000a75c    00000004     --HOLE-- [fill = 0]
                  0000a760    0000001c     sysbios.aem4f : BIOS.obj (.text:ti_sysbios_knl_Queue_get__E)
                  0000a77c    00000004     --HOLE-- [fill = 0]
                  0000a780    0000001c                   : BIOS.obj (.text:ti_sysbios_knl_Queue_put__E)
                  0000a79c    00000004     --HOLE-- [fill = 0]
                  0000a7a0    0000001c                   : BIOS.obj (.text:ti_sysbios_knl_Task_enter__I)
                  0000a7bc    0000001c     ti.targets.arm.rtsarm.aem4f : Error.oem4f (.text:xdc_runtime_Error_raiseX__E)
                  0000a7d8    0000001c                                 : Memory.oem4f (.text:xdc_runtime_Memory_valloc__E)
                  0000a7f4    0000001c                                 : SysMin.oem4f (.text:xdc_runtime_SysMin_exit__E)
                  0000a810    0000001c                                 : System.oem4f (.text:xdc_runtime_System_abort__E)
                  0000a82c    0000001a     rtsv7M4_T_le_v4SPD16_eabi.lib : s_copysign.c.obj (.text:copysign)
                  0000a846    00000002     --HOLE-- [fill = 0]
                  0000a848    0000001a     rtos_pem4f.oem4f (.text:free)
                  0000a862    00000006     --HOLE-- [fill = 0]
                  0000a868    0000001a     rtos_pem4f.oem4f (.text:ti_sysbios_family_arm_m3_Hwi_Handle__label__S)
                  0000a882    00000006     --HOLE-- [fill = 0]
                  0000a888    0000001a     rtos_pem4f.oem4f (.text:ti_sysbios_gates_GateHwi_Handle__label__S)
                  0000a8a2    00000006     --HOLE-- [fill = 0]
                  0000a8a8    0000001a     rtos_pem4f.oem4f (.text:ti_sysbios_gates_GateMutex_Handle__label__S)
                  0000a8c2    00000006     --HOLE-- [fill = 0]
                  0000a8c8    0000001a     rtos_pem4f.oem4f (.text:ti_sysbios_heaps_HeapMem_Handle__label__S)
                  0000a8e2    00000006     --HOLE-- [fill = 0]
                  0000a8e8    0000001a     rtos_pem4f.oem4f (.text:ti_sysbios_knl_Swi_Handle__label__S)
                  0000a902    00000006     --HOLE-- [fill = 0]
                  0000a908    0000001a     rtos_pem4f.oem4f (.text:ti_sysbios_knl_Task_Handle__label__S)
                  0000a922    00000006     --HOLE-- [fill = 0]
                  0000a928    0000001a     rtos_pem4f.oem4f (.text:xdc_runtime_System_aprintf__E)
                  0000a942    00000006     --HOLE-- [fill = 0]
                  0000a948    0000001a     rtos_pem4f.oem4f (.text:xdc_runtime_System_printf__E)
                  0000a962    00000018     driverlib.lib : adc.obj (.text:ADCClockConfigSet)
                  0000a97a    00000018                   : adc.obj (.text:ADCProcessorTrigger)
                  0000a992    00000018                   : gpio.obj (.text:GPIOPinTypeGPIOOutput)
                  0000a9aa    00000002     --HOLE-- [fill = 0]
                  0000a9ac    00000018     rtsv7M4_T_le_v4SPD16_eabi.lib : args_main.c.obj (.text:_args_main)
                  0000a9c4    00000018                                   : snprintf.c.obj (.text:_outc)
                  0000a9dc    00000004     --HOLE-- [fill = 0]
                  0000a9e0    00000018     rtos_pem4f.oem4f (.text:ti_sysbios_BIOS_rtsUnlock__I)
                  0000a9f8    00000018     rtos_pem4f.oem4f (.text:ti_sysbios_family_arm_lm4_Timer_Module__startupDone__F)
                  0000aa10    00000018     rtos_pem4f.oem4f (.text:ti_sysbios_family_arm_m3_Hwi_Module__startupDone__F)
                  0000aa28    00000018     sysbios.aem4f : m3_TaskSupport_asm.obj (.text:ti_sysbios_family_arm_m3_TaskSupport_swap__E)
                  0000aa40    00000018                   : BIOS.obj (.text:ti_sysbios_gates_GateMutex_leave__E)
                  0000aa58    00000018     ti.targets.arm.rtsarm.aem4f : Error.oem4f (.text:xdc_runtime_Error_check__E)
                  0000aa70    00000018                                 : System.oem4f (.text:xdc_runtime_System_exit__E)
                  0000aa88    00000018                                 : Text.oem4f (.text:xdc_runtime_Text_ropeText__E)
                  0000aaa0    00000016     grlib.lib : string.obj (.text:GrStringDraw)
                  0000aab6    00000016     rtsv7M4_T_le_v4SPD16_eabi.lib : strchr.c.obj (.text:strchr)
                  0000aacc    00000004     --HOLE-- [fill = 0]
                  0000aad0    00000016     rtos_pem4f.oem4f (.text:ti_sysbios_BIOS_exitFunc__I)
                  0000aae6    00000002     --HOLE-- [fill = 0]
                  0000aae8    00000016     sysbios.aem4f : BIOS.obj (.text:ti_sysbios_knl_Task_unblock__E)
                  0000aafe    00000002     --HOLE-- [fill = 0]
                  0000ab00    00000014     Crystalfontz128x128_ST7735.obj (.text:Crystalfontz128x128_PixelDraw)
                  0000ab14    00000014     driverlib.lib : pwm.obj (.text:PWMClockSet)
                  0000ab28    00000014                   : timer.obj (.text:TimerDisable)
                  0000ab3c    00000014     rtsv7M4_T_le_v4SPD16_eabi.lib : strlen.c.obj (.text:strlen)
                  0000ab50    00000014     rtos_pem4f.oem4f (.text:ti_sysbios_family_arm_m3_Hwi_Object__get__S)
                  0000ab64    00000004     --HOLE-- [fill = 0]
                  0000ab68    00000014     sysbios.aem4f : BIOS.obj (.text:ti_sysbios_family_arm_m3_Hwi_switchFromBootStack__E)
                  0000ab7c    00000004     --HOLE-- [fill = 0]
                  0000ab80    00000014     rtos_pem4f.oem4f (.text:ti_sysbios_heaps_HeapMem_Object__get__S)
                  0000ab94    00000004     --HOLE-- [fill = 0]
                  0000ab98    00000014     rtos_pem4f.oem4f (.text:ti_sysbios_knl_Mailbox_Object__get__S)
                  0000abac    00000004     --HOLE-- [fill = 0]
                  0000abb0    00000014     rtos_pem4f.oem4f (.text:ti_sysbios_knl_Swi_Object__get__S)
                  0000abc4    00000012     driverlib.lib : gpio.obj (.text:GPIOPinTypeADC)
                  0000abd6    00000012                   : gpio.obj (.text:GPIOPinTypeGPIOInput)
                  0000abe8    00000012                   : gpio.obj (.text:GPIOPinTypePWM)
                  0000abfa    00000012                   : gpio.obj (.text:GPIOPinTypeSSI)
                  0000ac0c    00000012                   : pwm.obj (.text:PWMOutputState)
                  0000ac1e    00000012                   : timer.obj (.text:TimerLoadSet)
                  0000ac30    00000012     sysbios.aem4f : BIOS.obj (.text:ti_sysbios_hal_Hwi_Module_startup__E)
                  0000ac42    00000012     rtsv7M4_T_le_v4SPD16_eabi.lib : wcslen.c.obj (.text:wcslen)
                  0000ac54    00000004     --HOLE-- [fill = 0]
                  0000ac58    00000012     rtos_pem4f.oem4f (.text:xdc_runtime_Startup_exec__I)
                  0000ac6a    00000006     --HOLE-- [fill = 0]
                  0000ac70    00000010     rtos_pem4f.oem4f (.text:.bootCodeSection:ti_catalog_arm_cortexm4_tiva_ce_Boot_init__I)
                  0000ac80    00000010     driverlib.lib : adc.obj (.text:ADCIntEnable)
                  0000ac90    00000010                   : fpu.obj (.text:FPUEnable)
                  0000aca0    00000010                   : fpu.obj (.text:FPULazyStackingEnable)
                  0000acb0    00000010                   : interrupt.obj (.text:IntMasterDisable)
                  0000acc0    00000010                   : interrupt.obj (.text:IntMasterEnable)
                  0000acd0    00000010                   : pwm.obj (.text:PWMGenPeriodSet)
                  0000ace0    00000010     sysbios.aem4f : BIOS.obj (.text:ti_sysbios_BIOS_setThreadType__E)
                  0000acf0    00000010                   : BIOS.obj (.text:ti_sysbios_BIOS_start__E)
                  0000ad00    00000010                   : m3_TaskSupport_asm.obj (.text:ti_sysbios_family_arm_m3_TaskSupport_glue)
                  0000ad10    00000010                   : BIOS.obj (.text:ti_sysbios_gates_GateMutex_Instance_finalize__E)
                  0000ad20    00000010                   : BIOS.obj (.text:ti_sysbios_knl_Semaphore_Instance_finalize__E)
                  0000ad30    00000010                   : BIOS.obj (.text:ti_sysbios_knl_Swi_disable__E)
                  0000ad40    00000010     rtos_pem4f.oem4f (.text:ti_sysbios_knl_Task_Object__get__S)
                  0000ad50    00000010     sysbios.aem4f : BIOS.obj (.text:ti_sysbios_knl_Task_disable__E)
                  0000ad60    00000010     ti.targets.arm.rtsarm.aem4f : Gate.oem4f (.text:xdc_runtime_Gate_leaveSystem__E)
                  0000ad70    00000010                                 : Memory.oem4f (.text:xdc_runtime_Memory_free__E)
                  0000ad80    00000010                                 : SysMin.oem4f (.text:xdc_runtime_SysMin_ready__E)
                  0000ad90    00000010                                 : System.oem4f (.text:xdc_runtime_System_vsnprintf__E)
                  0000ada0    00000010     rtos_pem4f.oem4f (.text:xdc_runtime_Text_visitRope__I)
                  0000adb0    0000000e     driverlib.lib : adc.obj (.text:ADCSequenceDisable)
                  0000adbe    0000000e                   : adc.obj (.text:ADCSequenceEnable)
                  0000adcc    0000000e                   : timer.obj (.text:TimerEnable)
                  0000adda    0000000e     rtsv7M4_T_le_v4SPD16_eabi.lib : copy_decompress_none.c.obj (.text:decompress:none:__TI_decompress_none)
                  0000ade8    0000000e     sysbios.aem4f : BIOS.obj (.text:ti_sysbios_knl_Idle_loop__E)
                  0000adf6    00000002     --HOLE-- [fill = 0]
                  0000adf8    0000000e                   : BIOS.obj (.text:ti_sysbios_knl_Queue_empty__E)
                  0000ae06    0000000c     driverlib.lib : cpu.obj (.text:CPUcpsid)
                  0000ae12    0000000c                   : cpu.obj (.text:CPUcpsie)
                  0000ae1e    00000002     --HOLE-- [fill = 0]
                  0000ae20    0000000c     HAL_EK_TM4C1294XL_Crystalfontz128x128_ST7735.obj (.text:HAL_LCD_writeData)
                  0000ae2c    0000000c     driverlib.lib : pwm.obj (.text:PWMGenEnable)
                  0000ae38    0000000c     rtsv7M4_T_le_v4SPD16_eabi.lib : _lock.c.obj (.text:_register_lock)
                  0000ae44    0000000c                                   : _lock.c.obj (.text:_register_unlock)
                  0000ae50    0000000c     main.obj (.text:buttclock)
                  0000ae5c    0000000c     rtsv7M4_T_le_v4SPD16_eabi.lib : copy_zero_init.c.obj (.text:decompress:ZI:__TI_zero_init)
                  0000ae68    0000000c     sysbios.aem4f : BIOS.obj (.text:ti_sysbios_family_arm_lm4_Timer_getMaxTicks__E)
                  0000ae74    00000004     --HOLE-- [fill = 0]
                  0000ae78    0000000c                   : BIOS.obj (.text:ti_sysbios_family_arm_m3_TaskSupport_checkStack__E)
                  0000ae84    00000004     --HOLE-- [fill = 0]
                  0000ae88    0000000c                   : BIOS.obj (.text:ti_sysbios_gates_GateHwi_enter__E)
                  0000ae94    00000004     --HOLE-- [fill = 0]
                  0000ae98    0000000c     rtos_pem4f.oem4f (.text:ti_sysbios_knl_Queue_Object__get__S)
                  0000aea4    0000000c     ti.targets.arm.rtsarm.aem4f : Error.oem4f (.text:xdc_runtime_Error_init__E)
                  0000aeb0    0000000c                                 : Gate.oem4f (.text:xdc_runtime_Gate_enterSystem__E)
                  0000aebc    0000000c                                 : Memory.oem4f (.text:xdc_runtime_Memory_calloc__E)
                  0000aec8    0000000c                                 : Memory.oem4f (.text:xdc_runtime_Memory_getMaxDefaultTypeAlign__E)
                  0000aed4    0000000a     driverlib.lib : adc.obj (.text:ADCIntClear)
                  0000aede    0000000a                   : ssi.obj (.text:SSIDataPut)
                  0000aee8    0000000a                   : ssi.obj (.text:SSIEnable)
                  0000aef2    0000000a                   : timer.obj (.text:TimerIntStatus)
                  0000aefc    00000004     --HOLE-- [fill = 0]
                  0000af00    0000000a     rtos_pem4f.oem4f (.text:xdc_runtime_IHeap_alloc)
                  0000af0a    00000006     --HOLE-- [fill = 0]
                  0000af10    0000000a     rtos_pem4f.oem4f (.text:xdc_runtime_IHeap_free)
                  0000af1a    00000008     grlib.lib : charmap.obj (.text:GrMapISO8859_1_Unicode)
                  0000af22    00000008     driverlib.lib : ssi.obj (.text:SSIBusy)
                  0000af2a    00000008                   : timer.obj (.text:TimerIntEnable)
                  0000af32    00000002     --HOLE-- [fill = 0]
                  0000af34    00000008     rtsv7M4_T_le_v4SPD16_eabi.lib : errno.c.obj (.text:__aeabi_errno_addr)
                  0000af3c    00000008     sysbios.aem4f : BIOS.obj (.text:ti_sysbios_family_arm_lm4_Timer_masterDisable__I)
                  0000af44    00000004     --HOLE-- [fill = 0]
                  0000af48    00000008                   : BIOS.obj (.text:ti_sysbios_family_arm_m3_Hwi_doSwiRestore__I)
                  0000af50    00000008                   : BIOS.obj (.text:ti_sysbios_family_arm_m3_Hwi_startup__E)
                  0000af58    00000006     kiss_fft.obj (.text:kiss_fft)
                  0000af5e    00000002     --HOLE-- [fill = 0]
                  0000af60    00000006     sysbios.aem4f : BIOS.obj (.text:ti_sysbios_family_arm_lm4_TimestampProvider_Module_startup__E)
                  0000af66    00000002     --HOLE-- [fill = 0]
                  0000af68    00000006                   : BIOS.obj (.text:ti_sysbios_family_arm_m3_Hwi_doTaskRestore__I)
                  0000af6e    00000002     --HOLE-- [fill = 0]
                  0000af70    00000006                   : BIOS.obj (.text:ti_sysbios_gates_GateHwi_leave__E)
                  0000af76    00000002     --HOLE-- [fill = 0]
                  0000af78    00000006                   : BIOS.obj (.text:ti_sysbios_heaps_HeapMem_isBlocking__E)
                  0000af7e    00000002     --HOLE-- [fill = 0]
                  0000af80    00000006                   : BIOS.obj (.text:ti_sysbios_knl_Queue_Instance_init__E)
                  0000af86    00000002     --HOLE-- [fill = 0]
                  0000af88    00000006                   : BIOS.obj (.text:ti_sysbios_knl_Swi_startup__E)
                  0000af8e    00000002     --HOLE-- [fill = 0]
                  0000af90    00000004     main.obj (.text:task0_func)
                  0000af94    00000004     --HOLE-- [fill = 0]
                  0000af98    00000004     rtos_pem4f.oem4f (.text:ti_sysbios_BIOS_RtsGateProxy_enter__E)
                  0000af9c    00000004     --HOLE-- [fill = 0]
                  0000afa0    00000004     rtos_pem4f.oem4f (.text:ti_sysbios_BIOS_RtsGateProxy_leave__E)
                  0000afa4    00000004     --HOLE-- [fill = 0]
                  0000afa8    00000004     rtos_pem4f.oem4f (.text:ti_sysbios_family_arm_m3_TaskSupport_Module__startupDone__S)
                  0000afac    00000004     --HOLE-- [fill = 0]
                  0000afb0    00000004     sysbios.aem4f : BIOS.obj (.text:ti_sysbios_gates_GateHwi_query__E)
                  0000afb4    00000004     --HOLE-- [fill = 0]
                  0000afb8    00000004                   : BIOS.obj (.text:ti_sysbios_gates_GateMutex_query__E)
                  0000afbc    00000004     --HOLE-- [fill = 0]
                  0000afc0    00000004     rtos_pem4f.oem4f (.text:ti_sysbios_heaps_HeapMem_Module_GateProxy_enter__E)
                  0000afc4    00000004     --HOLE-- [fill = 0]
                  0000afc8    00000004     rtos_pem4f.oem4f (.text:ti_sysbios_heaps_HeapMem_Module_GateProxy_leave__E)
                  0000afcc    00000004     --HOLE-- [fill = 0]
                  0000afd0    00000004     rtos_pem4f.oem4f (.text:ti_sysbios_knl_Clock_TimerProxy_getMaxTicks__E)
                  0000afd4    00000004     --HOLE-- [fill = 0]
                  0000afd8    00000004     rtos_pem4f.oem4f (.text:ti_sysbios_knl_Queue_destruct)
                  0000afdc    00000004     --HOLE-- [fill = 0]
                  0000afe0    00000004     rtos_pem4f.oem4f (.text:ti_sysbios_knl_Semaphore_destruct)
                  0000afe4    00000004     --HOLE-- [fill = 0]
                  0000afe8    00000004     sysbios.aem4f : BIOS.obj (.text:ti_sysbios_knl_Task_startup__E)
                  0000afec    00000004     --HOLE-- [fill = 0]
                  0000aff0    00000004     rtos_pem4f.oem4f (.text:xdc_runtime_System_Module_GateProxy_enter__E)
                  0000aff4    00000004     --HOLE-- [fill = 0]
                  0000aff8    00000004     rtos_pem4f.oem4f (.text:xdc_runtime_System_Module_GateProxy_leave__E)
                  0000affc    00000004     --HOLE-- [fill = 0]
                  0000b000    00000002     rtos_pem4f.oem4f (.text:ti_sysbios_BIOS_nullFunc__I)
                  0000b002    00000006     --HOLE-- [fill = 0]
                  0000b008    00000002     sysbios.aem4f : BIOS.obj (.text:ti_sysbios_gates_GateHwi_Instance_init__E)
                  0000b00a    00000006     --HOLE-- [fill = 0]
                  0000b010    00000002                   : BIOS.obj (.text:ti_sysbios_knl_Clock_logTick__E)
                  0000b012    00000006     --HOLE-- [fill = 0]
                  0000b018    00000002     rtos_pem4f.oem4f (.text:xdc_runtime_Startup_reset__I)

.const     0    0000b020    00002a0c     
                  0000b020    00001986     rtos_pem4f.oem4f (.const:xdc_runtime_Text_charTab__A)
                  0000c9a6    000002f8     grlib.lib : fontfixed6x8.obj (.const:.string:g_pui8FontFixed6x8Data)
                  0000cc9e    00000002     rtos_pem4f.oem4f (.const:ti_catalog_arm_cortexm4_tiva_ce_Boot_Module__id__C)
                  0000cca0    00000158     rtsv7M4_T_le_v4SPD16_eabi.lib : k_rem_pio2.c.obj (.const:$O1$$)
                  0000cdf8    00000120     Boot.aem4f : Boot_sysctl.oem4f (.const:g_pppui32XTALtoVCO)
                  0000cf18    00000120     driverlib.lib : sysctl.obj (.const:g_pppui32XTALtoVCO)
                  0000d038    00000101     rtsv7M4_T_le_v4SPD16_eabi.lib : ctype.c.obj (.const:.string:_ctypes_)
                  0000d139    00000001     rtos_pem4f.oem4f (.const:xdc_runtime_Error_policy__C)
                  0000d13a    00000002     rtos_pem4f.oem4f (.const:ti_sysbios_family_arm_lm4_TimestampProvider_Module__id__C)
                  0000d13c    000000c8     grlib.lib : fontfixed6x8.obj (.const:g_sFontFixed6x8)
                  0000d204    000000c8     rtos_pem4f.oem4f (.const:xdc_runtime_Text_nodeTab__A)
                  0000d2cc    0000009c     driverlib.lib : interrupt.obj (.const:g_pui32Regs)
                  0000d368    00000090                   : gpio.obj (.const:g_pui32GPIOBaseAddrs)
                  0000d3f8    00000070                   : interrupt.obj (.const)
                  0000d468    0000006c     Boot.aem4f : Boot_sysctl.oem4f (.const:g_pui32Xtals)
                  0000d4d4    0000006c     driverlib.lib : sysctl.obj (.const:g_pui32Xtals)
                  0000d540    00000048     rtos_pem4f.oem4f (.const:.string)
                  0000d588    00000034     rtos_pem4f.oem4f (.const)
                  0000d5bc    00000030     Boot.aem4f : Boot_sysctl.oem4f (.const:g_sXTALtoMEMTIM)
                  0000d5ec    00000030     driverlib.lib : sysctl.obj (.const:g_sXTALtoMEMTIM)
                  0000d61c    00000028     Crystalfontz128x128_ST7735.obj (.const:g_sCrystalfontz128x128)
                  0000d644    00000028     rtos_pem4f.oem4f (.const:ti_sysbios_heaps_HeapMem_Module__FXNS__C)
                  0000d66c    00000028     rtos_pem4f.oem4f (.const:xdc_runtime_Startup_sfxnTab__A)
                  0000d694    00000024     rtos_pem4f.oem4f (.const:ti_sysbios_gates_GateHwi_Module__FXNS__C)
                  0000d6b8    00000024     rtos_pem4f.oem4f (.const:ti_sysbios_gates_GateMutex_Module__FXNS__C)
                  0000d6dc    00000024     rtos_pem4f.oem4f (.const:ti_sysbios_heaps_HeapMem_Object__PARAMS__C)
                  0000d700    00000024     rtos_pem4f.oem4f (.const:ti_sysbios_knl_Semaphore_Object__PARAMS__C)
                  0000d724    00000020     rtos_pem4f.oem4f (.const:ti_sysbios_gates_GateHwi_Object__DESC__C)
                  0000d744    00000020     rtos_pem4f.oem4f (.const:ti_sysbios_gates_GateMutex_Object__DESC__C)
                  0000d764    00000020     rtos_pem4f.oem4f (.const:ti_sysbios_heaps_HeapMem_Object__DESC__C)
                  0000d784    00000020     rtos_pem4f.oem4f (.const:ti_sysbios_knl_Queue_Object__DESC__C)
                  0000d7a4    00000020     rtos_pem4f.oem4f (.const:ti_sysbios_knl_Semaphore_Object__DESC__C)
                  0000d7c4    00000018     rtos_pem4f.oem4f (.const:ti_sysbios_gates_GateHwi_Object__PARAMS__C)
                  0000d7dc    00000018     rtos_pem4f.oem4f (.const:ti_sysbios_gates_GateMutex_Object__PARAMS__C)
                  0000d7f4    00000018     rtos_pem4f.oem4f (.const:ti_sysbios_knl_Queue_Object__PARAMS__C)
                  0000d80c    00000018     rtos_pem4f.oem4f (.const:xdc_runtime_Startup_firstFxns__A)
                  0000d824    00000014     rtos_pem4f.oem4f (.const:xdc_runtime_Startup_sfxnRts__A)
                  0000d838    00000010     grlib.lib : context.obj (.const)
                  0000d848    00000008     Boot.aem4f : Boot_sysctl.oem4f (.const)
                  0000d850    00000008     driverlib.lib : sysctl.obj (.const)
                  0000d858    00000008     rtos_pem4f.oem4f (.const:ti_sysbios_family_arm_m3_Hwi_excHookFuncs__A)
                  0000d860    00000008     rtos_pem4f.oem4f (.const:ti_sysbios_knl_Idle_funcList__C)
                  0000d868    00000008     rtos_pem4f.oem4f (.const:xdc_runtime_Startup_firstFxns__C)
                  0000d870    00000008     rtos_pem4f.oem4f (.const:xdc_runtime_Startup_lastFxns__C)
                  0000d878    00000004     rtos_pem4f.oem4f (.const:ti_catalog_arm_cortexm4_tiva_ce_Boot_A_mustNotUseEnhancedClockMode__C)
                  0000d87c    00000004     rtos_pem4f.oem4f (.const:ti_catalog_arm_cortexm4_tiva_ce_Boot_Module__diagsEnabled__C)
                  0000d880    00000004     rtos_pem4f.oem4f (.const:ti_catalog_arm_cortexm4_tiva_ce_Boot_Module__diagsIncluded__C)
                  0000d884    00000004     rtos_pem4f.oem4f (.const:ti_catalog_arm_cortexm4_tiva_ce_Boot_Module__diagsMask__C)
                  0000d888    00000004     rtos_pem4f.oem4f (.const:ti_sysbios_family_arm_lm4_Timer_enableFunc__C)
                  0000d88c    00000004     rtos_pem4f.oem4f (.const:ti_sysbios_family_arm_lm4_Timer_numTimerDevices__C)
                  0000d890    00000004     rtos_pem4f.oem4f (.const:ti_sysbios_family_arm_lm4_Timer_startupNeeded__C)
                  0000d894    00000004     rtos_pem4f.oem4f (.const:ti_sysbios_family_arm_lm4_TimestampProvider_Module__diagsEnabled__C)
                  0000d898    00000004     rtos_pem4f.oem4f (.const:ti_sysbios_family_arm_lm4_TimestampProvider_Module__diagsIncluded__C)
                  0000d89c    00000004     rtos_pem4f.oem4f (.const:ti_sysbios_family_arm_lm4_TimestampProvider_Module__diagsMask__C)
                  0000d8a0    00000004     rtos_pem4f.oem4f (.const:ti_sysbios_family_arm_m3_Hwi_E_NMI__C)
                  0000d8a4    00000004     rtos_pem4f.oem4f (.const:ti_sysbios_family_arm_m3_Hwi_E_busFault__C)
                  0000d8a8    00000004     rtos_pem4f.oem4f (.const:ti_sysbios_family_arm_m3_Hwi_E_debugMon__C)
                  0000d8ac    00000004     rtos_pem4f.oem4f (.const:ti_sysbios_family_arm_m3_Hwi_E_hardFault__C)
                  0000d8b0    00000004     rtos_pem4f.oem4f (.const:ti_sysbios_family_arm_m3_Hwi_E_memFault__C)
                  0000d8b4    00000004     rtos_pem4f.oem4f (.const:ti_sysbios_family_arm_m3_Hwi_E_noIsr__C)
                  0000d8b8    00000004     rtos_pem4f.oem4f (.const:ti_sysbios_family_arm_m3_Hwi_E_reserved__C)
                  0000d8bc    00000004     rtos_pem4f.oem4f (.const:ti_sysbios_family_arm_m3_Hwi_E_svCall__C)
                  0000d8c0    00000004     rtos_pem4f.oem4f (.const:ti_sysbios_family_arm_m3_Hwi_E_usageFault__C)
                  0000d8c4    00000004     rtos_pem4f.oem4f (.const:ti_sysbios_family_arm_m3_Hwi_NUM_INTERRUPTS__C)
                  0000d8c8    00000004     rtos_pem4f.oem4f (.const:ti_sysbios_family_arm_m3_Hwi_Object__count__C)
                  0000d8cc    00000004     rtos_pem4f.oem4f (.const:ti_sysbios_family_arm_m3_Hwi_ccr__C)
                  0000d8d0    00000004     rtos_pem4f.oem4f (.const:ti_sysbios_family_arm_m3_Hwi_excHandlerFunc__C)
                  0000d8d4    00000004     rtos_pem4f.oem4f (.const:ti_sysbios_family_arm_m3_Hwi_excHookFuncs__C)
                  0000d8d8    00000004     rtos_pem4f.oem4f (.const:ti_sysbios_family_arm_m3_Hwi_nullIsrFunc__C)
                  0000d8dc    00000004     rtos_pem4f.oem4f (.const:ti_sysbios_family_arm_m3_Hwi_priGroup__C)
                  0000d8e0    00000004     rtos_pem4f.oem4f (.const:ti_sysbios_gates_GateMutex_A_badContext__C)
                  0000d8e4    00000004     rtos_pem4f.oem4f (.const:ti_sysbios_gates_GateMutex_Instance_State_sem__O)
                  0000d8e8    00000004     rtos_pem4f.oem4f (.const:ti_sysbios_gates_GateMutex_Module__diagsEnabled__C)
                  0000d8ec    00000004     rtos_pem4f.oem4f (.const:ti_sysbios_gates_GateMutex_Module__diagsIncluded__C)
                  0000d8f0    00000004     rtos_pem4f.oem4f (.const:ti_sysbios_gates_GateMutex_Module__diagsMask__C)
                  0000d8f4    00000004     rtos_pem4f.oem4f (.const:ti_sysbios_hal_Hwi_E_stackOverflow__C)
                  0000d8f8    00000004     rtos_pem4f.oem4f (.const:ti_sysbios_heaps_HeapMem_A_align__C)
                  0000d8fc    00000004     rtos_pem4f.oem4f (.const:ti_sysbios_heaps_HeapMem_A_heapSize__C)
                  0000d900    00000004     rtos_pem4f.oem4f (.const:ti_sysbios_heaps_HeapMem_A_invalidFree__C)
                  0000d904    00000004     rtos_pem4f.oem4f (.const:ti_sysbios_heaps_HeapMem_A_zeroBlock__C)
                  0000d908    00000004     rtos_pem4f.oem4f (.const:ti_sysbios_heaps_HeapMem_E_memory__C)
                  0000d90c    00000004     rtos_pem4f.oem4f (.const:ti_sysbios_heaps_HeapMem_Module__diagsEnabled__C)
                  0000d910    00000004     rtos_pem4f.oem4f (.const:ti_sysbios_heaps_HeapMem_Module__diagsIncluded__C)
                  0000d914    00000004     rtos_pem4f.oem4f (.const:ti_sysbios_heaps_HeapMem_Module__diagsMask__C)
                  0000d918    00000004     rtos_pem4f.oem4f (.const:ti_sysbios_heaps_HeapMem_Module__gateObj__C)
                  0000d91c    00000004     rtos_pem4f.oem4f (.const:ti_sysbios_heaps_HeapMem_Object__count__C)
                  0000d920    00000004     rtos_pem4f.oem4f (.const:ti_sysbios_heaps_HeapMem_reqAlign__C)
                  0000d924    00000004     rtos_pem4f.oem4f (.const:ti_sysbios_knl_Clock_Module_State_clockQ__O)
                  0000d928    00000004     rtos_pem4f.oem4f (.const:ti_sysbios_knl_Idle_funcList__A)
                  0000d92c    00000004     rtos_pem4f.oem4f (.const:ti_sysbios_knl_Mailbox_Instance_State_dataQue__O)
                  0000d930    00000004     rtos_pem4f.oem4f (.const:ti_sysbios_knl_Mailbox_Instance_State_dataSem__O)
                  0000d934    00000004     rtos_pem4f.oem4f (.const:ti_sysbios_knl_Mailbox_Instance_State_freeQue__O)
                  0000d938    00000004     rtos_pem4f.oem4f (.const:ti_sysbios_knl_Mailbox_Instance_State_freeSem__O)
                  0000d93c    00000004     rtos_pem4f.oem4f (.const:ti_sysbios_knl_Mailbox_Object__count__C)
                  0000d940    00000004     rtos_pem4f.oem4f (.const:ti_sysbios_knl_Mailbox_maxTypeAlign__C)
                  0000d944    00000004     rtos_pem4f.oem4f (.const:ti_sysbios_knl_Semaphore_A_badContext__C)
                  0000d948    00000004     rtos_pem4f.oem4f (.const:ti_sysbios_knl_Semaphore_A_noEvents__C)
                  0000d94c    00000004     rtos_pem4f.oem4f (.const:ti_sysbios_knl_Semaphore_A_overflow__C)
                  0000d950    00000004     rtos_pem4f.oem4f (.const:ti_sysbios_knl_Semaphore_A_pendTaskDisabled__C)
                  0000d954    00000004     rtos_pem4f.oem4f (.const:ti_sysbios_knl_Semaphore_Instance_State_pendQ__O)
                  0000d958    00000004     rtos_pem4f.oem4f (.const:ti_sysbios_knl_Semaphore_Module__diagsEnabled__C)
                  0000d95c    00000004     rtos_pem4f.oem4f (.const:ti_sysbios_knl_Semaphore_Module__diagsIncluded__C)
                  0000d960    00000004     rtos_pem4f.oem4f (.const:ti_sysbios_knl_Semaphore_Module__diagsMask__C)
                  0000d964    00000004     rtos_pem4f.oem4f (.const:ti_sysbios_knl_Swi_Object__count__C)
                  0000d968    00000004     rtos_pem4f.oem4f (.const:ti_sysbios_knl_Task_E_spOutOfBounds__C)
                  0000d96c    00000004     rtos_pem4f.oem4f (.const:ti_sysbios_knl_Task_E_stackOverflow__C)
                  0000d970    00000004     rtos_pem4f.oem4f (.const:ti_sysbios_knl_Task_Module_State_inactiveQ__O)
                  0000d974    00000004     rtos_pem4f.oem4f (.const:ti_sysbios_knl_Task_Object__count__C)
                  0000d978    00000004     rtos_pem4f.oem4f (.const:ti_sysbios_knl_Task_allBlockedFunc__C)
                  0000d97c    00000004     rtos_pem4f.oem4f (.const:ti_sysbios_knl_Task_numConstructedTasks__C)
                  0000d980    00000004     rtos_pem4f.oem4f (.const:xdc_runtime_Assert_E_assertFailed__C)
                  0000d984    00000004     rtos_pem4f.oem4f (.const:xdc_runtime_Core_A_initializedParams__C)
                  0000d988    00000004     rtos_pem4f.oem4f (.const:xdc_runtime_Core_Module__diagsEnabled__C)
                  0000d98c    00000004     rtos_pem4f.oem4f (.const:xdc_runtime_Core_Module__diagsIncluded__C)
                  0000d990    00000004     rtos_pem4f.oem4f (.const:xdc_runtime_Core_Module__diagsMask__C)
                  0000d994    00000004     rtos_pem4f.oem4f (.const:xdc_runtime_Error_E_memory__C)
                  0000d998    00000004     rtos_pem4f.oem4f (.const:xdc_runtime_Error_Module__diagsEnabled__C)
                  0000d99c    00000004     rtos_pem4f.oem4f (.const:xdc_runtime_Error_Module__diagsIncluded__C)
                  0000d9a0    00000004     rtos_pem4f.oem4f (.const:xdc_runtime_Error_Module__diagsMask__C)
                  0000d9a4    00000004     rtos_pem4f.oem4f (.const:xdc_runtime_Error_Module__loggerFxn8__C)
                  0000d9a8    00000004     rtos_pem4f.oem4f (.const:xdc_runtime_Error_Module__loggerObj__C)
                  0000d9ac    00000004     rtos_pem4f.oem4f (.const:xdc_runtime_Error_policyFxn__C)
                  0000d9b0    00000004     rtos_pem4f.oem4f (.const:xdc_runtime_Error_raiseHook__C)
                  0000d9b4    00000004     rtos_pem4f.oem4f (.const:xdc_runtime_IGateProvider_Interface__BASE__C)
                  0000d9b8    00000004     rtos_pem4f.oem4f (.const:xdc_runtime_IHeap_Interface__BASE__C)
                  0000d9bc    00000004     rtos_pem4f.oem4f (.const:xdc_runtime_IModule_Interface__BASE__C)
                  0000d9c0    00000004     rtos_pem4f.oem4f (.const:xdc_runtime_Log_L_error__C)
                  0000d9c4    00000004     rtos_pem4f.oem4f (.const:xdc_runtime_Memory_defaultHeapInstance__C)
                  0000d9c8    00000004     rtos_pem4f.oem4f (.const:xdc_runtime_Startup_execImpl__C)
                  0000d9cc    00000004     rtos_pem4f.oem4f (.const:xdc_runtime_Startup_maxPasses__C)
                  0000d9d0    00000004     rtos_pem4f.oem4f (.const:xdc_runtime_Startup_sfxnRts__C)
                  0000d9d4    00000004     rtos_pem4f.oem4f (.const:xdc_runtime_Startup_sfxnTab__C)
                  0000d9d8    00000004     rtos_pem4f.oem4f (.const:xdc_runtime_SysMin_bufSize__C)
                  0000d9dc    00000004     rtos_pem4f.oem4f (.const:xdc_runtime_SysMin_outputFunc__C)
                  0000d9e0    00000004     rtos_pem4f.oem4f (.const:xdc_runtime_System_Module__gateObj__C)
                  0000d9e4    00000004     rtos_pem4f.oem4f (.const:xdc_runtime_System_abortFxn__C)
                  0000d9e8    00000004     rtos_pem4f.oem4f (.const:xdc_runtime_System_exitFxn__C)
                  0000d9ec    00000004     rtos_pem4f.oem4f (.const:xdc_runtime_System_extendFxn__C)
                  0000d9f0    00000004     rtos_pem4f.oem4f (.const:xdc_runtime_System_maxAtexitHandlers__C)
                  0000d9f4    00000004     rtos_pem4f.oem4f (.const:xdc_runtime_Text_charTab__C)
                  0000d9f8    00000004     rtos_pem4f.oem4f (.const:xdc_runtime_Text_nameEmpty__C)
                  0000d9fc    00000004     rtos_pem4f.oem4f (.const:xdc_runtime_Text_nameStatic__C)
                  0000da00    00000004     rtos_pem4f.oem4f (.const:xdc_runtime_Text_nameUnknown__C)
                  0000da04    00000004     rtos_pem4f.oem4f (.const:xdc_runtime_Text_nodeTab__C)
                  0000da08    00000004     rtos_pem4f.oem4f (.const:xdc_runtime_Text_visitRopeFxn__C)
                  0000da0c    00000002     rtos_pem4f.oem4f (.const:ti_sysbios_family_arm_lm4_TimestampProvider_useClockTimer__C)
                  0000da0e    00000002     rtos_pem4f.oem4f (.const:ti_sysbios_family_arm_m3_Hwi_Module__id__C)
                  0000da10    00000002     rtos_pem4f.oem4f (.const:ti_sysbios_gates_GateMutex_Module__id__C)
                  0000da12    00000002     rtos_pem4f.oem4f (.const:ti_sysbios_hal_Hwi_Module__id__C)
                  0000da14    00000002     rtos_pem4f.oem4f (.const:ti_sysbios_heaps_HeapMem_Module__id__C)
                  0000da16    00000002     rtos_pem4f.oem4f (.const:ti_sysbios_knl_Semaphore_Module__id__C)
                  0000da18    00000002     rtos_pem4f.oem4f (.const:ti_sysbios_knl_Task_Module__id__C)
                  0000da1a    00000002     rtos_pem4f.oem4f (.const:xdc_runtime_Core_Module__id__C)
                  0000da1c    00000002     rtos_pem4f.oem4f (.const:xdc_runtime_Error_Module__loggerDefined__C)
                  0000da1e    00000002     rtos_pem4f.oem4f (.const:xdc_runtime_Error_maxDepth__C)
                  0000da20    00000002     rtos_pem4f.oem4f (.const:xdc_runtime_Memory_Module__id__C)
                  0000da22    00000002     rtos_pem4f.oem4f (.const:xdc_runtime_SysMin_flushAtExit__C)
                  0000da24    00000002     rtos_pem4f.oem4f (.const:xdc_runtime_Text_charCnt__C)
                  0000da26    00000002     rtos_pem4f.oem4f (.const:xdc_runtime_Text_isLoaded__C)
                  0000da28    00000002     rtos_pem4f.oem4f (.const:xdc_runtime_Text_registryModsLastId__C)
                  0000da2a    00000002     rtos_pem4f.oem4f (.const:xdc_runtime_Text_unnamedModsLastId__C)

.cinit     0    0000da30    000002f0     
                  0000da30    000002b9     (.cinit..data.load) [load image, compression = lzss]
                  0000dce9    00000003     --HOLE-- [fill = 0]
                  0000dcec    0000000c     (__TI_handler_table)
                  0000dcf8    00000008     (.cinit..bss.load) [load image, compression = zero_init]
                  0000dd00    00000008     (.cinit..vecs.load) [load image, compression = zero_init]
                  0000dd08    00000018     (__TI_cinit_table)

.init_array 
*          0    00000000    00000000     UNINITIALIZED

.resetVecs 
*          0    00000000    0000003c     
                  00000000    0000003c     rtos_pem4f.oem4f (.resetVecs)

.bss       0    20000360    0000a04c     UNINITIALIZED
                  20000360    00002108     main.obj (.bss:kiss_fft_cfg_buffer$1)
                  20002468    00002000     main.obj (.bss:in$2)
                  20004468    00002000     main.obj (.bss:out$3)
                  20006468    00001a00     rtos_pem4f.oem4f (.bss:taskStackSection)
                  20007e68    00001000     (.common:gADCBuffer)
                  20008e68    00000800     (.common:bigbadbuff)
                  20009668    00000400     (.common:ti_sysbios_heaps_HeapMem_Instance_State_0_buf__A)
                  20009a68    00000360     (.common:ti_sysbios_family_arm_m3_Hwi_dispatchTable)
                  20009dc8    00000200     (.common:out_db)
                  20009fc8    00000120     rtsv7M4_T_le_v4SPD16_eabi.lib : trgmsg.c.obj (.bss:_CIOBUF_)
                  2000a0e8    00000100     (.common:processbuff)
                  2000a1e8    00000100     (.common:sampbuff)
                  2000a2e8    00000080     (.common:xdc_runtime_SysMin_Module_State_0_outbuf__A)
                  2000a368    00000014     buttons.obj (.bss:state$1)
                  2000a37c    00000004     (.common:gADCSamplingRate)
                  2000a380    00000010     (.common:ti_sysbios_knl_Mailbox_Instance_State_0_allocBuf__A)
                  2000a390    00000008     (.common:parmbuf)
                  2000a398    00000004     (.common:g_psGrLibDefaults)
                  2000a39c    00000004     (.common:trigger)
                  2000a3a0    00000002     (.common:Lcd_ScreenHeigth)
                  2000a3a2    00000002     (.common:Lcd_ScreenWidth)
                  2000a3a4    00000002     (.common:Lcd_TouchTrim)
                  2000a3a6    00000001     (.common:Lcd_FlagRead)
                  2000a3a7    00000001     (.common:Lcd_FontSolid)
                  2000a3a8    00000001     (.common:Lcd_Orientation)
                  2000a3a9    00000001     (.common:Lcd_PenSolid)
                  2000a3aa    00000001     (.common:buttmailbox)
                  2000a3ab    00000001     (.common:fftmode)

.data      0    2000a3ac    00008710     UNINITIALIZED
                  2000a3ac    00008000     Crystalfontz128x128_ST7735.obj (.data:Lcd_buffer)
                  200123ac    00000214     rtos_pem4f.oem4f (.data:ti_sysbios_knl_Task_Object__table__V)
                  200125c0    00000080     rtos_pem4f.oem4f (.data:ti_sysbios_knl_Swi_Module_State_0_readyQ__A)
                  20012640    00000080     rtos_pem4f.oem4f (.data:ti_sysbios_knl_Task_Module_State_0_readyQ__A)
                  200126c0    00000050     rtos_pem4f.oem4f (.data:ti_sysbios_knl_Mailbox_Object__table__V)
                  20012710    00000050     rtos_pem4f.oem4f (.data:ti_sysbios_knl_Semaphore_Object__table__V)
                  20012760    00000044     rtos_pem4f.oem4f (.data:ti_sysbios_knl_Task_Module__state__V)
                  200127a4    00000040     rtos_pem4f.oem4f (.data:ti_sysbios_family_arm_lm4_Timer_Module_State_0_device__A)
                  200127e4    00000040     rtos_pem4f.oem4f (.data:ti_sysbios_family_arm_lm4_Timer_Object__table__V)
                  20012824    00000038     rtos_pem4f.oem4f (.data:ti_sysbios_gates_GateMutex_Object__table__V)
                  2001285c    00000034     rtos_pem4f.oem4f (.data:ti_sysbios_family_arm_m3_Hwi_Module__state__V)
                  20012890    00000030     rtos_pem4f.oem4f (.data:ti_sysbios_family_arm_m3_Hwi_Object__table__V)
                  200128c0    00000030     rtos_pem4f.oem4f (.data:ti_sysbios_knl_Swi_Object__table__V)
                  200128f0    0000002c     rtos_pem4f.oem4f (.data:ti_sysbios_knl_Clock_Module__state__V)
                  2001291c    00000024     buttons.obj (.data:count$2)
                  20012940    00000024     rtos_pem4f.oem4f (.data:ti_sysbios_BIOS_Module__state__V)
                  20012964    00000020     main.obj (.data)
                  20012984    00000020     rtos_pem4f.oem4f (.data:ti_sysbios_family_arm_lm4_Timer_Module_State_0_handles__A)
                  200129a4    00000020     rtos_pem4f.oem4f (.data:ti_sysbios_knl_Clock_Object__table__V)
                  200129c4    0000001c     rtos_pem4f.oem4f (.data:ti_sysbios_knl_Swi_Module__state__V)
                  200129e0    00000018     rtos_pem4f.oem4f (.data:ti_sysbios_heaps_HeapMem_Object__table__V)
                  200129f8    00000014     main.obj (.data:fVoltsPerDiv)
                  20012a0c    0000000d     buttons.obj (.data)
                  20012a19    00000001     --HOLE--
                  20012a1a    00000002     rtos_pem4f.oem4f (.data:ti_sysbios_family_arm_m3_Hwi_Module_State_0_excActive__A)
                  20012a1c    0000000c     rtos_pem4f.oem4f (.data:ti_sysbios_family_arm_lm4_Timer_Module__state__V)
                  20012a28    0000000c     rtos_pem4f.oem4f (.data:xdc_runtime_SysMin_Module__state__V)
                  20012a34    00000009     sampling.obj (.data)
                  20012a3d    00000001     --HOLE--
                  20012a3e    00000002     rtos_pem4f.oem4f (.data:xdc_runtime_Error_Module__state__V)
                  20012a40    00000008     rtsv7M4_T_le_v4SPD16_eabi.lib : _lock.c.obj (.data:$O1$$)
                  20012a48    00000008     buttons.obj (.data:gJoystick)
                  20012a50    00000008     rtos_pem4f.oem4f (.data:ti_sysbios_family_arm_lm4_TimestampProvider_Module__state__V)
                  20012a58    00000008     rtos_pem4f.oem4f (.data:ti_sysbios_gates_GateHwi_Module__root__V)
                  20012a60    00000008     rtos_pem4f.oem4f (.data:ti_sysbios_gates_GateMutex_Module__root__V)
                  20012a68    00000008     rtos_pem4f.oem4f (.data:ti_sysbios_heaps_HeapMem_Module__root__V)
                  20012a70    00000008     rtos_pem4f.oem4f (.data:ti_sysbios_knl_Queue_Module__root__V)
                  20012a78    00000008     rtos_pem4f.oem4f (.data:ti_sysbios_knl_Semaphore_Module__root__V)
                  20012a80    00000008     rtos_pem4f.oem4f (.data:xdc_runtime_Registry_Module__state__V)
                  20012a88    00000008     rtos_pem4f.oem4f (.data:xdc_runtime_Startup_Module__state__V)
                  20012a90    00000008     rtos_pem4f.oem4f (.data:xdc_runtime_System_Module_State_0_atexitHandlers__A)
                  20012a98    00000008     rtos_pem4f.oem4f (.data:xdc_runtime_System_Module__state__V)
                  20012aa0    00000004     rtsv7M4_T_le_v4SPD16_eabi.lib : errno.c.obj (.data)
                  20012aa4    00000004                                   : stkdepth_vars.c.obj (.data)
                  20012aa8    00000004     rtos_pem4f.oem4f (.data:ti_sysbios_family_arm_m3_Hwi_Module_State_0_excContext__A)
                  20012aac    00000004     rtos_pem4f.oem4f (.data:ti_sysbios_family_arm_m3_Hwi_Module_State_0_excStack__A)
                  20012ab0    00000004     rtos_pem4f.oem4f (.data:ti_sysbios_gates_GateHwi_Object__table__V)
                  20012ab4    00000004     rtos_pem4f.oem4f (.data:ti_sysbios_knl_Task_Module_State_0_idleTask__A)
                  20012ab8    00000004     rtos_pem4f.oem4f (.data:xdc_runtime_Memory_Module__state__V)

.stack     0    20012ac0    00000300     UNINITIALIZED
                  20012ac0    00000300     --HOLE--

.bootVecs 
*          0    00000000    00000008     DSECT
                  00000000    00000008     boot.aem4f : boot.oem4f (.bootVecs)

.vecs      0    20000000    00000360     UNINITIALIZED
                  20000000    00000360     rtos_pem4f.oem4f (.vecs)

xdc.meta   0    00000000    00000116     COPY SECTION
                  00000000    00000116     rtos_pem4f.oem4f (xdc.meta)

__llvm_prf_cnts 
*          0    20000000    00000000     UNINITIALIZED

MODULE SUMMARY

       Module                                             code    ro data   rw data
       ------                                             ----    -------   -------
    .\
       Crystalfontz128x128_ST7735.obj                     958     40        32778  
       main.obj                                           2364    0         27969  
       sampling.obj                                       404     0         4105   
       kiss_fft.obj                                       2602    0         0      
       buttons.obj                                        800     0         82     
       HAL_EK_TM4C1294XL_Crystalfontz128x128_ST7735.obj   324     0         0      
       sysctl_pll.obj                                     72      0         0      
    +--+--------------------------------------------------+-------+---------+---------+
       Total:                                             7524    40        64934  
                                                                                   
    C:\Users\rjcroesball\Downloads\ece_3849_lab3_april11FINALWORKING_RJCB_WTF\ece3849_lab2_starter\Debug\configPkg\package\cfg\
       rtos_pem4f.oem4f                                   1546    7891      11224  
    +--+--------------------------------------------------+-------+---------+---------+
       Total:                                             1546    7891      11224  
                                                                                   
    C:/ti/tirtos_tivac_2_16_01_14/products/TivaWare_C_Series-2.1.1.71b/driverlib/ccs/Debug/driverlib.lib
       sysctl.obj                                         674     452       0      
[...]
0000d5b8  buttaphore                                                           
0000d61c  g_sCrystalfontz128x128                                               
0000d644  ti_sysbios_heaps_HeapMem_Module__FXNS__C                             
0000d66c  xdc_runtime_Startup_sfxnTab__A                                       
0000d694  ti_sysbios_gates_GateHwi_Module__FXNS__C                             
0000d6b8  ti_sysbios_gates_GateMutex_Module__FXNS__C                           
0000d6dc  ti_sysbios_heaps_HeapMem_Object__PARAMS__C                           
0000d700  ti_sysbios_knl_Semaphore_Object__PARAMS__C                           
0000d724  ti_sysbios_gates_GateHwi_Object__DESC__C                             
0000d744  ti_sysbios_gates_GateMutex_Object__DESC__C                           
0000d764  ti_sysbios_heaps_HeapMem_Object__DESC__C                             
0000d784  ti_sysbios_knl_Queue_Object__DESC__C                                 
0000d7a4  ti_sysbios_knl_Semaphore_Object__DESC__C                             
0000d7c4  ti_sysbios_gates_GateHwi_Object__PARAMS__C                           
0000d7dc  ti_sysbios_gates_GateMutex_Object__PARAMS__C                         
0000d7f4  ti_sysbios_knl_Queue_Object__PARAMS__C                               
0000d80c  xdc_runtime_Startup_firstFxns__A                                     
0000d824  xdc_runtime_Startup_sfxnRts__A                                       
0000d838  g_psDefaultCodePointMapTable                                         
0000d858  ti_sysbios_family_arm_m3_Hwi_excHookFuncs__A                         
0000d860  ti_sysbios_knl_Idle_funcList__C                                      
0000d868  xdc_runtime_Startup_firstFxns__C                                     
0000d870  xdc_runtime_Startup_lastFxns__C                                      
0000d878  ti_catalog_arm_cortexm4_tiva_ce_Boot_A_mustNotUseEnhancedClockMode__C
0000d87c  ti_catalog_arm_cortexm4_tiva_ce_Boot_Module__diagsEnabled__C         
0000d880  ti_catalog_arm_cortexm4_tiva_ce_Boot_Module__diagsIncluded__C        
0000d884  ti_catalog_arm_cortexm4_tiva_ce_Boot_Module__diagsMask__C            
0000d888  ti_sysbios_family_arm_lm4_Timer_enableFunc__C                        
0000d88c  ti_sysbios_family_arm_lm4_Timer_numTimerDevices__C                   
0000d890  ti_sysbios_family_arm_lm4_Timer_startupNeeded__C                     
0000d894  ti_sysbios_family_arm_lm4_TimestampProvider_Module__diagsEnabled__C  
0000d898  ti_sysbios_family_arm_lm4_TimestampProvider_Module__diagsIncluded__C 
0000d89c  ti_sysbios_family_arm_lm4_TimestampProvider_Module__diagsMask__C     
0000d8a0  ti_sysbios_family_arm_m3_Hwi_E_NMI__C                                
0000d8a4  ti_sysbios_family_arm_m3_Hwi_E_busFault__C                           
0000d8a8  ti_sysbios_family_arm_m3_Hwi_E_debugMon__C                           
0000d8ac  ti_sysbios_family_arm_m3_Hwi_E_hardFault__C                          
0000d8b0  ti_sysbios_family_arm_m3_Hwi_E_memFault__C                           
0000d8b4  ti_sysbios_family_arm_m3_Hwi_E_noIsr__C                              
0000d8b8  ti_sysbios_family_arm_m3_Hwi_E_reserved__C                           
0000d8bc  ti_sysbios_family_arm_m3_Hwi_E_svCall__C                             
0000d8c0  ti_sysbios_family_arm_m3_Hwi_E_usageFault__C                         
0000d8c4  ti_sysbios_family_arm_m3_Hwi_NUM_INTERRUPTS__C                       
0000d8c8  ti_sysbios_family_arm_m3_Hwi_Object__count__C                        
0000d8cc  ti_sysbios_family_arm_m3_Hwi_ccr__C                                  
0000d8d0  ti_sysbios_family_arm_m3_Hwi_excHandlerFunc__C                       
0000d8d4  ti_sysbios_family_arm_m3_Hwi_excHookFuncs__C                         
0000d8d8  ti_sysbios_family_arm_m3_Hwi_nullIsrFunc__C                          
0000d8dc  ti_sysbios_family_arm_m3_Hwi_priGroup__C                             
0000d8e0  ti_sysbios_gates_GateMutex_A_badContext__C                           
0000d8e4  ti_sysbios_gates_GateMutex_Instance_State_sem__O                     
0000d8e8  ti_sysbios_gates_GateMutex_Module__diagsEnabled__C                   
0000d8ec  ti_sysbios_gates_GateMutex_Module__diagsIncluded__C                  
0000d8f0  ti_sysbios_gates_GateMutex_Module__diagsMask__C                      
0000d8f4  ti_sysbios_hal_Hwi_E_stackOverflow__C                                
0000d8f8  ti_sysbios_heaps_HeapMem_A_align__C                                  
0000d8fc  ti_sysbios_heaps_HeapMem_A_heapSize__C                               
0000d900  ti_sysbios_heaps_HeapMem_A_invalidFree__C                            
0000d904  ti_sysbios_heaps_HeapMem_A_zeroBlock__C                              
0000d908  ti_sysbios_heaps_HeapMem_E_memory__C                                 
0000d90c  ti_sysbios_heaps_HeapMem_Module__diagsEnabled__C                     
0000d910  ti_sysbios_heaps_HeapMem_Module__diagsIncluded__C                    
0000d914  ti_sysbios_heaps_HeapMem_Module__diagsMask__C                        
0000d918  ti_sysbios_heaps_HeapMem_Module__gateObj__C                          
0000d91c  ti_sysbios_heaps_HeapMem_Object__count__C                            
0000d920  ti_sysbios_heaps_HeapMem_reqAlign__C                                 
0000d924  ti_sysbios_knl_Clock_Module_State_clockQ__O                          
0000d928  ti_sysbios_knl_Idle_funcList__A                                      
0000d92c  ti_sysbios_knl_Mailbox_Instance_State_dataQue__O                     
0000d930  ti_sysbios_knl_Mailbox_Instance_State_dataSem__O                     
0000d934  ti_sysbios_knl_Mailbox_Instance_State_freeQue__O                     
0000d938  ti_sysbios_knl_Mailbox_Instance_State_freeSem__O                     
0000d93c  ti_sysbios_knl_Mailbox_Object__count__C                              
0000d940  ti_sysbios_knl_Mailbox_maxTypeAlign__C                               
0000d944  ti_sysbios_knl_Semaphore_A_badContext__C                             
0000d948  ti_sysbios_knl_Semaphore_A_noEvents__C                               
0000d94c  ti_sysbios_knl_Semaphore_A_overflow__C                               
0000d950  ti_sysbios_knl_Semaphore_A_pendTaskDisabled__C                       
0000d954  ti_sysbios_knl_Semaphore_Instance_State_pendQ__O                     
0000d958  ti_sysbios_knl_Semaphore_Module__diagsEnabled__C                     
0000d95c  ti_sysbios_knl_Semaphore_Module__diagsIncluded__C                    
0000d960  ti_sysbios_knl_Semaphore_Module__diagsMask__C                        
0000d964  ti_sysbios_knl_Swi_Object__count__C                                  
0000d968  ti_sysbios_knl_Task_E_spOutOfBounds__C                               
0000d96c  ti_sysbios_knl_Task_E_stackOverflow__C                               
0000d970  ti_sysbios_knl_Task_Module_State_inactiveQ__O                        
0000d974  ti_sysbios_knl_Task_Object__count__C                                 
0000d978  ti_sysbios_knl_Task_allBlockedFunc__C                                
0000d97c  ti_sysbios_knl_Task_numConstructedTasks__C                           
0000d980  xdc_runtime_Assert_E_assertFailed__C                                 
0000d984  xdc_runtime_Core_A_initializedParams__C                              
0000d988  xdc_runtime_Core_Module__diagsEnabled__C                             
0000d98c  xdc_runtime_Core_Module__diagsIncluded__C                            
0000d990  xdc_runtime_Core_Module__diagsMask__C                                
0000d994  xdc_runtime_Error_E_memory__C                                        
0000d998  xdc_runtime_Error_Module__diagsEnabled__C                            
0000d99c  xdc_runtime_Error_Module__diagsIncluded__C                           
0000d9a0  xdc_runtime_Error_Module__diagsMask__C                               
0000d9a4  xdc_runtime_Error_Module__loggerFxn8__C                              
0000d9a8  xdc_runtime_Error_Module__loggerObj__C                               
0000d9ac  xdc_runtime_Error_policyFxn__C                                       
0000d9b0  xdc_runtime_Error_raiseHook__C                                       
0000d9b4  xdc_runtime_IGateProvider_Interface__BASE__C                         
0000d9b8  xdc_runtime_IHeap_Interface__BASE__C                                 
0000d9bc  xdc_runtime_IModule_Interface__BASE__C                               
0000d9c0  xdc_runtime_Log_L_error__C                                           
0000d9c4  xdc_runtime_Memory_defaultHeapInstance__C                            
0000d9c8  xdc_runtime_Startup_execImpl__C                                      
0000d9cc  xdc_runtime_Startup_maxPasses__C                                     
0000d9d0  xdc_runtime_Startup_sfxnRts__C                                       
0000d9d4  xdc_runtime_Startup_sfxnTab__C                                       
0000d9d8  xdc_runtime_SysMin_bufSize__C                                        
0000d9dc  xdc_runtime_SysMin_outputFunc__C                                     
0000d9e0  xdc_runtime_System_Module__gateObj__C                                
0000d9e4  xdc_runtime_System_abortFxn__C                                       
0000d9e8  xdc_runtime_System_exitFxn__C                                        
0000d9ec  xdc_runtime_System_extendFxn__C                                      
0000d9f0  xdc_runtime_System_maxAtexitHandlers__C                              
0000d9f4  xdc_runtime_Text_charTab__C                                          
0000d9f8  xdc_runtime_Text_nameEmpty__C                                        
0000d9fc  xdc_runtime_Text_nameStatic__C                                       
0000da00  xdc_runtime_Text_nameUnknown__C                                      
0000da04  xdc_runtime_Text_nodeTab__C                                          
0000da08  xdc_runtime_Text_visitRopeFxn__C                                     
0000da0c  ti_sysbios_family_arm_lm4_TimestampProvider_useClockTimer__C         
0000da0e  ti_sysbios_family_arm_m3_Hwi_Module__id__C                           
0000da10  ti_sysbios_gates_GateMutex_Module__id__C                             
0000da12  ti_sysbios_hal_Hwi_Module__id__C                                     
0000da14  ti_sysbios_heaps_HeapMem_Module__id__C                               
0000da16  ti_sysbios_knl_Semaphore_Module__id__C                               
0000da18  ti_sysbios_knl_Task_Module__id__C                                    
0000da1a  xdc_runtime_Core_Module__id__C                                       
0000da1c  xdc_runtime_Error_Module__loggerDefined__C                           
0000da1e  xdc_runtime_Error_maxDepth__C                                        
0000da20  xdc_runtime_Memory_Module__id__C                                     
0000da22  xdc_runtime_SysMin_flushAtExit__C                                    
0000da24  xdc_runtime_Text_charCnt__C                                          
0000da26  xdc_runtime_Text_isLoaded__C                                         
0000da28  xdc_runtime_Text_registryModsLastId__C                               
0000da2a  xdc_runtime_Text_unnamedModsLastId__C                                
0000da30  __TI_static_base__                                                   
0000dcec  __TI_Handler_Table_Base                                              
0000dcf8  __TI_Handler_Table_Limit                                             
0000dd08  __TI_CINIT_Base                                                      
0000dd20  __TI_CINIT_Limit                                                     
20000000  __start___llvm_prf_cnts                                              
20000000  __stop___llvm_prf_cnts                                               
20000000  ti_sysbios_family_arm_m3_Hwi_ramVectors                              
20006468  ti_sysbios_knl_Task_Instance_State_0_stack__A                        
20006668  ti_sysbios_knl_Task_Instance_State_1_stack__A                        
20006868  ti_sysbios_knl_Task_Instance_State_2_stack__A                        
20007068  ti_sysbios_knl_Task_Instance_State_3_stack__A                        
20007868  ti_sysbios_knl_Task_Instance_State_4_stack__A                        
20007a68  ti_sysbios_knl_Task_Instance_State_5_stack__A                        
20007c68  ti_sysbios_knl_Task_Instance_State_6_stack__A                        
20007e68  gADCBuffer                                                           
20008e68  bigbadbuff                                                           
20009668  ti_sysbios_heaps_HeapMem_Instance_State_0_buf__A                     
20009a68  ti_sysbios_family_arm_m3_Hwi_dispatchTable                           
20009dc8  out_db                                                               
20009fc8  __CIOBUF_                                                            
2000a0e8  processbuff                                                          
2000a1e8  sampbuff                                                             
2000a2e8  xdc_runtime_SysMin_Module_State_0_outbuf__A                          
2000a37c  gADCSamplingRate                                                     
2000a380  ti_sysbios_knl_Mailbox_Instance_State_0_allocBuf__A                  
2000a390  parmbuf                                                              
2000a39c  trigger                                                              
2000a3a0  Lcd_ScreenHeigth                                                     
2000a3a2  Lcd_ScreenWidth                                                      
2000a3a4  Lcd_TouchTrim                                                        
2000a3a6  Lcd_FlagRead                                                         
2000a3a7  Lcd_FontSolid                                                        
2000a3a8  Lcd_Orientation                                                      
2000a3a9  Lcd_PenSolid                                                         
2000a3aa  buttmailbox                                                          
2000a3ab  fftmode                                                              
2000a3ac  Lcd_buffer                                                           
200123ac  ti_sysbios_knl_Task_Object__table__V                                 
200125c0  ti_sysbios_knl_Swi_Module_State_0_readyQ__A                          
20012640  ti_sysbios_knl_Task_Module_State_0_readyQ__A                         
200126c0  ti_sysbios_knl_Mailbox_Object__table__V                              
20012710  ti_sysbios_knl_Semaphore_Object__table__V                            
20012760  ti_sysbios_knl_Task_Module__state__V                                 
200127a4  ti_sysbios_family_arm_lm4_Timer_Module_State_0_device__A             
200127e4  ti_sysbios_family_arm_lm4_Timer_Object__table__V                     
20012824  ti_sysbios_gates_GateMutex_Object__table__V                          
2001285c  ti_sysbios_family_arm_m3_Hwi_Module__state__V                        
20012890  ti_sysbios_family_arm_m3_Hwi_Object__table__V                        
200128c0  ti_sysbios_knl_Swi_Object__table__V                                  
200128f0  ti_sysbios_knl_Clock_Module__state__V                                
20012940  ti_sysbios_BIOS_Module__state__V                                     
20012964  gSystemClock                                                         
20012968  gTime                                                                
2001296c  count_loaded                                                         
20012970  count_unloaded                                                       
20012974  cpu_load                                                             
20012978  curry                                                                
2001297c  voltsPerDiv                                                          
20012980  tSlope                                                               
20012984  ti_sysbios_family_arm_lm4_Timer_Module_State_0_handles__A            
200129a4  ti_sysbios_knl_Clock_Object__table__V                                
200129c4  ti_sysbios_knl_Swi_Module__state__V                                  
200129e0  ti_sysbios_heaps_HeapMem_Object__table__V                            
200129f8  fVoltsPerDiv                                                         
20012a0c  gButtons                                                             
20012a10  fifo_head                                                            
20012a14  fifo_tail                                                            
20012a1a  ti_sysbios_family_arm_m3_Hwi_Module_State_0_excActive__A             
20012a1c  ti_sysbios_family_arm_lm4_Timer_Module__state__V                     
20012a28  xdc_runtime_SysMin_Module__state__V                                  
20012a34  gADCBufferIndex                                                      
20012a38  gADCErrors                                                           
20012a3c  TrigFound                                                            
20012a3e  xdc_runtime_Error_Module__state__V                                   
20012a40  _lock                                                                
20012a44  _unlock                                                              
20012a48  gJoystick                                                            
20012a50  ti_sysbios_family_arm_lm4_TimestampProvider_Module__state__V         
20012a58  ti_sysbios_gates_GateHwi_Module__root__V                             
20012a60  ti_sysbios_gates_GateMutex_Module__root__V                           
20012a68  ti_sysbios_heaps_HeapMem_Module__root__V                             
20012a70  ti_sysbios_knl_Queue_Module__root__V                                 
20012a78  ti_sysbios_knl_Semaphore_Module__root__V                             
20012a80  xdc_runtime_Registry_Module__state__V                                
20012a88  xdc_runtime_Startup_Module__state__V                                 
20012a90  xdc_runtime_System_Module_State_0_atexitHandlers__A                  
20012a98  xdc_runtime_System_Module__state__V                                  
20012aa0  errno                                                                
20012aa4  main_func_sp                                                         
20012aa8  ti_sysbios_family_arm_m3_Hwi_Module_State_0_excContext__A            
20012aac  ti_sysbios_family_arm_m3_Hwi_Module_State_0_excStack__A              
20012ab0  ti_sysbios_gates_GateHwi_Object__table__V                            
20012ab4  ti_sysbios_knl_Task_Module_State_0_idleTask__A                       
20012ab8  xdc_runtime_Memory_Module__state__V                                  
20012ac0  __stack                                                              
20012dc0  __STACK_END                                                          
e000e000  ti_sysbios_family_arm_m3_Hwi_nvic                                    
ffffffff  __TI_pprof_out_hndl                                                  
ffffffff  __TI_prof_data_size                                                  
ffffffff  __TI_prof_data_start                                                 
ffffffff  __binit__                                                            
ffffffff  __c_args__                                                           
ffffffff  binit                                                                
UNDEFED   SHT$$INIT_ARRAY$$Base                                                
UNDEFED   SHT$$INIT_ARRAY$$Limit                                               

[700 symbols]
