<?xml version="1.0" encoding="ISO-8859-1" ?>
<link_info>
   <banner>TI ARM Linker PC v20.2.6.LTS</banner>
   <copyright>Copyright (c) 1996-2018 Texas Instruments Incorporated</copyright>
   <link_time>0x65fc46a0</link_time>
   <link_errors>0x0</link_errors>
   <output_file>ece3849_lab0_starter.out</output_file>
   <entry_point>
      <name>_c_int00_noargs</name>
      <address>0x3621</address>
   </entry_point>
   <input_file_list>
      <input_file id="fl-2">
         <path>.\</path>
         <kind>object</kind>
         <file>Crystalfontz128x128_ST7735.obj</file>
         <name>Crystalfontz128x128_ST7735.obj</name>
      </input_file>
      <input_file id="fl-3">
         <path>.\</path>
         <kind>object</kind>
         <file>HAL_EK_TM4C1294XL_Crystalfontz128x128_ST7735.obj</file>
         <name>HAL_EK_TM4C1294XL_Crystalfontz128x128_ST7735.obj</name>
      </input_file>
      <input_file id="fl-4">
         <path>.\</path>
         <kind>object</kind>
         <file>buttons.obj</file>
         <name>buttons.obj</name>
      </input_file>
      <input_file id="fl-5">
         <path>.\</path>
         <kind>object</kind>
         <file>main.obj</file>
         <name>main.obj</name>
      </input_file>
      <input_file id="fl-6">
         <path>.\</path>
         <kind>object</kind>
         <file>sysctl_pll.obj</file>
         <name>sysctl_pll.obj</name>
      </input_file>
      <input_file id="fl-7">
         <path>.\</path>
         <kind>object</kind>
         <file>tm4c1294ncpdt_startup_ccs.obj</file>
         <name>tm4c1294ncpdt_startup_ccs.obj</name>
      </input_file>
      <input_file id="fl-d">
         <kind>object</kind>
         <file>&lt;internal&gt;</file>
         <name>&lt;internal&gt;</name>
      </input_file>
      <input_file id="fl-c3">
         <path>C:\ti\ccs1200\ccs\tools\compiler\ti-cgt-arm_20.2.6.LTS\lib\</path>
         <kind>archive</kind>
         <file>rtsv7M4_T_le_v4SPD16_eabi.lib</file>
         <name>s_roundf.c.obj</name>
      </input_file>
      <input_file id="fl-c4">
         <path>C:\ti\ccs1200\ccs\tools\compiler\ti-cgt-arm_20.2.6.LTS\lib\</path>
         <kind>archive</kind>
         <file>rtsv7M4_T_le_v4SPD16_eabi.lib</file>
         <name>snprintf.c.obj</name>
      </input_file>
      <input_file id="fl-c5">
         <path>C:\ti\ccs1200\ccs\tools\compiler\ti-cgt-arm_20.2.6.LTS\lib\</path>
         <kind>archive</kind>
         <file>rtsv7M4_T_le_v4SPD16_eabi.lib</file>
         <name>memcpy_t2.asm.obj</name>
      </input_file>
      <input_file id="fl-c6">
         <path>C:\ti\ccs1200\ccs\tools\compiler\ti-cgt-arm_20.2.6.LTS\lib\</path>
         <kind>archive</kind>
         <file>rtsv7M4_T_le_v4SPD16_eabi.lib</file>
         <name>copy_zero_init.c.obj</name>
      </input_file>
      <input_file id="fl-c7">
         <path>C:\ti\ccs1200\ccs\tools\compiler\ti-cgt-arm_20.2.6.LTS\lib\</path>
         <kind>archive</kind>
         <file>rtsv7M4_T_le_v4SPD16_eabi.lib</file>
         <name>copy_decompress_none.c.obj</name>
      </input_file>
      <input_file id="fl-c8">
         <path>C:\ti\ccs1200\ccs\tools\compiler\ti-cgt-arm_20.2.6.LTS\lib\</path>
         <kind>archive</kind>
         <file>rtsv7M4_T_le_v4SPD16_eabi.lib</file>
         <name>copy_decompress_lzss.c.obj</name>
      </input_file>
      <input_file id="fl-c9">
         <path>C:\ti\ccs1200\ccs\tools\compiler\ti-cgt-arm_20.2.6.LTS\lib\</path>
         <kind>archive</kind>
         <file>rtsv7M4_T_le_v4SPD16_eabi.lib</file>
         <name>boot_cortex_m.c.obj</name>
      </input_file>
      <input_file id="fl-ca">
         <path>C:\ti\ccs1200\ccs\tools\compiler\ti-cgt-arm_20.2.6.LTS\lib\</path>
         <kind>archive</kind>
         <file>rtsv7M4_T_le_v4SPD16_eabi.lib</file>
         <name>s_floorf.c.obj</name>
      </input_file>
      <input_file id="fl-cb">
         <path>C:\ti\ccs1200\ccs\tools\compiler\ti-cgt-arm_20.2.6.LTS\lib\</path>
         <kind>archive</kind>
         <file>rtsv7M4_T_le_v4SPD16_eabi.lib</file>
         <name>_printfi.c.obj</name>
      </input_file>
      <input_file id="fl-cc">
         <path>C:\ti\ccs1200\ccs\tools\compiler\ti-cgt-arm_20.2.6.LTS\lib\</path>
         <kind>archive</kind>
         <file>rtsv7M4_T_le_v4SPD16_eabi.lib</file>
         <name>fd_add_t2.asm.obj</name>
      </input_file>
      <input_file id="fl-cd">
         <path>C:\ti\ccs1200\ccs\tools\compiler\ti-cgt-arm_20.2.6.LTS\lib\</path>
         <kind>archive</kind>
         <file>rtsv7M4_T_le_v4SPD16_eabi.lib</file>
         <name>fd_cmp_t2.asm.obj</name>
      </input_file>
      <input_file id="fl-ce">
         <path>C:\ti\ccs1200\ccs\tools\compiler\ti-cgt-arm_20.2.6.LTS\lib\</path>
         <kind>archive</kind>
         <file>rtsv7M4_T_le_v4SPD16_eabi.lib</file>
         <name>fd_div_t2.asm.obj</name>
      </input_file>
      <input_file id="fl-cf">
         <path>C:\ti\ccs1200\ccs\tools\compiler\ti-cgt-arm_20.2.6.LTS\lib\</path>
         <kind>archive</kind>
         <file>rtsv7M4_T_le_v4SPD16_eabi.lib</file>
         <name>fd_mul_t2.asm.obj</name>
      </input_file>
      <input_file id="fl-d0">
         <path>C:\ti\ccs1200\ccs\tools\compiler\ti-cgt-arm_20.2.6.LTS\lib\</path>
         <kind>archive</kind>
         <file>rtsv7M4_T_le_v4SPD16_eabi.lib</file>
         <name>fd_toi_t2.asm.obj</name>
      </input_file>
      <input_file id="fl-d1">
         <path>C:\ti\ccs1200\ccs\tools\compiler\ti-cgt-arm_20.2.6.LTS\lib\</path>
         <kind>archive</kind>
         <file>rtsv7M4_T_le_v4SPD16_eabi.lib</file>
         <name>i_tofd_t2.asm.obj</name>
      </input_file>
      <input_file id="fl-d2">
         <path>C:\ti\ccs1200\ccs\tools\compiler\ti-cgt-arm_20.2.6.LTS\lib\</path>
         <kind>archive</kind>
         <file>rtsv7M4_T_le_v4SPD16_eabi.lib</file>
         <name>memset_t2.asm.obj</name>
      </input_file>
      <input_file id="fl-d3">
         <path>C:\ti\ccs1200\ccs\tools\compiler\ti-cgt-arm_20.2.6.LTS\lib\</path>
         <kind>archive</kind>
         <file>rtsv7M4_T_le_v4SPD16_eabi.lib</file>
         <name>ull_div_t2.asm.obj</name>
      </input_file>
      <input_file id="fl-d4">
         <path>C:\ti\ccs1200\ccs\tools\compiler\ti-cgt-arm_20.2.6.LTS\lib\</path>
         <kind>archive</kind>
         <file>rtsv7M4_T_le_v4SPD16_eabi.lib</file>
         <name>autoinit.c.obj</name>
      </input_file>
      <input_file id="fl-d5">
         <path>C:\ti\ccs1200\ccs\tools\compiler\ti-cgt-arm_20.2.6.LTS\lib\</path>
         <kind>archive</kind>
         <file>rtsv7M4_T_le_v4SPD16_eabi.lib</file>
         <name>pre_init.c.obj</name>
      </input_file>
      <input_file id="fl-d6">
         <path>C:\ti\ccs1200\ccs\tools\compiler\ti-cgt-arm_20.2.6.LTS\lib\</path>
         <kind>archive</kind>
         <file>rtsv7M4_T_le_v4SPD16_eabi.lib</file>
         <name>cpy_tbl.c.obj</name>
      </input_file>
      <input_file id="fl-d7">
         <path>C:\ti\ccs1200\ccs\tools\compiler\ti-cgt-arm_20.2.6.LTS\lib\</path>
         <kind>archive</kind>
         <file>rtsv7M4_T_le_v4SPD16_eabi.lib</file>
         <name>exit.c.obj</name>
      </input_file>
      <input_file id="fl-d8">
         <path>C:\ti\ccs1200\ccs\tools\compiler\ti-cgt-arm_20.2.6.LTS\lib\</path>
         <kind>archive</kind>
         <file>rtsv7M4_T_le_v4SPD16_eabi.lib</file>
         <name>_lock.c.obj</name>
      </input_file>
      <input_file id="fl-d9">
         <path>C:\ti\ccs1200\ccs\tools\compiler\ti-cgt-arm_20.2.6.LTS\lib\</path>
         <kind>archive</kind>
         <file>rtsv7M4_T_le_v4SPD16_eabi.lib</file>
         <name>_ltoa.c.obj</name>
      </input_file>
      <input_file id="fl-da">
         <path>C:\ti\ccs1200\ccs\tools\compiler\ti-cgt-arm_20.2.6.LTS\lib\</path>
         <kind>archive</kind>
         <file>rtsv7M4_T_le_v4SPD16_eabi.lib</file>
         <name>args_main.c.obj</name>
      </input_file>
      <input_file id="fl-db">
         <path>C:\ti\ccs1200\ccs\tools\compiler\ti-cgt-arm_20.2.6.LTS\lib\</path>
         <kind>archive</kind>
         <file>rtsv7M4_T_le_v4SPD16_eabi.lib</file>
         <name>atoi.c.obj</name>
      </input_file>
      <input_file id="fl-dc">
         <path>C:\ti\ccs1200\ccs\tools\compiler\ti-cgt-arm_20.2.6.LTS\lib\</path>
         <kind>archive</kind>
         <file>rtsv7M4_T_le_v4SPD16_eabi.lib</file>
         <name>ctype.c.obj</name>
      </input_file>
      <input_file id="fl-dd">
         <path>C:\ti\ccs1200\ccs\tools\compiler\ti-cgt-arm_20.2.6.LTS\lib\</path>
         <kind>archive</kind>
         <file>rtsv7M4_T_le_v4SPD16_eabi.lib</file>
         <name>memccpy.c.obj</name>
      </input_file>
      <input_file id="fl-de">
         <path>C:\ti\ccs1200\ccs\tools\compiler\ti-cgt-arm_20.2.6.LTS\lib\</path>
         <kind>archive</kind>
         <file>rtsv7M4_T_le_v4SPD16_eabi.lib</file>
         <name>strchr.c.obj</name>
      </input_file>
      <input_file id="fl-df">
         <path>C:\ti\ccs1200\ccs\tools\compiler\ti-cgt-arm_20.2.6.LTS\lib\</path>
         <kind>archive</kind>
         <file>rtsv7M4_T_le_v4SPD16_eabi.lib</file>
         <name>strlen.c.obj</name>
      </input_file>
      <input_file id="fl-e0">
         <path>C:\ti\ccs1200\ccs\tools\compiler\ti-cgt-arm_20.2.6.LTS\lib\</path>
         <kind>archive</kind>
         <file>rtsv7M4_T_le_v4SPD16_eabi.lib</file>
         <name>errno.c.obj</name>
      </input_file>
      <input_file id="fl-e1">
         <path>C:\ti\ccs1200\ccs\tools\compiler\ti-cgt-arm_20.2.6.LTS\lib\</path>
         <kind>archive</kind>
         <file>rtsv7M4_T_le_v4SPD16_eabi.lib</file>
         <name>s_frexp.c.obj</name>
      </input_file>
      <input_file id="fl-e2">
         <path>C:\ti\ccs1200\ccs\tools\compiler\ti-cgt-arm_20.2.6.LTS\lib\</path>
         <kind>archive</kind>
         <file>rtsv7M4_T_le_v4SPD16_eabi.lib</file>
         <name>s_scalbn.c.obj</name>
      </input_file>
      <input_file id="fl-e3">
         <path>C:\ti\ccs1200\ccs\tools\compiler\ti-cgt-arm_20.2.6.LTS\lib\</path>
         <kind>archive</kind>
         <file>rtsv7M4_T_le_v4SPD16_eabi.lib</file>
         <name>s_copysign.c.obj</name>
      </input_file>
      <input_file id="fl-e4">
         <path>C:\ti\ccs1200\ccs\tools\compiler\ti-cgt-arm_20.2.6.LTS\lib\</path>
         <kind>archive</kind>
         <file>rtsv7M4_T_le_v4SPD16_eabi.lib</file>
         <name>wcslen.c.obj</name>
      </input_file>
      <input_file id="fl-e5">
         <path>C:\ti\ccs1200\ccs\tools\compiler\ti-cgt-arm_20.2.6.LTS\lib\</path>
         <kind>archive</kind>
         <file>rtsv7M4_T_le_v4SPD16_eabi.lib</file>
         <name>div0.asm.obj</name>
      </input_file>
      <input_file id="fl-e6">
         <path>C:\ti\tirtos_tivac_2_16_01_14\products\TivaWare_C_Series-2.1.1.71b\grlib\ccs\Debug\</path>
         <kind>archive</kind>
         <file>grlib.lib</file>
         <name>context.obj</name>
      </input_file>
      <input_file id="fl-e7">
         <path>C:\ti\tirtos_tivac_2_16_01_14\products\TivaWare_C_Series-2.1.1.71b\grlib\ccs\Debug\</path>
         <kind>archive</kind>
         <file>grlib.lib</file>
         <name>rectangle.obj</name>
      </input_file>
      <input_file id="fl-e8">
         <path>C:\ti\tirtos_tivac_2_16_01_14\products\TivaWare_C_Series-2.1.1.71b\grlib\ccs\Debug\</path>
         <kind>archive</kind>
         <file>grlib.lib</file>
         <name>string.obj</name>
      </input_file>
      <input_file id="fl-e9">
         <path>C:\ti\tirtos_tivac_2_16_01_14\products\TivaWare_C_Series-2.1.1.71b\grlib\ccs\Debug\</path>
         <kind>archive</kind>
         <file>grlib.lib</file>
         <name>fontfixed6x8.obj</name>
      </input_file>
      <input_file id="fl-ea">
         <path>C:\ti\tirtos_tivac_2_16_01_14\products\TivaWare_C_Series-2.1.1.71b\grlib\ccs\Debug\</path>
         <kind>archive</kind>
         <file>grlib.lib</file>
         <name>charmap.obj</name>
      </input_file>
      <input_file id="fl-eb">
         <path>C:\ti\tirtos_tivac_2_16_01_14\products\TivaWare_C_Series-2.1.1.71b\grlib\ccs\Debug\</path>
         <kind>archive</kind>
         <file>grlib.lib</file>
         <name>line.obj</name>
      </input_file>
      <input_file id="fl-ec">
         <path>C:\ti\tirtos_tivac_2_16_01_14\products\TivaWare_C_Series-2.1.1.71b\driverlib\ccs\Debug\</path>
         <kind>archive</kind>
         <file>driverlib.lib</file>
         <name>adc.obj</name>
      </input_file>
      <input_file id="fl-ed">
         <path>C:\ti\tirtos_tivac_2_16_01_14\products\TivaWare_C_Series-2.1.1.71b\driverlib\ccs\Debug\</path>
         <kind>archive</kind>
         <file>driverlib.lib</file>
         <name>fpu.obj</name>
      </input_file>
      <input_file id="fl-ee">
         <path>C:\ti\tirtos_tivac_2_16_01_14\products\TivaWare_C_Series-2.1.1.71b\driverlib\ccs\Debug\</path>
         <kind>archive</kind>
         <file>driverlib.lib</file>
         <name>gpio.obj</name>
      </input_file>
      <input_file id="fl-ef">
         <path>C:\ti\tirtos_tivac_2_16_01_14\products\TivaWare_C_Series-2.1.1.71b\driverlib\ccs\Debug\</path>
         <kind>archive</kind>
         <file>driverlib.lib</file>
         <name>interrupt.obj</name>
      </input_file>
      <input_file id="fl-f0">
         <path>C:\ti\tirtos_tivac_2_16_01_14\products\TivaWare_C_Series-2.1.1.71b\driverlib\ccs\Debug\</path>
         <kind>archive</kind>
         <file>driverlib.lib</file>
         <name>ssi.obj</name>
      </input_file>
      <input_file id="fl-f1">
         <path>C:\ti\tirtos_tivac_2_16_01_14\products\TivaWare_C_Series-2.1.1.71b\driverlib\ccs\Debug\</path>
         <kind>archive</kind>
         <file>driverlib.lib</file>
         <name>sysctl.obj</name>
      </input_file>
      <input_file id="fl-f2">
         <path>C:\ti\tirtos_tivac_2_16_01_14\products\TivaWare_C_Series-2.1.1.71b\driverlib\ccs\Debug\</path>
         <kind>archive</kind>
         <file>driverlib.lib</file>
         <name>timer.obj</name>
      </input_file>
      <input_file id="fl-f3">
         <path>C:\ti\tirtos_tivac_2_16_01_14\products\TivaWare_C_Series-2.1.1.71b\driverlib\ccs\Debug\</path>
         <kind>archive</kind>
         <file>driverlib.lib</file>
         <name>cpu.obj</name>
      </input_file>
   </input_file_list>
   <object_component_list>
      <object_component id="oc-12">
         <name>.intvecs</name>
         <load_address>0x0</load_address>
         <run_address>0x0</run_address>
         <size>0x208</size>
         <input_file_ref idref="fl-7"/>
      </object_component>
      <object_component id="oc-2c4">
         <name>.text:__TI_printfi</name>
         <load_address>0x208</load_address>
         <run_address>0x208</run_address>
         <size>0xa4e</size>
         <input_file_ref idref="fl-cb"/>
      </object_component>
      <object_component id="oc-4af">
         <name>.text</name>
         <load_address>0xc56</load_address>
         <run_address>0xc56</run_address>
         <size>0x2</size>
         <input_file_ref idref="fl-e5"/>
      </object_component>
      <object_component id="oc-2d">
         <name>.text</name>
         <load_address>0xc58</load_address>
         <run_address>0xc58</run_address>
         <size>0x48c</size>
         <input_file_ref idref="fl-4"/>
      </object_component>
      <object_component id="oc-106">
         <name>.text:TimerIntClear</name>
         <load_address>0x10e4</load_address>
         <run_address>0x10e4</run_address>
         <size>0x4</size>
         <input_file_ref idref="fl-f2"/>
      </object_component>
      <object_component id="oc-1d8">
         <name>.text</name>
         <load_address>0x10e8</load_address>
         <run_address>0x10e8</run_address>
         <size>0x3f0</size>
         <input_file_ref idref="fl-2"/>
      </object_component>
      <object_component id="oc-3ab">
         <name>.text:_pconv_a</name>
         <load_address>0x14d8</load_address>
         <run_address>0x14d8</run_address>
         <size>0x270</size>
         <input_file_ref idref="fl-cb"/>
      </object_component>
      <object_component id="oc-361">
         <name>.text:GrFontGlyphRender</name>
         <load_address>0x1748</load_address>
         <run_address>0x1748</run_address>
         <size>0x256</size>
         <input_file_ref idref="fl-e8"/>
      </object_component>
      <object_component id="oc-1d2">
         <name>.text:SysCtlClockFreqSet</name>
         <load_address>0x19a0</load_address>
         <run_address>0x19a0</run_address>
         <size>0x204</size>
         <input_file_ref idref="fl-f1"/>
      </object_component>
      <object_component id="oc-399">
         <name>.text:_pconv_g</name>
         <load_address>0x1ba4</load_address>
         <run_address>0x1ba4</run_address>
         <size>0x1d0</size>
         <input_file_ref idref="fl-cb"/>
      </object_component>
      <object_component id="oc-444">
         <name>.text</name>
         <load_address>0x1d74</load_address>
         <run_address>0x1d74</run_address>
         <size>0x1b6</size>
         <input_file_ref idref="fl-cc"/>
      </object_component>
      <object_component id="oc-10c">
         <name>.text:GPIOPinRead</name>
         <load_address>0x1f2a</load_address>
         <run_address>0x1f2a</run_address>
         <size>0x6</size>
         <input_file_ref idref="fl-ee"/>
      </object_component>
      <object_component id="oc-287">
         <name>.text</name>
         <load_address>0x1f30</load_address>
         <run_address>0x1f30</run_address>
         <size>0x17e</size>
         <input_file_ref idref="fl-3"/>
      </object_component>
      <object_component id="oc-148">
         <name>.text</name>
         <load_address>0x20b0</load_address>
         <run_address>0x20b0</run_address>
         <size>0x146</size>
         <input_file_ref idref="fl-5"/>
      </object_component>
      <object_component id="oc-3a5">
         <name>.text:_pconv_e</name>
         <load_address>0x21f8</load_address>
         <run_address>0x21f8</run_address>
         <size>0x13c</size>
         <input_file_ref idref="fl-cb"/>
      </object_component>
      <object_component id="oc-42a">
         <name>.text</name>
         <load_address>0x2334</load_address>
         <run_address>0x2334</run_address>
         <size>0x136</size>
         <input_file_ref idref="fl-ce"/>
      </object_component>
      <object_component id="oc-d1">
         <name>.text:GPIOPadConfigSet</name>
         <load_address>0x246a</load_address>
         <run_address>0x246a</run_address>
         <size>0x130</size>
         <input_file_ref idref="fl-ee"/>
      </object_component>
      <object_component id="oc-456">
         <name>.text:fcvt</name>
         <load_address>0x259c</load_address>
         <run_address>0x259c</run_address>
         <size>0x124</size>
         <input_file_ref idref="fl-cb"/>
      </object_component>
      <object_component id="oc-46a">
         <name>.text:scalbn</name>
         <load_address>0x26c0</load_address>
         <run_address>0x26c0</run_address>
         <size>0x110</size>
         <input_file_ref idref="fl-e2"/>
      </object_component>
      <object_component id="oc-425">
         <name>.text</name>
         <load_address>0x27d0</load_address>
         <run_address>0x27d0</run_address>
         <size>0xfc</size>
         <input_file_ref idref="fl-cf"/>
      </object_component>
      <object_component id="oc-29a">
         <name>.text:GrDefaultStringRenderer</name>
         <load_address>0x28cc</load_address>
         <run_address>0x28cc</run_address>
         <size>0xc4</size>
         <input_file_ref idref="fl-e8"/>
      </object_component>
      <object_component id="oc-38e">
         <name>.text:_ltostr</name>
         <load_address>0x2990</load_address>
         <run_address>0x2990</run_address>
         <size>0xb1</size>
         <input_file_ref idref="fl-cb"/>
      </object_component>
      <object_component id="oc-41">
         <name>.text</name>
         <load_address>0x2a42</load_address>
         <run_address>0x2a42</run_address>
         <size>0x9c</size>
         <input_file_ref idref="fl-c5"/>
      </object_component>
      <object_component id="oc-41e">
         <name>.text</name>
         <load_address>0x2ade</load_address>
         <run_address>0x2ade</run_address>
         <size>0x96</size>
         <input_file_ref idref="fl-d3"/>
      </object_component>
      <object_component id="oc-1f7">
         <name>.text:GrRectFill</name>
         <load_address>0x2b74</load_address>
         <run_address>0x2b74</run_address>
         <size>0x86</size>
         <input_file_ref idref="fl-e7"/>
      </object_component>
      <object_component id="oc-394">
         <name>.text:__aeabi_cdcmple</name>
         <load_address>0x2bfa</load_address>
         <run_address>0x2bfa</run_address>
         <size>0x86</size>
         <input_file_ref idref="fl-cd"/>
      </object_component>
      <object_component id="oc-42f">
         <name>.text:__aeabi_cdrcmple</name>
         <load_address>0x2c80</load_address>
         <run_address>0x2c80</run_address>
         <size>0x86</size>
         <input_file_ref idref="fl-cd"/>
      </object_component>
      <object_component id="oc-17a">
         <name>.text:floorf</name>
         <load_address>0x2d08</load_address>
         <run_address>0x2d08</run_address>
         <size>0x80</size>
         <input_file_ref idref="fl-ca"/>
      </object_component>
      <object_component id="oc-f8">
         <name>.text:ADCSequenceStepConfigure</name>
         <load_address>0x2d88</load_address>
         <run_address>0x2d88</run_address>
         <size>0x7a</size>
         <input_file_ref idref="fl-ec"/>
      </object_component>
      <object_component id="oc-13c">
         <name>.text</name>
         <load_address>0x2e02</load_address>
         <run_address>0x2e02</run_address>
         <size>0x7a</size>
         <input_file_ref idref="fl-d2"/>
      </object_component>
      <object_component id="oc-44f">
         <name>.text:_mcpy</name>
         <load_address>0x2e7c</load_address>
         <run_address>0x2e7c</run_address>
         <size>0x6e</size>
         <input_file_ref idref="fl-cb"/>
      </object_component>
      <object_component id="oc-a7">
         <name>.text:roundf</name>
         <load_address>0x2eea</load_address>
         <run_address>0x2eea</run_address>
         <size>0x6e</size>
         <input_file_ref idref="fl-c3"/>
      </object_component>
      <object_component id="oc-1e2">
         <name>.text:GrContextInit</name>
         <load_address>0x2f58</load_address>
         <run_address>0x2f58</run_address>
         <size>0x68</size>
         <input_file_ref idref="fl-e6"/>
      </object_component>
      <object_component id="oc-c5">
         <name>.text:IntEnable</name>
         <load_address>0x2fc0</load_address>
         <run_address>0x2fc0</run_address>
         <size>0x68</size>
         <input_file_ref idref="fl-ef"/>
      </object_component>
      <object_component id="oc-15">
         <name>.text:decompress:lzss:__TI_decompress_lzss</name>
         <load_address>0x3028</load_address>
         <run_address>0x3028</run_address>
         <size>0x68</size>
         <input_file_ref idref="fl-c8"/>
      </object_component>
      <object_component id="oc-464">
         <name>.text:frexp</name>
         <load_address>0x3090</load_address>
         <run_address>0x3090</run_address>
         <size>0x64</size>
         <input_file_ref idref="fl-e1"/>
      </object_component>
      <object_component id="oc-9e">
         <name>.text:TimerConfigure</name>
         <load_address>0x30f4</load_address>
         <run_address>0x30f4</run_address>
         <size>0x60</size>
         <input_file_ref idref="fl-f2"/>
      </object_component>
      <object_component id="oc-406">
         <name>.text:FontWideGlyphDataGet</name>
         <load_address>0x3154</load_address>
         <run_address>0x3154</run_address>
         <size>0x5a</size>
         <input_file_ref idref="fl-e8"/>
      </object_component>
      <object_component id="oc-39f">
         <name>.text:_pconv_f</name>
         <load_address>0x31ae</load_address>
         <run_address>0x31ae</run_address>
         <size>0x56</size>
         <input_file_ref idref="fl-cb"/>
      </object_component>
      <object_component id="oc-439">
         <name>.text:__TI_ltoa</name>
         <load_address>0x3204</load_address>
         <run_address>0x3204</run_address>
         <size>0x54</size>
         <input_file_ref idref="fl-d9"/>
      </object_component>
      <object_component id="oc-449">
         <name>.text:_ecpy</name>
         <load_address>0x3258</load_address>
         <run_address>0x3258</run_address>
         <size>0x52</size>
         <input_file_ref idref="fl-cb"/>
      </object_component>
      <object_component id="oc-388">
         <name>.text:atoi</name>
         <load_address>0x32ac</load_address>
         <run_address>0x32ac</run_address>
         <size>0x4c</size>
         <input_file_ref idref="fl-db"/>
      </object_component>
      <object_component id="oc-1fd">
         <name>.text:snprintf</name>
         <load_address>0x32f8</load_address>
         <run_address>0x32f8</run_address>
         <size>0x4c</size>
         <input_file_ref idref="fl-c4"/>
      </object_component>
      <object_component id="oc-2ad">
         <name>.text:UpdateContextCharMapping</name>
         <load_address>0x3344</load_address>
         <run_address>0x3344</run_address>
         <size>0x4a</size>
         <input_file_ref idref="fl-e8"/>
      </object_component>
      <object_component id="oc-dd">
         <name>.text</name>
         <load_address>0x3390</load_address>
         <run_address>0x3390</run_address>
         <size>0x4a</size>
         <input_file_ref idref="fl-6"/>
      </object_component>
      <object_component id="oc-33f">
         <name>.text:GPIOPinConfigure</name>
         <load_address>0x33dc</load_address>
         <run_address>0x33dc</run_address>
         <size>0x48</size>
         <input_file_ref idref="fl-ee"/>
      </object_component>
      <object_component id="oc-276">
         <name>.text:_SysCtlFrequencyGet</name>
         <load_address>0x3424</load_address>
         <run_address>0x3424</run_address>
         <size>0x48</size>
         <input_file_ref idref="fl-f1"/>
      </object_component>
      <object_component id="oc-434">
         <name>.text</name>
         <load_address>0x346c</load_address>
         <run_address>0x346c</run_address>
         <size>0x48</size>
         <input_file_ref idref="fl-d0"/>
      </object_component>
      <object_component id="oc-216">
         <name>.text:__TI_auto_init_nobinit_nopinit:__TI_auto_init_nobinit_nopinit</name>
         <load_address>0x34b4</load_address>
         <run_address>0x34b4</run_address>
         <size>0x44</size>
         <input_file_ref idref="fl-d4"/>
      </object_component>
      <object_component id="oc-f2">
         <name>.text:ADCSequenceConfigure</name>
         <load_address>0x34f8</load_address>
         <run_address>0x34f8</run_address>
         <size>0x3e</size>
         <input_file_ref idref="fl-ec"/>
      </object_component>
      <object_component id="oc-45c">
         <name>.text:_fcpy</name>
         <load_address>0x3536</load_address>
         <run_address>0x3536</run_address>
         <size>0x3e</size>
         <input_file_ref idref="fl-cb"/>
      </object_component>
      <object_component id="oc-32d">
         <name>.text:SSIConfigSetExpClk</name>
         <load_address>0x3574</load_address>
         <run_address>0x3574</run_address>
         <size>0x3c</size>
         <input_file_ref idref="fl-f0"/>
      </object_component>
      <object_component id="oc-40c">
         <name>.text:FontGlyphDataGet</name>
         <load_address>0x35b0</load_address>
         <run_address>0x35b0</run_address>
         <size>0x3a</size>
         <input_file_ref idref="fl-e8"/>
      </object_component>
      <object_component id="oc-92">
         <name>.text:SysCtlPeripheralEnable</name>
         <load_address>0x35ec</load_address>
         <run_address>0x35ec</run_address>
         <size>0x34</size>
         <input_file_ref idref="fl-f1"/>
      </object_component>
      <object_component id="oc-5f">
         <name>.text:_c_int00_noargs:_c_int00_noargs</name>
         <load_address>0x3620</load_address>
         <run_address>0x3620</run_address>
         <size>0x34</size>
         <input_file_ref idref="fl-c9"/>
      </object_component>
      <object_component id="oc-2ca">
         <name>.text:_outs</name>
         <load_address>0x3654</load_address>
         <run_address>0x3654</run_address>
         <size>0x30</size>
         <input_file_ref idref="fl-c4"/>
      </object_component>
      <object_component id="oc-7a">
         <name>.text:ADCIntStatus</name>
         <load_address>0x3684</load_address>
         <run_address>0x3684</run_address>
         <size>0x2e</size>
         <input_file_ref idref="fl-ec"/>
      </object_component>
      <object_component id="oc-355">
         <name>.text:GrStringNextCharGet</name>
         <load_address>0x36b2</load_address>
         <run_address>0x36b2</run_address>
         <size>0x2e</size>
         <input_file_ref idref="fl-e8"/>
      </object_component>
      <object_component id="oc-43f">
         <name>.text</name>
         <load_address>0x36e0</load_address>
         <run_address>0x36e0</run_address>
         <size>0x2e</size>
         <input_file_ref idref="fl-d1"/>
      </object_component>
      <object_component id="oc-18e">
         <name>.text:GPIODirModeSet</name>
         <load_address>0x370e</load_address>
         <run_address>0x370e</run_address>
         <size>0x2a</size>
         <input_file_ref idref="fl-ee"/>
      </object_component>
      <object_component id="oc-34f">
         <name>.text:GrFontInfoGet</name>
         <load_address>0x3738</load_address>
         <run_address>0x3738</run_address>
         <size>0x26</size>
         <input_file_ref idref="fl-e8"/>
      </object_component>
      <object_component id="oc-bf">
         <name>.text:IntPrioritySet</name>
         <load_address>0x3760</load_address>
         <run_address>0x3760</run_address>
         <size>0x24</size>
         <input_file_ref idref="fl-ef"/>
      </object_component>
      <object_component id="oc-35b">
         <name>.text:GrFontGlyphDataGet</name>
         <load_address>0x3784</load_address>
         <run_address>0x3784</run_address>
         <size>0x22</size>
         <input_file_ref idref="fl-e8"/>
      </object_component>
      <object_component id="oc-83">
         <name>.text:ADCSequenceDataGet</name>
         <load_address>0x37a6</load_address>
         <run_address>0x37a6</run_address>
         <size>0x1e</size>
         <input_file_ref idref="fl-ec"/>
      </object_component>
      <object_component id="oc-376">
         <name>.text:GrFontCodepageGet</name>
         <load_address>0x37c4</load_address>
         <run_address>0x37c4</run_address>
         <size>0x1e</size>
         <input_file_ref idref="fl-e8"/>
      </object_component>
      <object_component id="oc-270">
         <name>.text:_SysCtlMemTimingGet</name>
         <load_address>0x37e4</load_address>
         <run_address>0x37e4</run_address>
         <size>0x1c</size>
         <input_file_ref idref="fl-f1"/>
      </object_component>
      <object_component id="oc-4d">
         <name>.text:decompress:ZI:__TI_zero_init_nomemset:__TI_zero_init_nomemset</name>
         <load_address>0x3800</load_address>
         <run_address>0x3800</run_address>
         <size>0x1c</size>
         <input_file_ref idref="fl-c6"/>
      </object_component>
      <object_component id="oc-3b1">
         <name>.text:memccpy</name>
         <load_address>0x381c</load_address>
         <run_address>0x381c</run_address>
         <size>0x1c</size>
         <input_file_ref idref="fl-dd"/>
      </object_component>
      <object_component id="oc-4c8">
         <name>.text:copysign</name>
         <load_address>0x3838</load_address>
         <run_address>0x3838</run_address>
         <size>0x1a</size>
         <input_file_ref idref="fl-e3"/>
      </object_component>
      <object_component id="oc-327">
         <name>.text:GPIOPinWrite</name>
         <load_address>0x3852</load_address>
         <run_address>0x3852</run_address>
         <size>0x6</size>
         <input_file_ref idref="fl-ee"/>
      </object_component>
      <object_component id="oc-27">
         <name>.text</name>
         <load_address>0x3858</load_address>
         <run_address>0x3858</run_address>
         <size>0x1a</size>
         <input_file_ref idref="fl-7"/>
      </object_component>
      <object_component id="oc-e6">
         <name>.text:ADCClockConfigSet</name>
         <load_address>0x3872</load_address>
         <run_address>0x3872</run_address>
         <size>0x18</size>
         <input_file_ref idref="fl-ec"/>
      </object_component>
      <object_component id="oc-74">
         <name>.text:ADCProcessorTrigger</name>
         <load_address>0x388a</load_address>
         <run_address>0x388a</run_address>
         <size>0x18</size>
         <input_file_ref idref="fl-ec"/>
      </object_component>
      <object_component id="oc-345">
         <name>.text:GPIOPinTypeGPIOOutput</name>
         <load_address>0x38a2</load_address>
         <run_address>0x38a2</run_address>
         <size>0x18</size>
         <input_file_ref idref="fl-ee"/>
      </object_component>
      <object_component id="oc-2d0">
         <name>.text:_outc</name>
         <load_address>0x38ba</load_address>
         <run_address>0x38ba</run_address>
         <size>0x18</size>
         <input_file_ref idref="fl-c4"/>
      </object_component>
      <object_component id="oc-203">
         <name>.text:GrStringDraw</name>
         <load_address>0x38d2</load_address>
         <run_address>0x38d2</run_address>
         <size>0x16</size>
         <input_file_ref idref="fl-e8"/>
      </object_component>
      <object_component id="oc-470">
         <name>.text:strchr</name>
         <load_address>0x38e8</load_address>
         <run_address>0x38e8</run_address>
         <size>0x16</size>
         <input_file_ref idref="fl-de"/>
      </object_component>
      <object_component id="oc-98">
         <name>.text:TimerDisable</name>
         <load_address>0x3900</load_address>
         <run_address>0x3900</run_address>
         <size>0x14</size>
         <input_file_ref idref="fl-f2"/>
      </object_component>
      <object_component id="oc-382">
         <name>.text:strlen</name>
         <load_address>0x3914</load_address>
         <run_address>0x3914</run_address>
         <size>0x14</size>
         <input_file_ref idref="fl-df"/>
      </object_component>
      <object_component id="oc-d7">
         <name>.text:GPIOPinTypeADC</name>
         <load_address>0x3928</load_address>
         <run_address>0x3928</run_address>
         <size>0x12</size>
         <input_file_ref idref="fl-ee"/>
      </object_component>
      <object_component id="oc-cb">
         <name>.text:GPIOPinTypeGPIOInput</name>
         <load_address>0x393a</load_address>
         <run_address>0x393a</run_address>
         <size>0x12</size>
         <input_file_ref idref="fl-ee"/>
      </object_component>
      <object_component id="oc-339">
         <name>.text:GPIOPinTypeSSI</name>
         <load_address>0x394c</load_address>
         <run_address>0x394c</run_address>
         <size>0x12</size>
         <input_file_ref idref="fl-ee"/>
      </object_component>
      <object_component id="oc-ad">
         <name>.text:TimerLoadSet</name>
         <load_address>0x395e</load_address>
         <run_address>0x395e</run_address>
         <size>0x12</size>
         <input_file_ref idref="fl-f2"/>
      </object_component>
      <object_component id="oc-3b7">
         <name>.text:wcslen</name>
         <load_address>0x3970</load_address>
         <run_address>0x3970</run_address>
         <size>0x12</size>
         <input_file_ref idref="fl-e4"/>
      </object_component>
      <object_component id="oc-1c6">
         <name>.text:FPUEnable</name>
         <load_address>0x3984</load_address>
         <run_address>0x3984</run_address>
         <size>0x10</size>
         <input_file_ref idref="fl-ed"/>
      </object_component>
      <object_component id="oc-1cc">
         <name>.text:FPULazyStackingEnable</name>
         <load_address>0x3994</load_address>
         <run_address>0x3994</run_address>
         <size>0x10</size>
         <input_file_ref idref="fl-ed"/>
      </object_component>
      <object_component id="oc-1c0">
         <name>.text:IntMasterDisable</name>
         <load_address>0x39a4</load_address>
         <run_address>0x39a4</run_address>
         <size>0x10</size>
         <input_file_ref idref="fl-ef"/>
      </object_component>
      <object_component id="oc-1f1">
         <name>.text:IntMasterEnable</name>
         <load_address>0x39b4</load_address>
         <run_address>0x39b4</run_address>
         <size>0x10</size>
         <input_file_ref idref="fl-ef"/>
      </object_component>
      <object_component id="oc-ec">
         <name>.text:ADCSequenceDisable</name>
         <load_address>0x39c4</load_address>
         <run_address>0x39c4</run_address>
         <size>0xe</size>
         <input_file_ref idref="fl-ec"/>
      </object_component>
      <object_component id="oc-fe">
         <name>.text:ADCSequenceEnable</name>
         <load_address>0x39d2</load_address>
         <run_address>0x39d2</run_address>
         <size>0xe</size>
         <input_file_ref idref="fl-ec"/>
      </object_component>
      <object_component id="oc-b9">
         <name>.text:TimerEnable</name>
         <load_address>0x39e0</load_address>
         <run_address>0x39e0</run_address>
         <size>0xe</size>
         <input_file_ref idref="fl-f2"/>
      </object_component>
      <object_component id="oc-1b">
         <name>.text:decompress:none:__TI_decompress_none</name>
         <load_address>0x39ee</load_address>
         <run_address>0x39ee</run_address>
         <size>0xe</size>
         <input_file_ref idref="fl-c7"/>
      </object_component>
      <object_component id="oc-267">
         <name>.text:CPUcpsid</name>
         <load_address>0x39fc</load_address>
         <run_address>0x39fc</run_address>
         <size>0xc</size>
         <input_file_ref idref="fl-f3"/>
      </object_component>
      <object_component id="oc-2b6">
         <name>.text:CPUcpsie</name>
         <load_address>0x3a08</load_address>
         <run_address>0x3a08</run_address>
         <size>0xc</size>
         <input_file_ref idref="fl-f3"/>
      </object_component>
      <object_component id="oc-89">
         <name>.text:ADCIntClear</name>
         <load_address>0x3a14</load_address>
         <run_address>0x3a14</run_address>
         <size>0xa</size>
         <input_file_ref idref="fl-ec"/>
      </object_component>
      <object_component id="oc-31b">
         <name>.text:SSIDataPut</name>
         <load_address>0x3a1e</load_address>
         <run_address>0x3a1e</run_address>
         <size>0xa</size>
         <input_file_ref idref="fl-f0"/>
      </object_component>
      <object_component id="oc-333">
         <name>.text:SSIEnable</name>
         <load_address>0x3a28</load_address>
         <run_address>0x3a28</run_address>
         <size>0xa</size>
         <input_file_ref idref="fl-f0"/>
      </object_component>
      <object_component id="oc-368">
         <name>.text:GrMapISO8859_1_Unicode</name>
         <load_address>0x3a32</load_address>
         <run_address>0x3a32</run_address>
         <size>0x8</size>
         <input_file_ref idref="fl-ea"/>
      </object_component>
      <object_component id="oc-321">
         <name>.text:SSIBusy</name>
         <load_address>0x3a3a</load_address>
         <run_address>0x3a3a</run_address>
         <size>0x8</size>
         <input_file_ref idref="fl-f0"/>
      </object_component>
      <object_component id="oc-b3">
         <name>.text:TimerIntEnable</name>
         <load_address>0x3a42</load_address>
         <run_address>0x3a42</run_address>
         <size>0x8</size>
         <input_file_ref idref="fl-f2"/>
      </object_component>
      <object_component id="oc-3bd">
         <name>.text:__aeabi_errno_addr</name>
         <load_address>0x3a4c</load_address>
         <run_address>0x3a4c</run_address>
         <size>0x8</size>
         <input_file_ref idref="fl-e0"/>
      </object_component>
      <object_component id="oc-1eb">
         <name>.text:GrContextFontSet</name>
         <load_address>0x3a54</load_address>
         <run_address>0x3a54</run_address>
         <size>0x6</size>
         <input_file_ref idref="fl-e8"/>
      </object_component>
      <object_component id="oc-290">
         <name>.text:SysCtlDelay</name>
         <load_address>0x3a5a</load_address>
         <run_address>0x3a5a</run_address>
         <size>0x6</size>
         <input_file_ref idref="fl-f1"/>
      </object_component>
      <object_component id="oc-142">
         <name>.text:_system_pre_init</name>
         <load_address>0x3a60</load_address>
         <run_address>0x3a60</run_address>
         <size>0x4</size>
         <input_file_ref idref="fl-d5"/>
      </object_component>
      <object_component id="oc-20a">
         <name>.text:abort:abort</name>
         <load_address>0x3a64</load_address>
         <run_address>0x3a64</run_address>
         <size>0x4</size>
         <input_file_ref idref="fl-d7"/>
      </object_component>
      <object_component id="oc-2a7">
         <name>.const:.string:g_pui8FontFixed6x8Data</name>
         <load_address>0x3a68</load_address>
         <run_address>0x3a68</run_address>
         <size>0x2f8</size>
         <input_file_ref idref="fl-e9"/>
      </object_component>
      <object_component id="oc-27f">
         <name>.const:g_pppui32XTALtoVCO</name>
         <load_address>0x3d60</load_address>
         <run_address>0x3d60</run_address>
         <size>0x120</size>
         <input_file_ref idref="fl-f1"/>
      </object_component>
      <object_component id="oc-419">
         <name>.const:.string:_ctypes_</name>
         <load_address>0x3e80</load_address>
         <run_address>0x3e80</run_address>
         <size>0x101</size>
         <input_file_ref idref="fl-dc"/>
      </object_component>
      <object_component id="oc-1e8">
         <name>.const:g_sFontFixed6x8</name>
         <load_address>0x3f84</load_address>
         <run_address>0x3f84</run_address>
         <size>0xc8</size>
         <input_file_ref idref="fl-e9"/>
      </object_component>
      <object_component id="oc-185">
         <name>.const:g_pui32Regs</name>
         <load_address>0x404c</load_address>
         <run_address>0x404c</run_address>
         <size>0x9c</size>
         <input_file_ref idref="fl-ef"/>
      </object_component>
      <object_component id="oc-3fd">
         <name>.const:g_pui32GPIOBaseAddrs</name>
         <load_address>0x40e8</load_address>
         <run_address>0x40e8</run_address>
         <size>0x90</size>
         <input_file_ref idref="fl-ee"/>
      </object_component>
      <object_component id="oc-18a">
         <name>.const</name>
         <load_address>0x4178</load_address>
         <run_address>0x4178</run_address>
         <size>0x70</size>
         <input_file_ref idref="fl-ef"/>
      </object_component>
      <object_component id="oc-27c">
         <name>.const:g_pui32Xtals</name>
         <load_address>0x41e8</load_address>
         <run_address>0x41e8</run_address>
         <size>0x6c</size>
         <input_file_ref idref="fl-f1"/>
      </object_component>
      <object_component id="oc-310">
         <name>.const:g_sXTALtoMEMTIM</name>
         <load_address>0x4254</load_address>
         <run_address>0x4254</run_address>
         <size>0x30</size>
         <input_file_ref idref="fl-f1"/>
      </object_component>
      <object_component id="oc-1df">
         <name>.const:g_sCrystalfontz128x128</name>
         <load_address>0x4284</load_address>
         <run_address>0x4284</run_address>
         <size>0x28</size>
         <input_file_ref idref="fl-2"/>
      </object_component>
      <object_component id="oc-2a0">
         <name>.const</name>
         <load_address>0x42ac</load_address>
         <run_address>0x42ac</run_address>
         <size>0x10</size>
         <input_file_ref idref="fl-e6"/>
      </object_component>
      <object_component id="oc-282">
         <name>.const</name>
         <load_address>0x42bc</load_address>
         <run_address>0x42bc</run_address>
         <size>0x8</size>
         <input_file_ref idref="fl-f1"/>
      </object_component>
      <object_component id="oc-520">
         <name>.cinit..data.load</name>
         <load_address>0x42c8</load_address>
         <run_address>0x42c8</run_address>
         <size>0x14</size>
      </object_component>
      <object_component id="oc-51e">
         <name>__TI_handler_table</name>
         <load_address>0x42dc</load_address>
         <run_address>0x42dc</run_address>
         <size>0xc</size>
      </object_component>
      <object_component id="oc-521">
         <name>.cinit..bss.load</name>
         <load_address>0x42e8</load_address>
         <run_address>0x42e8</run_address>
         <size>0x8</size>
      </object_component>
      <object_component id="oc-51f">
         <name>__TI_cinit_table</name>
         <load_address>0x42f0</load_address>
         <run_address>0x42f0</run_address>
         <size>0x10</size>
      </object_component>
      <object_component id="oc-28d">
         <name>.data:Lcd_buffer</name>
         <load_address>0x20000000</load_address>
         <run_address>0x20000000</run_address>
         <size>0x8000</size>
         <input_file_ref idref="fl-2"/>
      </object_component>
      <object_component id="oc-8f">
         <name>.data</name>
         <load_address>0x2000802c</load_address>
         <run_address>0x2000802c</run_address>
         <size>0x6</size>
         <input_file_ref idref="fl-4"/>
      </object_component>
      <object_component id="oc-80">
         <name>.data:gJoystick</name>
         <load_address>0x20008024</load_address>
         <run_address>0x20008024</run_address>
         <size>0x8</size>
         <input_file_ref idref="fl-4"/>
      </object_component>
      <object_component id="oc-105">
         <name>.data:count$2</name>
         <load_address>0x20008000</load_address>
         <run_address>0x20008000</run_address>
         <size>0x24</size>
         <input_file_ref idref="fl-4"/>
      </object_component>
      <object_component id="oc-112">
         <name>.data</name>
         <load_address>0x20008034</load_address>
         <run_address>0x20008034</run_address>
         <size>0x4</size>
         <input_file_ref idref="fl-5"/>
      </object_component>
      <object_component id="oc-480">
         <name>.data</name>
         <load_address>0x20008038</load_address>
         <run_address>0x20008038</run_address>
         <size>0x4</size>
         <input_file_ref idref="fl-e0"/>
      </object_component>
      <object_component id="oc-104">
         <name>.bss:state$1</name>
         <uninitialized>true</uninitialized>
         <run_address>0x2000886c</run_address>
         <size>0x14</size>
         <input_file_ref idref="fl-4"/>
      </object_component>
      <object_component id="oc-286">
         <name>.common:Lcd_Orientation</name>
         <uninitialized>true</uninitialized>
         <run_address>0x20008894</run_address>
         <size>0x1</size>
      </object_component>
      <object_component id="oc-292">
         <name>.common:Lcd_ScreenWidth</name>
         <uninitialized>true</uninitialized>
         <run_address>0x2000888e</run_address>
         <size>0x2</size>
      </object_component>
      <object_component id="oc-291">
         <name>.common:Lcd_ScreenHeigth</name>
         <uninitialized>true</uninitialized>
         <run_address>0x2000888c</run_address>
         <size>0x2</size>
      </object_component>
      <object_component id="oc-293">
         <name>.common:Lcd_PenSolid</name>
         <uninitialized>true</uninitialized>
         <run_address>0x20008895</run_address>
         <size>0x1</size>
      </object_component>
      <object_component id="oc-294">
         <name>.common:Lcd_FontSolid</name>
         <uninitialized>true</uninitialized>
         <run_address>0x20008893</run_address>
         <size>0x1</size>
      </object_component>
      <object_component id="oc-295">
         <name>.common:Lcd_FlagRead</name>
         <uninitialized>true</uninitialized>
         <run_address>0x20008892</run_address>
         <size>0x1</size>
      </object_component>
      <object_component id="oc-296">
         <name>.common:Lcd_TouchTrim</name>
         <uninitialized>true</uninitialized>
         <run_address>0x20008890</run_address>
         <size>0x2</size>
      </object_component>
      <object_component id="oc-e3">
         <name>.common:gADCSamplingRate</name>
         <uninitialized>true</uninitialized>
         <run_address>0x20008880</run_address>
         <size>0x4</size>
      </object_component>
      <object_component id="oc-a4">
         <name>.common:gSystemClock</name>
         <uninitialized>true</uninitialized>
         <run_address>0x20008884</run_address>
         <size>0x4</size>
      </object_component>
      <object_component id="oc-1de">
         <name>.common:sContext</name>
         <uninitialized>true</uninitialized>
         <run_address>0x20008840</run_address>
         <size>0x2c</size>
      </object_component>
      <object_component id="oc-2a3">
         <name>.common:g_psGrLibDefaults</name>
         <uninitialized>true</uninitialized>
         <run_address>0x20008888</run_address>
         <size>0x4</size>
      </object_component>
      <object_component id="oc-24">
         <name>.stack</name>
         <uninitialized>true</uninitialized>
         <run_address>0x20008040</run_address>
         <size>0x4</size>
         <input_file_ref idref="fl-c9"/>
      </object_component>
      <object_component id="oc-523">
         <name>.stack</name>
         <uninitialized>true</uninitialized>
         <run_address>0x20008040</run_address>
         <size>0x0</size>
      </object_component>
      <object_component id="oc-1ae">
         <name>.debug_info</name>
         <load_address>0x0</load_address>
         <run_address>0x0</run_address>
         <size>0x6ea</size>
         <input_file_ref idref="fl-2"/>
      </object_component>
      <object_component id="oc-28e">
         <name>.debug_info</name>
         <load_address>0x6ea</load_address>
         <run_address>0x6ea</run_address>
         <size>0xf0</size>
         <input_file_ref idref="fl-2"/>
      </object_component>
      <object_component id="oc-1e0">
         <name>.debug_info</name>
         <load_address>0x7da</load_address>
         <run_address>0x7da</run_address>
         <size>0x109</size>
         <input_file_ref idref="fl-2"/>
      </object_component>
      <object_component id="oc-1db">
         <name>.debug_info</name>
         <load_address>0x8e3</load_address>
         <run_address>0x8e3</run_address>
         <size>0x10e5</size>
         <input_file_ref idref="fl-2"/>
      </object_component>
      <object_component id="oc-170">
         <name>.debug_info</name>
         <load_address>0x19c8</load_address>
         <run_address>0x19c8</run_address>
         <size>0x6bd</size>
         <input_file_ref idref="fl-2"/>
      </object_component>
      <object_component id="oc-122">
         <name>.debug_info</name>
         <load_address>0x2085</load_address>
         <run_address>0x2085</run_address>
         <size>0x26b</size>
         <input_file_ref idref="fl-2"/>
      </object_component>
      <object_component id="oc-11b">
         <name>.debug_info</name>
         <load_address>0x22f0</load_address>
         <run_address>0x22f0</run_address>
         <size>0x8b</size>
         <input_file_ref idref="fl-2"/>
      </object_component>
      <object_component id="oc-1a9">
         <name>.debug_info</name>
         <load_address>0x237b</load_address>
         <run_address>0x237b</run_address>
         <size>0x2a4</size>
         <input_file_ref idref="fl-2"/>
      </object_component>
      <object_component id="oc-199">
         <name>.debug_info</name>
         <load_address>0x261f</load_address>
         <run_address>0x261f</run_address>
         <size>0xef</size>
         <input_file_ref idref="fl-2"/>
      </object_component>
      <object_component id="oc-116">
         <name>.debug_info</name>
         <load_address>0x270e</load_address>
         <run_address>0x270e</run_address>
         <size>0xbb</size>
         <input_file_ref idref="fl-2"/>
      </object_component>
      <object_component id="oc-34c">
         <name>.debug_info</name>
         <load_address>0x27c9</load_address>
         <run_address>0x27c9</run_address>
         <size>0x6aa</size>
         <input_file_ref idref="fl-3"/>
      </object_component>
      <object_component id="oc-288">
         <name>.debug_info</name>
         <load_address>0x2e73</load_address>
         <run_address>0x2e73</run_address>
         <size>0x60a</size>
         <input_file_ref idref="fl-3"/>
      </object_component>
      <object_component id="oc-e4">
         <name>.debug_info</name>
         <load_address>0x347d</load_address>
         <run_address>0x347d</run_address>
         <size>0x853</size>
         <input_file_ref idref="fl-4"/>
      </object_component>
      <object_component id="oc-90">
         <name>.debug_info</name>
         <load_address>0x3cd0</load_address>
         <run_address>0x3cd0</run_address>
         <size>0xd9</size>
         <input_file_ref idref="fl-4"/>
      </object_component>
      <object_component id="oc-81">
         <name>.debug_info</name>
         <load_address>0x3da9</load_address>
         <run_address>0x3da9</run_address>
         <size>0xdb</size>
         <input_file_ref idref="fl-4"/>
      </object_component>
      <object_component id="oc-2e">
         <name>.debug_info</name>
         <load_address>0x3e84</load_address>
         <run_address>0x3e84</run_address>
         <size>0x7d3</size>
         <input_file_ref idref="fl-4"/>
      </object_component>
      <object_component id="oc-a5">
         <name>.debug_info</name>
         <load_address>0x4657</load_address>
         <run_address>0x4657</run_address>
         <size>0x7fc</size>
         <input_file_ref idref="fl-5"/>
      </object_component>
      <object_component id="oc-113">
         <name>.debug_info</name>
         <load_address>0x4e53</load_address>
         <run_address>0x4e53</run_address>
         <size>0xd0</size>
         <input_file_ref idref="fl-5"/>
      </object_component>
      <object_component id="oc-149">
         <name>.debug_info</name>
         <load_address>0x4f23</load_address>
         <run_address>0x4f23</run_address>
         <size>0x27b</size>
         <input_file_ref idref="fl-5"/>
      </object_component>
      <object_component id="oc-175">
         <name>.debug_info</name>
         <load_address>0x519e</load_address>
         <run_address>0x519e</run_address>
         <size>0xcc</size>
         <input_file_ref idref="fl-5"/>
      </object_component>
      <object_component id="oc-2e2">
         <name>.debug_info</name>
         <load_address>0x526a</load_address>
         <run_address>0x526a</run_address>
         <size>0x2c</size>
         <input_file_ref idref="fl-5"/>
      </object_component>
      <object_component id="oc-e0">
         <name>.debug_info</name>
         <load_address>0x5296</load_address>
         <run_address>0x5296</run_address>
         <size>0x1b4</size>
         <input_file_ref idref="fl-6"/>
      </object_component>
      <object_component id="oc-3c">
         <name>.debug_info</name>
         <load_address>0x544a</load_address>
         <run_address>0x544a</run_address>
         <size>0x84</size>
         <input_file_ref idref="fl-6"/>
      </object_component>
      <object_component id="oc-35">
         <name>.debug_info</name>
         <load_address>0x54ce</load_address>
         <run_address>0x54ce</run_address>
         <size>0x2ce</size>
         <input_file_ref idref="fl-7"/>
      </object_component>
      <object_component id="oc-13">
         <name>.debug_info</name>
         <load_address>0x579c</load_address>
         <run_address>0x579c</run_address>
         <size>0xf3</size>
         <input_file_ref idref="fl-7"/>
      </object_component>
      <object_component id="oc-28">
         <name>.debug_info</name>
         <load_address>0x588f</load_address>
         <run_address>0x588f</run_address>
         <size>0x272</size>
         <input_file_ref idref="fl-7"/>
      </object_component>
      <object_component id="oc-181">
         <name>.debug_info</name>
         <load_address>0x5b01</load_address>
         <run_address>0x5b01</run_address>
         <size>0x2a9</size>
         <input_file_ref idref="fl-c3"/>
      </object_component>
      <object_component id="oc-aa">
         <name>.debug_info</name>
         <load_address>0x5daa</load_address>
         <run_address>0x5daa</run_address>
         <size>0x189</size>
         <input_file_ref idref="fl-c3"/>
      </object_component>
      <object_component id="oc-2d7">
         <name>.debug_info</name>
         <load_address>0x5f33</load_address>
         <run_address>0x5f33</run_address>
         <size>0x33a</size>
         <input_file_ref idref="fl-c4"/>
      </object_component>
      <object_component id="oc-200">
         <name>.debug_info</name>
         <load_address>0x626d</load_address>
         <run_address>0x626d</run_address>
         <size>0x1ee</size>
         <input_file_ref idref="fl-c4"/>
      </object_component>
      <object_component id="oc-2cd">
         <name>.debug_info</name>
         <load_address>0x645b</load_address>
         <run_address>0x645b</run_address>
         <size>0x1c3</size>
         <input_file_ref idref="fl-c4"/>
      </object_component>
      <object_component id="oc-2d1">
         <name>.debug_info</name>
         <load_address>0x661e</load_address>
         <run_address>0x661e</run_address>
         <size>0x176</size>
         <input_file_ref idref="fl-c4"/>
      </object_component>
      <object_component id="oc-2d8">
         <name>.debug_info</name>
         <load_address>0x6794</load_address>
         <run_address>0x6794</run_address>
         <size>0x2c</size>
         <input_file_ref idref="fl-c4"/>
      </object_component>
      <object_component id="oc-2dd">
         <name>.debug_info</name>
         <load_address>0x67c0</load_address>
         <run_address>0x67c0</run_address>
         <size>0x69</size>
         <input_file_ref idref="fl-c4"/>
      </object_component>
      <object_component id="oc-43">
         <name>.debug_info</name>
         <load_address>0x6829</load_address>
         <run_address>0x6829</run_address>
         <size>0x119</size>
         <input_file_ref idref="fl-c5"/>
      </object_component>
      <object_component id="oc-13b">
         <name>.debug_info</name>
         <load_address>0x6942</load_address>
         <run_address>0x6942</run_address>
         <size>0x2d4</size>
         <input_file_ref idref="fl-c6"/>
      </object_component>
      <object_component id="oc-50">
         <name>.debug_info</name>
         <load_address>0x6c16</load_address>
         <run_address>0x6c16</run_address>
         <size>0x1d2</size>
         <input_file_ref idref="fl-c6"/>
      </object_component>
      <object_component id="oc-136">
         <name>.debug_info</name>
         <load_address>0x6de8</load_address>
         <run_address>0x6de8</run_address>
         <size>0x46</size>
         <input_file_ref idref="fl-c6"/>
      </object_component>
      <object_component id="oc-1b7">
         <name>.debug_info</name>
         <load_address>0x6e2e</load_address>
         <run_address>0x6e2e</run_address>
         <size>0x2c</size>
         <input_file_ref idref="fl-c6"/>
      </object_component>
      <object_component id="oc-4c">
         <name>.debug_info</name>
         <load_address>0x6e5a</load_address>
         <run_address>0x6e5a</run_address>
         <size>0x2a8</size>
         <input_file_ref idref="fl-c7"/>
      </object_component>
      <object_component id="oc-1d">
         <name>.debug_info</name>
         <load_address>0x7102</load_address>
         <run_address>0x7102</run_address>
         <size>0x1ea</size>
         <input_file_ref idref="fl-c7"/>
      </object_component>
      <object_component id="oc-47">
         <name>.debug_info</name>
         <load_address>0x72ec</load_address>
         <run_address>0x72ec</run_address>
         <size>0x46</size>
         <input_file_ref idref="fl-c7"/>
      </object_component>
      <object_component id="oc-12e">
         <name>.debug_info</name>
         <load_address>0x7332</load_address>
         <run_address>0x7332</run_address>
         <size>0x2c</size>
         <input_file_ref idref="fl-c7"/>
      </object_component>
      <object_component id="oc-12c">
         <name>.debug_info</name>
         <load_address>0x735e</load_address>
         <run_address>0x735e</run_address>
         <size>0x29e</size>
         <input_file_ref idref="fl-c8"/>
      </object_component>
      <object_component id="oc-19">
         <name>.debug_info</name>
         <load_address>0x75fc</load_address>
         <run_address>0x75fc</run_address>
         <size>0x250</size>
         <input_file_ref idref="fl-c8"/>
      </object_component>
      <object_component id="oc-37">
         <name>.debug_info</name>
         <load_address>0x784c</load_address>
         <run_address>0x784c</run_address>
         <size>0x60</size>
         <input_file_ref idref="fl-c8"/>
      </object_component>
      <object_component id="oc-1b0">
         <name>.debug_info</name>
         <load_address>0x78ac</load_address>
         <run_address>0x78ac</run_address>
         <size>0x46</size>
         <input_file_ref idref="fl-c8"/>
      </object_component>
      <object_component id="oc-127">
         <name>.debug_info</name>
         <load_address>0x78f2</load_address>
         <run_address>0x78f2</run_address>
         <size>0x39</size>
         <input_file_ref idref="fl-c8"/>
      </object_component>
      <object_component id="oc-25">
         <name>.debug_info</name>
         <load_address>0x792b</load_address>
         <run_address>0x792b</run_address>
         <size>0x10b</size>
         <input_file_ref idref="fl-c9"/>
      </object_component>
      <object_component id="oc-61">
         <name>.debug_info</name>
         <load_address>0x7a36</load_address>
         <run_address>0x7a36</run_address>
         <size>0x1a9</size>
         <input_file_ref idref="fl-c9"/>
      </object_component>
      <object_component id="oc-254">
         <name>.debug_info</name>
         <load_address>0x7bdf</load_address>
         <run_address>0x7bdf</run_address>
         <size>0x286</size>
         <input_file_ref idref="fl-ca"/>
      </object_component>
      <object_component id="oc-17b">
         <name>.debug_info</name>
         <load_address>0x7e65</load_address>
         <run_address>0x7e65</run_address>
         <size>0x182</size>
         <input_file_ref idref="fl-ca"/>
      </object_component>
      <object_component id="oc-30a">
         <name>.debug_info</name>
         <load_address>0x7fe7</load_address>
         <run_address>0x7fe7</run_address>
         <size>0x46</size>
         <input_file_ref idref="fl-ca"/>
      </object_component>
      <object_component id="oc-255">
         <name>.debug_info</name>
         <load_address>0x802d</load_address>
         <run_address>0x802d</run_address>
         <size>0x39</size>
         <input_file_ref idref="fl-ca"/>
      </object_component>
      <object_component id="oc-3c4">
         <name>.debug_info</name>
         <load_address>0x8066</load_address>
         <run_address>0x8066</run_address>
         <size>0x590</size>
         <input_file_ref idref="fl-cb"/>
      </object_component>
      <object_component id="oc-390">
         <name>.debug_info</name>
         <load_address>0x85f6</load_address>
         <run_address>0x85f6</run_address>
         <size>0x21e</size>
         <input_file_ref idref="fl-cb"/>
      </object_component>
      <object_component id="oc-44b">
         <name>.debug_info</name>
         <load_address>0x8814</load_address>
         <run_address>0x8814</run_address>
         <size>0x1b3</size>
         <input_file_ref idref="fl-cb"/>
      </object_component>
      <object_component id="oc-450">
         <name>.debug_info</name>
         <load_address>0x89c7</load_address>
         <run_address>0x89c7</run_address>
         <size>0x21b</size>
         <input_file_ref idref="fl-cb"/>
      </object_component>
      <object_component id="oc-39a">
         <name>.debug_info</name>
         <load_address>0x8be2</load_address>
         <run_address>0x8be2</run_address>
         <size>0x3c0</size>
         <input_file_ref idref="fl-cb"/>
      </object_component>
      <object_component id="oc-457">
         <name>.debug_info</name>
         <load_address>0x8fa2</load_address>
         <run_address>0x8fa2</run_address>
         <size>0x30a</size>
         <input_file_ref idref="fl-cb"/>
      </object_component>
      <object_component id="oc-45d">
         <name>.debug_info</name>
         <load_address>0x92ac</load_address>
         <run_address>0x92ac</run_address>
         <size>0x215</size>
         <input_file_ref idref="fl-cb"/>
      </object_component>
      <object_component id="oc-3a1">
         <name>.debug_info</name>
         <load_address>0x94c1</load_address>
         <run_address>0x94c1</run_address>
         <size>0x215</size>
         <input_file_ref idref="fl-cb"/>
      </object_component>
      <object_component id="oc-3a6">
         <name>.debug_info</name>
         <load_address>0x96d6</load_address>
         <run_address>0x96d6</run_address>
         <size>0x304</size>
         <input_file_ref idref="fl-cb"/>
      </object_component>
      <object_component id="oc-3ad">
         <name>.debug_info</name>
         <load_address>0x99da</load_address>
         <run_address>0x99da</run_address>
         <size>0x4b5</size>
         <input_file_ref idref="fl-cb"/>
      </object_component>
      <object_component id="oc-2c5">
         <name>.debug_info</name>
         <load_address>0x9e8f</load_address>
         <run_address>0x9e8f</run_address>
         <size>0x5f4</size>
         <input_file_ref idref="fl-cb"/>
      </object_component>
      <object_component id="oc-3c5">
         <name>.debug_info</name>
         <load_address>0xa483</load_address>
         <run_address>0xa483</run_address>
         <size>0x86</size>
         <input_file_ref idref="fl-cb"/>
      </object_component>
      <object_component id="oc-487">
         <name>.debug_info</name>
         <load_address>0xa509</load_address>
         <run_address>0xa509</run_address>
         <size>0x39</size>
         <input_file_ref idref="fl-cb"/>
      </object_component>
      <object_component id="oc-4df">
         <name>.debug_info</name>
         <load_address>0xa542</load_address>
         <run_address>0xa542</run_address>
         <size>0xb6</size>
         <input_file_ref idref="fl-cb"/>
      </object_component>
      <object_component id="oc-48c">
         <name>.debug_info</name>
         <load_address>0xa5f8</load_address>
         <run_address>0xa5f8</run_address>
         <size>0x46</size>
         <input_file_ref idref="fl-cb"/>
      </object_component>
      <object_component id="oc-3ca">
         <name>.debug_info</name>
         <load_address>0xa63e</load_address>
         <run_address>0xa63e</run_address>
         <size>0x46</size>
         <input_file_ref idref="fl-cb"/>
      </object_component>
      <object_component id="oc-445">
         <name>.debug_info</name>
         <load_address>0xa684</load_address>
         <run_address>0xa684</run_address>
         <size>0x14c</size>
         <input_file_ref idref="fl-cc"/>
      </object_component>
      <object_component id="oc-395">
         <name>.debug_info</name>
         <load_address>0xa7d0</load_address>
         <run_address>0xa7d0</run_address>
         <size>0x128</size>
         <input_file_ref idref="fl-cd"/>
      </object_component>
      <object_component id="oc-430">
         <name>.debug_info</name>
         <load_address>0xa8f8</load_address>
         <run_address>0xa8f8</run_address>
         <size>0x12a</size>
         <input_file_ref idref="fl-cd"/>
      </object_component>
      <object_component id="oc-42d">
         <name>.debug_info</name>
         <load_address>0xaa22</load_address>
         <run_address>0xaa22</run_address>
         <size>0x13a</size>
         <input_file_ref idref="fl-ce"/>
      </object_component>
      <object_component id="oc-426">
         <name>.debug_info</name>
         <load_address>0xab5c</load_address>
         <run_address>0xab5c</run_address>
         <size>0x13a</size>
         <input_file_ref idref="fl-cf"/>
      </object_component>
      <object_component id="oc-437">
         <name>.debug_info</name>
         <load_address>0xac96</load_address>
         <run_address>0xac96</run_address>
         <size>0x12e</size>
         <input_file_ref idref="fl-d0"/>
      </object_component>
      <object_component id="oc-440">
         <name>.debug_info</name>
         <load_address>0xadc4</load_address>
         <run_address>0xadc4</run_address>
         <size>0x12c</size>
         <input_file_ref idref="fl-d1"/>
      </object_component>
      <object_component id="oc-13d">
         <name>.debug_info</name>
         <load_address>0xaef0</load_address>
         <run_address>0xaef0</run_address>
         <size>0x147</size>
         <input_file_ref idref="fl-d2"/>
      </object_component>
      <object_component id="oc-420">
         <name>.debug_info</name>
         <load_address>0xb037</load_address>
         <run_address>0xb037</run_address>
         <size>0x134</size>
         <input_file_ref idref="fl-d3"/>
      </object_component>
      <object_component id="oc-2f3">
         <name>.debug_info</name>
         <load_address>0xb16b</load_address>
         <run_address>0xb16b</run_address>
         <size>0x4b3</size>
         <input_file_ref idref="fl-d4"/>
      </object_component>
      <object_component id="oc-219">
         <name>.debug_info</name>
         <load_address>0xb61e</load_address>
         <run_address>0xb61e</run_address>
         <size>0x1a6</size>
         <input_file_ref idref="fl-d4"/>
      </object_component>
      <object_component id="oc-3e3">
         <name>.debug_info</name>
         <load_address>0xb7c4</load_address>
         <run_address>0xb7c4</run_address>
         <size>0x39</size>
         <input_file_ref idref="fl-d4"/>
      </object_component>
      <object_component id="oc-494">
         <name>.debug_info</name>
         <load_address>0xb7fd</load_address>
         <run_address>0xb7fd</run_address>
         <size>0x39</size>
         <input_file_ref idref="fl-d4"/>
      </object_component>
      <object_component id="oc-3e8">
         <name>.debug_info</name>
         <load_address>0xb836</load_address>
         <run_address>0xb836</run_address>
         <size>0x39</size>
         <input_file_ref idref="fl-d4"/>
      </object_component>
      <object_component id="oc-3ed">
         <name>.debug_info</name>
         <load_address>0xb86f</load_address>
         <run_address>0xb86f</run_address>
         <size>0xcd</size>
         <input_file_ref idref="fl-d4"/>
      </object_component>
      <object_component id="oc-146">
         <name>.debug_info</name>
         <load_address>0xb93c</load_address>
         <run_address>0xb93c</run_address>
         <size>0x153</size>
         <input_file_ref idref="fl-d5"/>
      </object_component>
      <object_component id="oc-20c">
         <name>.debug_info</name>
         <load_address>0xba8f</load_address>
         <run_address>0xba8f</run_address>
         <size>0x122</size>
         <input_file_ref idref="fl-d7"/>
      </object_component>
      <object_component id="oc-4ba">
         <name>.debug_info</name>
         <load_address>0xbbb1</load_address>
         <run_address>0xbbb1</run_address>
         <size>0x29c</size>
         <input_file_ref idref="fl-d9"/>
      </object_component>
      <object_component id="oc-43a">
         <name>.debug_info</name>
         <load_address>0xbe4d</load_address>
         <run_address>0xbe4d</run_address>
         <size>0x1da</size>
         <input_file_ref idref="fl-d9"/>
      </object_component>
      <object_component id="oc-41d">
         <name>.debug_info</name>
         <load_address>0xc027</load_address>
         <run_address>0xc027</run_address>
         <size>0x2b9</size>
         <input_file_ref idref="fl-db"/>
      </object_component>
      <object_component id="oc-389">
         <name>.debug_info</name>
         <load_address>0xc2e0</load_address>
         <run_address>0xc2e0</run_address>
         <size>0x17c</size>
         <input_file_ref idref="fl-db"/>
      </object_component>
      <object_component id="oc-4ac">
         <name>.debug_info</name>
         <load_address>0xc45c</load_address>
         <run_address>0xc45c</run_address>
         <size>0xf9</size>
         <input_file_ref idref="fl-dc"/>
      </object_component>
      <object_component id="oc-41a">
         <name>.debug_info</name>
         <load_address>0xc555</load_address>
         <run_address>0xc555</run_address>
         <size>0x105</size>
         <input_file_ref idref="fl-dc"/>
      </object_component>
      <object_component id="oc-478">
         <name>.debug_info</name>
         <load_address>0xc65a</load_address>
         <run_address>0xc65a</run_address>
         <size>0x2a7</size>
         <input_file_ref idref="fl-dd"/>
      </object_component>
      <object_component id="oc-3b3">
         <name>.debug_info</name>
         <load_address>0xc901</load_address>
         <run_address>0xc901</run_address>
         <size>0x1b8</size>
         <input_file_ref idref="fl-dd"/>
      </object_component>
      <object_component id="oc-4d1">
         <name>.debug_info</name>
         <load_address>0xcab9</load_address>
         <run_address>0xcab9</run_address>
         <size>0x29a</size>
         <input_file_ref idref="fl-de"/>
      </object_component>
      <object_component id="oc-471">
         <name>.debug_info</name>
         <load_address>0xcd53</load_address>
         <run_address>0xcd53</run_address>
         <size>0x262</size>
         <input_file_ref idref="fl-de"/>
      </object_component>
      <object_component id="oc-418">
         <name>.debug_info</name>
         <load_address>0xcfb5</load_address>
         <run_address>0xcfb5</run_address>
         <size>0x28f</size>
         <input_file_ref idref="fl-df"/>
      </object_component>
      <object_component id="oc-386">
         <name>.debug_info</name>
         <load_address>0xd244</load_address>
         <run_address>0xd244</run_address>
         <size>0x245</size>
         <input_file_ref idref="fl-df"/>
      </object_component>
      <object_component id="oc-484">
         <name>.debug_info</name>
         <load_address>0xd489</load_address>
         <run_address>0xd489</run_address>
         <size>0x289</size>
         <input_file_ref idref="fl-e0"/>
      </object_component>
      <object_component id="oc-481">
         <name>.debug_info</name>
         <load_address>0xd712</load_address>
         <run_address>0xd712</run_address>
         <size>0x10e</size>
         <input_file_ref idref="fl-e0"/>
      </object_component>
      <object_component id="oc-3be">
         <name>.debug_info</name>
         <load_address>0xd820</load_address>
         <run_address>0xd820</run_address>
         <size>0x14e</size>
         <input_file_ref idref="fl-e0"/>
      </object_component>
      <object_component id="oc-4c2">
         <name>.debug_info</name>
         <load_address>0xd96e</load_address>
         <run_address>0xd96e</run_address>
         <size>0x295</size>
         <input_file_ref idref="fl-e1"/>
      </object_component>
      <object_component id="oc-466">
         <name>.debug_info</name>
         <load_address>0xdc03</load_address>
         <run_address>0xdc03</run_address>
         <size>0x195</size>
         <input_file_ref idref="fl-e1"/>
      </object_component>
      <object_component id="oc-4eb">
         <name>.debug_info</name>
         <load_address>0xdd98</load_address>
         <run_address>0xdd98</run_address>
         <size>0x39</size>
         <input_file_ref idref="fl-e1"/>
      </object_component>
      <object_component id="oc-4c3">
         <name>.debug_info</name>
         <load_address>0xddd1</load_address>
         <run_address>0xddd1</run_address>
         <size>0x2c</size>
         <input_file_ref idref="fl-e1"/>
      </object_component>
      <object_component id="oc-4cf">
         <name>.debug_info</name>
         <load_address>0xddfd</load_address>
         <run_address>0xddfd</run_address>
         <size>0x2f8</size>
         <input_file_ref idref="fl-e2"/>
      </object_component>
      <object_component id="oc-46b">
         <name>.debug_info</name>
         <load_address>0xe0f5</load_address>
         <run_address>0xe0f5</run_address>
         <size>0x225</size>
         <input_file_ref idref="fl-e2"/>
      </object_component>
      <object_component id="oc-4c9">
         <name>.debug_info</name>
         <load_address>0xe31a</load_address>
         <run_address>0xe31a</run_address>
         <size>0x161</size>
         <input_file_ref idref="fl-e3"/>
      </object_component>
      <object_component id="oc-47f">
         <name>.debug_info</name>
[...]
      </symbol>
      <symbol id="sm-b2">
         <name>HAL_LCD_writeCommand</name>
         <value>0x1f41</value>
         <object_component_ref idref="oc-287"/>
      </symbol>
      <symbol id="sm-ec">
         <name>gADCSamplingRate</name>
         <value>0x20008880</value>
      </symbol>
      <symbol id="sm-ed">
         <name>ButtonDebounce</name>
         <value>0xf01</value>
         <object_component_ref idref="oc-2d"/>
      </symbol>
      <symbol id="sm-ee">
         <name>ButtonReadJoystick</name>
         <value>0xc59</value>
         <object_component_ref idref="oc-2d"/>
      </symbol>
      <symbol id="sm-ef">
         <name>ButtonAutoRepeat</name>
         <value>0xf71</value>
         <object_component_ref idref="oc-2d"/>
      </symbol>
      <symbol id="sm-f0">
         <name>gButtons</name>
         <value>0x2000802c</value>
         <object_component_ref idref="oc-8f"/>
      </symbol>
      <symbol id="sm-f1">
         <name>ButtonISR</name>
         <value>0xff1</value>
         <object_component_ref idref="oc-2d"/>
      </symbol>
      <symbol id="sm-f2">
         <name>ButtonInit</name>
         <value>0xd39</value>
         <object_component_ref idref="oc-2d"/>
      </symbol>
      <symbol id="sm-f3">
         <name>gJoystick</name>
         <value>0x20008024</value>
         <object_component_ref idref="oc-80"/>
      </symbol>
      <symbol id="sm-114">
         <name>gSystemClock</name>
         <value>0x20008884</value>
      </symbol>
      <symbol id="sm-115">
         <name>sContext</name>
         <value>0x20008840</value>
      </symbol>
      <symbol id="sm-116">
         <name>gTime</name>
         <value>0x20008034</value>
         <object_component_ref idref="oc-112"/>
      </symbol>
      <symbol id="sm-117">
         <name>main</name>
         <value>0x20b1</value>
         <object_component_ref idref="oc-148"/>
      </symbol>
      <symbol id="sm-126">
         <name>SysCtlFrequencyGet</name>
         <value>0x3391</value>
         <object_component_ref idref="oc-dd"/>
      </symbol>
      <symbol id="sm-142">
         <name>ResetISR</name>
         <value>0x3859</value>
         <object_component_ref idref="oc-27"/>
      </symbol>
      <symbol id="sm-143">
         <name>g_pfnVectors</name>
         <value>0x0</value>
         <object_component_ref idref="oc-12"/>
      </symbol>
      <symbol id="sm-152">
         <name>roundf</name>
         <value>0x2eeb</value>
         <object_component_ref idref="oc-a7"/>
      </symbol>
      <symbol id="sm-181">
         <name>snprintf</name>
         <value>0x32f9</value>
         <object_component_ref idref="oc-1fd"/>
      </symbol>
      <symbol id="sm-19c">
         <name>memcpy</name>
         <value>0x2a43</value>
         <object_component_ref idref="oc-41"/>
      </symbol>
      <symbol id="sm-19d">
         <name>__aeabi_memcpy</name>
         <value>0x2a43</value>
         <object_component_ref idref="oc-41"/>
      </symbol>
      <symbol id="sm-19e">
         <name>__aeabi_memcpy8</name>
         <value>0x2a43</value>
         <object_component_ref idref="oc-41"/>
      </symbol>
      <symbol id="sm-19f">
         <name>__aeabi_memcpy4</name>
         <value>0x2a43</value>
         <object_component_ref idref="oc-41"/>
      </symbol>
      <symbol id="sm-1b8">
         <name>__TI_zero_init_nomemset</name>
         <value>0x3801</value>
         <object_component_ref idref="oc-4d"/>
      </symbol>
      <symbol id="sm-1cf">
         <name>__TI_decompress_none</name>
         <value>0x39ef</value>
         <object_component_ref idref="oc-1b"/>
      </symbol>
      <symbol id="sm-1f2">
         <name>__TI_decompress_lzss</name>
         <value>0x3029</value>
         <object_component_ref idref="oc-15"/>
      </symbol>
      <symbol id="sm-205">
         <name>__stack</name>
         <value>0x20008040</value>
         <object_component_ref idref="oc-24"/>
      </symbol>
      <symbol id="sm-206">
         <name>_c_int00_noargs</name>
         <value>0x3621</value>
         <object_component_ref idref="oc-5f"/>
      </symbol>
      <symbol id="sm-228">
         <name>floorf</name>
         <value>0x2d09</value>
         <object_component_ref idref="oc-17a"/>
      </symbol>
      <symbol id="sm-38d">
         <name>__TI_printfi</name>
         <value>0x209</value>
         <object_component_ref idref="oc-2c4"/>
      </symbol>
      <symbol id="sm-3a4">
         <name>__aeabi_dsub</name>
         <value>0x1d75</value>
         <object_component_ref idref="oc-444"/>
      </symbol>
      <symbol id="sm-3a5">
         <name>__aeabi_dadd</name>
         <value>0x1d7f</value>
         <object_component_ref idref="oc-444"/>
      </symbol>
      <symbol id="sm-3c7">
         <name>__aeabi_cdcmpeq</name>
         <value>0x2bfb</value>
         <object_component_ref idref="oc-394"/>
      </symbol>
      <symbol id="sm-3c8">
         <name>__aeabi_cdcmple</name>
         <value>0x2bfb</value>
         <object_component_ref idref="oc-394"/>
      </symbol>
      <symbol id="sm-3c9">
         <name>__aeabi_cdrcmple</name>
         <value>0x2c81</value>
         <object_component_ref idref="oc-42f"/>
      </symbol>
      <symbol id="sm-3dd">
         <name>__aeabi_ddiv</name>
         <value>0x2335</value>
         <object_component_ref idref="oc-42a"/>
      </symbol>
      <symbol id="sm-3e8">
         <name>__aeabi_dmul</name>
         <value>0x27d1</value>
         <object_component_ref idref="oc-425"/>
      </symbol>
      <symbol id="sm-3f2">
         <name>__aeabi_d2iz</name>
         <value>0x346d</value>
         <object_component_ref idref="oc-434"/>
      </symbol>
      <symbol id="sm-3fc">
         <name>__aeabi_i2d</name>
         <value>0x36e1</value>
         <object_component_ref idref="oc-43f"/>
      </symbol>
      <symbol id="sm-40b">
         <name>__aeabi_memset</name>
         <value>0x2e05</value>
         <object_component_ref idref="oc-13c"/>
      </symbol>
      <symbol id="sm-40c">
         <name>memset</name>
         <value>0x2e0b</value>
         <object_component_ref idref="oc-13c"/>
      </symbol>
      <symbol id="sm-40d">
         <name>__aeabi_memset8</name>
         <value>0x2e05</value>
         <object_component_ref idref="oc-13c"/>
      </symbol>
      <symbol id="sm-40e">
         <name>__aeabi_memset4</name>
         <value>0x2e05</value>
         <object_component_ref idref="oc-13c"/>
      </symbol>
      <symbol id="sm-40f">
         <name>__aeabi_memclr8</name>
         <value>0x2e03</value>
         <object_component_ref idref="oc-13c"/>
      </symbol>
      <symbol id="sm-410">
         <name>__aeabi_memclr4</name>
         <value>0x2e03</value>
         <object_component_ref idref="oc-13c"/>
      </symbol>
      <symbol id="sm-411">
         <name>__aeabi_memclr</name>
         <value>0x2e03</value>
         <object_component_ref idref="oc-13c"/>
      </symbol>
      <symbol id="sm-41e">
         <name>__aeabi_uldivmod</name>
         <value>0x2adf</value>
         <object_component_ref idref="oc-41e"/>
      </symbol>
      <symbol id="sm-446">
         <name>__TI_auto_init_nobinit_nopinit</name>
         <value>0x34b5</value>
         <object_component_ref idref="oc-216"/>
      </symbol>
      <symbol id="sm-450">
         <name>_system_pre_init</name>
         <value>0x3a61</value>
         <object_component_ref idref="oc-142"/>
      </symbol>
      <symbol id="sm-45c">
         <name>C$$EXIT</name>
         <value>0x3a65</value>
         <object_component_ref idref="oc-20a"/>
      </symbol>
      <symbol id="sm-45d">
         <name>abort</name>
         <value>0x3a65</value>
         <object_component_ref idref="oc-20a"/>
      </symbol>
      <symbol id="sm-46d">
         <name>__TI_ltoa</name>
         <value>0x3205</value>
         <object_component_ref idref="oc-439"/>
      </symbol>
      <symbol id="sm-484">
         <name>atoi</name>
         <value>0x32ad</value>
         <object_component_ref idref="oc-388"/>
      </symbol>
      <symbol id="sm-48f">
         <name>_ctypes_</name>
         <value>0x3e80</value>
         <object_component_ref idref="oc-419"/>
      </symbol>
      <symbol id="sm-49f">
         <name>memccpy</name>
         <value>0x381d</value>
         <object_component_ref idref="oc-3b1"/>
      </symbol>
      <symbol id="sm-4af">
         <name>strchr</name>
         <value>0x38e9</value>
         <object_component_ref idref="oc-470"/>
      </symbol>
      <symbol id="sm-4bd">
         <name>strlen</name>
         <value>0x3915</value>
         <object_component_ref idref="oc-382"/>
      </symbol>
      <symbol id="sm-4d3">
         <name>__aeabi_errno_addr</name>
         <value>0x3a4d</value>
         <object_component_ref idref="oc-3bd"/>
      </symbol>
      <symbol id="sm-4d4">
         <name>errno</name>
         <value>0x20008038</value>
         <object_component_ref idref="oc-480"/>
      </symbol>
      <symbol id="sm-4f4">
         <name>frexpl</name>
         <value>0x3091</value>
         <object_component_ref idref="oc-464"/>
      </symbol>
      <symbol id="sm-4f5">
         <name>frexp</name>
         <value>0x3091</value>
         <object_component_ref idref="oc-464"/>
      </symbol>
      <symbol id="sm-512">
         <name>scalbn</name>
         <value>0x26c1</value>
         <object_component_ref idref="oc-46a"/>
      </symbol>
      <symbol id="sm-513">
         <name>scalbnl</name>
         <value>0x26c1</value>
         <object_component_ref idref="oc-46a"/>
      </symbol>
      <symbol id="sm-514">
         <name>ldexpl</name>
         <value>0x26c1</value>
         <object_component_ref idref="oc-46a"/>
      </symbol>
      <symbol id="sm-515">
         <name>ldexp</name>
         <value>0x26c1</value>
         <object_component_ref idref="oc-46a"/>
      </symbol>
      <symbol id="sm-51f">
         <name>copysign</name>
         <value>0x3839</value>
         <object_component_ref idref="oc-4c8"/>
      </symbol>
      <symbol id="sm-520">
         <name>copysignl</name>
         <value>0x3839</value>
         <object_component_ref idref="oc-4c8"/>
      </symbol>
      <symbol id="sm-539">
         <name>wcslen</name>
         <value>0x3971</value>
         <object_component_ref idref="oc-3b7"/>
      </symbol>
      <symbol id="sm-543">
         <name>__aeabi_idiv0</name>
         <value>0xc57</value>
         <object_component_ref idref="oc-4af"/>
      </symbol>
      <symbol id="sm-544">
         <name>__aeabi_ldiv0</name>
         <value>0xc57</value>
         <object_component_ref idref="oc-4af"/>
      </symbol>
      <symbol id="sm-569">
         <name>GrContextInit</name>
         <value>0x2f59</value>
         <object_component_ref idref="oc-1e2"/>
      </symbol>
      <symbol id="sm-56a">
         <name>g_psDefaultCodePointMapTable</name>
         <value>0x42ac</value>
         <object_component_ref idref="oc-2a0"/>
      </symbol>
      <symbol id="sm-578">
         <name>GrRectFill</name>
         <value>0x2b75</value>
         <object_component_ref idref="oc-1f7"/>
      </symbol>
      <symbol id="sm-607">
         <name>GrFontInfoGet</name>
         <value>0x3739</value>
         <object_component_ref idref="oc-34f"/>
      </symbol>
      <symbol id="sm-608">
         <name>GrDefaultStringRenderer</name>
         <value>0x28cd</value>
         <object_component_ref idref="oc-29a"/>
      </symbol>
      <symbol id="sm-609">
         <name>GrFontGlyphRender</name>
         <value>0x1749</value>
         <object_component_ref idref="oc-361"/>
      </symbol>
      <symbol id="sm-60a">
         <name>GrContextFontSet</name>
         <value>0x3a55</value>
         <object_component_ref idref="oc-1eb"/>
      </symbol>
      <symbol id="sm-60b">
         <name>GrFontGlyphDataGet</name>
         <value>0x3785</value>
         <object_component_ref idref="oc-35b"/>
      </symbol>
      <symbol id="sm-60c">
         <name>GrStringDraw</name>
         <value>0x38d3</value>
         <object_component_ref idref="oc-203"/>
      </symbol>
      <symbol id="sm-60d">
         <name>GrFontCodepageGet</name>
         <value>0x37c5</value>
         <object_component_ref idref="oc-376"/>
      </symbol>
      <symbol id="sm-60e">
         <name>GrStringNextCharGet</name>
         <value>0x36b3</value>
         <object_component_ref idref="oc-355"/>
      </symbol>
      <symbol id="sm-620">
         <name>g_sFontFixed6x8</name>
         <value>0x3f84</value>
         <object_component_ref idref="oc-1e8"/>
      </symbol>
      <symbol id="sm-62d">
         <name>GrMapISO8859_1_Unicode</name>
         <value>0x3a33</value>
         <object_component_ref idref="oc-368"/>
      </symbol>
      <symbol id="sm-683">
         <name>ADCProcessorTrigger</name>
         <value>0x388b</value>
         <object_component_ref idref="oc-74"/>
      </symbol>
      <symbol id="sm-684">
         <name>ADCSequenceEnable</name>
         <value>0x39d3</value>
         <object_component_ref idref="oc-fe"/>
      </symbol>
      <symbol id="sm-685">
         <name>ADCSequenceConfigure</name>
         <value>0x34f9</value>
         <object_component_ref idref="oc-f2"/>
      </symbol>
      <symbol id="sm-686">
         <name>ADCSequenceStepConfigure</name>
         <value>0x2d89</value>
         <object_component_ref idref="oc-f8"/>
      </symbol>
      <symbol id="sm-687">
         <name>ADCIntClear</name>
         <value>0x3a15</value>
         <object_component_ref idref="oc-89"/>
      </symbol>
      <symbol id="sm-688">
         <name>ADCIntStatus</name>
         <value>0x3685</value>
         <object_component_ref idref="oc-7a"/>
      </symbol>
      <symbol id="sm-689">
         <name>ADCSequenceDisable</name>
         <value>0x39c5</value>
         <object_component_ref idref="oc-ec"/>
      </symbol>
      <symbol id="sm-68a">
         <name>ADCClockConfigSet</name>
         <value>0x3873</value>
         <object_component_ref idref="oc-e6"/>
      </symbol>
      <symbol id="sm-68b">
         <name>ADCSequenceDataGet</name>
         <value>0x37a7</value>
         <object_component_ref idref="oc-83"/>
      </symbol>
      <symbol id="sm-6a1">
         <name>FPULazyStackingEnable</name>
         <value>0x3995</value>
         <object_component_ref idref="oc-1cc"/>
      </symbol>
      <symbol id="sm-6a2">
         <name>FPUEnable</name>
         <value>0x3985</value>
         <object_component_ref idref="oc-1c6"/>
      </symbol>
      <symbol id="sm-6fc">
         <name>GPIOPinConfigure</name>
         <value>0x33dd</value>
         <object_component_ref idref="oc-33f"/>
      </symbol>
      <symbol id="sm-6fd">
         <name>GPIOPinTypeADC</name>
         <value>0x3929</value>
         <object_component_ref idref="oc-d7"/>
      </symbol>
      <symbol id="sm-6fe">
         <name>GPIOPinTypeGPIOInput</name>
         <value>0x393b</value>
         <object_component_ref idref="oc-cb"/>
      </symbol>
      <symbol id="sm-6ff">
         <name>GPIOPinTypeGPIOOutput</name>
         <value>0x38a3</value>
         <object_component_ref idref="oc-345"/>
      </symbol>
      <symbol id="sm-700">
         <name>GPIOPinRead</name>
         <value>0x1f2b</value>
         <object_component_ref idref="oc-10c"/>
      </symbol>
      <symbol id="sm-701">
         <name>GPIODirModeSet</name>
         <value>0x370f</value>
         <object_component_ref idref="oc-18e"/>
      </symbol>
      <symbol id="sm-702">
         <name>GPIOPinWrite</name>
         <value>0x3853</value>
         <object_component_ref idref="oc-327"/>
      </symbol>
      <symbol id="sm-703">
         <name>GPIOPadConfigSet</name>
         <value>0x246b</value>
         <object_component_ref idref="oc-d1"/>
      </symbol>
      <symbol id="sm-704">
         <name>GPIOPinTypeSSI</name>
         <value>0x394d</value>
         <object_component_ref idref="oc-339"/>
      </symbol>
      <symbol id="sm-74e">
         <name>IntPrioritySet</name>
         <value>0x3761</value>
         <object_component_ref idref="oc-bf"/>
      </symbol>
      <symbol id="sm-74f">
         <name>IntEnable</name>
         <value>0x2fc1</value>
         <object_component_ref idref="oc-c5"/>
      </symbol>
      <symbol id="sm-750">
         <name>IntMasterDisable</name>
         <value>0x39a5</value>
         <object_component_ref idref="oc-1c0"/>
      </symbol>
      <symbol id="sm-751">
         <name>IntMasterEnable</name>
         <value>0x39b5</value>
         <object_component_ref idref="oc-1f1"/>
      </symbol>
      <symbol id="sm-778">
         <name>SSIDataPut</name>
         <value>0x3a1f</value>
         <object_component_ref idref="oc-31b"/>
      </symbol>
      <symbol id="sm-779">
         <name>SSIConfigSetExpClk</name>
         <value>0x3575</value>
         <object_component_ref idref="oc-32d"/>
      </symbol>
      <symbol id="sm-77a">
         <name>SSIEnable</name>
         <value>0x3a29</value>
         <object_component_ref idref="oc-333"/>
      </symbol>
      <symbol id="sm-77b">
         <name>SSIBusy</name>
         <value>0x3a3b</value>
         <object_component_ref idref="oc-321"/>
      </symbol>
      <symbol id="sm-7eb">
         <name>SysCtlDelay</name>
         <value>0x3a5b</value>
         <object_component_ref idref="oc-290"/>
      </symbol>
      <symbol id="sm-7ec">
         <name>SysCtlPeripheralEnable</name>
         <value>0x35ed</value>
         <object_component_ref idref="oc-92"/>
      </symbol>
      <symbol id="sm-7ed">
         <name>SysCtlClockFreqSet</name>
         <value>0x19a1</value>
         <object_component_ref idref="oc-1d2"/>
      </symbol>
      <symbol id="sm-82b">
         <name>TimerLoadSet</name>
         <value>0x395f</value>
         <object_component_ref idref="oc-ad"/>
      </symbol>
      <symbol id="sm-82c">
         <name>TimerDisable</name>
         <value>0x3901</value>
         <object_component_ref idref="oc-98"/>
      </symbol>
      <symbol id="sm-82d">
         <name>TimerEnable</name>
         <value>0x39e1</value>
         <object_component_ref idref="oc-b9"/>
      </symbol>
      <symbol id="sm-82e">
         <name>TimerIntEnable</name>
         <value>0x3a43</value>
         <object_component_ref idref="oc-b3"/>
      </symbol>
      <symbol id="sm-82f">
         <name>TimerConfigure</name>
         <value>0x30f5</value>
         <object_component_ref idref="oc-9e"/>
      </symbol>
      <symbol id="sm-830">
         <name>TimerIntClear</name>
         <value>0x10e5</value>
         <object_component_ref idref="oc-106"/>
      </symbol>
      <symbol id="sm-842">
         <name>CPUcpsie</name>
         <value>0x3a09</value>
         <object_component_ref idref="oc-2b6"/>
      </symbol>
      <symbol id="sm-843">
         <name>CPUcpsid</name>
         <value>0x39fd</value>
         <object_component_ref idref="oc-267"/>
      </symbol>
      <symbol id="sm-844">
         <name>__TI_static_base__</name>
         <value>0x0</value>
      </symbol>
      <symbol id="sm-847">
         <name>__mpu_init</name>
         <value>0x0</value>
      </symbol>
      <symbol id="sm-848">
         <name>_system_post_cinit</name>
         <value>0x0</value>
      </symbol>
   </symbol_table>
   <title>Link successful</title>
</link_info>
