<?xml version="1.0" encoding="ISO-8859-1" ?>
<link_info>
   <banner>TI ARM Linker PC v20.2.6.LTS</banner>
   <copyright>Copyright (c) 1996-2018 Texas Instruments Incorporated</copyright>
   <link_time>0x66059528</link_time>
   <link_errors>0x0</link_errors>
   <output_file>ece3849_lab1_rjcroesball_wtfolan.out</output_file>
   <entry_point>
      <name>_c_int00_noargs</name>
      <address>0x1fdd</address>
   </entry_point>
   <input_file_list>
      <input_file id="fl-2">
         <path>.\</path>
         <kind>object</kind>
         <file>Crystalfontz128x128_ST7735.obj</file>
         <name>Crystalfontz128x128_ST7735.obj</name>
      </input_file>
      <input_file id="fl-3">
         <path>.\</path>
         <kind>object</kind>
         <file>HAL_EK_TM4C1294XL_Crystalfontz128x128_ST7735.obj</file>
         <name>HAL_EK_TM4C1294XL_Crystalfontz128x128_ST7735.obj</name>
      </input_file>
      <input_file id="fl-4">
         <path>.\</path>
         <kind>object</kind>
         <file>buttons.obj</file>
         <name>buttons.obj</name>
      </input_file>
      <input_file id="fl-5">
         <path>.\</path>
         <kind>object</kind>
         <file>main.obj</file>
         <name>main.obj</name>
      </input_file>
      <input_file id="fl-6">
         <path>.\</path>
         <kind>object</kind>
         <file>sampling.obj</file>
         <name>sampling.obj</name>
      </input_file>
      <input_file id="fl-7">
         <path>.\</path>
         <kind>object</kind>
         <file>sysctl_pll.obj</file>
         <name>sysctl_pll.obj</name>
      </input_file>
      <input_file id="fl-8">
         <path>.\</path>
         <kind>object</kind>
         <file>tm4c1294ncpdt_startup_ccs.obj</file>
         <name>tm4c1294ncpdt_startup_ccs.obj</name>
      </input_file>
      <input_file id="fl-e">
         <kind>object</kind>
         <file>&lt;internal&gt;</file>
         <name>&lt;internal&gt;</name>
      </input_file>
      <input_file id="fl-c4">
         <path>C:\ti\ccs1200\ccs\tools\compiler\ti-cgt-arm_20.2.6.LTS\lib\</path>
         <kind>archive</kind>
         <file>rtsv7M4_T_le_v4SPD16_eabi.lib</file>
         <name>s_roundf.c.obj</name>
      </input_file>
      <input_file id="fl-c5">
         <path>C:\ti\ccs1200\ccs\tools\compiler\ti-cgt-arm_20.2.6.LTS\lib\</path>
         <kind>archive</kind>
         <file>rtsv7M4_T_le_v4SPD16_eabi.lib</file>
         <name>copy_zero_init.c.obj</name>
      </input_file>
      <input_file id="fl-c6">
         <path>C:\ti\ccs1200\ccs\tools\compiler\ti-cgt-arm_20.2.6.LTS\lib\</path>
         <kind>archive</kind>
         <file>rtsv7M4_T_le_v4SPD16_eabi.lib</file>
         <name>copy_decompress_none.c.obj</name>
      </input_file>
      <input_file id="fl-c7">
         <path>C:\ti\ccs1200\ccs\tools\compiler\ti-cgt-arm_20.2.6.LTS\lib\</path>
         <kind>archive</kind>
         <file>rtsv7M4_T_le_v4SPD16_eabi.lib</file>
         <name>copy_decompress_lzss.c.obj</name>
      </input_file>
      <input_file id="fl-c8">
         <path>C:\ti\ccs1200\ccs\tools\compiler\ti-cgt-arm_20.2.6.LTS\lib\</path>
         <kind>archive</kind>
         <file>rtsv7M4_T_le_v4SPD16_eabi.lib</file>
         <name>boot_cortex_m.c.obj</name>
      </input_file>
      <input_file id="fl-c9">
         <path>C:\ti\ccs1200\ccs\tools\compiler\ti-cgt-arm_20.2.6.LTS\lib\</path>
         <kind>archive</kind>
         <file>rtsv7M4_T_le_v4SPD16_eabi.lib</file>
         <name>s_floorf.c.obj</name>
      </input_file>
      <input_file id="fl-ca">
         <path>C:\ti\ccs1200\ccs\tools\compiler\ti-cgt-arm_20.2.6.LTS\lib\</path>
         <kind>archive</kind>
         <file>rtsv7M4_T_le_v4SPD16_eabi.lib</file>
         <name>memcpy_t2.asm.obj</name>
      </input_file>
      <input_file id="fl-cb">
         <path>C:\ti\ccs1200\ccs\tools\compiler\ti-cgt-arm_20.2.6.LTS\lib\</path>
         <kind>archive</kind>
         <file>rtsv7M4_T_le_v4SPD16_eabi.lib</file>
         <name>memset_t2.asm.obj</name>
      </input_file>
      <input_file id="fl-cc">
         <path>C:\ti\ccs1200\ccs\tools\compiler\ti-cgt-arm_20.2.6.LTS\lib\</path>
         <kind>archive</kind>
         <file>rtsv7M4_T_le_v4SPD16_eabi.lib</file>
         <name>autoinit.c.obj</name>
      </input_file>
      <input_file id="fl-cd">
         <path>C:\ti\ccs1200\ccs\tools\compiler\ti-cgt-arm_20.2.6.LTS\lib\</path>
         <kind>archive</kind>
         <file>rtsv7M4_T_le_v4SPD16_eabi.lib</file>
         <name>pre_init.c.obj</name>
      </input_file>
      <input_file id="fl-ce">
         <path>C:\ti\ccs1200\ccs\tools\compiler\ti-cgt-arm_20.2.6.LTS\lib\</path>
         <kind>archive</kind>
         <file>rtsv7M4_T_le_v4SPD16_eabi.lib</file>
         <name>cpy_tbl.c.obj</name>
      </input_file>
      <input_file id="fl-cf">
         <path>C:\ti\ccs1200\ccs\tools\compiler\ti-cgt-arm_20.2.6.LTS\lib\</path>
         <kind>archive</kind>
         <file>rtsv7M4_T_le_v4SPD16_eabi.lib</file>
         <name>exit.c.obj</name>
      </input_file>
      <input_file id="fl-d0">
         <path>C:\ti\ccs1200\ccs\tools\compiler\ti-cgt-arm_20.2.6.LTS\lib\</path>
         <kind>archive</kind>
         <file>rtsv7M4_T_le_v4SPD16_eabi.lib</file>
         <name>_lock.c.obj</name>
      </input_file>
      <input_file id="fl-d1">
         <path>C:\ti\ccs1200\ccs\tools\compiler\ti-cgt-arm_20.2.6.LTS\lib\</path>
         <kind>archive</kind>
         <file>rtsv7M4_T_le_v4SPD16_eabi.lib</file>
         <name>args_main.c.obj</name>
      </input_file>
      <input_file id="fl-d2">
         <path>C:\ti\tirtos_tivac_2_16_01_14\products\TivaWare_C_Series-2.1.1.71b\grlib\ccs\Debug\</path>
         <kind>archive</kind>
         <file>grlib.lib</file>
         <name>context.obj</name>
      </input_file>
      <input_file id="fl-d3">
         <path>C:\ti\tirtos_tivac_2_16_01_14\products\TivaWare_C_Series-2.1.1.71b\grlib\ccs\Debug\</path>
         <kind>archive</kind>
         <file>grlib.lib</file>
         <name>line.obj</name>
      </input_file>
      <input_file id="fl-d4">
         <path>C:\ti\tirtos_tivac_2_16_01_14\products\TivaWare_C_Series-2.1.1.71b\grlib\ccs\Debug\</path>
         <kind>archive</kind>
         <file>grlib.lib</file>
         <name>rectangle.obj</name>
      </input_file>
      <input_file id="fl-d5">
         <path>C:\ti\tirtos_tivac_2_16_01_14\products\TivaWare_C_Series-2.1.1.71b\grlib\ccs\Debug\</path>
         <kind>archive</kind>
         <file>grlib.lib</file>
         <name>string.obj</name>
      </input_file>
      <input_file id="fl-d6">
         <path>C:\ti\tirtos_tivac_2_16_01_14\products\TivaWare_C_Series-2.1.1.71b\grlib\ccs\Debug\</path>
         <kind>archive</kind>
         <file>grlib.lib</file>
         <name>fontfixed6x8.obj</name>
      </input_file>
      <input_file id="fl-d7">
         <path>C:\ti\tirtos_tivac_2_16_01_14\products\TivaWare_C_Series-2.1.1.71b\grlib\ccs\Debug\</path>
         <kind>archive</kind>
         <file>grlib.lib</file>
         <name>charmap.obj</name>
      </input_file>
      <input_file id="fl-d8">
         <path>C:\ti\tirtos_tivac_2_16_01_14\products\TivaWare_C_Series-2.1.1.71b\driverlib\ccs\Debug\</path>
         <kind>archive</kind>
         <file>driverlib.lib</file>
         <name>adc.obj</name>
      </input_file>
      <input_file id="fl-d9">
         <path>C:\ti\tirtos_tivac_2_16_01_14\products\TivaWare_C_Series-2.1.1.71b\driverlib\ccs\Debug\</path>
         <kind>archive</kind>
         <file>driverlib.lib</file>
         <name>fpu.obj</name>
      </input_file>
      <input_file id="fl-da">
         <path>C:\ti\tirtos_tivac_2_16_01_14\products\TivaWare_C_Series-2.1.1.71b\driverlib\ccs\Debug\</path>
         <kind>archive</kind>
         <file>driverlib.lib</file>
         <name>gpio.obj</name>
      </input_file>
      <input_file id="fl-db">
         <path>C:\ti\tirtos_tivac_2_16_01_14\products\TivaWare_C_Series-2.1.1.71b\driverlib\ccs\Debug\</path>
         <kind>archive</kind>
         <file>driverlib.lib</file>
         <name>interrupt.obj</name>
      </input_file>
      <input_file id="fl-dc">
         <path>C:\ti\tirtos_tivac_2_16_01_14\products\TivaWare_C_Series-2.1.1.71b\driverlib\ccs\Debug\</path>
         <kind>archive</kind>
         <file>driverlib.lib</file>
         <name>pwm.obj</name>
      </input_file>
      <input_file id="fl-dd">
         <path>C:\ti\tirtos_tivac_2_16_01_14\products\TivaWare_C_Series-2.1.1.71b\driverlib\ccs\Debug\</path>
         <kind>archive</kind>
         <file>driverlib.lib</file>
         <name>ssi.obj</name>
      </input_file>
      <input_file id="fl-de">
         <path>C:\ti\tirtos_tivac_2_16_01_14\products\TivaWare_C_Series-2.1.1.71b\driverlib\ccs\Debug\</path>
         <kind>archive</kind>
         <file>driverlib.lib</file>
         <name>sysctl.obj</name>
      </input_file>
      <input_file id="fl-df">
         <path>C:\ti\tirtos_tivac_2_16_01_14\products\TivaWare_C_Series-2.1.1.71b\driverlib\ccs\Debug\</path>
         <kind>archive</kind>
         <file>driverlib.lib</file>
         <name>timer.obj</name>
      </input_file>
      <input_file id="fl-e0">
         <path>C:\ti\tirtos_tivac_2_16_01_14\products\TivaWare_C_Series-2.1.1.71b\driverlib\ccs\Debug\</path>
         <kind>archive</kind>
         <file>driverlib.lib</file>
         <name>cpu.obj</name>
      </input_file>
   </input_file_list>
   <object_component_list>
      <object_component id="oc-12">
         <name>.intvecs</name>
         <load_address>0x0</load_address>
         <run_address>0x0</run_address>
         <size>0x208</size>
         <input_file_ref idref="fl-8"/>
      </object_component>
      <object_component id="oc-2d">
         <name>.text</name>
         <load_address>0x208</load_address>
         <run_address>0x208</run_address>
         <size>0x44a</size>
         <input_file_ref idref="fl-4"/>
      </object_component>
      <object_component id="oc-112">
         <name>.text:GPIOPinRead</name>
         <load_address>0x652</load_address>
         <run_address>0x652</run_address>
         <size>0x6</size>
         <input_file_ref idref="fl-da"/>
      </object_component>
      <object_component id="oc-21b">
         <name>.text</name>
         <load_address>0x658</load_address>
         <run_address>0x658</run_address>
         <size>0x3f0</size>
         <input_file_ref idref="fl-2"/>
      </object_component>
      <object_component id="oc-15b">
         <name>.text</name>
         <load_address>0xa48</load_address>
         <run_address>0xa48</run_address>
         <size>0x2da</size>
         <input_file_ref idref="fl-5"/>
      </object_component>
      <object_component id="oc-39a">
         <name>.text:GrFontGlyphRender</name>
         <load_address>0xd22</load_address>
         <run_address>0xd22</run_address>
         <size>0x256</size>
         <input_file_ref idref="fl-d5"/>
      </object_component>
      <object_component id="oc-1e5">
         <name>.text:SysCtlClockFreqSet</name>
         <load_address>0xf78</load_address>
         <run_address>0xf78</run_address>
         <size>0x204</size>
         <input_file_ref idref="fl-de"/>
      </object_component>
      <object_component id="oc-10c">
         <name>.text:TimerIntClear</name>
         <load_address>0x117c</load_address>
         <run_address>0x117c</run_address>
         <size>0x4</size>
         <input_file_ref idref="fl-df"/>
      </object_component>
      <object_component id="oc-2dc">
         <name>.text</name>
         <load_address>0x1180</load_address>
         <run_address>0x1180</run_address>
         <size>0x17e</size>
         <input_file_ref idref="fl-3"/>
      </object_component>
      <object_component id="oc-d7">
         <name>.text:GPIOPadConfigSet</name>
         <load_address>0x12fe</load_address>
         <run_address>0x12fe</run_address>
         <size>0x130</size>
         <input_file_ref idref="fl-da"/>
      </object_component>
      <object_component id="oc-33">
         <name>.text</name>
         <load_address>0x1430</load_address>
         <run_address>0x1430</run_address>
         <size>0x114</size>
         <input_file_ref idref="fl-6"/>
      </object_component>
      <object_component id="oc-24c">
         <name>.text:GrLineDraw</name>
         <load_address>0x1544</load_address>
         <run_address>0x1544</run_address>
         <size>0x106</size>
         <input_file_ref idref="fl-d3"/>
      </object_component>
      <object_component id="oc-2ef">
         <name>.text:GrDefaultStringRenderer</name>
         <load_address>0x164a</load_address>
         <run_address>0x164a</run_address>
         <size>0xc4</size>
         <input_file_ref idref="fl-d5"/>
      </object_component>
      <object_component id="oc-31c">
         <name>.text:GrLineClip</name>
         <load_address>0x170e</load_address>
         <run_address>0x170e</run_address>
         <size>0xc0</size>
         <input_file_ref idref="fl-d3"/>
      </object_component>
      <object_component id="oc-47">
         <name>.text</name>
         <load_address>0x17ce</load_address>
         <run_address>0x17ce</run_address>
         <size>0x9c</size>
         <input_file_ref idref="fl-ca"/>
      </object_component>
      <object_component id="oc-23a">
         <name>.text:GrRectFill</name>
         <load_address>0x186a</load_address>
         <run_address>0x186a</run_address>
         <size>0x86</size>
         <input_file_ref idref="fl-d4"/>
      </object_component>
      <object_component id="oc-188">
         <name>.text:floorf</name>
         <load_address>0x18f0</load_address>
         <run_address>0x18f0</run_address>
         <size>0x80</size>
         <input_file_ref idref="fl-c9"/>
      </object_component>
      <object_component id="oc-fe">
         <name>.text:ADCSequenceStepConfigure</name>
         <load_address>0x1970</load_address>
         <run_address>0x1970</run_address>
         <size>0x7a</size>
         <input_file_ref idref="fl-d8"/>
      </object_component>
      <object_component id="oc-14f">
         <name>.text</name>
         <load_address>0x19ea</load_address>
         <run_address>0x19ea</run_address>
         <size>0x7a</size>
         <input_file_ref idref="fl-cb"/>
      </object_component>
      <object_component id="oc-ad">
         <name>.text:roundf</name>
         <load_address>0x1a64</load_address>
         <run_address>0x1a64</run_address>
         <size>0x6e</size>
         <input_file_ref idref="fl-c4"/>
      </object_component>
      <object_component id="oc-225">
         <name>.text:GrContextInit</name>
         <load_address>0x1ad4</load_address>
         <run_address>0x1ad4</run_address>
         <size>0x68</size>
         <input_file_ref idref="fl-d2"/>
      </object_component>
      <object_component id="oc-cb">
         <name>.text:IntEnable</name>
         <load_address>0x1b3c</load_address>
         <run_address>0x1b3c</run_address>
         <size>0x68</size>
         <input_file_ref idref="fl-db"/>
      </object_component>
      <object_component id="oc-15">
         <name>.text:decompress:lzss:__TI_decompress_lzss</name>
         <load_address>0x1ba4</load_address>
         <run_address>0x1ba4</run_address>
         <size>0x68</size>
         <input_file_ref idref="fl-c7"/>
      </object_component>
      <object_component id="oc-a4">
         <name>.text:TimerConfigure</name>
         <load_address>0x1c0c</load_address>
         <run_address>0x1c0c</run_address>
         <size>0x60</size>
         <input_file_ref idref="fl-df"/>
      </object_component>
      <object_component id="oc-3f3">
         <name>.text:FontWideGlyphDataGet</name>
         <load_address>0x1c6c</load_address>
         <run_address>0x1c6c</run_address>
         <size>0x5a</size>
         <input_file_ref idref="fl-d5"/>
      </object_component>
      <object_component id="oc-302">
         <name>.text:UpdateContextCharMapping</name>
         <load_address>0x1cc6</load_address>
         <run_address>0x1cc6</run_address>
         <size>0x4a</size>
         <input_file_ref idref="fl-d5"/>
      </object_component>
      <object_component id="oc-e3">
         <name>.text</name>
         <load_address>0x1d10</load_address>
         <run_address>0x1d10</run_address>
         <size>0x4a</size>
         <input_file_ref idref="fl-7"/>
      </object_component>
      <object_component id="oc-1f1">
         <name>.text:GPIOPinConfigure</name>
         <load_address>0x1d5c</load_address>
         <run_address>0x1d5c</run_address>
         <size>0x48</size>
         <input_file_ref idref="fl-da"/>
      </object_component>
      <object_component id="oc-2bf">
         <name>.text:_SysCtlFrequencyGet</name>
         <load_address>0x1da4</load_address>
         <run_address>0x1da4</run_address>
         <size>0x48</size>
         <input_file_ref idref="fl-de"/>
      </object_component>
      <object_component id="oc-246">
         <name>.text:GrLineDrawH</name>
         <load_address>0x1dec</load_address>
         <run_address>0x1dec</run_address>
         <size>0x46</size>
         <input_file_ref idref="fl-d3"/>
      </object_component>
      <object_component id="oc-240">
         <name>.text:GrLineDrawV</name>
         <load_address>0x1e32</load_address>
         <run_address>0x1e32</run_address>
         <size>0x46</size>
         <input_file_ref idref="fl-d3"/>
      </object_component>
      <object_component id="oc-25f">
         <name>.text:__TI_auto_init_nobinit_nopinit:__TI_auto_init_nobinit_nopinit</name>
         <load_address>0x1e78</load_address>
         <run_address>0x1e78</run_address>
         <size>0x44</size>
         <input_file_ref idref="fl-cc"/>
      </object_component>
      <object_component id="oc-f8">
         <name>.text:ADCSequenceConfigure</name>
         <load_address>0x1ebc</load_address>
         <run_address>0x1ebc</run_address>
         <size>0x3e</size>
         <input_file_ref idref="fl-d8"/>
      </object_component>
      <object_component id="oc-36c">
         <name>.text:SSIConfigSetExpClk</name>
         <load_address>0x1efa</load_address>
         <run_address>0x1efa</run_address>
         <size>0x3c</size>
         <input_file_ref idref="fl-dd"/>
      </object_component>
      <object_component id="oc-3f9">
         <name>.text:FontGlyphDataGet</name>
         <load_address>0x1f36</load_address>
         <run_address>0x1f36</run_address>
         <size>0x3a</size>
         <input_file_ref idref="fl-d5"/>
      </object_component>
      <object_component id="oc-3bd">
         <name>.text:GrClipCodeGet</name>
         <load_address>0x1f70</load_address>
         <run_address>0x1f70</run_address>
         <size>0x36</size>
         <input_file_ref idref="fl-d3"/>
      </object_component>
      <object_component id="oc-98">
         <name>.text:SysCtlPeripheralEnable</name>
         <load_address>0x1fa8</load_address>
         <run_address>0x1fa8</run_address>
         <size>0x34</size>
         <input_file_ref idref="fl-de"/>
      </object_component>
      <object_component id="oc-65">
         <name>.text:_c_int00_noargs:_c_int00_noargs</name>
         <load_address>0x1fdc</load_address>
         <run_address>0x1fdc</run_address>
         <size>0x34</size>
         <input_file_ref idref="fl-c8"/>
      </object_component>
      <object_component id="oc-80">
         <name>.text:ADCIntStatus</name>
         <load_address>0x2010</load_address>
         <run_address>0x2010</run_address>
         <size>0x2e</size>
         <input_file_ref idref="fl-d8"/>
      </object_component>
      <object_component id="oc-38e">
         <name>.text:GrStringNextCharGet</name>
         <load_address>0x203e</load_address>
         <run_address>0x203e</run_address>
         <size>0x2e</size>
         <input_file_ref idref="fl-d5"/>
      </object_component>
      <object_component id="oc-19c">
         <name>.text:GPIODirModeSet</name>
         <load_address>0x206c</load_address>
         <run_address>0x206c</run_address>
         <size>0x2a</size>
         <input_file_ref idref="fl-da"/>
      </object_component>
      <object_component id="oc-388">
         <name>.text:GrFontInfoGet</name>
         <load_address>0x2096</load_address>
         <run_address>0x2096</run_address>
         <size>0x26</size>
         <input_file_ref idref="fl-d5"/>
      </object_component>
      <object_component id="oc-c5">
         <name>.text:IntPrioritySet</name>
         <load_address>0x20bc</load_address>
         <run_address>0x20bc</run_address>
         <size>0x24</size>
         <input_file_ref idref="fl-db"/>
      </object_component>
      <object_component id="oc-394">
         <name>.text:GrFontGlyphDataGet</name>
         <load_address>0x20e0</load_address>
         <run_address>0x20e0</run_address>
         <size>0x22</size>
         <input_file_ref idref="fl-d5"/>
      </object_component>
      <object_component id="oc-1fd">
         <name>.text:PWMGenConfigure</name>
         <load_address>0x2102</load_address>
         <run_address>0x2102</run_address>
         <size>0x22</size>
         <input_file_ref idref="fl-dc"/>
      </object_component>
      <object_component id="oc-89">
         <name>.text:ADCSequenceDataGet</name>
         <load_address>0x2124</load_address>
         <run_address>0x2124</run_address>
         <size>0x1e</size>
         <input_file_ref idref="fl-d8"/>
      </object_component>
      <object_component id="oc-3af">
         <name>.text:GrFontCodepageGet</name>
         <load_address>0x2142</load_address>
         <run_address>0x2142</run_address>
         <size>0x1e</size>
         <input_file_ref idref="fl-d5"/>
      </object_component>
      <object_component id="oc-209">
         <name>.text:PWMPulseWidthSet</name>
         <load_address>0x2160</load_address>
         <run_address>0x2160</run_address>
         <size>0x1e</size>
         <input_file_ref idref="fl-dc"/>
      </object_component>
      <object_component id="oc-2b9">
         <name>.text:_SysCtlMemTimingGet</name>
         <load_address>0x2180</load_address>
         <run_address>0x2180</run_address>
         <size>0x1c</size>
         <input_file_ref idref="fl-de"/>
      </object_component>
      <object_component id="oc-155">
         <name>.text:_system_pre_init</name>
         <load_address>0x219c</load_address>
         <run_address>0x219c</run_address>
         <size>0x4</size>
         <input_file_ref idref="fl-cd"/>
      </object_component>
      <object_component id="oc-27">
         <name>.text</name>
         <load_address>0x21a0</load_address>
         <run_address>0x21a0</run_address>
         <size>0x1a</size>
         <input_file_ref idref="fl-8"/>
      </object_component>
      <object_component id="oc-ec">
         <name>.text:ADCClockConfigSet</name>
         <load_address>0x21ba</load_address>
         <run_address>0x21ba</run_address>
         <size>0x18</size>
         <input_file_ref idref="fl-d8"/>
      </object_component>
      <object_component id="oc-7a">
         <name>.text:ADCProcessorTrigger</name>
         <load_address>0x21d2</load_address>
         <run_address>0x21d2</run_address>
         <size>0x18</size>
         <input_file_ref idref="fl-d8"/>
      </object_component>
      <object_component id="oc-37e">
         <name>.text:GPIOPinTypeGPIOOutput</name>
         <load_address>0x21ea</load_address>
         <run_address>0x21ea</run_address>
         <size>0x18</size>
         <input_file_ref idref="fl-da"/>
      </object_component>
      <object_component id="oc-1f7">
         <name>.text:PWMClockSet</name>
         <load_address>0x2204</load_address>
         <run_address>0x2204</run_address>
         <size>0x14</size>
         <input_file_ref idref="fl-dc"/>
      </object_component>
      <object_component id="oc-9e">
         <name>.text:TimerDisable</name>
         <load_address>0x2218</load_address>
         <run_address>0x2218</run_address>
         <size>0x14</size>
         <input_file_ref idref="fl-df"/>
      </object_component>
      <object_component id="oc-dd">
         <name>.text:GPIOPinTypeADC</name>
         <load_address>0x222c</load_address>
         <run_address>0x222c</run_address>
         <size>0x12</size>
         <input_file_ref idref="fl-da"/>
      </object_component>
      <object_component id="oc-d1">
         <name>.text:GPIOPinTypeGPIOInput</name>
         <load_address>0x223e</load_address>
         <run_address>0x223e</run_address>
         <size>0x12</size>
         <input_file_ref idref="fl-da"/>
      </object_component>
      <object_component id="oc-1eb">
         <name>.text:GPIOPinTypePWM</name>
         <load_address>0x2250</load_address>
         <run_address>0x2250</run_address>
         <size>0x12</size>
         <input_file_ref idref="fl-da"/>
      </object_component>
      <object_component id="oc-378">
         <name>.text:GPIOPinTypeSSI</name>
         <load_address>0x2262</load_address>
         <run_address>0x2262</run_address>
         <size>0x12</size>
         <input_file_ref idref="fl-da"/>
      </object_component>
      <object_component id="oc-20f">
         <name>.text:PWMOutputState</name>
         <load_address>0x2274</load_address>
         <run_address>0x2274</run_address>
         <size>0x12</size>
         <input_file_ref idref="fl-dc"/>
      </object_component>
      <object_component id="oc-b3">
         <name>.text:TimerLoadSet</name>
         <load_address>0x2286</load_address>
         <run_address>0x2286</run_address>
         <size>0x12</size>
         <input_file_ref idref="fl-df"/>
      </object_component>
      <object_component id="oc-12c">
         <name>.text:ADCIntEnable</name>
         <load_address>0x2298</load_address>
         <run_address>0x2298</run_address>
         <size>0x10</size>
         <input_file_ref idref="fl-d8"/>
      </object_component>
      <object_component id="oc-1d9">
         <name>.text:FPUEnable</name>
         <load_address>0x22a8</load_address>
         <run_address>0x22a8</run_address>
         <size>0x10</size>
         <input_file_ref idref="fl-d9"/>
      </object_component>
      <object_component id="oc-1df">
         <name>.text:FPULazyStackingEnable</name>
         <load_address>0x22b8</load_address>
         <run_address>0x22b8</run_address>
         <size>0x10</size>
         <input_file_ref idref="fl-d9"/>
      </object_component>
      <object_component id="oc-1d3">
         <name>.text:IntMasterDisable</name>
         <load_address>0x22c8</load_address>
         <run_address>0x22c8</run_address>
         <size>0x10</size>
         <input_file_ref idref="fl-db"/>
      </object_component>
      <object_component id="oc-234">
         <name>.text:IntMasterEnable</name>
         <load_address>0x22d8</load_address>
         <run_address>0x22d8</run_address>
         <size>0x10</size>
         <input_file_ref idref="fl-db"/>
      </object_component>
      <object_component id="oc-203">
         <name>.text:PWMGenPeriodSet</name>
         <load_address>0x22e8</load_address>
         <run_address>0x22e8</run_address>
         <size>0x10</size>
         <input_file_ref idref="fl-dc"/>
      </object_component>
      <object_component id="oc-f2">
         <name>.text:ADCSequenceDisable</name>
         <load_address>0x22f8</load_address>
         <run_address>0x22f8</run_address>
         <size>0xe</size>
         <input_file_ref idref="fl-d8"/>
      </object_component>
      <object_component id="oc-104">
         <name>.text:ADCSequenceEnable</name>
         <load_address>0x2306</load_address>
         <run_address>0x2306</run_address>
         <size>0xe</size>
         <input_file_ref idref="fl-d8"/>
      </object_component>
      <object_component id="oc-bf">
         <name>.text:TimerEnable</name>
         <load_address>0x2314</load_address>
         <run_address>0x2314</run_address>
         <size>0xe</size>
         <input_file_ref idref="fl-df"/>
      </object_component>
      <object_component id="oc-1b">
         <name>.text:decompress:none:__TI_decompress_none</name>
         <load_address>0x2322</load_address>
         <run_address>0x2322</run_address>
         <size>0xe</size>
         <input_file_ref idref="fl-c6"/>
      </object_component>
      <object_component id="oc-2b0">
         <name>.text:CPUcpsid</name>
         <load_address>0x2330</load_address>
         <run_address>0x2330</run_address>
         <size>0xc</size>
         <input_file_ref idref="fl-e0"/>
      </object_component>
      <object_component id="oc-30b">
         <name>.text:CPUcpsie</name>
         <load_address>0x233c</load_address>
         <run_address>0x233c</run_address>
         <size>0xc</size>
         <input_file_ref idref="fl-e0"/>
      </object_component>
      <object_component id="oc-215">
         <name>.text:PWMGenEnable</name>
         <load_address>0x2348</load_address>
         <run_address>0x2348</run_address>
         <size>0xc</size>
         <input_file_ref idref="fl-dc"/>
      </object_component>
      <object_component id="oc-59">
         <name>.text:decompress:ZI:__TI_zero_init</name>
         <load_address>0x2354</load_address>
         <run_address>0x2354</run_address>
         <size>0xc</size>
         <input_file_ref idref="fl-c5"/>
      </object_component>
      <object_component id="oc-8f">
         <name>.text:ADCIntClear</name>
         <load_address>0x2360</load_address>
         <run_address>0x2360</run_address>
         <size>0xa</size>
         <input_file_ref idref="fl-d8"/>
      </object_component>
      <object_component id="oc-35a">
         <name>.text:SSIDataPut</name>
         <load_address>0x236a</load_address>
         <run_address>0x236a</run_address>
         <size>0xa</size>
         <input_file_ref idref="fl-dd"/>
      </object_component>
      <object_component id="oc-372">
         <name>.text:SSIEnable</name>
         <load_address>0x2374</load_address>
         <run_address>0x2374</run_address>
         <size>0xa</size>
         <input_file_ref idref="fl-dd"/>
      </object_component>
      <object_component id="oc-3a1">
         <name>.text:GrMapISO8859_1_Unicode</name>
         <load_address>0x237e</load_address>
         <run_address>0x237e</run_address>
         <size>0x8</size>
         <input_file_ref idref="fl-d7"/>
      </object_component>
      <object_component id="oc-360">
         <name>.text:SSIBusy</name>
         <load_address>0x2386</load_address>
         <run_address>0x2386</run_address>
         <size>0x8</size>
         <input_file_ref idref="fl-dd"/>
      </object_component>
      <object_component id="oc-b9">
         <name>.text:TimerIntEnable</name>
         <load_address>0x238e</load_address>
         <run_address>0x238e</run_address>
         <size>0x8</size>
         <input_file_ref idref="fl-df"/>
      </object_component>
      <object_component id="oc-366">
         <name>.text:GPIOPinWrite</name>
         <load_address>0x2396</load_address>
         <run_address>0x2396</run_address>
         <size>0x6</size>
         <input_file_ref idref="fl-da"/>
      </object_component>
      <object_component id="oc-22e">
         <name>.text:GrContextFontSet</name>
         <load_address>0x239c</load_address>
         <run_address>0x239c</run_address>
         <size>0x6</size>
         <input_file_ref idref="fl-d5"/>
      </object_component>
      <object_component id="oc-2e5">
         <name>.text:SysCtlDelay</name>
         <load_address>0x23a2</load_address>
         <run_address>0x23a2</run_address>
         <size>0x6</size>
         <input_file_ref idref="fl-de"/>
      </object_component>
      <object_component id="oc-253">
         <name>.text:abort:abort</name>
         <load_address>0x23a8</load_address>
         <run_address>0x23a8</run_address>
         <size>0x4</size>
         <input_file_ref idref="fl-cf"/>
      </object_component>
      <object_component id="oc-2fc">
         <name>.const:.string:g_pui8FontFixed6x8Data</name>
         <load_address>0x23ac</load_address>
         <run_address>0x23ac</run_address>
         <size>0x2f8</size>
         <input_file_ref idref="fl-d6"/>
      </object_component>
      <object_component id="oc-2c8">
         <name>.const:g_pppui32XTALtoVCO</name>
         <load_address>0x26a4</load_address>
         <run_address>0x26a4</run_address>
         <size>0x120</size>
         <input_file_ref idref="fl-de"/>
      </object_component>
      <object_component id="oc-22b">
         <name>.const:g_sFontFixed6x8</name>
         <load_address>0x27c4</load_address>
         <run_address>0x27c4</run_address>
         <size>0xc8</size>
         <input_file_ref idref="fl-d6"/>
      </object_component>
      <object_component id="oc-193">
         <name>.const:g_pui32Regs</name>
         <load_address>0x288c</load_address>
         <run_address>0x288c</run_address>
         <size>0x9c</size>
         <input_file_ref idref="fl-db"/>
      </object_component>
      <object_component id="oc-2d0">
         <name>.const:g_pui32GPIOBaseAddrs</name>
         <load_address>0x2928</load_address>
         <run_address>0x2928</run_address>
         <size>0x90</size>
         <input_file_ref idref="fl-da"/>
      </object_component>
      <object_component id="oc-198">
         <name>.const</name>
         <load_address>0x29b8</load_address>
         <run_address>0x29b8</run_address>
         <size>0x70</size>
         <input_file_ref idref="fl-db"/>
      </object_component>
      <object_component id="oc-2c5">
         <name>.const:g_pui32Xtals</name>
         <load_address>0x2a28</load_address>
         <run_address>0x2a28</run_address>
         <size>0x6c</size>
         <input_file_ref idref="fl-de"/>
      </object_component>
      <object_component id="oc-34b">
         <name>.const:g_sXTALtoMEMTIM</name>
         <load_address>0x2a94</load_address>
         <run_address>0x2a94</run_address>
         <size>0x30</size>
         <input_file_ref idref="fl-de"/>
      </object_component>
      <object_component id="oc-222">
         <name>.const:g_sCrystalfontz128x128</name>
         <load_address>0x2ac4</load_address>
         <run_address>0x2ac4</run_address>
         <size>0x28</size>
         <input_file_ref idref="fl-2"/>
      </object_component>
      <object_component id="oc-2f5">
         <name>.const</name>
         <load_address>0x2aec</load_address>
         <run_address>0x2aec</run_address>
         <size>0x10</size>
         <input_file_ref idref="fl-d2"/>
      </object_component>
      <object_component id="oc-2cb">
         <name>.const</name>
         <load_address>0x2afc</load_address>
         <run_address>0x2afc</run_address>
         <size>0x8</size>
         <input_file_ref idref="fl-de"/>
      </object_component>
      <object_component id="oc-445">
         <name>.cinit..data.load</name>
         <load_address>0x2b08</load_address>
         <run_address>0x2b08</run_address>
         <size>0x15</size>
      </object_component>
      <object_component id="oc-443">
         <name>__TI_handler_table</name>
         <load_address>0x2b20</load_address>
         <run_address>0x2b20</run_address>
         <size>0xc</size>
      </object_component>
      <object_component id="oc-446">
         <name>.cinit..bss.load</name>
         <load_address>0x2b30</load_address>
         <run_address>0x2b30</run_address>
         <size>0x8</size>
      </object_component>
      <object_component id="oc-444">
         <name>__TI_cinit_table</name>
         <load_address>0x2b38</load_address>
         <run_address>0x2b38</run_address>
         <size>0x10</size>
      </object_component>
      <object_component id="oc-2e2">
         <name>.data:Lcd_buffer</name>
         <load_address>0x20000000</load_address>
         <run_address>0x20000000</run_address>
         <size>0x8000</size>
         <input_file_ref idref="fl-2"/>
      </object_component>
      <object_component id="oc-95">
         <name>.data</name>
         <load_address>0x20008034</load_address>
         <run_address>0x20008034</run_address>
         <size>0x5</size>
         <input_file_ref idref="fl-4"/>
      </object_component>
      <object_component id="oc-86">
         <name>.data:gJoystick</name>
         <load_address>0x20008024</load_address>
         <run_address>0x20008024</run_address>
         <size>0x8</size>
         <input_file_ref idref="fl-4"/>
      </object_component>
      <object_component id="oc-10b">
         <name>.data:count$2</name>
         <load_address>0x20008000</load_address>
         <run_address>0x20008000</run_address>
         <size>0x24</size>
         <input_file_ref idref="fl-4"/>
      </object_component>
      <object_component id="oc-118">
         <name>.data</name>
         <load_address>0x2000803c</load_address>
         <run_address>0x2000803c</run_address>
         <size>0x4</size>
         <input_file_ref idref="fl-5"/>
      </object_component>
      <object_component id="oc-126">
         <name>.data</name>
         <load_address>0x2000802c</load_address>
         <run_address>0x2000802c</run_address>
         <size>0x8</size>
         <input_file_ref idref="fl-6"/>
      </object_component>
      <object_component id="oc-10a">
         <name>.bss:state$1</name>
         <uninitialized>true</uninitialized>
         <run_address>0x2000906c</run_address>
         <size>0x14</size>
         <input_file_ref idref="fl-4"/>
      </object_component>
      <object_component id="oc-2db">
         <name>.common:Lcd_Orientation</name>
         <uninitialized>true</uninitialized>
         <run_address>0x20009094</run_address>
         <size>0x1</size>
      </object_component>
      <object_component id="oc-2e7">
         <name>.common:Lcd_ScreenWidth</name>
         <uninitialized>true</uninitialized>
         <run_address>0x2000908e</run_address>
         <size>0x2</size>
      </object_component>
      <object_component id="oc-2e6">
         <name>.common:Lcd_ScreenHeigth</name>
         <uninitialized>true</uninitialized>
         <run_address>0x2000908c</run_address>
         <size>0x2</size>
      </object_component>
      <object_component id="oc-2e8">
         <name>.common:Lcd_PenSolid</name>
         <uninitialized>true</uninitialized>
         <run_address>0x20009095</run_address>
         <size>0x1</size>
      </object_component>
      <object_component id="oc-2e9">
         <name>.common:Lcd_FontSolid</name>
         <uninitialized>true</uninitialized>
         <run_address>0x20009093</run_address>
         <size>0x1</size>
      </object_component>
      <object_component id="oc-2ea">
         <name>.common:Lcd_FlagRead</name>
         <uninitialized>true</uninitialized>
         <run_address>0x20009092</run_address>
         <size>0x1</size>
      </object_component>
      <object_component id="oc-2eb">
         <name>.common:Lcd_TouchTrim</name>
         <uninitialized>true</uninitialized>
         <run_address>0x20009090</run_address>
         <size>0x2</size>
      </object_component>
      <object_component id="oc-e9">
         <name>.common:gADCSamplingRate</name>
         <uninitialized>true</uninitialized>
         <run_address>0x20009080</run_address>
         <size>0x4</size>
      </object_component>
      <object_component id="oc-aa">
         <name>.common:gSystemClock</name>
         <uninitialized>true</uninitialized>
         <run_address>0x20009084</run_address>
         <size>0x4</size>
      </object_component>
      <object_component id="oc-221">
         <name>.common:sContext</name>
         <uninitialized>true</uninitialized>
         <run_address>0x20009040</run_address>
         <size>0x2c</size>
      </object_component>
      <object_component id="oc-129">
         <name>.common:gADCBuffer</name>
         <uninitialized>true</uninitialized>
         <run_address>0x20008040</run_address>
         <size>0x1000</size>
      </object_component>
      <object_component id="oc-2f8">
         <name>.common:g_psGrLibDefaults</name>
         <uninitialized>true</uninitialized>
         <run_address>0x20009088</run_address>
         <size>0x4</size>
      </object_component>
      <object_component id="oc-24">
         <name>.stack</name>
         <uninitialized>true</uninitialized>
         <run_address>0x20009098</run_address>
         <size>0x4</size>
         <input_file_ref idref="fl-c8"/>
      </object_component>
      <object_component id="oc-448">
         <name>.stack</name>
         <uninitialized>true</uninitialized>
         <run_address>0x20009098</run_address>
         <size>0x0</size>
      </object_component>
      <object_component id="oc-1c1">
         <name>.debug_info</name>
         <load_address>0x0</load_address>
         <run_address>0x0</run_address>
         <size>0x72c</size>
         <input_file_ref idref="fl-2"/>
      </object_component>
      <object_component id="oc-2e3">
         <name>.debug_info</name>
         <load_address>0x72c</load_address>
         <run_address>0x72c</run_address>
         <size>0x132</size>
         <input_file_ref idref="fl-2"/>
      </object_component>
      <object_component id="oc-223">
         <name>.debug_info</name>
         <load_address>0x85e</load_address>
         <run_address>0x85e</run_address>
         <size>0x14b</size>
         <input_file_ref idref="fl-2"/>
      </object_component>
      <object_component id="oc-21d">
         <name>.debug_info</name>
         <load_address>0x9a9</load_address>
         <run_address>0x9a9</run_address>
         <size>0x1127</size>
         <input_file_ref idref="fl-2"/>
      </object_component>
      <object_component id="oc-183">
         <name>.debug_info</name>
         <load_address>0x1ad0</load_address>
         <run_address>0x1ad0</run_address>
         <size>0x6bd</size>
         <input_file_ref idref="fl-2"/>
      </object_component>
      <object_component id="oc-135">
         <name>.debug_info</name>
         <load_address>0x218d</load_address>
         <run_address>0x218d</run_address>
         <size>0x26b</size>
         <input_file_ref idref="fl-2"/>
      </object_component>
      <object_component id="oc-121">
         <name>.debug_info</name>
         <load_address>0x23f8</load_address>
         <run_address>0x23f8</run_address>
         <size>0x8b</size>
         <input_file_ref idref="fl-2"/>
      </object_component>
      <object_component id="oc-1b7">
         <name>.debug_info</name>
         <load_address>0x2483</load_address>
         <run_address>0x2483</run_address>
         <size>0x2a4</size>
         <input_file_ref idref="fl-2"/>
      </object_component>
      <object_component id="oc-1a7">
         <name>.debug_info</name>
         <load_address>0x2727</load_address>
         <run_address>0x2727</run_address>
         <size>0xef</size>
         <input_file_ref idref="fl-2"/>
      </object_component>
      <object_component id="oc-11c">
         <name>.debug_info</name>
         <load_address>0x2816</load_address>
         <run_address>0x2816</run_address>
         <size>0xbb</size>
         <input_file_ref idref="fl-2"/>
      </object_component>
      <object_component id="oc-385">
         <name>.debug_info</name>
         <load_address>0x28d1</load_address>
         <run_address>0x28d1</run_address>
         <size>0x6ec</size>
         <input_file_ref idref="fl-3"/>
      </object_component>
      <object_component id="oc-2dd">
         <name>.debug_info</name>
         <load_address>0x2fbd</load_address>
         <run_address>0x2fbd</run_address>
         <size>0x64c</size>
         <input_file_ref idref="fl-3"/>
      </object_component>
      <object_component id="oc-ea">
         <name>.debug_info</name>
         <load_address>0x3609</load_address>
         <run_address>0x3609</run_address>
         <size>0x89a</size>
         <input_file_ref idref="fl-4"/>
      </object_component>
      <object_component id="oc-96">
         <name>.debug_info</name>
         <load_address>0x3ea3</load_address>
         <run_address>0x3ea3</run_address>
         <size>0x11b</size>
         <input_file_ref idref="fl-4"/>
      </object_component>
      <object_component id="oc-87">
         <name>.debug_info</name>
         <load_address>0x3fbe</load_address>
         <run_address>0x3fbe</run_address>
         <size>0x11d</size>
         <input_file_ref idref="fl-4"/>
      </object_component>
      <object_component id="oc-2e">
         <name>.debug_info</name>
         <load_address>0x40db</load_address>
         <run_address>0x40db</run_address>
         <size>0x7df</size>
         <input_file_ref idref="fl-4"/>
      </object_component>
      <object_component id="oc-ab">
         <name>.debug_info</name>
         <load_address>0x48ba</load_address>
         <run_address>0x48ba</run_address>
         <size>0xb2f</size>
         <input_file_ref idref="fl-5"/>
      </object_component>
      <object_component id="oc-119">
         <name>.debug_info</name>
         <load_address>0x53e9</load_address>
         <run_address>0x53e9</run_address>
         <size>0x112</size>
         <input_file_ref idref="fl-5"/>
      </object_component>
      <object_component id="oc-15c">
         <name>.debug_info</name>
         <load_address>0x54fb</load_address>
         <run_address>0x54fb</run_address>
         <size>0x51e</size>
         <input_file_ref idref="fl-5"/>
      </object_component>
      <object_component id="oc-12a">
         <name>.debug_info</name>
         <load_address>0x5a19</load_address>
         <run_address>0x5a19</run_address>
         <size>0x582</size>
         <input_file_ref idref="fl-6"/>
      </object_component>
      <object_component id="oc-127">
         <name>.debug_info</name>
         <load_address>0x5f9b</load_address>
         <run_address>0x5f9b</run_address>
         <size>0x14f</size>
         <input_file_ref idref="fl-6"/>
      </object_component>
      <object_component id="oc-35">
         <name>.debug_info</name>
         <load_address>0x60ea</load_address>
         <run_address>0x60ea</run_address>
         <size>0x379</size>
         <input_file_ref idref="fl-6"/>
      </object_component>
      <object_component id="oc-42">
         <name>.debug_info</name>
         <load_address>0x6463</load_address>
         <run_address>0x6463</run_address>
         <size>0x84</size>
         <input_file_ref idref="fl-6"/>
      </object_component>
      <object_component id="oc-e4">
         <name>.debug_info</name>
         <load_address>0x64e7</load_address>
         <run_address>0x64e7</run_address>
         <size>0x1f6</size>
         <input_file_ref idref="fl-7"/>
      </object_component>
      <object_component id="oc-3b">
         <name>.debug_info</name>
         <load_address>0x66dd</load_address>
         <run_address>0x66dd</run_address>
         <size>0x326</size>
         <input_file_ref idref="fl-8"/>
      </object_component>
      <object_component id="oc-13">
         <name>.debug_info</name>
         <load_address>0x6a03</load_address>
         <run_address>0x6a03</run_address>
         <size>0x135</size>
         <input_file_ref idref="fl-8"/>
      </object_component>
      <object_component id="oc-28">
         <name>.debug_info</name>
         <load_address>0x6b38</load_address>
         <run_address>0x6b38</run_address>
         <size>0x2b4</size>
         <input_file_ref idref="fl-8"/>
      </object_component>
      <object_component id="oc-18f">
         <name>.debug_info</name>
         <load_address>0x6dec</load_address>
         <run_address>0x6dec</run_address>
         <size>0x2a9</size>
         <input_file_ref idref="fl-c4"/>
      </object_component>
      <object_component id="oc-b0">
         <name>.debug_info</name>
         <load_address>0x7095</load_address>
         <run_address>0x7095</run_address>
         <size>0x189</size>
         <input_file_ref idref="fl-c4"/>
      </object_component>
      <object_component id="oc-14e">
         <name>.debug_info</name>
         <load_address>0x721e</load_address>
         <run_address>0x721e</run_address>
         <size>0x2d4</size>
         <input_file_ref idref="fl-c5"/>
      </object_component>
      <object_component id="oc-5b">
         <name>.debug_info</name>
         <load_address>0x74f2</load_address>
         <run_address>0x74f2</run_address>
         <size>0x1b5</size>
         <input_file_ref idref="fl-c5"/>
      </object_component>
      <object_component id="oc-149">
         <name>.debug_info</name>
         <load_address>0x76a7</load_address>
         <run_address>0x76a7</run_address>
         <size>0x46</size>
         <input_file_ref idref="fl-c5"/>
      </object_component>
      <object_component id="oc-1ca">
         <name>.debug_info</name>
         <load_address>0x76ed</load_address>
         <run_address>0x76ed</run_address>
         <size>0x2c</size>
         <input_file_ref idref="fl-c5"/>
      </object_component>
      <object_component id="oc-52">
         <name>.debug_info</name>
         <load_address>0x7719</load_address>
         <run_address>0x7719</run_address>
         <size>0x2a8</size>
         <input_file_ref idref="fl-c6"/>
      </object_component>
      <object_component id="oc-1e">
         <name>.debug_info</name>
         <load_address>0x79c1</load_address>
         <run_address>0x79c1</run_address>
         <size>0x1ea</size>
         <input_file_ref idref="fl-c6"/>
      </object_component>
      <object_component id="oc-4d">
         <name>.debug_info</name>
         <load_address>0x7bab</load_address>
         <run_address>0x7bab</run_address>
         <size>0x46</size>
         <input_file_ref idref="fl-c6"/>
      </object_component>
      <object_component id="oc-141">
         <name>.debug_info</name>
         <load_address>0x7bf1</load_address>
         <run_address>0x7bf1</run_address>
         <size>0x2c</size>
         <input_file_ref idref="fl-c6"/>
      </object_component>
      <object_component id="oc-13f">
         <name>.debug_info</name>
         <load_address>0x7c1d</load_address>
         <run_address>0x7c1d</run_address>
         <size>0x29e</size>
         <input_file_ref idref="fl-c7"/>
      </object_component>
      <object_component id="oc-16">
         <name>.debug_info</name>
         <load_address>0x7ebb</load_address>
         <run_address>0x7ebb</run_address>
         <size>0x250</size>
         <input_file_ref idref="fl-c7"/>
      </object_component>
      <object_component id="oc-3d">
         <name>.debug_info</name>
         <load_address>0x810b</load_address>
         <run_address>0x810b</run_address>
         <size>0x60</size>
         <input_file_ref idref="fl-c7"/>
      </object_component>
      <object_component id="oc-1c3">
         <name>.debug_info</name>
         <load_address>0x816b</load_address>
         <run_address>0x816b</run_address>
         <size>0x46</size>
         <input_file_ref idref="fl-c7"/>
      </object_component>
      <object_component id="oc-13a">
         <name>.debug_info</name>
         <load_address>0x81b1</load_address>
         <run_address>0x81b1</run_address>
         <size>0x39</size>
         <input_file_ref idref="fl-c7"/>
      </object_component>
      <object_component id="oc-25">
         <name>.debug_info</name>
         <load_address>0x81ea</load_address>
         <run_address>0x81ea</run_address>
         <size>0x10b</size>
         <input_file_ref idref="fl-c8"/>
      </object_component>
      <object_component id="oc-67">
         <name>.debug_info</name>
         <load_address>0x82f5</load_address>
         <run_address>0x82f5</run_address>
         <size>0x1a9</size>
         <input_file_ref idref="fl-c8"/>
      </object_component>
      <object_component id="oc-29d">
         <name>.debug_info</name>
         <load_address>0x849e</load_address>
         <run_address>0x849e</run_address>
         <size>0x286</size>
         <input_file_ref idref="fl-c9"/>
      </object_component>
      <object_component id="oc-18a">
         <name>.debug_info</name>
         <load_address>0x8724</load_address>
         <run_address>0x8724</run_address>
         <size>0x182</size>
         <input_file_ref idref="fl-c9"/>
      </object_component>
      <object_component id="oc-345">
         <name>.debug_info</name>
         <load_address>0x88a6</load_address>
         <run_address>0x88a6</run_address>
         <size>0x46</size>
         <input_file_ref idref="fl-c9"/>
      </object_component>
      <object_component id="oc-29e">
         <name>.debug_info</name>
         <load_address>0x88ec</load_address>
         <run_address>0x88ec</run_address>
         <size>0x39</size>
         <input_file_ref idref="fl-c9"/>
      </object_component>
      <object_component id="oc-49">
         <name>.debug_info</name>
         <load_address>0x8925</load_address>
         <run_address>0x8925</run_address>
         <size>0x119</size>
         <input_file_ref idref="fl-ca"/>
      </object_component>
      <object_component id="oc-150">
         <name>.debug_info</name>
         <load_address>0x8a3e</load_address>
         <run_address>0x8a3e</run_address>
         <size>0x147</size>
         <input_file_ref idref="fl-cb"/>
      </object_component>
      <object_component id="oc-32e">
         <name>.debug_info</name>
         <load_address>0x8b85</load_address>
         <run_address>0x8b85</run_address>
         <size>0x4b3</size>
         <input_file_ref idref="fl-cc"/>
      </object_component>
      <object_component id="oc-262">
         <name>.debug_info</name>
         <load_address>0x9038</load_address>
         <run_address>0x9038</run_address>
         <size>0x1a6</size>
         <input_file_ref idref="fl-cc"/>
      </object_component>
      <object_component id="oc-3d4">
         <name>.debug_info</name>
         <load_address>0x91de</load_address>
         <run_address>0x91de</run_address>
         <size>0x39</size>
         <input_file_ref idref="fl-cc"/>
      </object_component>
      <object_component id="oc-408">
         <name>.debug_info</name>
         <load_address>0x9217</load_address>
         <run_address>0x9217</run_address>
         <size>0x39</size>
         <input_file_ref idref="fl-cc"/>
      </object_component>
      <object_component id="oc-3d9">
         <name>.debug_info</name>
         <load_address>0x9250</load_address>
         <run_address>0x9250</run_address>
         <size>0x39</size>
         <input_file_ref idref="fl-cc"/>
      </object_component>
      <object_component id="oc-3de">
         <name>.debug_info</name>
         <load_address>0x9289</load_address>
         <run_address>0x9289</run_address>
         <size>0xcd</size>
         <input_file_ref idref="fl-cc"/>
      </object_component>
      <object_component id="oc-158">
         <name>.debug_info</name>
         <load_address>0x9356</load_address>
         <run_address>0x9356</run_address>
         <size>0x153</size>
         <input_file_ref idref="fl-cd"/>
      </object_component>
      <object_component id="oc-255">
         <name>.debug_info</name>
         <load_address>0x94a9</load_address>
         <run_address>0x94a9</run_address>
         <size>0x122</size>
         <input_file_ref idref="fl-cf"/>
      </object_component>
      <object_component id="oc-2f9">
         <name>.debug_info</name>
         <load_address>0x95cb</load_address>
         <run_address>0x95cb</run_address>
         <size>0x464</size>
         <input_file_ref idref="fl-d2"/>
      </object_component>
      <object_component id="oc-2f6">
         <name>.debug_info</name>
         <load_address>0x9a2f</load_address>
         <run_address>0x9a2f</run_address>
         <size>0x167</size>
         <input_file_ref idref="fl-d2"/>
      </object_component>
      <object_component id="oc-227">
         <name>.debug_info</name>
         <load_address>0x9b96</load_address>
         <run_address>0x9b96</run_address>
         <size>0x27d</size>
         <input_file_ref idref="fl-d2"/>
      </object_component>
      <object_component id="oc-314">
         <name>.debug_info</name>
         <load_address>0x9e13</load_address>
         <run_address>0x9e13</run_address>
         <size>0x6bd</size>
         <input_file_ref idref="fl-d2"/>
      </object_component>
      <object_component id="oc-16e">
         <name>.debug_info</name>
         <load_address>0xa4d0</load_address>
         <run_address>0xa4d0</run_address>
         <size>0x18b</size>
         <input_file_ref idref="fl-d2"/>
      </object_component>
      <object_component id="oc-31a">
         <name>.debug_info</name>
         <load_address>0xa65b</load_address>
         <run_address>0xa65b</run_address>
         <size>0x364</size>
         <input_file_ref idref="fl-d3"/>
      </object_component>
      <object_component id="oc-243">
         <name>.debug_info</name>
         <load_address>0xa9bf</load_address>
         <run_address>0xa9bf</run_address>
         <size>0x2c2</size>
         <input_file_ref idref="fl-d3"/>
      </object_component>
      <object_component id="oc-248">
         <name>.debug_info</name>
         <load_address>0xac81</load_address>
         <run_address>0xac81</run_address>
         <size>0x2c2</size>
         <input_file_ref idref="fl-d3"/>
      </object_component>
      <object_component id="oc-3bf">
         <name>.debug_info</name>
         <load_address>0xaf43</load_address>
         <run_address>0xaf43</run_address>
         <size>0x299</size>
         <input_file_ref idref="fl-d3"/>
      </object_component>
      <object_component id="oc-31e">
         <name>.debug_info</name>
         <load_address>0xb1dc</load_address>
         <run_address>0xb1dc</run_address>
         <size>0x39f</size>
         <input_file_ref idref="fl-d3"/>
      </object_component>
      <object_component id="oc-24f">
         <name>.debug_info</name>
         <load_address>0xb57b</load_address>
         <run_address>0xb57b</run_address>
         <size>0x3dd</size>
         <input_file_ref idref="fl-d3"/>
      </object_component>
      <object_component id="oc-313">
         <name>.debug_info</name>
         <load_address>0xb958</load_address>
         <run_address>0xb958</run_address>
         <size>0x3d9</size>
         <input_file_ref idref="fl-d4"/>
      </object_component>
      <object_component id="oc-23c">
         <name>.debug_info</name>
         <load_address>0xbd31</load_address>
         <run_address>0xbd31</run_address>
         <size>0x284</size>
         <input_file_ref idref="fl-d4"/>
      </object_component>
      <object_component id="oc-309">
         <name>.debug_info</name>
         <load_address>0xbfb5</load_address>
         <run_address>0xbfb5</run_address>
         <size>0x51c</size>
         <input_file_ref idref="fl-d5"/>
      </object_component>
      <object_component id="oc-38f">
         <name>.debug_info</name>
         <load_address>0xc4d1</load_address>
         <run_address>0xc4d1</run_address>
         <size>0x2fe</size>
         <input_file_ref idref="fl-d5"/>
      </object_component>
      <object_component id="oc-3f4">
         <name>.debug_info</name>
         <load_address>0xc7cf</load_address>
         <run_address>0xc7cf</run_address>
         <size>0x315</size>
         <input_file_ref idref="fl-d5"/>
      </object_component>
      <object_component id="oc-3fa">
         <name>.debug_info</name>
         <load_address>0xcae4</load_address>
         <run_address>0xcae4</run_address>
         <size>0x34b</size>
         <input_file_ref idref="fl-d5"/>
      </object_component>
      <object_component id="oc-395">
         <name>.debug_info</name>
         <load_address>0xce2f</load_address>
         <run_address>0xce2f</run_address>
         <size>0x30a</size>
         <input_file_ref idref="fl-d5"/>
      </object_component>
      <object_component id="oc-389">
         <name>.debug_info</name>
         <load_address>0xd139</load_address>
         <run_address>0xd139</run_address>
         <size>0x341</size>
         <input_file_ref idref="fl-d5"/>
      </object_component>
      <object_component id="oc-3b0">
         <name>.debug_info</name>
         <load_address>0xd47a</load_address>
         <run_address>0xd47a</run_address>
         <size>0x254</size>
         <input_file_ref idref="fl-d5"/>
      </object_component>
      <object_component id="oc-303">
         <name>.debug_info</name>
         <load_address>0xd6ce</load_address>
         <run_address>0xd6ce</run_address>
         <size>0x2b6</size>
         <input_file_ref idref="fl-d5"/>
      </object_component>
      <object_component id="oc-39c">
         <name>.debug_info</name>
         <load_address>0xd984</load_address>
         <run_address>0xd984</run_address>
         <size>0x49a</size>
         <input_file_ref idref="fl-d5"/>
      </object_component>
      <object_component id="oc-2f1">
         <name>.debug_info</name>
         <load_address>0xde1e</load_address>
         <run_address>0xde1e</run_address>
         <size>0x4bd</size>
         <input_file_ref idref="fl-d5"/>
      </object_component>
      <object_component id="oc-230">
         <name>.debug_info</name>
         <load_address>0xe2db</load_address>
         <run_address>0xe2db</run_address>
         <size>0x28d</size>
         <input_file_ref idref="fl-d5"/>
      </object_component>
      <object_component id="oc-301">
         <name>.debug_info</name>
         <load_address>0xe568</load_address>
         <run_address>0xe568</run_address>
         <size>0x362</size>
         <input_file_ref idref="fl-d6"/>
      </object_component>
      <object_component id="oc-2fd">
         <name>.debug_info</name>
         <load_address>0xe8ca</load_address>
         <run_address>0xe8ca</run_address>
         <size>0x165</size>
         <input_file_ref idref="fl-d6"/>
      </object_component>
      <object_component id="oc-22c">
         <name>.debug_info</name>
         <load_address>0xea2f</load_address>
         <run_address>0xea2f</run_address>
         <size>0x158</size>
         <input_file_ref idref="fl-d6"/>
      </object_component>
      <object_component id="oc-402">
         <name>.debug_info</name>
         <load_address>0xeb87</load_address>
         <run_address>0xeb87</run_address>
         <size>0x3cd</size>
         <input_file_ref idref="fl-d7"/>
      </object_component>
      <object_component id="oc-3a4">
         <name>.debug_info</name>
         <load_address>0xef54</load_address>
         <run_address>0xef54</run_address>
         <size>0x2b1</size>
         <input_file_ref idref="fl-d7"/>
      </object_component>
      <object_component id="oc-173">
         <name>.debug_info</name>
         <load_address>0xf205</load_address>
         <run_address>0xf205</run_address>
         <size>0x23d</size>
         <input_file_ref idref="fl-d8"/>
      </object_component>
      <object_component id="oc-100">
         <name>.debug_info</name>
         <load_address>0xf442</load_address>
         <run_address>0xf442</run_address>
         <size>0x333</size>
         <input_file_ref idref="fl-d8"/>
      </object_component>
      <object_component id="oc-106">
         <name>.debug_info</name>
         <load_address>0xf775</load_address>
         <run_address>0xf775</run_address>
         <size>0x2a0</size>
         <input_file_ref idref="fl-d8"/>
      </object_component>
      <object_component id="oc-f4">
         <name>.debug_info</name>
         <load_address>0xfa15</load_address>
         <run_address>0xfa15</run_address>
         <size>0x2a2</size>
         <input_file_ref idref="fl-d8"/>
      </object_component>
      <object_component id="oc-8b">
         <name>.debug_info</name>
         <load_address>0xfcb7</load_address>
         <run_address>0xfcb7</run_address>
         <size>0x2ff</size>
         <input_file_ref idref="fl-d8"/>
      </object_component>
      <object_component id="oc-fa">
         <name>.debug_info</name>
         <load_address>0xffb6</load_address>
         <run_address>0xffb6</run_address>
         <size>0x326</size>
         <input_file_ref idref="fl-d8"/>
      </object_component>
      <object_component id="oc-7c">
         <name>.debug_info</name>
         <load_address>0x102dc</load_address>
         <run_address>0x102dc</run_address>
         <size>0x2a4</size>
         <input_file_ref idref="fl-d8"/>
      </object_component>
      <object_component id="oc-82">
         <name>.debug_info</name>
         <load_address>0x10580</load_address>
         <run_address>0x10580</run_address>
         <size>0x2e7</size>
         <input_file_ref idref="fl-d8"/>
      </object_component>
      <object_component id="oc-12e">
         <name>.debug_info</name>
         <load_address>0x10867</load_address>
         <run_address>0x10867</run_address>
         <size>0x296</size>
         <input_file_ref idref="fl-d8"/>
      </object_component>
      <object_component id="oc-91">
         <name>.debug_info</name>
         <load_address>0x10afd</load_address>
         <run_address>0x10afd</run_address>
         <size>0x294</size>
         <input_file_ref idref="fl-d8"/>
      </object_component>
      <object_component id="oc-ee">
         <name>.debug_info</name>
         <load_address>0x10d91</load_address>
         <run_address>0x10d91</run_address>
         <size>0x2ce</size>
         <input_file_ref idref="fl-d8"/>
      </object_component>
      <object_component id="oc-1e0">
         <name>.debug_info</name>
         <load_address>0x1105f</load_address>
         <run_address>0x1105f</run_address>
         <size>0x225</size>
         <input_file_ref idref="fl-d9"/>
      </object_component>
      <object_component id="oc-1db">
         <name>.debug_info</name>
         <load_address>0x11284</load_address>
         <run_address>0x11284</run_address>
         <size>0x20d</size>
         <input_file_ref idref="fl-d9"/>
      </object_component>
      <object_component id="oc-1a3">
         <name>.debug_info</name>
         <load_address>0x11491</load_address>
         <run_address>0x11491</run_address>
         <size>0x230</size>
         <input_file_ref idref="fl-da"/>
      </object_component>
      <object_component id="oc-2d1">
         <name>.debug_info</name>
         <load_address>0x116c1</load_address>
         <run_address>0x116c1</run_address>
         <size>0x15b</size>
         <input_file_ref idref="fl-da"/>
      </object_component>
      <object_component id="oc-367">
         <name>.debug_info</name>
         <load_address>0x1181c</load_address>
         <run_address>0x1181c</run_address>
         <size>0x2a3</size>
         <input_file_ref idref="fl-da"/>
      </object_component>
      <object_component id="oc-19d">
         <name>.debug_info</name>
         <load_address>0x11abf</load_address>
         <run_address>0x11abf</run_address>
         <size>0x2b3</size>
         <input_file_ref idref="fl-da"/>
      </object_component>
      <object_component id="oc-d8">
         <name>.debug_info</name>
         <load_address>0x11d72</load_address>
         <run_address>0x11d72</run_address>
         <size>0x316</size>
         <input_file_ref idref="fl-da"/>
      </object_component>
      <object_component id="oc-379">
         <name>.debug_info</name>
         <load_address>0x12088</load_address>
         <run_address>0x12088</run_address>
         <size>0x2a9</size>
         <input_file_ref idref="fl-da"/>
      </object_component>
      <object_component id="oc-1ec">
         <name>.debug_info</name>
         <load_address>0x12331</load_address>
         <run_address>0x12331</run_address>
         <size>0x2a9</size>
         <input_file_ref idref="fl-da"/>
      </object_component>
      <object_component id="oc-380">
         <name>.debug_info</name>
         <load_address>0x125da</load_address>
         <run_address>0x125da</run_address>
         <size>0x2b7</size>
         <input_file_ref idref="fl-da"/>
      </object_component>
      <object_component id="oc-d3">
         <name>.debug_info</name>
         <load_address>0x12891</load_address>
         <run_address>0x12891</run_address>
         <size>0x2b5</size>
         <input_file_ref idref="fl-da"/>
      </object_component>
      <object_component id="oc-df">
         <name>.debug_info</name>
         <load_address>0x12b46</load_address>
         <run_address>0x12b46</run_address>
         <size>0x2a9</size>
         <input_file_ref idref="fl-da"/>
      </object_component>
      <object_component id="oc-114">
         <name>.debug_info</name>
         <load_address>0x12def</load_address>
         <run_address>0x12def</run_address>
         <size>0x27b</size>
         <input_file_ref idref="fl-da"/>
      </object_component>
      <object_component id="oc-1f3">
         <name>.debug_info</name>
         <load_address>0x1306a</load_address>
         <run_address>0x1306a</run_address>
         <size>0x280</size>
         <input_file_ref idref="fl-da"/>
      </object_component>
      <object_component id="oc-197">
         <name>.debug_info</name>
         <load_address>0x132ea</load_address>
         <run_address>0x132ea</run_address>
         <size>0x20e</size>
         <input_file_ref idref="fl-db"/>
      </object_component>
      <object_component id="oc-199">
         <name>.debug_info</name>
         <load_address>0x134f8</load_address>
         <run_address>0x134f8</run_address>
         <size>0x210</size>
         <input_file_ref idref="fl-db"/>
      </object_component>
      <object_component id="oc-194">
         <name>.debug_info</name>
         <load_address>0x13708</load_address>
         <run_address>0x13708</run_address>
         <size>0x14e</size>
         <input_file_ref idref="fl-db"/>
      </object_component>
      <object_component id="oc-c6">
         <name>.debug_info</name>
         <load_address>0x13856</load_address>
         <run_address>0x13856</run_address>
         <size>0x2c9</size>
         <input_file_ref idref="fl-db"/>
      </object_component>
      <object_component id="oc-237">
         <name>.debug_info</name>
         <load_address>0x13b1f</load_address>
         <run_address>0x13b1f</run_address>
         <size>0x23e</size>
         <input_file_ref idref="fl-db"/>
      </object_component>
      <object_component id="oc-1d6">
         <name>.debug_info</name>
         <load_address>0x13d5d</load_address>
         <run_address>0x13d5d</run_address>
         <size>0x240</size>
         <input_file_ref idref="fl-db"/>
      </object_component>
      <object_component id="oc-ce">
         <name>.debug_info</name>
         <load_address>0x13f9d</load_address>
         <run_address>0x13f9d</run_address>
         <size>0x268</size>
         <input_file_ref idref="fl-db"/>
      </object_component>
      <object_component id="oc-2d5">
         <name>.debug_info</name>
         <load_address>0x14205</load_address>
         <run_address>0x14205</run_address>
         <size>0x1ed</size>
         <input_file_ref idref="fl-dc"/>
      </object_component>
      <object_component id="oc-20b">
         <name>.debug_info</name>
         <load_address>0x143f2</load_address>
         <run_address>0x143f2</run_address>
         <size>0x2f6</size>
         <input_file_ref idref="fl-dc"/>
      </object_component>
      <object_component id="oc-211">
         <name>.debug_info</name>
         <load_address>0x146e8</load_address>
         <run_address>0x146e8</run_address>
         <size>0x2c4</size>
         <input_file_ref idref="fl-dc"/>
      </object_component>
      <object_component id="oc-205">
         <name>.debug_info</name>
         <load_address>0x149ac</load_address>
         <run_address>0x149ac</run_address>
         <size>0x2b6</size>
         <input_file_ref idref="fl-dc"/>
      </object_component>
      <object_component id="oc-218">
         <name>.debug_info</name>
         <load_address>0x14c62</load_address>
         <run_address>0x14c62</run_address>
         <size>0x276</size>
         <input_file_ref idref="fl-dc"/>
      </object_component>
      <object_component id="oc-1ff">
         <name>.debug_info</name>
         <load_address>0x14ed8</load_address>
         <run_address>0x14ed8</run_address>
         <size>0x2b3</size>
         <input_file_ref idref="fl-dc"/>
      </object_component>
      <object_component id="oc-1f9">
         <name>.debug_info</name>
         <load_address>0x1518b</load_address>
         <run_address>0x1518b</run_address>
         <size>0x280</size>
         <input_file_ref idref="fl-dc"/>
      </object_component>
      <object_component id="oc-3e8">
         <name>.debug_info</name>
         <load_address>0x1540b</load_address>
         <run_address>0x1540b</run_address>
         <size>0x21c</size>
         <input_file_ref idref="fl-dd"/>
      </object_component>
      <object_component id="oc-373">
         <name>.debug_info</name>
         <load_address>0x15627</load_address>
         <run_address>0x15627</run_address>
         <size>0x242</size>
         <input_file_ref idref="fl-dd"/>
      </object_component>
      <object_component id="oc-35b">
         <name>.debug_info</name>
         <load_address>0x15869</load_address>
         <run_address>0x15869</run_address>
         <size>0x276</size>
         <input_file_ref idref="fl-dd"/>
      </object_component>
      <object_component id="oc-36d">
         <name>.debug_info</name>
         <load_address>0x15adf</load_address>
         <run_address>0x15adf</run_address>
         <size>0x3d9</size>
         <input_file_ref idref="fl-dd"/>
      </object_component>
      <object_component id="oc-361">
         <name>.debug_info</name>
         <load_address>0x15eb8</load_address>
         <run_address>0x15eb8</run_address>
         <size>0x242</size>
         <input_file_ref idref="fl-dd"/>
      </object_component>
      <object_component id="oc-17d">
         <name>.debug_info</name>
         <load_address>0x160fa</load_address>
         <run_address>0x160fa</run_address>
         <size>0x27f</size>
         <input_file_ref idref="fl-de"/>
      </object_component>
      <object_component id="oc-2c6">
         <name>.debug_info</name>
         <load_address>0x16379</load_address>
         <run_address>0x16379</run_address>
         <size>0x14d</size>
         <input_file_ref idref="fl-de"/>
      </object_component>
      <object_component id="oc-2c9">
         <name>.debug_info</name>
         <load_address>0x164c6</load_address>
         <run_address>0x164c6</run_address>
         <size>0x159</size>
         <input_file_ref idref="fl-de"/>
      </object_component>
      <object_component id="oc-34c">
         <name>.debug_info</name>
         <load_address>0x1661f</load_address>
         <run_address>0x1661f</run_address>
         <size>0x153</size>
         <input_file_ref idref="fl-de"/>
      </object_component>
      <object_component id="oc-2cc">
         <name>.debug_info</name>
         <load_address>0x16772</load_address>
         <run_address>0x16772</run_address>
         <size>0x160</size>
         <input_file_ref idref="fl-de"/>
      </object_component>
      <object_component id="oc-99">
         <name>.debug_info</name>
         <load_address>0x168d2</load_address>
         <run_address>0x168d2</run_address>
         <size>0x27d</size>
         <input_file_ref idref="fl-de"/>
      </object_component>
      <object_component id="oc-2ba">
         <name>.debug_info</name>
         <load_address>0x16b4f</load_address>
         <run_address>0x16b4f</run_address>
         <size>0x270</size>
         <input_file_ref idref="fl-de"/>
      </object_component>
      <object_component id="oc-2c0">
         <name>.debug_info</name>
         <load_address>0x16dbf</load_address>
         <run_address>0x16dbf</run_address>
         <size>0x2ba</size>
         <input_file_ref idref="fl-de"/>
      </object_component>
      <object_component id="oc-1e6">
         <name>.debug_info</name>
         <load_address>0x17079</load_address>
         <run_address>0x17079</run_address>
         <size>0x4ce</size>
         <input_file_ref idref="fl-de"/>
      </object_component>
      <object_component id="oc-295">
         <name>.debug_info</name>
         <load_address>0x17547</load_address>
         <run_address>0x17547</run_address>
         <size>0x5f</size>
         <input_file_ref idref="fl-de"/>
      </object_component>
      <object_component id="oc-17f">
         <name>.debug_info</name>
         <load_address>0x175a6</load_address>
         <run_address>0x175a6</run_address>
         <size>0x228</size>
         <input_file_ref idref="fl-df"/>
      </object_component>
      <object_component id="oc-b4">
         <name>.debug_info</name>
         <load_address>0x177ce</load_address>
         <run_address>0x177ce</run_address>
         <size>0x2ba</size>
         <input_file_ref idref="fl-df"/>
      </object_component>
      <object_component id="oc-ba">
         <name>.debug_info</name>
         <load_address>0x17a88</load_address>
         <run_address>0x17a88</run_address>
         <size>0x294</size>
         <input_file_ref idref="fl-df"/>
      </object_component>
      <object_component id="oc-10d">
         <name>.debug_info</name>
         <load_address>0x17d1c</load_address>
         <run_address>0x17d1c</run_address>
         <size>0x292</size>
         <input_file_ref idref="fl-df"/>
      </object_component>
      <object_component id="oc-c0">
         <name>.debug_info</name>
         <load_address>0x17fae</load_address>
         <run_address>0x17fae</run_address>
         <size>0x27f</size>
         <input_file_ref idref="fl-df"/>
      </object_component>
      <object_component id="oc-9f">
         <name>.debug_info</name>
         <load_address>0x1822d</load_address>
         <run_address>0x1822d</run_address>
         <size>0x281</size>
[...]
      </symbol>
      <symbol id="sm-e">
         <name>__TI_prof_data_start</name>
         <value>0xffffffff</value>
      </symbol>
      <symbol id="sm-f">
         <name>__TI_prof_data_size</name>
         <value>0xffffffff</value>
      </symbol>
      <symbol id="sm-92">
         <name>Lcd_Orientation</name>
         <value>0x20009094</value>
      </symbol>
      <symbol id="sm-93">
         <name>Lcd_ScreenWidth</name>
         <value>0x2000908e</value>
      </symbol>
      <symbol id="sm-94">
         <name>Lcd_ScreenHeigth</name>
         <value>0x2000908c</value>
      </symbol>
      <symbol id="sm-95">
         <name>Lcd_PenSolid</name>
         <value>0x20009095</value>
      </symbol>
      <symbol id="sm-96">
         <name>Lcd_FontSolid</name>
         <value>0x20009093</value>
      </symbol>
      <symbol id="sm-97">
         <name>Lcd_FlagRead</name>
         <value>0x20009092</value>
      </symbol>
      <symbol id="sm-98">
         <name>Lcd_TouchTrim</name>
         <value>0x20009090</value>
      </symbol>
      <symbol id="sm-99">
         <name>Lcd_buffer</name>
         <value>0x20000000</value>
         <object_component_ref idref="oc-2e2"/>
      </symbol>
      <symbol id="sm-9a">
         <name>Crystalfontz128x128_SetDrawFrame</name>
         <value>0x6a1</value>
         <object_component_ref idref="oc-21b"/>
      </symbol>
      <symbol id="sm-9b">
         <name>Crystalfontz128x128_SetOrientation</name>
         <value>0x659</value>
         <object_component_ref idref="oc-21b"/>
      </symbol>
      <symbol id="sm-9c">
         <name>g_sCrystalfontz128x128</name>
         <value>0x2ac4</value>
         <object_component_ref idref="oc-222"/>
      </symbol>
      <symbol id="sm-9d">
         <name>Crystalfontz128x128_Init</name>
         <value>0x981</value>
         <object_component_ref idref="oc-21b"/>
      </symbol>
      <symbol id="sm-af">
         <name>HAL_LCD_writeData</name>
         <value>0x1181</value>
         <object_component_ref idref="oc-2dc"/>
      </symbol>
      <symbol id="sm-b0">
         <name>HAL_LCD_SpiInit</name>
         <value>0x11e1</value>
         <object_component_ref idref="oc-2dc"/>
      </symbol>
      <symbol id="sm-b1">
         <name>HAL_LCD_PortInit</name>
         <value>0x1271</value>
         <object_component_ref idref="oc-2dc"/>
      </symbol>
      <symbol id="sm-b2">
         <name>HAL_LCD_writeCommand</name>
         <value>0x1191</value>
         <object_component_ref idref="oc-2dc"/>
      </symbol>
      <symbol id="sm-e5">
         <name>gADCSamplingRate</name>
         <value>0x20009080</value>
      </symbol>
      <symbol id="sm-e6">
         <name>ButtonDebounce</name>
         <value>0x4b1</value>
         <object_component_ref idref="oc-2d"/>
      </symbol>
      <symbol id="sm-e7">
         <name>ButtonReadJoystick</name>
         <value>0x209</value>
         <object_component_ref idref="oc-2d"/>
      </symbol>
      <symbol id="sm-e8">
         <name>ButtonAutoRepeat</name>
         <value>0x521</value>
         <object_component_ref idref="oc-2d"/>
      </symbol>
      <symbol id="sm-e9">
         <name>gButtons</name>
         <value>0x20008034</value>
         <object_component_ref idref="oc-95"/>
      </symbol>
      <symbol id="sm-ea">
         <name>ButtonISR</name>
         <value>0x5a1</value>
         <object_component_ref idref="oc-2d"/>
      </symbol>
      <symbol id="sm-eb">
         <name>ButtonInit</name>
         <value>0x2e9</value>
         <object_component_ref idref="oc-2d"/>
      </symbol>
      <symbol id="sm-ec">
         <name>gJoystick</name>
         <value>0x20008024</value>
         <object_component_ref idref="oc-86"/>
      </symbol>
      <symbol id="sm-104">
         <name>gSystemClock</name>
         <value>0x20009084</value>
      </symbol>
      <symbol id="sm-105">
         <name>sContext</name>
         <value>0x20009040</value>
      </symbol>
      <symbol id="sm-106">
         <name>gTime</name>
         <value>0x2000803c</value>
         <object_component_ref idref="oc-118"/>
      </symbol>
      <symbol id="sm-107">
         <name>main</name>
         <value>0xa49</value>
         <object_component_ref idref="oc-15b"/>
      </symbol>
      <symbol id="sm-124">
         <name>gADCBuffer</name>
         <value>0x20008040</value>
      </symbol>
      <symbol id="sm-125">
         <name>gADCBufferIndex</name>
         <value>0x2000802c</value>
         <object_component_ref idref="oc-126"/>
      </symbol>
      <symbol id="sm-126">
         <name>ADC_ISR</name>
         <value>0x1431</value>
         <object_component_ref idref="oc-33"/>
      </symbol>
      <symbol id="sm-127">
         <name>ADCSAMPLER</name>
         <value>0x1481</value>
         <object_component_ref idref="oc-33"/>
      </symbol>
      <symbol id="sm-128">
         <name>gADCErrors</name>
         <value>0x20008030</value>
         <object_component_ref idref="oc-126"/>
      </symbol>
      <symbol id="sm-129">
         <name>ADCInit</name>
         <value>0x1491</value>
         <object_component_ref idref="oc-33"/>
      </symbol>
      <symbol id="sm-133">
         <name>SysCtlFrequencyGet</name>
         <value>0x1d11</value>
         <object_component_ref idref="oc-e3"/>
      </symbol>
      <symbol id="sm-14f">
         <name>ResetISR</name>
         <value>0x21a1</value>
         <object_component_ref idref="oc-27"/>
      </symbol>
      <symbol id="sm-150">
         <name>g_pfnVectors</name>
         <value>0x0</value>
         <object_component_ref idref="oc-12"/>
      </symbol>
      <symbol id="sm-15f">
         <name>roundf</name>
         <value>0x1a65</value>
         <object_component_ref idref="oc-ad"/>
      </symbol>
      <symbol id="sm-176">
         <name>__TI_zero_init</name>
         <value>0x2355</value>
         <object_component_ref idref="oc-59"/>
      </symbol>
      <symbol id="sm-18d">
         <name>__TI_decompress_none</name>
         <value>0x2323</value>
         <object_component_ref idref="oc-1b"/>
      </symbol>
      <symbol id="sm-1b0">
         <name>__TI_decompress_lzss</name>
         <value>0x1ba5</value>
         <object_component_ref idref="oc-15"/>
      </symbol>
      <symbol id="sm-1c3">
         <name>__stack</name>
         <value>0x20009098</value>
         <object_component_ref idref="oc-24"/>
      </symbol>
      <symbol id="sm-1c4">
         <name>_c_int00_noargs</name>
         <value>0x1fdd</value>
         <object_component_ref idref="oc-65"/>
      </symbol>
      <symbol id="sm-1e6">
         <name>floorf</name>
         <value>0x18f1</value>
         <object_component_ref idref="oc-188"/>
      </symbol>
      <symbol id="sm-201">
         <name>memcpy</name>
         <value>0x17cf</value>
         <object_component_ref idref="oc-47"/>
      </symbol>
      <symbol id="sm-202">
         <name>__aeabi_memcpy</name>
         <value>0x17cf</value>
         <object_component_ref idref="oc-47"/>
      </symbol>
      <symbol id="sm-203">
         <name>__aeabi_memcpy8</name>
         <value>0x17cf</value>
         <object_component_ref idref="oc-47"/>
      </symbol>
      <symbol id="sm-204">
         <name>__aeabi_memcpy4</name>
         <value>0x17cf</value>
         <object_component_ref idref="oc-47"/>
      </symbol>
      <symbol id="sm-213">
         <name>__aeabi_memset</name>
         <value>0x19ed</value>
         <object_component_ref idref="oc-14f"/>
      </symbol>
      <symbol id="sm-214">
         <name>memset</name>
         <value>0x19f3</value>
         <object_component_ref idref="oc-14f"/>
      </symbol>
      <symbol id="sm-215">
         <name>__aeabi_memset8</name>
         <value>0x19ed</value>
         <object_component_ref idref="oc-14f"/>
      </symbol>
      <symbol id="sm-216">
         <name>__aeabi_memset4</name>
         <value>0x19ed</value>
         <object_component_ref idref="oc-14f"/>
      </symbol>
      <symbol id="sm-217">
         <name>__aeabi_memclr8</name>
         <value>0x19eb</value>
         <object_component_ref idref="oc-14f"/>
      </symbol>
      <symbol id="sm-218">
         <name>__aeabi_memclr4</name>
         <value>0x19eb</value>
         <object_component_ref idref="oc-14f"/>
      </symbol>
      <symbol id="sm-219">
         <name>__aeabi_memclr</name>
         <value>0x19eb</value>
         <object_component_ref idref="oc-14f"/>
      </symbol>
      <symbol id="sm-241">
         <name>__TI_auto_init_nobinit_nopinit</name>
         <value>0x1e79</value>
         <object_component_ref idref="oc-25f"/>
      </symbol>
      <symbol id="sm-24b">
         <name>_system_pre_init</name>
         <value>0x219d</value>
         <object_component_ref idref="oc-155"/>
      </symbol>
      <symbol id="sm-257">
         <name>C$$EXIT</name>
         <value>0x23a9</value>
         <object_component_ref idref="oc-253"/>
      </symbol>
      <symbol id="sm-258">
         <name>abort</name>
         <value>0x23a9</value>
         <object_component_ref idref="oc-253"/>
      </symbol>
      <symbol id="sm-27f">
         <name>GrContextInit</name>
         <value>0x1ad5</value>
         <object_component_ref idref="oc-225"/>
      </symbol>
      <symbol id="sm-280">
         <name>g_psDefaultCodePointMapTable</name>
         <value>0x2aec</value>
         <object_component_ref idref="oc-2f5"/>
      </symbol>
      <symbol id="sm-2c4">
         <name>GrLineDrawH</name>
         <value>0x1ded</value>
         <object_component_ref idref="oc-246"/>
      </symbol>
      <symbol id="sm-2c5">
         <name>GrLineDrawV</name>
         <value>0x1e33</value>
         <object_component_ref idref="oc-240"/>
      </symbol>
      <symbol id="sm-2c6">
         <name>GrLineDraw</name>
         <value>0x1545</value>
         <object_component_ref idref="oc-24c"/>
      </symbol>
      <symbol id="sm-2d4">
         <name>GrRectFill</name>
         <value>0x186b</value>
         <object_component_ref idref="oc-23a"/>
      </symbol>
      <symbol id="sm-35a">
         <name>GrFontInfoGet</name>
         <value>0x2097</value>
         <object_component_ref idref="oc-388"/>
      </symbol>
      <symbol id="sm-35b">
         <name>GrDefaultStringRenderer</name>
         <value>0x164b</value>
         <object_component_ref idref="oc-2ef"/>
      </symbol>
      <symbol id="sm-35c">
         <name>GrFontGlyphRender</name>
         <value>0xd23</value>
         <object_component_ref idref="oc-39a"/>
      </symbol>
      <symbol id="sm-35d">
         <name>GrContextFontSet</name>
         <value>0x239d</value>
         <object_component_ref idref="oc-22e"/>
      </symbol>
      <symbol id="sm-35e">
         <name>GrFontGlyphDataGet</name>
         <value>0x20e1</value>
         <object_component_ref idref="oc-394"/>
      </symbol>
      <symbol id="sm-35f">
         <name>GrFontCodepageGet</name>
         <value>0x2143</value>
         <object_component_ref idref="oc-3af"/>
      </symbol>
      <symbol id="sm-360">
         <name>GrStringNextCharGet</name>
         <value>0x203f</value>
         <object_component_ref idref="oc-38e"/>
      </symbol>
      <symbol id="sm-372">
         <name>g_sFontFixed6x8</name>
         <value>0x27c4</value>
         <object_component_ref idref="oc-22b"/>
      </symbol>
      <symbol id="sm-37f">
         <name>GrMapISO8859_1_Unicode</name>
         <value>0x237f</value>
         <object_component_ref idref="oc-3a1"/>
      </symbol>
      <symbol id="sm-3dc">
         <name>ADCProcessorTrigger</name>
         <value>0x21d3</value>
         <object_component_ref idref="oc-7a"/>
      </symbol>
      <symbol id="sm-3dd">
         <name>ADCSequenceEnable</name>
         <value>0x2307</value>
         <object_component_ref idref="oc-104"/>
      </symbol>
      <symbol id="sm-3de">
         <name>ADCSequenceConfigure</name>
         <value>0x1ebd</value>
         <object_component_ref idref="oc-f8"/>
      </symbol>
      <symbol id="sm-3df">
         <name>ADCIntEnable</name>
         <value>0x2299</value>
         <object_component_ref idref="oc-12c"/>
      </symbol>
      <symbol id="sm-3e0">
         <name>ADCSequenceStepConfigure</name>
         <value>0x1971</value>
         <object_component_ref idref="oc-fe"/>
      </symbol>
      <symbol id="sm-3e1">
         <name>ADCIntClear</name>
         <value>0x2361</value>
         <object_component_ref idref="oc-8f"/>
      </symbol>
      <symbol id="sm-3e2">
         <name>ADCIntStatus</name>
         <value>0x2011</value>
         <object_component_ref idref="oc-80"/>
      </symbol>
      <symbol id="sm-3e3">
         <name>ADCSequenceDisable</name>
         <value>0x22f9</value>
         <object_component_ref idref="oc-f2"/>
      </symbol>
      <symbol id="sm-3e4">
         <name>ADCClockConfigSet</name>
         <value>0x21bb</value>
         <object_component_ref idref="oc-ec"/>
      </symbol>
      <symbol id="sm-3e5">
         <name>ADCSequenceDataGet</name>
         <value>0x2125</value>
         <object_component_ref idref="oc-89"/>
      </symbol>
      <symbol id="sm-3fb">
         <name>FPULazyStackingEnable</name>
         <value>0x22b9</value>
         <object_component_ref idref="oc-1df"/>
      </symbol>
      <symbol id="sm-3fc">
         <name>FPUEnable</name>
         <value>0x22a9</value>
         <object_component_ref idref="oc-1d9"/>
      </symbol>
      <symbol id="sm-45e">
         <name>GPIOPinTypePWM</name>
         <value>0x2251</value>
         <object_component_ref idref="oc-1eb"/>
      </symbol>
      <symbol id="sm-45f">
         <name>GPIOPinConfigure</name>
         <value>0x1d5d</value>
         <object_component_ref idref="oc-1f1"/>
      </symbol>
      <symbol id="sm-460">
         <name>GPIOPinTypeADC</name>
         <value>0x222d</value>
         <object_component_ref idref="oc-dd"/>
      </symbol>
      <symbol id="sm-461">
         <name>GPIOPinTypeGPIOInput</name>
         <value>0x223f</value>
         <object_component_ref idref="oc-d1"/>
      </symbol>
      <symbol id="sm-462">
         <name>GPIOPinTypeGPIOOutput</name>
         <value>0x21eb</value>
         <object_component_ref idref="oc-37e"/>
      </symbol>
      <symbol id="sm-463">
         <name>GPIOPinRead</name>
         <value>0x653</value>
         <object_component_ref idref="oc-112"/>
      </symbol>
      <symbol id="sm-464">
         <name>GPIODirModeSet</name>
         <value>0x206d</value>
         <object_component_ref idref="oc-19c"/>
      </symbol>
      <symbol id="sm-465">
         <name>GPIOPinWrite</name>
         <value>0x2397</value>
         <object_component_ref idref="oc-366"/>
      </symbol>
      <symbol id="sm-466">
         <name>GPIOPadConfigSet</name>
         <value>0x12ff</value>
         <object_component_ref idref="oc-d7"/>
      </symbol>
      <symbol id="sm-467">
         <name>GPIOPinTypeSSI</name>
         <value>0x2263</value>
         <object_component_ref idref="oc-378"/>
      </symbol>
      <symbol id="sm-4b1">
         <name>IntPrioritySet</name>
         <value>0x20bd</value>
         <object_component_ref idref="oc-c5"/>
      </symbol>
      <symbol id="sm-4b2">
         <name>IntEnable</name>
         <value>0x1b3d</value>
         <object_component_ref idref="oc-cb"/>
      </symbol>
      <symbol id="sm-4b3">
         <name>IntMasterDisable</name>
         <value>0x22c9</value>
         <object_component_ref idref="oc-1d3"/>
      </symbol>
      <symbol id="sm-4b4">
         <name>IntMasterEnable</name>
         <value>0x22d9</value>
         <object_component_ref idref="oc-234"/>
      </symbol>
      <symbol id="sm-4eb">
         <name>PWMGenPeriodSet</name>
         <value>0x22e9</value>
         <object_component_ref idref="oc-203"/>
      </symbol>
      <symbol id="sm-4ec">
         <name>PWMClockSet</name>
         <value>0x2205</value>
         <object_component_ref idref="oc-1f7"/>
      </symbol>
      <symbol id="sm-4ed">
         <name>PWMPulseWidthSet</name>
         <value>0x2161</value>
         <object_component_ref idref="oc-209"/>
      </symbol>
      <symbol id="sm-4ee">
         <name>PWMOutputState</name>
         <value>0x2275</value>
         <object_component_ref idref="oc-20f"/>
      </symbol>
      <symbol id="sm-4ef">
         <name>PWMGenEnable</name>
         <value>0x2349</value>
         <object_component_ref idref="oc-215"/>
      </symbol>
      <symbol id="sm-4f0">
         <name>PWMGenConfigure</name>
         <value>0x2103</value>
         <object_component_ref idref="oc-1fd"/>
      </symbol>
      <symbol id="sm-517">
         <name>SSIDataPut</name>
         <value>0x236b</value>
         <object_component_ref idref="oc-35a"/>
      </symbol>
      <symbol id="sm-518">
         <name>SSIConfigSetExpClk</name>
         <value>0x1efb</value>
         <object_component_ref idref="oc-36c"/>
      </symbol>
      <symbol id="sm-519">
         <name>SSIEnable</name>
         <value>0x2375</value>
         <object_component_ref idref="oc-372"/>
      </symbol>
      <symbol id="sm-51a">
         <name>SSIBusy</name>
         <value>0x2387</value>
         <object_component_ref idref="oc-360"/>
      </symbol>
      <symbol id="sm-58a">
         <name>SysCtlDelay</name>
         <value>0x23a3</value>
         <object_component_ref idref="oc-2e5"/>
      </symbol>
      <symbol id="sm-58b">
         <name>SysCtlPeripheralEnable</name>
         <value>0x1fa9</value>
         <object_component_ref idref="oc-98"/>
      </symbol>
      <symbol id="sm-58c">
         <name>SysCtlClockFreqSet</name>
         <value>0xf79</value>
         <object_component_ref idref="oc-1e5"/>
      </symbol>
      <symbol id="sm-5ca">
         <name>TimerLoadSet</name>
         <value>0x2287</value>
         <object_component_ref idref="oc-b3"/>
      </symbol>
      <symbol id="sm-5cb">
         <name>TimerDisable</name>
         <value>0x2219</value>
         <object_component_ref idref="oc-9e"/>
      </symbol>
      <symbol id="sm-5cc">
         <name>TimerEnable</name>
         <value>0x2315</value>
         <object_component_ref idref="oc-bf"/>
      </symbol>
      <symbol id="sm-5cd">
         <name>TimerIntEnable</name>
         <value>0x238f</value>
         <object_component_ref idref="oc-b9"/>
      </symbol>
      <symbol id="sm-5ce">
         <name>TimerConfigure</name>
         <value>0x1c0d</value>
         <object_component_ref idref="oc-a4"/>
      </symbol>
      <symbol id="sm-5cf">
         <name>TimerIntClear</name>
         <value>0x117d</value>
         <object_component_ref idref="oc-10c"/>
      </symbol>
      <symbol id="sm-5e1">
         <name>CPUcpsie</name>
         <value>0x233d</value>
         <object_component_ref idref="oc-30b"/>
      </symbol>
      <symbol id="sm-5e2">
         <name>CPUcpsid</name>
         <value>0x2331</value>
         <object_component_ref idref="oc-2b0"/>
      </symbol>
      <symbol id="sm-5e3">
         <name>__TI_static_base__</name>
         <value>0x0</value>
      </symbol>
      <symbol id="sm-5e6">
         <name>__mpu_init</name>
         <value>0x0</value>
      </symbol>
      <symbol id="sm-5e7">
         <name>_system_post_cinit</name>
         <value>0x0</value>
      </symbol>
   </symbol_table>
   <title>Link successful</title>
</link_info>
