******************************************************************************
                  TI ARM Linker PC v20.2.6                     
******************************************************************************
>> Linked Thu Mar 28 12:04:56 2024

OUTPUT FILE NAME:   <ece3849_lab1_rjcroesball_wtfolan.out>
ENTRY POINT SYMBOL: "_c_int00_noargs"  address: 00001fdd


MEMORY CONFIGURATION

         name            origin    length      used     unused   attr    fill
----------------------  --------  ---------  --------  --------  ----  --------
  FLASH                 00000000   00100000  00002b44  000fd4bc  R  X
  SRAM                  20000000   00040000  00009896  0003676a  RW X


SEGMENT ALLOCATION MAP

run origin  load origin   length   init length attrs members
----------  ----------- ---------- ----------- ----- -------
00000000    00000000    00002b48   00002b48    r-x
  00000000    00000000    00000208   00000208    r-- .intvecs
  00000208    00000208    000021a4   000021a4    r-x .text
  000023ac    000023ac    00000758   00000758    r-- .const
  00002b08    00002b08    00000040   00000040    r-- .cinit
20000000    20000000    00009898   00000000    rw-
  20000000    20000000    00008040   00000000    rw- .data
  20008040    20008040    00001056   00000000    rw- .bss
  20009098    20009098    00000800   00000000    rw- .stack


SECTION ALLOCATION MAP

 output                                  attributes/
section   page    origin      length       input sections
--------  ----  ----------  ----------   ----------------
.intvecs   0    00000000    00000208     
                  00000000    00000208     tm4c1294ncpdt_startup_ccs.obj (.intvecs)

.text      0    00000208    000021a4     
                  00000208    0000044a     buttons.obj (.text)
                  00000652    00000006     driverlib.lib : gpio.obj (.text:GPIOPinRead)
                  00000658    000003f0     Crystalfontz128x128_ST7735.obj (.text)
                  00000a48    000002da     main.obj (.text)
                  00000d22    00000256     grlib.lib : string.obj (.text:GrFontGlyphRender)
                  00000f78    00000204     driverlib.lib : sysctl.obj (.text:SysCtlClockFreqSet)
                  0000117c    00000004                   : timer.obj (.text:TimerIntClear)
                  00001180    0000017e     HAL_EK_TM4C1294XL_Crystalfontz128x128_ST7735.obj (.text)
                  000012fe    00000130     driverlib.lib : gpio.obj (.text:GPIOPadConfigSet)
                  0000142e    00000002     --HOLE-- [fill = 0]
                  00001430    00000114     sampling.obj (.text)
                  00001544    00000106     grlib.lib : line.obj (.text:GrLineDraw)
                  0000164a    000000c4               : string.obj (.text:GrDefaultStringRenderer)
                  0000170e    000000c0               : line.obj (.text:GrLineClip)
                  000017ce    0000009c     rtsv7M4_T_le_v4SPD16_eabi.lib : memcpy_t2.asm.obj (.text)
                  0000186a    00000086     grlib.lib : rectangle.obj (.text:GrRectFill)
                  000018f0    00000080     rtsv7M4_T_le_v4SPD16_eabi.lib : s_floorf.c.obj (.text:floorf)
                  00001970    0000007a     driverlib.lib : adc.obj (.text:ADCSequenceStepConfigure)
                  000019ea    0000007a     rtsv7M4_T_le_v4SPD16_eabi.lib : memset_t2.asm.obj (.text)
                  00001a64    0000006e                                   : s_roundf.c.obj (.text:roundf)
                  00001ad2    00000002     --HOLE-- [fill = 0]
                  00001ad4    00000068     grlib.lib : context.obj (.text:GrContextInit)
                  00001b3c    00000068     driverlib.lib : interrupt.obj (.text:IntEnable)
                  00001ba4    00000068     rtsv7M4_T_le_v4SPD16_eabi.lib : copy_decompress_lzss.c.obj (.text:decompress:lzss:__TI_decompress_lzss)
                  00001c0c    00000060     driverlib.lib : timer.obj (.text:TimerConfigure)
                  00001c6c    0000005a     grlib.lib : string.obj (.text:FontWideGlyphDataGet)
                  00001cc6    0000004a               : string.obj (.text:UpdateContextCharMapping)
                  00001d10    0000004a     sysctl_pll.obj (.text)
                  00001d5a    00000002     --HOLE-- [fill = 0]
                  00001d5c    00000048     driverlib.lib : gpio.obj (.text:GPIOPinConfigure)
                  00001da4    00000048                   : sysctl.obj (.text:_SysCtlFrequencyGet)
                  00001dec    00000046     grlib.lib : line.obj (.text:GrLineDrawH)
                  00001e32    00000046               : line.obj (.text:GrLineDrawV)
                  00001e78    00000044     rtsv7M4_T_le_v4SPD16_eabi.lib : autoinit.c.obj (.text:__TI_auto_init_nobinit_nopinit:__TI_auto_init_nobinit_nopinit)
                  00001ebc    0000003e     driverlib.lib : adc.obj (.text:ADCSequenceConfigure)
                  00001efa    0000003c                   : ssi.obj (.text:SSIConfigSetExpClk)
                  00001f36    0000003a     grlib.lib : string.obj (.text:FontGlyphDataGet)
                  00001f70    00000036               : line.obj (.text:GrClipCodeGet)
                  00001fa6    00000002     --HOLE-- [fill = 0]
                  00001fa8    00000034     driverlib.lib : sysctl.obj (.text:SysCtlPeripheralEnable)
                  00001fdc    00000034     rtsv7M4_T_le_v4SPD16_eabi.lib : boot_cortex_m.c.obj (.text:_c_int00_noargs:_c_int00_noargs)
                  00002010    0000002e     driverlib.lib : adc.obj (.text:ADCIntStatus)
                  0000203e    0000002e     grlib.lib : string.obj (.text:GrStringNextCharGet)
                  0000206c    0000002a     driverlib.lib : gpio.obj (.text:GPIODirModeSet)
                  00002096    00000026     grlib.lib : string.obj (.text:GrFontInfoGet)
                  000020bc    00000024     driverlib.lib : interrupt.obj (.text:IntPrioritySet)
                  000020e0    00000022     grlib.lib : string.obj (.text:GrFontGlyphDataGet)
                  00002102    00000022     driverlib.lib : pwm.obj (.text:PWMGenConfigure)
                  00002124    0000001e                   : adc.obj (.text:ADCSequenceDataGet)
                  00002142    0000001e     grlib.lib : string.obj (.text:GrFontCodepageGet)
                  00002160    0000001e     driverlib.lib : pwm.obj (.text:PWMPulseWidthSet)
                  0000217e    00000002     --HOLE-- [fill = 0]
                  00002180    0000001c                   : sysctl.obj (.text:_SysCtlMemTimingGet)
                  0000219c    00000004     rtsv7M4_T_le_v4SPD16_eabi.lib : pre_init.c.obj (.text:_system_pre_init)
                  000021a0    0000001a     tm4c1294ncpdt_startup_ccs.obj (.text)
                  000021ba    00000018     driverlib.lib : adc.obj (.text:ADCClockConfigSet)
                  000021d2    00000018                   : adc.obj (.text:ADCProcessorTrigger)
                  000021ea    00000018                   : gpio.obj (.text:GPIOPinTypeGPIOOutput)
                  00002202    00000002     --HOLE-- [fill = 0]
                  00002204    00000014                   : pwm.obj (.text:PWMClockSet)
                  00002218    00000014                   : timer.obj (.text:TimerDisable)
                  0000222c    00000012                   : gpio.obj (.text:GPIOPinTypeADC)
                  0000223e    00000012                   : gpio.obj (.text:GPIOPinTypeGPIOInput)
                  00002250    00000012                   : gpio.obj (.text:GPIOPinTypePWM)
                  00002262    00000012                   : gpio.obj (.text:GPIOPinTypeSSI)
                  00002274    00000012                   : pwm.obj (.text:PWMOutputState)
                  00002286    00000012                   : timer.obj (.text:TimerLoadSet)
                  00002298    00000010                   : adc.obj (.text:ADCIntEnable)
                  000022a8    00000010                   : fpu.obj (.text:FPUEnable)
                  000022b8    00000010                   : fpu.obj (.text:FPULazyStackingEnable)
                  000022c8    00000010                   : interrupt.obj (.text:IntMasterDisable)
                  000022d8    00000010                   : interrupt.obj (.text:IntMasterEnable)
                  000022e8    00000010                   : pwm.obj (.text:PWMGenPeriodSet)
                  000022f8    0000000e                   : adc.obj (.text:ADCSequenceDisable)
                  00002306    0000000e                   : adc.obj (.text:ADCSequenceEnable)
                  00002314    0000000e                   : timer.obj (.text:TimerEnable)
                  00002322    0000000e     rtsv7M4_T_le_v4SPD16_eabi.lib : copy_decompress_none.c.obj (.text:decompress:none:__TI_decompress_none)
                  00002330    0000000c     driverlib.lib : cpu.obj (.text:CPUcpsid)
                  0000233c    0000000c                   : cpu.obj (.text:CPUcpsie)
                  00002348    0000000c                   : pwm.obj (.text:PWMGenEnable)
                  00002354    0000000c     rtsv7M4_T_le_v4SPD16_eabi.lib : copy_zero_init.c.obj (.text:decompress:ZI:__TI_zero_init)
                  00002360    0000000a     driverlib.lib : adc.obj (.text:ADCIntClear)
                  0000236a    0000000a                   : ssi.obj (.text:SSIDataPut)
                  00002374    0000000a                   : ssi.obj (.text:SSIEnable)
                  0000237e    00000008     grlib.lib : charmap.obj (.text:GrMapISO8859_1_Unicode)
                  00002386    00000008     driverlib.lib : ssi.obj (.text:SSIBusy)
                  0000238e    00000008                   : timer.obj (.text:TimerIntEnable)
                  00002396    00000006                   : gpio.obj (.text:GPIOPinWrite)
                  0000239c    00000006     grlib.lib : string.obj (.text:GrContextFontSet)
                  000023a2    00000006     driverlib.lib : sysctl.obj (.text:SysCtlDelay)
                  000023a8    00000004     rtsv7M4_T_le_v4SPD16_eabi.lib : exit.c.obj (.text:abort:abort)

.const     0    000023ac    00000758     
                  000023ac    000002f8     grlib.lib : fontfixed6x8.obj (.const:.string:g_pui8FontFixed6x8Data)
                  000026a4    00000120     driverlib.lib : sysctl.obj (.const:g_pppui32XTALtoVCO)
                  000027c4    000000c8     grlib.lib : fontfixed6x8.obj (.const:g_sFontFixed6x8)
                  0000288c    0000009c     driverlib.lib : interrupt.obj (.const:g_pui32Regs)
                  00002928    00000090                   : gpio.obj (.const:g_pui32GPIOBaseAddrs)
                  000029b8    00000070                   : interrupt.obj (.const)
                  00002a28    0000006c                   : sysctl.obj (.const:g_pui32Xtals)
                  00002a94    00000030                   : sysctl.obj (.const:g_sXTALtoMEMTIM)
                  00002ac4    00000028     Crystalfontz128x128_ST7735.obj (.const:g_sCrystalfontz128x128)
                  00002aec    00000010     grlib.lib : context.obj (.const)
                  00002afc    00000008     driverlib.lib : sysctl.obj (.const)

.cinit     0    00002b08    00000040     
                  00002b08    00000015     (.cinit..data.load) [load image, compression = lzss]
                  00002b1d    00000003     --HOLE-- [fill = 0]
                  00002b20    0000000c     (__TI_handler_table)
                  00002b2c    00000004     --HOLE-- [fill = 0]
                  00002b30    00000008     (.cinit..bss.load) [load image, compression = zero_init]
                  00002b38    00000010     (__TI_cinit_table)

.init_array 
*          0    00000000    00000000     UNINITIALIZED

.data      0    20000000    00008040     UNINITIALIZED
                  20000000    00008000     Crystalfontz128x128_ST7735.obj (.data:Lcd_buffer)
                  20008000    00000024     buttons.obj (.data:count$2)
                  20008024    00000008     buttons.obj (.data:gJoystick)
                  2000802c    00000008     sampling.obj (.data)
                  20008034    00000005     buttons.obj (.data)
                  20008039    00000003     --HOLE--
                  2000803c    00000004     main.obj (.data)

.bss       0    20008040    00001056     UNINITIALIZED
                  20008040    00001000     (.common:gADCBuffer)
                  20009040    0000002c     (.common:sContext)
                  2000906c    00000014     buttons.obj (.bss:state$1)
                  20009080    00000004     (.common:gADCSamplingRate)
                  20009084    00000004     (.common:gSystemClock)
                  20009088    00000004     (.common:g_psGrLibDefaults)
                  2000908c    00000002     (.common:Lcd_ScreenHeigth)
                  2000908e    00000002     (.common:Lcd_ScreenWidth)
                  20009090    00000002     (.common:Lcd_TouchTrim)
                  20009092    00000001     (.common:Lcd_FlagRead)
                  20009093    00000001     (.common:Lcd_FontSolid)
                  20009094    00000001     (.common:Lcd_Orientation)
                  20009095    00000001     (.common:Lcd_PenSolid)

.stack     0    20009098    00000800     UNINITIALIZED
                  20009098    00000004     rtsv7M4_T_le_v4SPD16_eabi.lib : boot_cortex_m.c.obj (.stack)
                  2000909c    000007fc     --HOLE--

__llvm_prf_cnts 
*          0    20000000    00000000     UNINITIALIZED

MODULE SUMMARY

       Module                                             code   ro data   rw data
       ------                                             ----   -------   -------
    .\
       Crystalfontz128x128_ST7735.obj                     1008   40        32778  
       sampling.obj                                       276    0         4104   
       buttons.obj                                        1098   0         73     
       main.obj                                           730    0         52     
       tm4c1294ncpdt_startup_ccs.obj                      26     520       0      
       HAL_EK_TM4C1294XL_Crystalfontz128x128_ST7735.obj   382    0         0      
       sysctl_pll.obj                                     74     0         0      
    +--+--------------------------------------------------+------+---------+---------+
       Total:                                             3594   560       37007  
                                                                                  
    C:/ti/tirtos_tivac_2_16_01_14/products/TivaWare_C_Series-2.1.1.71b/driverlib/ccs/Debug/driverlib.lib
       sysctl.obj                                         674    452       0      
       gpio.obj                                           526    144       0      
       interrupt.obj                                      172    268       0      
       adc.obj                                            362    0         0      
       timer.obj                                          160    0         0      
       pwm.obj                                            130    0         0      
       ssi.obj                                            88     0         0      
       fpu.obj                                            32     0         0      
       cpu.obj                                            24     0         0      
    +--+--------------------------------------------------+------+---------+---------+
       Total:                                             2168   864       0      
                                                                                  
    C:/ti/tirtos_tivac_2_16_01_14/products/TivaWare_C_Series-2.1.1.71b/grlib/ccs/Debug/grlib.lib
       string.obj                                         1170   0         0      
       fontfixed6x8.obj                                   0      960       0      
       line.obj                                           648    0         0      
       rectangle.obj                                      134    0         0      
       context.obj                                        104    16        4      
       charmap.obj                                        8      0         0      
    +--+--------------------------------------------------+------+---------+---------+
       Total:                                             2064   976       4      
                                                                                  
    C:\ti\ccs1200\ccs\tools\compiler\ti-cgt-arm_20.2.6.LTS\lib\rtsv7M4_T_le_v4SPD16_eabi.lib
       memcpy_t2.asm.obj                                  156    0         0      
       s_floorf.c.obj                                     128    0         0      
       memset_t2.asm.obj                                  122    0         0      
       s_roundf.c.obj                                     110    0         0      
       copy_decompress_lzss.c.obj                         104    0         0      
       autoinit.c.obj                                     68     0         0      
       boot_cortex_m.c.obj                                52     0         0      
       copy_decompress_none.c.obj                         14     0         0      
       copy_zero_init.c.obj                               12     0         0      
       exit.c.obj                                         4      0         0      
       pre_init.c.obj                                     4      0         0      
    +--+--------------------------------------------------+------+---------+---------+
       Total:                                             774    0         0      
                                                                                  
       Stack:                                             0      0         2048   
       Linker Generated:                                  0      57        0      
    +--+--------------------------------------------------+------+---------+---------+
       Grand Total:                                       8600   2457      39059  


LINKER GENERATED COPY TABLES

__TI_cinit_table @ 00002b38 records: 2, size/record: 8, table size: 16
	.data: load addr=00002b08, load size=00000015 bytes, run addr=20000000, run size=00008040 bytes, compression=lzss
	.bss: load addr=00002b30, load size=00000008 bytes, run addr=20008040, run size=00001056 bytes, compression=zero_init


LINKER GENERATED HANDLER TABLE

__TI_handler_table @ 00002b20 records: 3, size/record: 4, table size: 12
	index: 0, handler: __TI_decompress_lzss
	index: 1, handler: __TI_decompress_none
	index: 2, handler: __TI_zero_init


GLOBAL SYMBOLS: SORTED ALPHABETICALLY BY Name 

address   name                              
-------   ----                              
000021bb  ADCClockConfigSet                 
00001491  ADCInit                           
00002361  ADCIntClear                       
00002299  ADCIntEnable                      
00002011  ADCIntStatus                      
000021d3  ADCProcessorTrigger               
00001481  ADCSAMPLER                        
00001ebd  ADCSequenceConfigure              
00002125  ADCSequenceDataGet                
000022f9  ADCSequenceDisable                
00002307  ADCSequenceEnable                 
00001971  ADCSequenceStepConfigure          
00001431  ADC_ISR                           
00000521  ButtonAutoRepeat                  
000004b1  ButtonDebounce                    
000005a1  ButtonISR                         
000002e9  ButtonInit                        
00000209  ButtonReadJoystick                
000023a9  C$$EXIT                           
00002331  CPUcpsid                          
0000233d  CPUcpsie                          
00000981  Crystalfontz128x128_Init          
000006a1  Crystalfontz128x128_SetDrawFrame  
00000659  Crystalfontz128x128_SetOrientation
000022a9  FPUEnable                         
000022b9  FPULazyStackingEnable             
0000206d  GPIODirModeSet                    
000012ff  GPIOPadConfigSet                  
00001d5d  GPIOPinConfigure                  
00000653  GPIOPinRead                       
0000222d  GPIOPinTypeADC                    
0000223f  GPIOPinTypeGPIOInput              
000021eb  GPIOPinTypeGPIOOutput             
00002251  GPIOPinTypePWM                    
00002263  GPIOPinTypeSSI                    
00002397  GPIOPinWrite                      
0000239d  GrContextFontSet                  
00001ad5  GrContextInit                     
0000164b  GrDefaultStringRenderer           
00002143  GrFontCodepageGet                 
000020e1  GrFontGlyphDataGet                
00000d23  GrFontGlyphRender                 
00002097  GrFontInfoGet                     
00001545  GrLineDraw                        
00001ded  GrLineDrawH                       
00001e33  GrLineDrawV                       
0000237f  GrMapISO8859_1_Unicode            
0000186b  GrRectFill                        
0000203f  GrStringNextCharGet               
00001271  HAL_LCD_PortInit                  
000011e1  HAL_LCD_SpiInit                   
00001191  HAL_LCD_writeCommand              
00001181  HAL_LCD_writeData                 
00001b3d  IntEnable                         
000022c9  IntMasterDisable                  
000022d9  IntMasterEnable                   
000020bd  IntPrioritySet                    
20009092  Lcd_FlagRead                      
20009093  Lcd_FontSolid                     
20009094  Lcd_Orientation                   
20009095  Lcd_PenSolid                      
2000908c  Lcd_ScreenHeigth                  
2000908e  Lcd_ScreenWidth                   
20009090  Lcd_TouchTrim                     
20000000  Lcd_buffer                        
00002205  PWMClockSet                       
00002103  PWMGenConfigure                   
00002349  PWMGenEnable                      
000022e9  PWMGenPeriodSet                   
00002275  PWMOutputState                    
00002161  PWMPulseWidthSet                  
000021a1  ResetISR                          
00002387  SSIBusy                           
00001efb  SSIConfigSetExpClk                
0000236b  SSIDataPut                        
00002375  SSIEnable                         
00000f79  SysCtlClockFreqSet                
000023a3  SysCtlDelay                       
00001d11  SysCtlFrequencyGet                
00001fa9  SysCtlPeripheralEnable            
00001c0d  TimerConfigure                    
00002219  TimerDisable                      
00002315  TimerEnable                       
0000117d  TimerIntClear                     
0000238f  TimerIntEnable                    
00002287  TimerLoadSet                      
20009898  __STACK_END                       
00000800  __STACK_SIZE                      
20009298  __STACK_TOP                       
00002b38  __TI_CINIT_Base                   
00002b48  __TI_CINIT_Limit                  
00002b20  __TI_Handler_Table_Base           
00002b2c  __TI_Handler_Table_Limit          
00001e79  __TI_auto_init_nobinit_nopinit    
00001ba5  __TI_decompress_lzss              
00002323  __TI_decompress_none              
ffffffff  __TI_pprof_out_hndl               
ffffffff  __TI_prof_data_size               
ffffffff  __TI_prof_data_start              
00000000  __TI_static_base__                
00002355  __TI_zero_init                    
000019eb  __aeabi_memclr                    
000019eb  __aeabi_memclr4                   
000019eb  __aeabi_memclr8                   
000017cf  __aeabi_memcpy                    
000017cf  __aeabi_memcpy4                   
000017cf  __aeabi_memcpy8                   
000019ed  __aeabi_memset                    
000019ed  __aeabi_memset4                   
000019ed  __aeabi_memset8                   
ffffffff  __binit__                         
ffffffff  __c_args__                        
UNDEFED   __mpu_init                        
20009098  __stack                           
20000000  __start___llvm_prf_cnts           
20000000  __stop___llvm_prf_cnts            
00001fdd  _c_int00_noargs                   
UNDEFED   _system_post_cinit                
0000219d  _system_pre_init                  
000023a9  abort                             
ffffffff  binit                             
000018f1  floorf                            
20008040  gADCBuffer                        
2000802c  gADCBufferIndex                   
20008030  gADCErrors                        
20009080  gADCSamplingRate                  
20008034  gButtons                          
20008024  gJoystick                         
20009084  gSystemClock                      
2000803c  gTime                             
00000000  g_pfnVectors                      
00002aec  g_psDefaultCodePointMapTable      
00002ac4  g_sCrystalfontz128x128            
000027c4  g_sFontFixed6x8                   
00000a49  main                              
000017cf  memcpy                            
000019f3  memset                            
00001a65  roundf                            
20009040  sContext                          


GLOBAL SYMBOLS: SORTED BY Symbol Address 

address   name                              
-------   ----                              
00000000  __TI_static_base__                
00000000  g_pfnVectors                      
00000209  ButtonReadJoystick                
000002e9  ButtonInit                        
000004b1  ButtonDebounce                    
00000521  ButtonAutoRepeat                  
000005a1  ButtonISR                         
00000653  GPIOPinRead                       
00000659  Crystalfontz128x128_SetOrientation
000006a1  Crystalfontz128x128_SetDrawFrame  
00000800  __STACK_SIZE                      
00000981  Crystalfontz128x128_Init          
00000a49  main                              
00000d23  GrFontGlyphRender                 
00000f79  SysCtlClockFreqSet                
0000117d  TimerIntClear                     
00001181  HAL_LCD_writeData                 
00001191  HAL_LCD_writeCommand              
000011e1  HAL_LCD_SpiInit                   
00001271  HAL_LCD_PortInit                  
000012ff  GPIOPadConfigSet                  
00001431  ADC_ISR                           
00001481  ADCSAMPLER                        
00001491  ADCInit                           
00001545  GrLineDraw                        
0000164b  GrDefaultStringRenderer           
000017cf  __aeabi_memcpy                    
000017cf  __aeabi_memcpy4                   
000017cf  __aeabi_memcpy8                   
000017cf  memcpy                            
0000186b  GrRectFill                        
000018f1  floorf                            
00001971  ADCSequenceStepConfigure          
000019eb  __aeabi_memclr                    
000019eb  __aeabi_memclr4                   
000019eb  __aeabi_memclr8                   
000019ed  __aeabi_memset                    
000019ed  __aeabi_memset4                   
000019ed  __aeabi_memset8                   
000019f3  memset                            
00001a65  roundf                            
00001ad5  GrContextInit                     
00001b3d  IntEnable                         
00001ba5  __TI_decompress_lzss              
00001c0d  TimerConfigure                    
00001d11  SysCtlFrequencyGet                
00001d5d  GPIOPinConfigure                  
00001ded  GrLineDrawH                       
00001e33  GrLineDrawV                       
00001e79  __TI_auto_init_nobinit_nopinit    
00001ebd  ADCSequenceConfigure              
00001efb  SSIConfigSetExpClk                
00001fa9  SysCtlPeripheralEnable            
00001fdd  _c_int00_noargs                   
00002011  ADCIntStatus                      
0000203f  GrStringNextCharGet               
0000206d  GPIODirModeSet                    
00002097  GrFontInfoGet                     
000020bd  IntPrioritySet                    
000020e1  GrFontGlyphDataGet                
00002103  PWMGenConfigure                   
00002125  ADCSequenceDataGet                
00002143  GrFontCodepageGet                 
00002161  PWMPulseWidthSet                  
0000219d  _system_pre_init                  
000021a1  ResetISR                          
000021bb  ADCClockConfigSet                 
000021d3  ADCProcessorTrigger               
000021eb  GPIOPinTypeGPIOOutput             
00002205  PWMClockSet                       
00002219  TimerDisable                      
0000222d  GPIOPinTypeADC                    
0000223f  GPIOPinTypeGPIOInput              
00002251  GPIOPinTypePWM                    
00002263  GPIOPinTypeSSI                    
00002275  PWMOutputState                    
00002287  TimerLoadSet                      
00002299  ADCIntEnable                      
000022a9  FPUEnable                         
000022b9  FPULazyStackingEnable             
000022c9  IntMasterDisable                  
000022d9  IntMasterEnable                   
000022e9  PWMGenPeriodSet                   
000022f9  ADCSequenceDisable                
00002307  ADCSequenceEnable                 
00002315  TimerEnable                       
00002323  __TI_decompress_none              
00002331  CPUcpsid                          
0000233d  CPUcpsie                          
00002349  PWMGenEnable                      
00002355  __TI_zero_init                    
00002361  ADCIntClear                       
0000236b  SSIDataPut                        
00002375  SSIEnable                         
0000237f  GrMapISO8859_1_Unicode            
00002387  SSIBusy                           
0000238f  TimerIntEnable                    
00002397  GPIOPinWrite                      
0000239d  GrContextFontSet                  
000023a3  SysCtlDelay                       
000023a9  C$$EXIT                           
000023a9  abort                             
000027c4  g_sFontFixed6x8                   
00002ac4  g_sCrystalfontz128x128            
00002aec  g_psDefaultCodePointMapTable      
00002b20  __TI_Handler_Table_Base           
00002b2c  __TI_Handler_Table_Limit          
00002b38  __TI_CINIT_Base                   
00002b48  __TI_CINIT_Limit                  
20000000  Lcd_buffer                        
20000000  __start___llvm_prf_cnts           
20000000  __stop___llvm_prf_cnts            
20008024  gJoystick                         
2000802c  gADCBufferIndex                   
20008030  gADCErrors                        
20008034  gButtons                          
2000803c  gTime                             
20008040  gADCBuffer                        
20009040  sContext                          
20009080  gADCSamplingRate                  
20009084  gSystemClock                      
2000908c  Lcd_ScreenHeigth                  
2000908e  Lcd_ScreenWidth                   
20009090  Lcd_TouchTrim                     
20009092  Lcd_FlagRead                      
20009093  Lcd_FontSolid                     
20009094  Lcd_Orientation                   
20009095  Lcd_PenSolid                      
20009098  __stack                           
20009298  __STACK_TOP                       
20009898  __STACK_END                       
ffffffff  __TI_pprof_out_hndl               
ffffffff  __TI_prof_data_size               
ffffffff  __TI_prof_data_start              
ffffffff  __binit__                         
ffffffff  __c_args__                        
ffffffff  binit                             
UNDEFED   __mpu_init                        
UNDEFED   _system_post_cinit                

[139 symbols]
