******************************************************************************
                  TI ARM Linker PC v20.2.6                     
******************************************************************************
>> Linked Thu Mar 21 12:35:04 2024

OUTPUT FILE NAME:   <ece3849_lab1_rjcroesball_wtfolan.out>
ENTRY POINT SYMBOL: "_c_int00_noargs"  address: 000038b5


MEMORY CONFIGURATION

         name            origin    length      used     unused   attr    fill
----------------------  --------  ---------  --------  --------  ----  --------
  FLASH                 00000000   00100000  00004626  000fb9da  R  X
  SRAM                  20000000   00040000  0000989a  00036766  RW X


SEGMENT ALLOCATION MAP

run origin  load origin   length   init length attrs members
----------  ----------- ---------- ----------- ----- -------
00000000    00000000    00004628   00004628    r-x
  00000000    00000000    00000208   00000208    r-- .intvecs
  00000208    00000208    00003b82   00003b82    r-x .text
  00003d8c    00003d8c    0000085c   0000085c    r-- .const
  000045e8    000045e8    00000040   00000040    r-- .cinit
20000000    20000000    000098a0   00000000    rw-
  20000000    20000000    00008044   00000000    rw- .data
  20008044    20008044    00001056   00000000    rw- .bss
  200090a0    200090a0    00000800   00000000    rw- .stack


SECTION ALLOCATION MAP

 output                                  attributes/
section   page    origin      length       input sections
--------  ----  ----------  ----------   ----------------
.intvecs   0    00000000    00000208     
                  00000000    00000208     tm4c1294ncpdt_startup_ccs.obj (.intvecs)

.text      0    00000208    00003b82     
                  00000208    00000a4e     rtsv7M4_T_le_v4SPD16_eabi.lib : _printfi.c.obj (.text:__TI_printfi)
                  00000c56    00000002                                   : div0.asm.obj (.text)
                  00000c58    0000049c     buttons.obj (.text)
                  000010f4    00000004     driverlib.lib : timer.obj (.text:TimerIntClear)
                  000010f8    000003f0     Crystalfontz128x128_ST7735.obj (.text)
                  000014e8    00000270     rtsv7M4_T_le_v4SPD16_eabi.lib : _printfi.c.obj (.text:_pconv_a)
                  00001758    00000256     grlib.lib : string.obj (.text:GrFontGlyphRender)
                  000019ae    00000002     --HOLE-- [fill = 0]
                  000019b0    00000236     main.obj (.text)
                  00001be6    00000002     --HOLE-- [fill = 0]
                  00001be8    00000204     driverlib.lib : sysctl.obj (.text:SysCtlClockFreqSet)
                  00001dec    000001d0     rtsv7M4_T_le_v4SPD16_eabi.lib : _printfi.c.obj (.text:_pconv_g)
                  00001fbc    000001b6                                   : fd_add_t2.asm.obj (.text)
                  00002172    00000006     driverlib.lib : gpio.obj (.text:GPIOPinRead)
                  00002178    0000017e     HAL_EK_TM4C1294XL_Crystalfontz128x128_ST7735.obj (.text)
                  000022f6    00000002     --HOLE-- [fill = 0]
                  000022f8    0000013c     rtsv7M4_T_le_v4SPD16_eabi.lib : _printfi.c.obj (.text:_pconv_e)
                  00002434    00000136                                   : fd_div_t2.asm.obj (.text)
                  0000256a    00000130     driverlib.lib : gpio.obj (.text:GPIOPadConfigSet)
                  0000269a    00000002     --HOLE-- [fill = 0]
                  0000269c    00000124     rtsv7M4_T_le_v4SPD16_eabi.lib : _printfi.c.obj (.text:fcvt)
                  000027c0    00000110                                   : s_scalbn.c.obj (.text:scalbn)
                  000028d0    00000104     sampling.obj (.text)
                  000029d4    000000fc     rtsv7M4_T_le_v4SPD16_eabi.lib : fd_mul_t2.asm.obj (.text)
                  00002ad0    000000c4     grlib.lib : string.obj (.text:GrDefaultStringRenderer)
                  00002b94    000000b1     rtsv7M4_T_le_v4SPD16_eabi.lib : _printfi.c.obj (.text:_ltostr)
                  00002c45    00000001     --HOLE-- [fill = 0]
                  00002c46    0000009c                                   : memcpy_t2.asm.obj (.text)
                  00002ce2    00000096                                   : ull_div_t2.asm.obj (.text)
                  00002d78    00000086     grlib.lib : rectangle.obj (.text:GrRectFill)
                  00002dfe    00000086     rtsv7M4_T_le_v4SPD16_eabi.lib : fd_cmp_t2.asm.obj (.text:__aeabi_cdcmple)
                  00002e84    00000086                                   : fd_cmp_t2.asm.obj (.text:__aeabi_cdrcmple)
                  00002f0a    00000002     --HOLE-- [fill = 0]
                  00002f0c    00000080                                   : s_floorf.c.obj (.text:floorf)
                  00002f8c    0000007a     driverlib.lib : adc.obj (.text:ADCSequenceStepConfigure)
                  00003006    0000007a     rtsv7M4_T_le_v4SPD16_eabi.lib : memset_t2.asm.obj (.text)
                  00003080    0000006e                                   : _printfi.c.obj (.text:_mcpy)
                  000030ee    0000006e                                   : s_roundf.c.obj (.text:roundf)
                  0000315c    00000068     grlib.lib : context.obj (.text:GrContextInit)
                  000031c4    00000068     driverlib.lib : interrupt.obj (.text:IntEnable)
                  0000322c    00000068     rtsv7M4_T_le_v4SPD16_eabi.lib : copy_decompress_lzss.c.obj (.text:decompress:lzss:__TI_decompress_lzss)
                  00003294    00000064                                   : s_frexp.c.obj (.text:frexp)
                  000032f8    00000060     driverlib.lib : timer.obj (.text:TimerConfigure)
                  00003358    0000005a     grlib.lib : string.obj (.text:FontWideGlyphDataGet)
                  000033b2    00000056     rtsv7M4_T_le_v4SPD16_eabi.lib : _printfi.c.obj (.text:_pconv_f)
                  00003408    00000054                                   : _ltoa.c.obj (.text:__TI_ltoa)
                  0000345c    00000052                                   : _printfi.c.obj (.text:_ecpy)
                  000034ae    00000002     --HOLE-- [fill = 0]
                  000034b0    0000004c                                   : atoi.c.obj (.text:atoi)
                  000034fc    0000004c                                   : snprintf.c.obj (.text:snprintf)
                  00003548    0000004a     grlib.lib : string.obj (.text:UpdateContextCharMapping)
                  00003592    00000006     driverlib.lib : gpio.obj (.text:GPIOPinWrite)
                  00003598    0000004a     sysctl_pll.obj (.text)
                  000035e2    00000002     --HOLE-- [fill = 0]
                  000035e4    00000048     driverlib.lib : gpio.obj (.text:GPIOPinConfigure)
                  0000362c    00000048                   : sysctl.obj (.text:_SysCtlFrequencyGet)
                  00003674    00000048     rtsv7M4_T_le_v4SPD16_eabi.lib : fd_toi_t2.asm.obj (.text)
                  000036bc    00000046     grlib.lib : line.obj (.text:GrLineDrawH)
                  00003702    00000046               : line.obj (.text:GrLineDrawV)
                  00003748    00000044     rtsv7M4_T_le_v4SPD16_eabi.lib : autoinit.c.obj (.text:__TI_auto_init_nobinit_nopinit:__TI_auto_init_nobinit_nopinit)
                  0000378c    0000003e     driverlib.lib : adc.obj (.text:ADCSequenceConfigure)
                  000037ca    0000003e     rtsv7M4_T_le_v4SPD16_eabi.lib : _printfi.c.obj (.text:_fcpy)
                  00003808    0000003c     driverlib.lib : ssi.obj (.text:SSIConfigSetExpClk)
                  00003844    0000003a     grlib.lib : string.obj (.text:FontGlyphDataGet)
                  0000387e    00000002     --HOLE-- [fill = 0]
                  00003880    00000034     driverlib.lib : sysctl.obj (.text:SysCtlPeripheralEnable)
                  000038b4    00000034     rtsv7M4_T_le_v4SPD16_eabi.lib : boot_cortex_m.c.obj (.text:_c_int00_noargs:_c_int00_noargs)
                  000038e8    00000030                                   : snprintf.c.obj (.text:_outs)
                  00003918    0000002e     driverlib.lib : adc.obj (.text:ADCIntStatus)
                  00003946    0000002e     grlib.lib : string.obj (.text:GrStringNextCharGet)
                  00003974    0000002e     rtsv7M4_T_le_v4SPD16_eabi.lib : i_tofd_t2.asm.obj (.text)
                  000039a2    0000002a     driverlib.lib : gpio.obj (.text:GPIODirModeSet)
                  000039cc    00000026     grlib.lib : string.obj (.text:GrFontInfoGet)
                  000039f2    00000002     --HOLE-- [fill = 0]
                  000039f4    00000024     driverlib.lib : interrupt.obj (.text:IntPrioritySet)
                  00003a18    00000022     grlib.lib : string.obj (.text:GrFontGlyphDataGet)
                  00003a3a    00000022     driverlib.lib : pwm.obj (.text:PWMGenConfigure)
                  00003a5c    0000001e                   : adc.obj (.text:ADCSequenceDataGet)
                  00003a7a    0000001e     grlib.lib : string.obj (.text:GrFontCodepageGet)
                  00003a98    0000001e     driverlib.lib : pwm.obj (.text:PWMPulseWidthSet)
                  00003ab6    00000002     --HOLE-- [fill = 0]
                  00003ab8    0000001c                   : sysctl.obj (.text:_SysCtlMemTimingGet)
                  00003ad4    0000001c     rtsv7M4_T_le_v4SPD16_eabi.lib : memccpy.c.obj (.text:memccpy)
                  00003af0    0000001a                                   : s_copysign.c.obj (.text:copysign)
                  00003b0a    00000006     grlib.lib : string.obj (.text:GrContextFontSet)
                  00003b10    0000001a     tm4c1294ncpdt_startup_ccs.obj (.text)
                  00003b2a    00000018     driverlib.lib : adc.obj (.text:ADCClockConfigSet)
                  00003b42    00000018                   : adc.obj (.text:ADCProcessorTrigger)
                  00003b5a    00000018                   : gpio.obj (.text:GPIOPinTypeGPIOOutput)
                  00003b72    00000018     rtsv7M4_T_le_v4SPD16_eabi.lib : snprintf.c.obj (.text:_outc)
                  00003b8a    00000016     grlib.lib : string.obj (.text:GrStringDraw)
                  00003ba0    00000016     rtsv7M4_T_le_v4SPD16_eabi.lib : strchr.c.obj (.text:strchr)
                  00003bb6    00000002     --HOLE-- [fill = 0]
                  00003bb8    00000014     driverlib.lib : pwm.obj (.text:PWMClockSet)
                  00003bcc    00000014                   : timer.obj (.text:TimerDisable)
                  00003be0    00000014     rtsv7M4_T_le_v4SPD16_eabi.lib : strlen.c.obj (.text:strlen)
                  00003bf4    00000012     driverlib.lib : gpio.obj (.text:GPIOPinTypeADC)
                  00003c06    00000012                   : gpio.obj (.text:GPIOPinTypeGPIOInput)
                  00003c18    00000012                   : gpio.obj (.text:GPIOPinTypePWM)
                  00003c2a    00000012                   : gpio.obj (.text:GPIOPinTypeSSI)
                  00003c3c    00000012                   : pwm.obj (.text:PWMOutputState)
                  00003c4e    00000012                   : timer.obj (.text:TimerLoadSet)
                  00003c60    00000012     rtsv7M4_T_le_v4SPD16_eabi.lib : wcslen.c.obj (.text:wcslen)
                  00003c72    00000010     driverlib.lib : adc.obj (.text:ADCIntEnable)
                  00003c82    00000002     --HOLE-- [fill = 0]
                  00003c84    00000010                   : fpu.obj (.text:FPUEnable)
                  00003c94    00000010                   : fpu.obj (.text:FPULazyStackingEnable)
                  00003ca4    00000010                   : interrupt.obj (.text:IntMasterDisable)
                  00003cb4    00000010                   : interrupt.obj (.text:IntMasterEnable)
                  00003cc4    00000010                   : pwm.obj (.text:PWMGenPeriodSet)
                  00003cd4    0000000e                   : adc.obj (.text:ADCSequenceDisable)
                  00003ce2    0000000e                   : adc.obj (.text:ADCSequenceEnable)
                  00003cf0    0000000e                   : timer.obj (.text:TimerEnable)
                  00003cfe    0000000e     rtsv7M4_T_le_v4SPD16_eabi.lib : copy_decompress_none.c.obj (.text:decompress:none:__TI_decompress_none)
                  00003d0c    0000000c     driverlib.lib : cpu.obj (.text:CPUcpsid)
                  00003d18    0000000c                   : cpu.obj (.text:CPUcpsie)
                  00003d24    0000000c                   : pwm.obj (.text:PWMGenEnable)
                  00003d30    0000000c     rtsv7M4_T_le_v4SPD16_eabi.lib : copy_zero_init.c.obj (.text:decompress:ZI:__TI_zero_init)
                  00003d3c    0000000a     driverlib.lib : adc.obj (.text:ADCIntClear)
                  00003d46    0000000a                   : ssi.obj (.text:SSIDataPut)
                  00003d50    0000000a                   : ssi.obj (.text:SSIEnable)
                  00003d5a    00000008     grlib.lib : charmap.obj (.text:GrMapISO8859_1_Unicode)
                  00003d62    00000008     driverlib.lib : ssi.obj (.text:SSIBusy)
                  00003d6a    00000008                   : timer.obj (.text:TimerIntEnable)
                  00003d72    00000002     --HOLE-- [fill = 0]
                  00003d74    00000008     rtsv7M4_T_le_v4SPD16_eabi.lib : errno.c.obj (.text:__aeabi_errno_addr)
                  00003d7c    00000006     driverlib.lib : sysctl.obj (.text:SysCtlDelay)
                  00003d82    00000004     rtsv7M4_T_le_v4SPD16_eabi.lib : pre_init.c.obj (.text:_system_pre_init)
                  00003d86    00000004                                   : exit.c.obj (.text:abort:abort)

.const     0    00003d8c    0000085c     
                  00003d8c    000002f8     grlib.lib : fontfixed6x8.obj (.const:.string:g_pui8FontFixed6x8Data)
                  00004084    00000120     driverlib.lib : sysctl.obj (.const:g_pppui32XTALtoVCO)
                  000041a4    00000101     rtsv7M4_T_le_v4SPD16_eabi.lib : ctype.c.obj (.const:.string:_ctypes_)
                  000042a5    00000003     --HOLE-- [fill = 0]
                  000042a8    000000c8     grlib.lib : fontfixed6x8.obj (.const:g_sFontFixed6x8)
                  00004370    0000009c     driverlib.lib : interrupt.obj (.const:g_pui32Regs)
                  0000440c    00000090                   : gpio.obj (.const:g_pui32GPIOBaseAddrs)
                  0000449c    00000070                   : interrupt.obj (.const)
                  0000450c    0000006c                   : sysctl.obj (.const:g_pui32Xtals)
                  00004578    00000030                   : sysctl.obj (.const:g_sXTALtoMEMTIM)
                  000045a8    00000028     Crystalfontz128x128_ST7735.obj (.const:g_sCrystalfontz128x128)
                  000045d0    00000010     grlib.lib : context.obj (.const)
                  000045e0    00000008     driverlib.lib : sysctl.obj (.const)

.cinit     0    000045e8    00000040     
                  000045e8    00000018     (.cinit..data.load) [load image, compression = lzss]
                  00004600    0000000c     (__TI_handler_table)
                  0000460c    00000004     --HOLE-- [fill = 0]
                  00004610    00000008     (.cinit..bss.load) [load image, compression = zero_init]
                  00004618    00000010     (__TI_cinit_table)

.init_array 
*          0    00000000    00000000     UNINITIALIZED

.data      0    20000000    00008044     UNINITIALIZED
                  20000000    00008000     Crystalfontz128x128_ST7735.obj (.data:Lcd_buffer)
                  20008000    00000024     buttons.obj (.data:count$2)
                  20008024    00000008     buttons.obj (.data:gJoystick)
                  2000802c    00000008     sampling.obj (.data)
                  20008034    00000006     buttons.obj (.data)
                  2000803a    00000002     --HOLE--
                  2000803c    00000004     main.obj (.data)
                  20008040    00000004     rtsv7M4_T_le_v4SPD16_eabi.lib : errno.c.obj (.data)

.bss       0    20008044    00001056     UNINITIALIZED
                  20008044    00001000     (.common:gADCBuffer)
                  20009044    0000002c     (.common:sContext)
                  20009070    00000014     buttons.obj (.bss:state$1)
                  20009084    00000004     (.common:gADCSamplingRate)
                  20009088    00000004     (.common:gSystemClock)
                  2000908c    00000004     (.common:g_psGrLibDefaults)
                  20009090    00000002     (.common:Lcd_ScreenHeigth)
                  20009092    00000002     (.common:Lcd_ScreenWidth)
                  20009094    00000002     (.common:Lcd_TouchTrim)
                  20009096    00000001     (.common:Lcd_FlagRead)
                  20009097    00000001     (.common:Lcd_FontSolid)
                  20009098    00000001     (.common:Lcd_Orientation)
                  20009099    00000001     (.common:Lcd_PenSolid)

.stack     0    200090a0    00000800     UNINITIALIZED
                  200090a0    00000004     rtsv7M4_T_le_v4SPD16_eabi.lib : boot_cortex_m.c.obj (.stack)
                  200090a4    000007fc     --HOLE--

__llvm_prf_cnts 
*          0    20000000    00000000     UNINITIALIZED

MODULE SUMMARY

       Module                                             code    ro data   rw data
       ------                                             ----    -------   -------
    .\
       Crystalfontz128x128_ST7735.obj                     1008    40        32778  
       sampling.obj                                       260     0         4104   
       buttons.obj                                        1180    0         74     
       main.obj                                           566     0         52     
       tm4c1294ncpdt_startup_ccs.obj                      26      520       0      
       HAL_EK_TM4C1294XL_Crystalfontz128x128_ST7735.obj   382     0         0      
       sysctl_pll.obj                                     74      0         0      
    +--+--------------------------------------------------+-------+---------+---------+
       Total:                                             3496    560       37008  
                                                                                   
    C:/ti/tirtos_tivac_2_16_01_14/products/TivaWare_C_Series-2.1.1.71b/driverlib/ccs/Debug/driverlib.lib
       sysctl.obj                                         674     452       0      
       gpio.obj                                           526     144       0      
       interrupt.obj                                      172     268       0      
       adc.obj                                            362     0         0      
       timer.obj                                          160     0         0      
       pwm.obj                                            130     0         0      
       ssi.obj                                            88      0         0      
       fpu.obj                                            32      0         0      
       cpu.obj                                            24      0         0      
    +--+--------------------------------------------------+-------+---------+---------+
       Total:                                             2168    864       0      
                                                                                   
    C:/ti/tirtos_tivac_2_16_01_14/products/TivaWare_C_Series-2.1.1.71b/grlib/ccs/Debug/grlib.lib
       string.obj                                         1192    0         0      
       fontfixed6x8.obj                                   0       960       0      
       line.obj                                           140     0         0      
       rectangle.obj                                      134     0         0      
       context.obj                                        104     16        4      
       charmap.obj                                        8       0         0      
    +--+--------------------------------------------------+-------+---------+---------+
       Total:                                             1578    976       4      
                                                                                   
    C:\ti\ccs1200\ccs\tools\compiler\ti-cgt-arm_20.2.6.LTS\lib\rtsv7M4_T_le_v4SPD16_eabi.lib
       _printfi.c.obj                                     4851    0         0      
       fd_add_t2.asm.obj                                  438     0         0      
       fd_div_t2.asm.obj                                  310     0         0      
       s_scalbn.c.obj                                     272     0         0      
       fd_cmp_t2.asm.obj                                  268     0         0      
       ctype.c.obj                                        0       257       0      
       fd_mul_t2.asm.obj                                  252     0         0      
       memcpy_t2.asm.obj                                  156     0         0      
       ull_div_t2.asm.obj                                 150     0         0      
       snprintf.c.obj                                     148     0         0      
       s_floorf.c.obj                                     128     0         0      
       memset_t2.asm.obj                                  122     0         0      
       s_roundf.c.obj                                     110     0         0      
       copy_decompress_lzss.c.obj                         104     0         0      
       s_frexp.c.obj                                      100     0         0      
       _ltoa.c.obj                                        84      0         0      
       atoi.c.obj                                         76      0         0      
       fd_toi_t2.asm.obj                                  72      0         0      
       autoinit.c.obj                                     68      0         0      
       boot_cortex_m.c.obj                                52      0         0      
       i_tofd_t2.asm.obj                                  46      0         0      
       memccpy.c.obj                                      28      0         0      
       s_copysign.c.obj                                   26      0         0      
       strchr.c.obj                                       22      0         0      
       strlen.c.obj                                       20      0         0      
       wcslen.c.obj                                       18      0         0      
       copy_decompress_none.c.obj                         14      0         0      
       copy_zero_init.c.obj                               12      0         0      
       errno.c.obj                                        8       0         4      
       exit.c.obj                                         4       0         0      
       pre_init.c.obj                                     4       0         0      
       div0.asm.obj                                       2       0         0      
    +--+--------------------------------------------------+-------+---------+---------+
       Total:                                             7965    257       4      
                                                                                   
       Stack:                                             0       0         2048   
       Linker Generated:                                  0       60        0      
    +--+--------------------------------------------------+-------+---------+---------+
       Grand Total:                                       15207   2717      39064  


LINKER GENERATED COPY TABLES

__TI_cinit_table @ 00004618 records: 2, size/record: 8, table size: 16
	.data: load addr=000045e8, load size=00000018 bytes, run addr=20000000, run size=00008044 bytes, compression=lzss
	.bss: load addr=00004610, load size=00000008 bytes, run addr=20008044, run size=00001056 bytes, compression=zero_init


LINKER GENERATED HANDLER TABLE

__TI_handler_table @ 00004600 records: 3, size/record: 4, table size: 12
	index: 0, handler: __TI_decompress_lzss
	index: 1, handler: __TI_decompress_none
	index: 2, handler: __TI_zero_init


GLOBAL SYMBOLS: SORTED ALPHABETICALLY BY Name 

address   name                              
-------   ----                              
00003b2b  ADCClockConfigSet                 
00002921  ADCInit                           
00003d3d  ADCIntClear                       
00003c73  ADCIntEnable                      
00003919  ADCIntStatus                      
00003b43  ADCProcessorTrigger               
0000378d  ADCSequenceConfigure              
00003a5d  ADCSequenceDataGet                
00003cd5  ADCSequenceDisable                
00003ce3  ADCSequenceEnable                 
00002f8d  ADCSequenceStepConfigure          
000028d1  ADC_ISR                           
00000f71  ButtonAutoRepeat                  
00000f01  ButtonDebounce                    
00000ff1  ButtonISR                         
00000d39  ButtonInit                        
00000c59  ButtonReadJoystick                
00003d87  C$$EXIT                           
00003d0d  CPUcpsid                          
00003d19  CPUcpsie                          
00001421  Crystalfontz128x128_Init          
00001141  Crystalfontz128x128_SetDrawFrame  
000010f9  Crystalfontz128x128_SetOrientation
00003c85  FPUEnable                         
00003c95  FPULazyStackingEnable             
000039a3  GPIODirModeSet                    
0000256b  GPIOPadConfigSet                  
000035e5  GPIOPinConfigure                  
00002173  GPIOPinRead                       
00003bf5  GPIOPinTypeADC                    
00003c07  GPIOPinTypeGPIOInput              
00003b5b  GPIOPinTypeGPIOOutput             
00003c19  GPIOPinTypePWM                    
00003c2b  GPIOPinTypeSSI                    
00003593  GPIOPinWrite                      
00003b0b  GrContextFontSet                  
0000315d  GrContextInit                     
00002ad1  GrDefaultStringRenderer           
00003a7b  GrFontCodepageGet                 
00003a19  GrFontGlyphDataGet                
00001759  GrFontGlyphRender                 
000039cd  GrFontInfoGet                     
000036bd  GrLineDrawH                       
00003703  GrLineDrawV                       
00003d5b  GrMapISO8859_1_Unicode            
00002d79  GrRectFill                        
00003b8b  GrStringDraw                      
00003947  GrStringNextCharGet               
00002269  HAL_LCD_PortInit                  
000021d9  HAL_LCD_SpiInit                   
00002189  HAL_LCD_writeCommand              
00002179  HAL_LCD_writeData                 
000031c5  IntEnable                         
00003ca5  IntMasterDisable                  
00003cb5  IntMasterEnable                   
000039f5  IntPrioritySet                    
20009096  Lcd_FlagRead                      
20009097  Lcd_FontSolid                     
20009098  Lcd_Orientation                   
20009099  Lcd_PenSolid                      
20009090  Lcd_ScreenHeigth                  
20009092  Lcd_ScreenWidth                   
20009094  Lcd_TouchTrim                     
20000000  Lcd_buffer                        
00003bb9  PWMClockSet                       
00003a3b  PWMGenConfigure                   
00003d25  PWMGenEnable                      
00003cc5  PWMGenPeriodSet                   
00003c3d  PWMOutputState                    
00003a99  PWMPulseWidthSet                  
00003b11  ResetISR                          
00003d63  SSIBusy                           
00003809  SSIConfigSetExpClk                
00003d47  SSIDataPut                        
00003d51  SSIEnable                         
00001be9  SysCtlClockFreqSet                
00003d7d  SysCtlDelay                       
00003599  SysCtlFrequencyGet                
00003881  SysCtlPeripheralEnable            
000032f9  TimerConfigure                    
00003bcd  TimerDisable                      
00003cf1  TimerEnable                       
000010f5  TimerIntClear                     
00003d6b  TimerIntEnable                    
00003c4f  TimerLoadSet                      
200098a0  __STACK_END                       
00000800  __STACK_SIZE                      
200092a0  __STACK_TOP                       
00004618  __TI_CINIT_Base                   
00004628  __TI_CINIT_Limit                  
00004600  __TI_Handler_Table_Base           
0000460c  __TI_Handler_Table_Limit          
00003749  __TI_auto_init_nobinit_nopinit    
0000322d  __TI_decompress_lzss              
00003cff  __TI_decompress_none              
00003409  __TI_ltoa                         
ffffffff  __TI_pprof_out_hndl               
00000209  __TI_printfi                      
ffffffff  __TI_prof_data_size               
ffffffff  __TI_prof_data_start              
00000000  __TI_static_base__                
00003d31  __TI_zero_init                    
00002dff  __aeabi_cdcmpeq                   
00002dff  __aeabi_cdcmple                   
00002e85  __aeabi_cdrcmple                  
00003675  __aeabi_d2iz                      
00001fc7  __aeabi_dadd                      
00002435  __aeabi_ddiv                      
000029d5  __aeabi_dmul                      
00001fbd  __aeabi_dsub                      
00003d75  __aeabi_errno_addr                
00003975  __aeabi_i2d                       
00000c57  __aeabi_idiv0                     
00000c57  __aeabi_ldiv0                     
00003007  __aeabi_memclr                    
00003007  __aeabi_memclr4                   
00003007  __aeabi_memclr8                   
00002c47  __aeabi_memcpy                    
00002c47  __aeabi_memcpy4                   
00002c47  __aeabi_memcpy8                   
00003009  __aeabi_memset                    
00003009  __aeabi_memset4                   
00003009  __aeabi_memset8                   
00002ce3  __aeabi_uldivmod                  
ffffffff  __binit__                         
ffffffff  __c_args__                        
UNDEFED   __mpu_init                        
200090a0  __stack                           
20000000  __start___llvm_prf_cnts           
20000000  __stop___llvm_prf_cnts            
000038b5  _c_int00_noargs                   
000041a4  _ctypes_                          
UNDEFED   _system_post_cinit                
00003d83  _system_pre_init                  
00003d87  abort                             
000034b1  atoi                              
ffffffff  binit                             
00003af1  copysign                          
00003af1  copysignl                         
20008040  errno                             
00002f0d  floorf                            
00003295  frexp                             
00003295  frexpl                            
20008044  gADCBuffer                        
2000802c  gADCBufferIndex                   
20008030  gADCErrors                        
20009084  gADCSamplingRate                  
20008034  gButtons                          
20008024  gJoystick                         
20009088  gSystemClock                      
2000803c  gTime                             
00000000  g_pfnVectors                      
000045d0  g_psDefaultCodePointMapTable      
000045a8  g_sCrystalfontz128x128            
000042a8  g_sFontFixed6x8                   
000027c1  ldexp                             
000027c1  ldexpl                            
000019b1  main                              
00003ad5  memccpy                           
00002c47  memcpy                            
0000300f  memset                            
000030ef  roundf                            
20009044  sContext                          
000027c1  scalbn                            
000027c1  scalbnl                           
000034fd  snprintf                          
00003ba1  strchr                            
00003be1  strlen                            
00003c61  wcslen                            


GLOBAL SYMBOLS: SORTED BY Symbol Address 

address   name                              
-------   ----                              
00000000  __TI_static_base__                
00000000  g_pfnVectors                      
00000209  __TI_printfi                      
00000800  __STACK_SIZE                      
00000c57  __aeabi_idiv0                     
00000c57  __aeabi_ldiv0                     
00000c59  ButtonReadJoystick                
00000d39  ButtonInit                        
00000f01  ButtonDebounce                    
00000f71  ButtonAutoRepeat                  
00000ff1  ButtonISR                         
000010f5  TimerIntClear                     
000010f9  Crystalfontz128x128_SetOrientation
00001141  Crystalfontz128x128_SetDrawFrame  
00001421  Crystalfontz128x128_Init          
00001759  GrFontGlyphRender                 
000019b1  main                              
00001be9  SysCtlClockFreqSet                
00001fbd  __aeabi_dsub                      
00001fc7  __aeabi_dadd                      
00002173  GPIOPinRead                       
00002179  HAL_LCD_writeData                 
00002189  HAL_LCD_writeCommand              
000021d9  HAL_LCD_SpiInit                   
00002269  HAL_LCD_PortInit                  
00002435  __aeabi_ddiv                      
0000256b  GPIOPadConfigSet                  
000027c1  ldexp                             
000027c1  ldexpl                            
000027c1  scalbn                            
000027c1  scalbnl                           
000028d1  ADC_ISR                           
00002921  ADCInit                           
000029d5  __aeabi_dmul                      
00002ad1  GrDefaultStringRenderer           
00002c47  __aeabi_memcpy                    
00002c47  __aeabi_memcpy4                   
00002c47  __aeabi_memcpy8                   
00002c47  memcpy                            
00002ce3  __aeabi_uldivmod                  
00002d79  GrRectFill                        
00002dff  __aeabi_cdcmpeq                   
00002dff  __aeabi_cdcmple                   
00002e85  __aeabi_cdrcmple                  
00002f0d  floorf                            
00002f8d  ADCSequenceStepConfigure          
00003007  __aeabi_memclr                    
00003007  __aeabi_memclr4                   
00003007  __aeabi_memclr8                   
00003009  __aeabi_memset                    
00003009  __aeabi_memset4                   
00003009  __aeabi_memset8                   
0000300f  memset                            
000030ef  roundf                            
0000315d  GrContextInit                     
000031c5  IntEnable                         
0000322d  __TI_decompress_lzss              
00003295  frexp                             
00003295  frexpl                            
000032f9  TimerConfigure                    
00003409  __TI_ltoa                         
000034b1  atoi                              
000034fd  snprintf                          
00003593  GPIOPinWrite                      
00003599  SysCtlFrequencyGet                
000035e5  GPIOPinConfigure                  
00003675  __aeabi_d2iz                      
000036bd  GrLineDrawH                       
00003703  GrLineDrawV                       
00003749  __TI_auto_init_nobinit_nopinit    
0000378d  ADCSequenceConfigure              
00003809  SSIConfigSetExpClk                
00003881  SysCtlPeripheralEnable            
000038b5  _c_int00_noargs                   
00003919  ADCIntStatus                      
00003947  GrStringNextCharGet               
00003975  __aeabi_i2d                       
000039a3  GPIODirModeSet                    
000039cd  GrFontInfoGet                     
000039f5  IntPrioritySet                    
00003a19  GrFontGlyphDataGet                
00003a3b  PWMGenConfigure                   
00003a5d  ADCSequenceDataGet                
00003a7b  GrFontCodepageGet                 
00003a99  PWMPulseWidthSet                  
00003ad5  memccpy                           
00003af1  copysign                          
00003af1  copysignl                         
00003b0b  GrContextFontSet                  
00003b11  ResetISR                          
00003b2b  ADCClockConfigSet                 
00003b43  ADCProcessorTrigger               
00003b5b  GPIOPinTypeGPIOOutput             
00003b8b  GrStringDraw                      
00003ba1  strchr                            
00003bb9  PWMClockSet                       
00003bcd  TimerDisable                      
00003be1  strlen                            
00003bf5  GPIOPinTypeADC                    
00003c07  GPIOPinTypeGPIOInput              
00003c19  GPIOPinTypePWM                    
00003c2b  GPIOPinTypeSSI                    
00003c3d  PWMOutputState                    
00003c4f  TimerLoadSet                      
00003c61  wcslen                            
00003c73  ADCIntEnable                      
00003c85  FPUEnable                         
00003c95  FPULazyStackingEnable             
00003ca5  IntMasterDisable                  
00003cb5  IntMasterEnable                   
00003cc5  PWMGenPeriodSet                   
00003cd5  ADCSequenceDisable                
00003ce3  ADCSequenceEnable                 
00003cf1  TimerEnable                       
00003cff  __TI_decompress_none              
00003d0d  CPUcpsid                          
00003d19  CPUcpsie                          
00003d25  PWMGenEnable                      
00003d31  __TI_zero_init                    
00003d3d  ADCIntClear                       
00003d47  SSIDataPut                        
00003d51  SSIEnable                         
00003d5b  GrMapISO8859_1_Unicode            
00003d63  SSIBusy                           
00003d6b  TimerIntEnable                    
00003d75  __aeabi_errno_addr                
00003d7d  SysCtlDelay                       
00003d83  _system_pre_init                  
00003d87  C$$EXIT                           
00003d87  abort                             
000041a4  _ctypes_                          
000042a8  g_sFontFixed6x8                   
000045a8  g_sCrystalfontz128x128            
000045d0  g_psDefaultCodePointMapTable      
00004600  __TI_Handler_Table_Base           
0000460c  __TI_Handler_Table_Limit          
00004618  __TI_CINIT_Base                   
00004628  __TI_CINIT_Limit                  
20000000  Lcd_buffer                        
20000000  __start___llvm_prf_cnts           
20000000  __stop___llvm_prf_cnts            
20008024  gJoystick                         
2000802c  gADCBufferIndex                   
20008030  gADCErrors                        
20008034  gButtons                          
2000803c  gTime                             
20008040  errno                             
20008044  gADCBuffer                        
20009044  sContext                          
20009084  gADCSamplingRate                  
20009088  gSystemClock                      
20009090  Lcd_ScreenHeigth                  
20009092  Lcd_ScreenWidth                   
20009094  Lcd_TouchTrim                     
20009096  Lcd_FlagRead                      
20009097  Lcd_FontSolid                     
20009098  Lcd_Orientation                   
20009099  Lcd_PenSolid                      
200090a0  __stack                           
200092a0  __STACK_TOP                       
200098a0  __STACK_END                       
ffffffff  __TI_pprof_out_hndl               
ffffffff  __TI_prof_data_size               
ffffffff  __TI_prof_data_start              
ffffffff  __binit__                         
ffffffff  __c_args__                        
ffffffff  binit                             
UNDEFED   __mpu_init                        
UNDEFED   _system_post_cinit                

[169 symbols]
