<?xml version="1.0" encoding="ISO-8859-1" ?>
<link_info>
   <banner>TI ARM Linker PC v20.2.6.LTS</banner>
   <copyright>Copyright (c) 1996-2018 Texas Instruments Incorporated</copyright>
   <link_time>0x660ed3a8</link_time>
   <link_errors>0x0</link_errors>
   <output_file>ece3849_lab1_rjcroesball_wtfolan.out</output_file>
   <entry_point>
      <name>_c_int00_noargs</name>
      <address>0x3fc9</address>
   </entry_point>
   <input_file_list>
      <input_file id="fl-2">
         <path>.\</path>
         <kind>object</kind>
         <file>Crystalfontz128x128_ST7735.obj</file>
         <name>Crystalfontz128x128_ST7735.obj</name>
      </input_file>
      <input_file id="fl-3">
         <path>.\</path>
         <kind>object</kind>
         <file>HAL_EK_TM4C1294XL_Crystalfontz128x128_ST7735.obj</file>
         <name>HAL_EK_TM4C1294XL_Crystalfontz128x128_ST7735.obj</name>
      </input_file>
      <input_file id="fl-4">
         <path>.\</path>
         <kind>object</kind>
         <file>buttons.obj</file>
         <name>buttons.obj</name>
      </input_file>
      <input_file id="fl-5">
         <path>.\</path>
         <kind>object</kind>
         <file>main.obj</file>
         <name>main.obj</name>
      </input_file>
      <input_file id="fl-6">
         <path>.\</path>
         <kind>object</kind>
         <file>sampling.obj</file>
         <name>sampling.obj</name>
      </input_file>
      <input_file id="fl-7">
         <path>.\</path>
         <kind>object</kind>
         <file>sysctl_pll.obj</file>
         <name>sysctl_pll.obj</name>
      </input_file>
      <input_file id="fl-8">
         <path>.\</path>
         <kind>object</kind>
         <file>tm4c1294ncpdt_startup_ccs.obj</file>
         <name>tm4c1294ncpdt_startup_ccs.obj</name>
      </input_file>
      <input_file id="fl-e">
         <kind>object</kind>
         <file>&lt;internal&gt;</file>
         <name>&lt;internal&gt;</name>
      </input_file>
      <input_file id="fl-c4">
         <path>C:\ti\ccs1200\ccs\tools\compiler\ti-cgt-arm_20.2.6.LTS\lib\</path>
         <kind>archive</kind>
         <file>rtsv7M4_T_le_v4SPD16_eabi.lib</file>
         <name>s_roundf.c.obj</name>
      </input_file>
      <input_file id="fl-c5">
         <path>C:\ti\ccs1200\ccs\tools\compiler\ti-cgt-arm_20.2.6.LTS\lib\</path>
         <kind>archive</kind>
         <file>rtsv7M4_T_le_v4SPD16_eabi.lib</file>
         <name>snprintf.c.obj</name>
      </input_file>
      <input_file id="fl-c6">
         <path>C:\ti\ccs1200\ccs\tools\compiler\ti-cgt-arm_20.2.6.LTS\lib\</path>
         <kind>archive</kind>
         <file>rtsv7M4_T_le_v4SPD16_eabi.lib</file>
         <name>fs_tod_t2.asm.obj</name>
      </input_file>
      <input_file id="fl-c7">
         <path>C:\ti\ccs1200\ccs\tools\compiler\ti-cgt-arm_20.2.6.LTS\lib\</path>
         <kind>archive</kind>
         <file>rtsv7M4_T_le_v4SPD16_eabi.lib</file>
         <name>memcpy_t2.asm.obj</name>
      </input_file>
      <input_file id="fl-c8">
         <path>C:\ti\ccs1200\ccs\tools\compiler\ti-cgt-arm_20.2.6.LTS\lib\</path>
         <kind>archive</kind>
         <file>rtsv7M4_T_le_v4SPD16_eabi.lib</file>
         <name>copy_zero_init.c.obj</name>
      </input_file>
      <input_file id="fl-c9">
         <path>C:\ti\ccs1200\ccs\tools\compiler\ti-cgt-arm_20.2.6.LTS\lib\</path>
         <kind>archive</kind>
         <file>rtsv7M4_T_le_v4SPD16_eabi.lib</file>
         <name>copy_decompress_none.c.obj</name>
      </input_file>
      <input_file id="fl-ca">
         <path>C:\ti\ccs1200\ccs\tools\compiler\ti-cgt-arm_20.2.6.LTS\lib\</path>
         <kind>archive</kind>
         <file>rtsv7M4_T_le_v4SPD16_eabi.lib</file>
         <name>copy_decompress_lzss.c.obj</name>
      </input_file>
      <input_file id="fl-cb">
         <path>C:\ti\ccs1200\ccs\tools\compiler\ti-cgt-arm_20.2.6.LTS\lib\</path>
         <kind>archive</kind>
         <file>rtsv7M4_T_le_v4SPD16_eabi.lib</file>
         <name>boot_cortex_m.c.obj</name>
      </input_file>
      <input_file id="fl-cc">
         <path>C:\ti\ccs1200\ccs\tools\compiler\ti-cgt-arm_20.2.6.LTS\lib\</path>
         <kind>archive</kind>
         <file>rtsv7M4_T_le_v4SPD16_eabi.lib</file>
         <name>s_floorf.c.obj</name>
      </input_file>
      <input_file id="fl-cd">
         <path>C:\ti\ccs1200\ccs\tools\compiler\ti-cgt-arm_20.2.6.LTS\lib\</path>
         <kind>archive</kind>
         <file>rtsv7M4_T_le_v4SPD16_eabi.lib</file>
         <name>_printfi.c.obj</name>
      </input_file>
      <input_file id="fl-ce">
         <path>C:\ti\ccs1200\ccs\tools\compiler\ti-cgt-arm_20.2.6.LTS\lib\</path>
         <kind>archive</kind>
         <file>rtsv7M4_T_le_v4SPD16_eabi.lib</file>
         <name>fd_add_t2.asm.obj</name>
      </input_file>
      <input_file id="fl-cf">
         <path>C:\ti\ccs1200\ccs\tools\compiler\ti-cgt-arm_20.2.6.LTS\lib\</path>
         <kind>archive</kind>
         <file>rtsv7M4_T_le_v4SPD16_eabi.lib</file>
         <name>fd_cmp_t2.asm.obj</name>
      </input_file>
      <input_file id="fl-d0">
         <path>C:\ti\ccs1200\ccs\tools\compiler\ti-cgt-arm_20.2.6.LTS\lib\</path>
         <kind>archive</kind>
         <file>rtsv7M4_T_le_v4SPD16_eabi.lib</file>
         <name>fd_div_t2.asm.obj</name>
      </input_file>
      <input_file id="fl-d1">
         <path>C:\ti\ccs1200\ccs\tools\compiler\ti-cgt-arm_20.2.6.LTS\lib\</path>
         <kind>archive</kind>
         <file>rtsv7M4_T_le_v4SPD16_eabi.lib</file>
         <name>fd_mul_t2.asm.obj</name>
      </input_file>
      <input_file id="fl-d2">
         <path>C:\ti\ccs1200\ccs\tools\compiler\ti-cgt-arm_20.2.6.LTS\lib\</path>
         <kind>archive</kind>
         <file>rtsv7M4_T_le_v4SPD16_eabi.lib</file>
         <name>fd_toi_t2.asm.obj</name>
      </input_file>
      <input_file id="fl-d3">
         <path>C:\ti\ccs1200\ccs\tools\compiler\ti-cgt-arm_20.2.6.LTS\lib\</path>
         <kind>archive</kind>
         <file>rtsv7M4_T_le_v4SPD16_eabi.lib</file>
         <name>i_tofd_t2.asm.obj</name>
      </input_file>
      <input_file id="fl-d4">
         <path>C:\ti\ccs1200\ccs\tools\compiler\ti-cgt-arm_20.2.6.LTS\lib\</path>
         <kind>archive</kind>
         <file>rtsv7M4_T_le_v4SPD16_eabi.lib</file>
         <name>memset_t2.asm.obj</name>
      </input_file>
      <input_file id="fl-d5">
         <path>C:\ti\ccs1200\ccs\tools\compiler\ti-cgt-arm_20.2.6.LTS\lib\</path>
         <kind>archive</kind>
         <file>rtsv7M4_T_le_v4SPD16_eabi.lib</file>
         <name>ull_div_t2.asm.obj</name>
      </input_file>
      <input_file id="fl-d6">
         <path>C:\ti\ccs1200\ccs\tools\compiler\ti-cgt-arm_20.2.6.LTS\lib\</path>
         <kind>archive</kind>
         <file>rtsv7M4_T_le_v4SPD16_eabi.lib</file>
         <name>autoinit.c.obj</name>
      </input_file>
      <input_file id="fl-d7">
         <path>C:\ti\ccs1200\ccs\tools\compiler\ti-cgt-arm_20.2.6.LTS\lib\</path>
         <kind>archive</kind>
         <file>rtsv7M4_T_le_v4SPD16_eabi.lib</file>
         <name>pre_init.c.obj</name>
      </input_file>
      <input_file id="fl-d8">
         <path>C:\ti\ccs1200\ccs\tools\compiler\ti-cgt-arm_20.2.6.LTS\lib\</path>
         <kind>archive</kind>
         <file>rtsv7M4_T_le_v4SPD16_eabi.lib</file>
         <name>cpy_tbl.c.obj</name>
      </input_file>
      <input_file id="fl-d9">
         <path>C:\ti\ccs1200\ccs\tools\compiler\ti-cgt-arm_20.2.6.LTS\lib\</path>
         <kind>archive</kind>
         <file>rtsv7M4_T_le_v4SPD16_eabi.lib</file>
         <name>exit.c.obj</name>
      </input_file>
      <input_file id="fl-da">
         <path>C:\ti\ccs1200\ccs\tools\compiler\ti-cgt-arm_20.2.6.LTS\lib\</path>
         <kind>archive</kind>
         <file>rtsv7M4_T_le_v4SPD16_eabi.lib</file>
         <name>_lock.c.obj</name>
      </input_file>
      <input_file id="fl-db">
         <path>C:\ti\ccs1200\ccs\tools\compiler\ti-cgt-arm_20.2.6.LTS\lib\</path>
         <kind>archive</kind>
         <file>rtsv7M4_T_le_v4SPD16_eabi.lib</file>
         <name>_ltoa.c.obj</name>
      </input_file>
      <input_file id="fl-dc">
         <path>C:\ti\ccs1200\ccs\tools\compiler\ti-cgt-arm_20.2.6.LTS\lib\</path>
         <kind>archive</kind>
         <file>rtsv7M4_T_le_v4SPD16_eabi.lib</file>
         <name>args_main.c.obj</name>
      </input_file>
      <input_file id="fl-dd">
         <path>C:\ti\ccs1200\ccs\tools\compiler\ti-cgt-arm_20.2.6.LTS\lib\</path>
         <kind>archive</kind>
         <file>rtsv7M4_T_le_v4SPD16_eabi.lib</file>
         <name>atoi.c.obj</name>
      </input_file>
      <input_file id="fl-de">
         <path>C:\ti\ccs1200\ccs\tools\compiler\ti-cgt-arm_20.2.6.LTS\lib\</path>
         <kind>archive</kind>
         <file>rtsv7M4_T_le_v4SPD16_eabi.lib</file>
         <name>ctype.c.obj</name>
      </input_file>
      <input_file id="fl-df">
         <path>C:\ti\ccs1200\ccs\tools\compiler\ti-cgt-arm_20.2.6.LTS\lib\</path>
         <kind>archive</kind>
         <file>rtsv7M4_T_le_v4SPD16_eabi.lib</file>
         <name>memccpy.c.obj</name>
      </input_file>
      <input_file id="fl-e0">
         <path>C:\ti\ccs1200\ccs\tools\compiler\ti-cgt-arm_20.2.6.LTS\lib\</path>
         <kind>archive</kind>
         <file>rtsv7M4_T_le_v4SPD16_eabi.lib</file>
         <name>strchr.c.obj</name>
      </input_file>
      <input_file id="fl-e1">
         <path>C:\ti\ccs1200\ccs\tools\compiler\ti-cgt-arm_20.2.6.LTS\lib\</path>
         <kind>archive</kind>
         <file>rtsv7M4_T_le_v4SPD16_eabi.lib</file>
         <name>strlen.c.obj</name>
      </input_file>
      <input_file id="fl-e2">
         <path>C:\ti\ccs1200\ccs\tools\compiler\ti-cgt-arm_20.2.6.LTS\lib\</path>
         <kind>archive</kind>
         <file>rtsv7M4_T_le_v4SPD16_eabi.lib</file>
         <name>errno.c.obj</name>
      </input_file>
      <input_file id="fl-e3">
         <path>C:\ti\ccs1200\ccs\tools\compiler\ti-cgt-arm_20.2.6.LTS\lib\</path>
         <kind>archive</kind>
         <file>rtsv7M4_T_le_v4SPD16_eabi.lib</file>
         <name>s_frexp.c.obj</name>
      </input_file>
      <input_file id="fl-e4">
         <path>C:\ti\ccs1200\ccs\tools\compiler\ti-cgt-arm_20.2.6.LTS\lib\</path>
         <kind>archive</kind>
         <file>rtsv7M4_T_le_v4SPD16_eabi.lib</file>
         <name>s_scalbn.c.obj</name>
      </input_file>
      <input_file id="fl-e5">
         <path>C:\ti\ccs1200\ccs\tools\compiler\ti-cgt-arm_20.2.6.LTS\lib\</path>
         <kind>archive</kind>
         <file>rtsv7M4_T_le_v4SPD16_eabi.lib</file>
         <name>s_copysign.c.obj</name>
      </input_file>
      <input_file id="fl-e6">
         <path>C:\ti\ccs1200\ccs\tools\compiler\ti-cgt-arm_20.2.6.LTS\lib\</path>
         <kind>archive</kind>
         <file>rtsv7M4_T_le_v4SPD16_eabi.lib</file>
         <name>wcslen.c.obj</name>
      </input_file>
      <input_file id="fl-e7">
         <path>C:\ti\ccs1200\ccs\tools\compiler\ti-cgt-arm_20.2.6.LTS\lib\</path>
         <kind>archive</kind>
         <file>rtsv7M4_T_le_v4SPD16_eabi.lib</file>
         <name>div0.asm.obj</name>
      </input_file>
      <input_file id="fl-e8">
         <path>C:\ti\tirtos_tivac_2_16_01_14\products\TivaWare_C_Series-2.1.1.71b\grlib\ccs\Debug\</path>
         <kind>archive</kind>
         <file>grlib.lib</file>
         <name>context.obj</name>
      </input_file>
      <input_file id="fl-e9">
         <path>C:\ti\tirtos_tivac_2_16_01_14\products\TivaWare_C_Series-2.1.1.71b\grlib\ccs\Debug\</path>
         <kind>archive</kind>
         <file>grlib.lib</file>
         <name>line.obj</name>
      </input_file>
      <input_file id="fl-ea">
         <path>C:\ti\tirtos_tivac_2_16_01_14\products\TivaWare_C_Series-2.1.1.71b\grlib\ccs\Debug\</path>
         <kind>archive</kind>
         <file>grlib.lib</file>
         <name>rectangle.obj</name>
      </input_file>
      <input_file id="fl-eb">
         <path>C:\ti\tirtos_tivac_2_16_01_14\products\TivaWare_C_Series-2.1.1.71b\grlib\ccs\Debug\</path>
         <kind>archive</kind>
         <file>grlib.lib</file>
         <name>string.obj</name>
      </input_file>
      <input_file id="fl-ec">
         <path>C:\ti\tirtos_tivac_2_16_01_14\products\TivaWare_C_Series-2.1.1.71b\grlib\ccs\Debug\</path>
         <kind>archive</kind>
         <file>grlib.lib</file>
         <name>fontfixed6x8.obj</name>
      </input_file>
      <input_file id="fl-ed">
         <path>C:\ti\tirtos_tivac_2_16_01_14\products\TivaWare_C_Series-2.1.1.71b\grlib\ccs\Debug\</path>
         <kind>archive</kind>
         <file>grlib.lib</file>
         <name>charmap.obj</name>
      </input_file>
      <input_file id="fl-ee">
         <path>C:\ti\tirtos_tivac_2_16_01_14\products\TivaWare_C_Series-2.1.1.71b\driverlib\ccs\Debug\</path>
         <kind>archive</kind>
         <file>driverlib.lib</file>
         <name>adc.obj</name>
      </input_file>
      <input_file id="fl-ef">
         <path>C:\ti\tirtos_tivac_2_16_01_14\products\TivaWare_C_Series-2.1.1.71b\driverlib\ccs\Debug\</path>
         <kind>archive</kind>
         <file>driverlib.lib</file>
         <name>fpu.obj</name>
      </input_file>
      <input_file id="fl-f0">
         <path>C:\ti\tirtos_tivac_2_16_01_14\products\TivaWare_C_Series-2.1.1.71b\driverlib\ccs\Debug\</path>
         <kind>archive</kind>
         <file>driverlib.lib</file>
         <name>gpio.obj</name>
      </input_file>
      <input_file id="fl-f1">
         <path>C:\ti\tirtos_tivac_2_16_01_14\products\TivaWare_C_Series-2.1.1.71b\driverlib\ccs\Debug\</path>
         <kind>archive</kind>
         <file>driverlib.lib</file>
         <name>interrupt.obj</name>
      </input_file>
      <input_file id="fl-f2">
         <path>C:\ti\tirtos_tivac_2_16_01_14\products\TivaWare_C_Series-2.1.1.71b\driverlib\ccs\Debug\</path>
         <kind>archive</kind>
         <file>driverlib.lib</file>
         <name>pwm.obj</name>
      </input_file>
      <input_file id="fl-f3">
         <path>C:\ti\tirtos_tivac_2_16_01_14\products\TivaWare_C_Series-2.1.1.71b\driverlib\ccs\Debug\</path>
         <kind>archive</kind>
         <file>driverlib.lib</file>
         <name>ssi.obj</name>
      </input_file>
      <input_file id="fl-f4">
         <path>C:\ti\tirtos_tivac_2_16_01_14\products\TivaWare_C_Series-2.1.1.71b\driverlib\ccs\Debug\</path>
         <kind>archive</kind>
         <file>driverlib.lib</file>
         <name>sysctl.obj</name>
      </input_file>
      <input_file id="fl-f5">
         <path>C:\ti\tirtos_tivac_2_16_01_14\products\TivaWare_C_Series-2.1.1.71b\driverlib\ccs\Debug\</path>
         <kind>archive</kind>
         <file>driverlib.lib</file>
         <name>timer.obj</name>
      </input_file>
      <input_file id="fl-f6">
         <path>C:\ti\tirtos_tivac_2_16_01_14\products\TivaWare_C_Series-2.1.1.71b\driverlib\ccs\Debug\</path>
         <kind>archive</kind>
         <file>driverlib.lib</file>
         <name>cpu.obj</name>
      </input_file>
   </input_file_list>
   <object_component_list>
      <object_component id="oc-12">
         <name>.intvecs</name>
         <load_address>0x0</load_address>
         <run_address>0x0</run_address>
         <size>0x208</size>
         <input_file_ref idref="fl-8"/>
      </object_component>
      <object_component id="oc-348">
         <name>.text:__TI_printfi</name>
         <load_address>0x208</load_address>
         <run_address>0x208</run_address>
         <size>0xa4e</size>
         <input_file_ref idref="fl-cd"/>
      </object_component>
      <object_component id="oc-534">
         <name>.text</name>
         <load_address>0xc56</load_address>
         <run_address>0xc56</run_address>
         <size>0x2</size>
         <input_file_ref idref="fl-e7"/>
      </object_component>
      <object_component id="oc-15c">
         <name>.text</name>
         <load_address>0xc58</load_address>
         <run_address>0xc58</run_address>
         <size>0x5e6</size>
         <input_file_ref idref="fl-5"/>
      </object_component>
      <object_component id="oc-2d">
         <name>.text</name>
         <load_address>0x1240</load_address>
         <run_address>0x1240</run_address>
         <size>0x4fa</size>
         <input_file_ref idref="fl-4"/>
      </object_component>
      <object_component id="oc-113">
         <name>.text:GPIOPinRead</name>
         <load_address>0x173a</load_address>
         <run_address>0x173a</run_address>
         <size>0x6</size>
         <input_file_ref idref="fl-f0"/>
      </object_component>
      <object_component id="oc-227">
         <name>.text</name>
         <load_address>0x1740</load_address>
         <run_address>0x1740</run_address>
         <size>0x3f0</size>
         <input_file_ref idref="fl-2"/>
      </object_component>
      <object_component id="oc-435">
         <name>.text:_pconv_a</name>
         <load_address>0x1b30</load_address>
         <run_address>0x1b30</run_address>
         <size>0x270</size>
         <input_file_ref idref="fl-cd"/>
      </object_component>
      <object_component id="oc-3e2">
         <name>.text:GrFontGlyphRender</name>
         <load_address>0x1da0</load_address>
         <run_address>0x1da0</run_address>
         <size>0x256</size>
         <input_file_ref idref="fl-eb"/>
      </object_component>
      <object_component id="oc-1f1">
         <name>.text:SysCtlClockFreqSet</name>
         <load_address>0x1ff8</load_address>
         <run_address>0x1ff8</run_address>
         <size>0x204</size>
         <input_file_ref idref="fl-f4"/>
      </object_component>
      <object_component id="oc-10d">
         <name>.text:TimerIntClear</name>
         <load_address>0x21fc</load_address>
         <run_address>0x21fc</run_address>
         <size>0x4</size>
         <input_file_ref idref="fl-f5"/>
      </object_component>
      <object_component id="oc-33">
         <name>.text</name>
         <load_address>0x2200</load_address>
         <run_address>0x2200</run_address>
         <size>0x1d4</size>
         <input_file_ref idref="fl-6"/>
      </object_component>
      <object_component id="oc-423">
         <name>.text:_pconv_g</name>
         <load_address>0x23d4</load_address>
         <run_address>0x23d4</run_address>
         <size>0x1d0</size>
         <input_file_ref idref="fl-cd"/>
      </object_component>
      <object_component id="oc-4cb">
         <name>.text</name>
         <load_address>0x25a4</load_address>
         <run_address>0x25a4</run_address>
         <size>0x1b6</size>
         <input_file_ref idref="fl-ce"/>
      </object_component>
      <object_component id="oc-3ae">
         <name>.text:GPIOPinWrite</name>
         <load_address>0x275a</load_address>
         <run_address>0x275a</run_address>
         <size>0x6</size>
         <input_file_ref idref="fl-f0"/>
      </object_component>
      <object_component id="oc-2fd">
         <name>.text</name>
         <load_address>0x2760</load_address>
         <run_address>0x2760</run_address>
         <size>0x17e</size>
         <input_file_ref idref="fl-3"/>
      </object_component>
      <object_component id="oc-42f">
         <name>.text:_pconv_e</name>
         <load_address>0x28e0</load_address>
         <run_address>0x28e0</run_address>
         <size>0x13c</size>
         <input_file_ref idref="fl-cd"/>
      </object_component>
      <object_component id="oc-4b1">
         <name>.text</name>
         <load_address>0x2a1c</load_address>
         <run_address>0x2a1c</run_address>
         <size>0x136</size>
         <input_file_ref idref="fl-d0"/>
      </object_component>
      <object_component id="oc-da">
         <name>.text:GPIOPadConfigSet</name>
         <load_address>0x2b52</load_address>
         <run_address>0x2b52</run_address>
         <size>0x130</size>
         <input_file_ref idref="fl-f0"/>
      </object_component>
      <object_component id="oc-4dd">
         <name>.text:fcvt</name>
         <load_address>0x2c84</load_address>
         <run_address>0x2c84</run_address>
         <size>0x124</size>
         <input_file_ref idref="fl-cd"/>
      </object_component>
      <object_component id="oc-4f1">
         <name>.text:scalbn</name>
         <load_address>0x2da8</load_address>
         <run_address>0x2da8</run_address>
         <size>0x110</size>
         <input_file_ref idref="fl-e4"/>
      </object_component>
      <object_component id="oc-261">
         <name>.text:GrLineDraw</name>
         <load_address>0x2eb8</load_address>
         <run_address>0x2eb8</run_address>
         <size>0x106</size>
         <input_file_ref idref="fl-e9"/>
      </object_component>
      <object_component id="oc-4ac">
         <name>.text</name>
         <load_address>0x2fbe</load_address>
         <run_address>0x2fbe</run_address>
         <size>0xfc</size>
         <input_file_ref idref="fl-d1"/>
      </object_component>
      <object_component id="oc-312">
         <name>.text:GrDefaultStringRenderer</name>
         <load_address>0x30ba</load_address>
         <run_address>0x30ba</run_address>
         <size>0xc4</size>
         <input_file_ref idref="fl-eb"/>
      </object_component>
      <object_component id="oc-340">
         <name>.text:GrLineClip</name>
         <load_address>0x317e</load_address>
         <run_address>0x317e</run_address>
         <size>0xc0</size>
         <input_file_ref idref="fl-e9"/>
      </object_component>
      <object_component id="oc-418">
         <name>.text:_ltostr</name>
         <load_address>0x3240</load_address>
         <run_address>0x3240</run_address>
         <size>0xb1</size>
         <input_file_ref idref="fl-cd"/>
      </object_component>
      <object_component id="oc-47">
         <name>.text</name>
         <load_address>0x32f2</load_address>
         <run_address>0x32f2</run_address>
         <size>0x9c</size>
         <input_file_ref idref="fl-c7"/>
      </object_component>
      <object_component id="oc-4a5">
         <name>.text</name>
         <load_address>0x338e</load_address>
         <run_address>0x338e</run_address>
         <size>0x96</size>
         <input_file_ref idref="fl-d5"/>
      </object_component>
      <object_component id="oc-249">
         <name>.text:GrRectFill</name>
         <load_address>0x3424</load_address>
         <run_address>0x3424</run_address>
         <size>0x86</size>
         <input_file_ref idref="fl-ea"/>
      </object_component>
      <object_component id="oc-41e">
         <name>.text:__aeabi_cdcmple</name>
         <load_address>0x34aa</load_address>
         <run_address>0x34aa</run_address>
         <size>0x86</size>
         <input_file_ref idref="fl-cf"/>
      </object_component>
      <object_component id="oc-4b6">
         <name>.text:__aeabi_cdrcmple</name>
         <load_address>0x3530</load_address>
         <run_address>0x3530</run_address>
         <size>0x86</size>
         <input_file_ref idref="fl-cf"/>
      </object_component>
      <object_component id="oc-190">
         <name>.text:floorf</name>
         <load_address>0x35b8</load_address>
         <run_address>0x35b8</run_address>
         <size>0x80</size>
         <input_file_ref idref="fl-cc"/>
      </object_component>
      <object_component id="oc-ff">
         <name>.text:ADCSequenceStepConfigure</name>
         <load_address>0x3638</load_address>
         <run_address>0x3638</run_address>
         <size>0x7a</size>
         <input_file_ref idref="fl-ee"/>
      </object_component>
      <object_component id="oc-150">
         <name>.text</name>
         <load_address>0x36b2</load_address>
         <run_address>0x36b2</run_address>
         <size>0x7a</size>
         <input_file_ref idref="fl-d4"/>
      </object_component>
      <object_component id="oc-4d6">
         <name>.text:_mcpy</name>
         <load_address>0x372c</load_address>
         <run_address>0x372c</run_address>
         <size>0x6e</size>
         <input_file_ref idref="fl-cd"/>
      </object_component>
      <object_component id="oc-b0">
         <name>.text:roundf</name>
         <load_address>0x379a</load_address>
         <run_address>0x379a</run_address>
         <size>0x6e</size>
         <input_file_ref idref="fl-c4"/>
      </object_component>
      <object_component id="oc-234">
         <name>.text:GrContextInit</name>
         <load_address>0x3808</load_address>
         <run_address>0x3808</run_address>
         <size>0x68</size>
         <input_file_ref idref="fl-e8"/>
      </object_component>
      <object_component id="oc-ce">
         <name>.text:IntEnable</name>
         <load_address>0x3870</load_address>
         <run_address>0x3870</run_address>
         <size>0x68</size>
         <input_file_ref idref="fl-f1"/>
      </object_component>
      <object_component id="oc-15">
         <name>.text:decompress:lzss:__TI_decompress_lzss</name>
         <load_address>0x38d8</load_address>
         <run_address>0x38d8</run_address>
         <size>0x68</size>
         <input_file_ref idref="fl-ca"/>
      </object_component>
      <object_component id="oc-4eb">
         <name>.text:frexp</name>
         <load_address>0x3940</load_address>
         <run_address>0x3940</run_address>
         <size>0x64</size>
         <input_file_ref idref="fl-e3"/>
      </object_component>
      <object_component id="oc-a7">
         <name>.text:TimerConfigure</name>
         <load_address>0x39a4</load_address>
         <run_address>0x39a4</run_address>
         <size>0x60</size>
         <input_file_ref idref="fl-f5"/>
      </object_component>
      <object_component id="oc-48c">
         <name>.text:FontWideGlyphDataGet</name>
         <load_address>0x3a04</load_address>
         <run_address>0x3a04</run_address>
         <size>0x5a</size>
         <input_file_ref idref="fl-eb"/>
      </object_component>
      <object_component id="oc-429">
         <name>.text:_pconv_f</name>
         <load_address>0x3a5e</load_address>
         <run_address>0x3a5e</run_address>
         <size>0x56</size>
         <input_file_ref idref="fl-cd"/>
      </object_component>
      <object_component id="oc-4c0">
         <name>.text:__TI_ltoa</name>
         <load_address>0x3ab4</load_address>
         <run_address>0x3ab4</run_address>
         <size>0x54</size>
         <input_file_ref idref="fl-db"/>
      </object_component>
      <object_component id="oc-4d0">
         <name>.text:_ecpy</name>
         <load_address>0x3b08</load_address>
         <run_address>0x3b08</run_address>
         <size>0x52</size>
         <input_file_ref idref="fl-cd"/>
      </object_component>
      <object_component id="oc-412">
         <name>.text:atoi</name>
         <load_address>0x3b5c</load_address>
         <run_address>0x3b5c</run_address>
         <size>0x4c</size>
         <input_file_ref idref="fl-dd"/>
      </object_component>
      <object_component id="oc-26c">
         <name>.text:snprintf</name>
         <load_address>0x3ba8</load_address>
         <run_address>0x3ba8</run_address>
         <size>0x4c</size>
         <input_file_ref idref="fl-c5"/>
      </object_component>
      <object_component id="oc-325">
         <name>.text:UpdateContextCharMapping</name>
         <load_address>0x3bf4</load_address>
         <run_address>0x3bf4</run_address>
         <size>0x4a</size>
         <input_file_ref idref="fl-eb"/>
      </object_component>
      <object_component id="oc-e6">
         <name>.text</name>
         <load_address>0x3c40</load_address>
         <run_address>0x3c40</run_address>
         <size>0x4a</size>
         <input_file_ref idref="fl-7"/>
      </object_component>
      <object_component id="oc-1fd">
         <name>.text:GPIOPinConfigure</name>
         <load_address>0x3c8c</load_address>
         <run_address>0x3c8c</run_address>
         <size>0x48</size>
         <input_file_ref idref="fl-f0"/>
      </object_component>
      <object_component id="oc-2e0">
         <name>.text:_SysCtlFrequencyGet</name>
         <load_address>0x3cd4</load_address>
         <run_address>0x3cd4</run_address>
         <size>0x48</size>
         <input_file_ref idref="fl-f4"/>
      </object_component>
      <object_component id="oc-4bb">
         <name>.text</name>
         <load_address>0x3d1c</load_address>
         <run_address>0x3d1c</run_address>
         <size>0x48</size>
         <input_file_ref idref="fl-d2"/>
      </object_component>
      <object_component id="oc-255">
         <name>.text:GrLineDrawH</name>
         <load_address>0x3d64</load_address>
         <run_address>0x3d64</run_address>
         <size>0x46</size>
         <input_file_ref idref="fl-e9"/>
      </object_component>
      <object_component id="oc-24f">
         <name>.text:GrLineDrawV</name>
         <load_address>0x3daa</load_address>
         <run_address>0x3daa</run_address>
         <size>0x46</size>
         <input_file_ref idref="fl-e9"/>
      </object_component>
      <object_component id="oc-27f">
         <name>.text:__TI_auto_init_nobinit_nopinit:__TI_auto_init_nobinit_nopinit</name>
         <load_address>0x3df0</load_address>
         <run_address>0x3df0</run_address>
         <size>0x44</size>
         <input_file_ref idref="fl-d6"/>
      </object_component>
      <object_component id="oc-f9">
         <name>.text:ADCSequenceConfigure</name>
         <load_address>0x3e34</load_address>
         <run_address>0x3e34</run_address>
         <size>0x3e</size>
         <input_file_ref idref="fl-ee"/>
      </object_component>
      <object_component id="oc-4e3">
         <name>.text:_fcpy</name>
         <load_address>0x3e72</load_address>
         <run_address>0x3e72</run_address>
         <size>0x3e</size>
         <input_file_ref idref="fl-cd"/>
      </object_component>
      <object_component id="oc-3b4">
         <name>.text:SSIConfigSetExpClk</name>
         <load_address>0x3eb0</load_address>
         <run_address>0x3eb0</run_address>
         <size>0x3c</size>
         <input_file_ref idref="fl-f3"/>
      </object_component>
      <object_component id="oc-492">
         <name>.text:FontGlyphDataGet</name>
         <load_address>0x3eec</load_address>
         <run_address>0x3eec</run_address>
         <size>0x3a</size>
         <input_file_ref idref="fl-eb"/>
      </object_component>
      <object_component id="oc-267">
         <name>.text</name>
         <load_address>0x3f26</load_address>
         <run_address>0x3f26</run_address>
         <size>0x38</size>
         <input_file_ref idref="fl-c6"/>
      </object_component>
      <object_component id="oc-405">
         <name>.text:GrClipCodeGet</name>
         <load_address>0x3f5e</load_address>
         <run_address>0x3f5e</run_address>
         <size>0x36</size>
         <input_file_ref idref="fl-e9"/>
      </object_component>
      <object_component id="oc-9b">
         <name>.text:SysCtlPeripheralEnable</name>
         <load_address>0x3f94</load_address>
         <run_address>0x3f94</run_address>
         <size>0x34</size>
         <input_file_ref idref="fl-f4"/>
      </object_component>
      <object_component id="oc-65">
         <name>.text:_c_int00_noargs:_c_int00_noargs</name>
         <load_address>0x3fc8</load_address>
         <run_address>0x3fc8</run_address>
         <size>0x34</size>
         <input_file_ref idref="fl-cb"/>
      </object_component>
      <object_component id="oc-34e">
         <name>.text:_outs</name>
         <load_address>0x3ffc</load_address>
         <run_address>0x3ffc</run_address>
         <size>0x30</size>
         <input_file_ref idref="fl-c5"/>
      </object_component>
      <object_component id="oc-86">
         <name>.text:ADCIntStatus</name>
         <load_address>0x402c</load_address>
         <run_address>0x402c</run_address>
         <size>0x2e</size>
         <input_file_ref idref="fl-ee"/>
      </object_component>
      <object_component id="oc-3d6">
         <name>.text:GrStringNextCharGet</name>
         <load_address>0x405a</load_address>
         <run_address>0x405a</run_address>
         <size>0x2e</size>
         <input_file_ref idref="fl-eb"/>
      </object_component>
      <object_component id="oc-4c6">
         <name>.text</name>
         <load_address>0x4088</load_address>
         <run_address>0x4088</run_address>
         <size>0x2e</size>
         <input_file_ref idref="fl-d3"/>
      </object_component>
      <object_component id="oc-1a4">
         <name>.text:GPIODirModeSet</name>
         <load_address>0x40b6</load_address>
         <run_address>0x40b6</run_address>
         <size>0x2a</size>
         <input_file_ref idref="fl-f0"/>
      </object_component>
      <object_component id="oc-3d0">
         <name>.text:GrFontInfoGet</name>
         <load_address>0x40e0</load_address>
         <run_address>0x40e0</run_address>
         <size>0x26</size>
         <input_file_ref idref="fl-eb"/>
      </object_component>
      <object_component id="oc-c8">
         <name>.text:IntPrioritySet</name>
         <load_address>0x4108</load_address>
         <run_address>0x4108</run_address>
         <size>0x24</size>
         <input_file_ref idref="fl-f1"/>
      </object_component>
      <object_component id="oc-3dc">
         <name>.text:GrFontGlyphDataGet</name>
         <load_address>0x412c</load_address>
         <run_address>0x412c</run_address>
         <size>0x22</size>
         <input_file_ref idref="fl-eb"/>
      </object_component>
      <object_component id="oc-209">
         <name>.text:PWMGenConfigure</name>
         <load_address>0x414e</load_address>
         <run_address>0x414e</run_address>
         <size>0x22</size>
         <input_file_ref idref="fl-f2"/>
      </object_component>
      <object_component id="oc-8f">
         <name>.text:ADCSequenceDataGet</name>
         <load_address>0x4170</load_address>
         <run_address>0x4170</run_address>
         <size>0x1e</size>
         <input_file_ref idref="fl-ee"/>
      </object_component>
      <object_component id="oc-3f7">
         <name>.text:GrFontCodepageGet</name>
         <load_address>0x418e</load_address>
         <run_address>0x418e</run_address>
         <size>0x1e</size>
         <input_file_ref idref="fl-eb"/>
      </object_component>
      <object_component id="oc-215">
         <name>.text:PWMPulseWidthSet</name>
         <load_address>0x41ac</load_address>
         <run_address>0x41ac</run_address>
         <size>0x1e</size>
         <input_file_ref idref="fl-f2"/>
      </object_component>
      <object_component id="oc-2da">
         <name>.text:_SysCtlMemTimingGet</name>
         <load_address>0x41cc</load_address>
         <run_address>0x41cc</run_address>
         <size>0x1c</size>
         <input_file_ref idref="fl-f4"/>
      </object_component>
      <object_component id="oc-43b">
         <name>.text:memccpy</name>
         <load_address>0x41e8</load_address>
         <run_address>0x41e8</run_address>
         <size>0x1c</size>
         <input_file_ref idref="fl-df"/>
      </object_component>
      <object_component id="oc-54d">
         <name>.text:copysign</name>
         <load_address>0x4204</load_address>
         <run_address>0x4204</run_address>
         <size>0x1a</size>
         <input_file_ref idref="fl-e5"/>
      </object_component>
      <object_component id="oc-27">
         <name>.text</name>
         <load_address>0x4220</load_address>
         <run_address>0x4220</run_address>
         <size>0x1a</size>
         <input_file_ref idref="fl-8"/>
      </object_component>
      <object_component id="oc-ed">
         <name>.text:ADCClockConfigSet</name>
         <load_address>0x423a</load_address>
         <run_address>0x423a</run_address>
         <size>0x18</size>
         <input_file_ref idref="fl-ee"/>
      </object_component>
      <object_component id="oc-80">
         <name>.text:ADCProcessorTrigger</name>
         <load_address>0x4252</load_address>
         <run_address>0x4252</run_address>
         <size>0x18</size>
         <input_file_ref idref="fl-ee"/>
      </object_component>
      <object_component id="oc-3c6">
         <name>.text:GPIOPinTypeGPIOOutput</name>
         <load_address>0x426a</load_address>
         <run_address>0x426a</run_address>
         <size>0x18</size>
         <input_file_ref idref="fl-f0"/>
      </object_component>
      <object_component id="oc-354">
         <name>.text:_outc</name>
         <load_address>0x4282</load_address>
         <run_address>0x4282</run_address>
         <size>0x18</size>
         <input_file_ref idref="fl-c5"/>
      </object_component>
      <object_component id="oc-25b">
         <name>.text:GrStringDraw</name>
         <load_address>0x429a</load_address>
         <run_address>0x429a</run_address>
         <size>0x16</size>
         <input_file_ref idref="fl-eb"/>
      </object_component>
      <object_component id="oc-4f7">
         <name>.text:strchr</name>
         <load_address>0x42b0</load_address>
         <run_address>0x42b0</run_address>
         <size>0x16</size>
         <input_file_ref idref="fl-e0"/>
      </object_component>
      <object_component id="oc-203">
         <name>.text:PWMClockSet</name>
         <load_address>0x42c8</load_address>
         <run_address>0x42c8</run_address>
         <size>0x14</size>
         <input_file_ref idref="fl-f2"/>
      </object_component>
      <object_component id="oc-a1">
         <name>.text:TimerDisable</name>
         <load_address>0x42dc</load_address>
         <run_address>0x42dc</run_address>
         <size>0x14</size>
         <input_file_ref idref="fl-f5"/>
      </object_component>
      <object_component id="oc-40c">
         <name>.text:strlen</name>
         <load_address>0x42f0</load_address>
         <run_address>0x42f0</run_address>
         <size>0x14</size>
         <input_file_ref idref="fl-e1"/>
      </object_component>
      <object_component id="oc-e0">
         <name>.text:GPIOPinTypeADC</name>
         <load_address>0x4304</load_address>
         <run_address>0x4304</run_address>
         <size>0x12</size>
         <input_file_ref idref="fl-f0"/>
      </object_component>
      <object_component id="oc-d4">
         <name>.text:GPIOPinTypeGPIOInput</name>
         <load_address>0x4316</load_address>
         <run_address>0x4316</run_address>
         <size>0x12</size>
         <input_file_ref idref="fl-f0"/>
      </object_component>
      <object_component id="oc-1f7">
         <name>.text:GPIOPinTypePWM</name>
         <load_address>0x4328</load_address>
         <run_address>0x4328</run_address>
         <size>0x12</size>
         <input_file_ref idref="fl-f0"/>
      </object_component>
      <object_component id="oc-3c0">
         <name>.text:GPIOPinTypeSSI</name>
         <load_address>0x433a</load_address>
         <run_address>0x433a</run_address>
         <size>0x12</size>
         <input_file_ref idref="fl-f0"/>
      </object_component>
      <object_component id="oc-21b">
         <name>.text:PWMOutputState</name>
         <load_address>0x434c</load_address>
         <run_address>0x434c</run_address>
         <size>0x12</size>
         <input_file_ref idref="fl-f2"/>
      </object_component>
      <object_component id="oc-b6">
         <name>.text:TimerLoadSet</name>
         <load_address>0x435e</load_address>
         <run_address>0x435e</run_address>
         <size>0x12</size>
         <input_file_ref idref="fl-f5"/>
      </object_component>
      <object_component id="oc-441">
         <name>.text:wcslen</name>
         <load_address>0x4370</load_address>
         <run_address>0x4370</run_address>
         <size>0x12</size>
         <input_file_ref idref="fl-e6"/>
      </object_component>
      <object_component id="oc-12d">
         <name>.text:ADCIntEnable</name>
         <load_address>0x4382</load_address>
         <run_address>0x4382</run_address>
         <size>0x10</size>
         <input_file_ref idref="fl-ee"/>
      </object_component>
      <object_component id="oc-1e5">
         <name>.text:FPUEnable</name>
         <load_address>0x4394</load_address>
         <run_address>0x4394</run_address>
         <size>0x10</size>
         <input_file_ref idref="fl-ef"/>
      </object_component>
      <object_component id="oc-1eb">
         <name>.text:FPULazyStackingEnable</name>
         <load_address>0x43a4</load_address>
         <run_address>0x43a4</run_address>
         <size>0x10</size>
         <input_file_ref idref="fl-ef"/>
      </object_component>
      <object_component id="oc-1df">
         <name>.text:IntMasterDisable</name>
         <load_address>0x43b4</load_address>
         <run_address>0x43b4</run_address>
         <size>0x10</size>
         <input_file_ref idref="fl-f1"/>
      </object_component>
      <object_component id="oc-243">
         <name>.text:IntMasterEnable</name>
         <load_address>0x43c4</load_address>
         <run_address>0x43c4</run_address>
         <size>0x10</size>
         <input_file_ref idref="fl-f1"/>
      </object_component>
      <object_component id="oc-20f">
         <name>.text:PWMGenPeriodSet</name>
         <load_address>0x43d4</load_address>
         <run_address>0x43d4</run_address>
         <size>0x10</size>
         <input_file_ref idref="fl-f2"/>
      </object_component>
      <object_component id="oc-f3">
         <name>.text:ADCSequenceDisable</name>
         <load_address>0x43e4</load_address>
         <run_address>0x43e4</run_address>
         <size>0xe</size>
         <input_file_ref idref="fl-ee"/>
      </object_component>
      <object_component id="oc-105">
         <name>.text:ADCSequenceEnable</name>
         <load_address>0x43f2</load_address>
         <run_address>0x43f2</run_address>
         <size>0xe</size>
         <input_file_ref idref="fl-ee"/>
      </object_component>
      <object_component id="oc-c2">
         <name>.text:TimerEnable</name>
         <load_address>0x4400</load_address>
         <run_address>0x4400</run_address>
         <size>0xe</size>
         <input_file_ref idref="fl-f5"/>
      </object_component>
      <object_component id="oc-1b">
         <name>.text:decompress:none:__TI_decompress_none</name>
         <load_address>0x440e</load_address>
         <run_address>0x440e</run_address>
         <size>0xe</size>
         <input_file_ref idref="fl-c9"/>
      </object_component>
      <object_component id="oc-2d1">
         <name>.text:CPUcpsid</name>
         <load_address>0x441c</load_address>
         <run_address>0x441c</run_address>
         <size>0xc</size>
         <input_file_ref idref="fl-f6"/>
      </object_component>
      <object_component id="oc-32e">
         <name>.text:CPUcpsie</name>
         <load_address>0x4428</load_address>
         <run_address>0x4428</run_address>
         <size>0xc</size>
         <input_file_ref idref="fl-f6"/>
      </object_component>
      <object_component id="oc-221">
         <name>.text:PWMGenEnable</name>
         <load_address>0x4434</load_address>
         <run_address>0x4434</run_address>
         <size>0xc</size>
         <input_file_ref idref="fl-f2"/>
      </object_component>
      <object_component id="oc-59">
         <name>.text:decompress:ZI:__TI_zero_init</name>
         <load_address>0x4440</load_address>
         <run_address>0x4440</run_address>
         <size>0xc</size>
         <input_file_ref idref="fl-c8"/>
      </object_component>
      <object_component id="oc-95">
         <name>.text:ADCIntClear</name>
         <load_address>0x444c</load_address>
         <run_address>0x444c</run_address>
         <size>0xa</size>
         <input_file_ref idref="fl-ee"/>
      </object_component>
      <object_component id="oc-3a2">
         <name>.text:SSIDataPut</name>
         <load_address>0x4456</load_address>
         <run_address>0x4456</run_address>
         <size>0xa</size>
         <input_file_ref idref="fl-f3"/>
      </object_component>
      <object_component id="oc-3ba">
         <name>.text:SSIEnable</name>
         <load_address>0x4460</load_address>
         <run_address>0x4460</run_address>
         <size>0xa</size>
         <input_file_ref idref="fl-f3"/>
      </object_component>
      <object_component id="oc-1d9">
         <name>.text:TimerIntStatus</name>
         <load_address>0x446a</load_address>
         <run_address>0x446a</run_address>
         <size>0xa</size>
         <input_file_ref idref="fl-f5"/>
      </object_component>
      <object_component id="oc-3e9">
         <name>.text:GrMapISO8859_1_Unicode</name>
         <load_address>0x4474</load_address>
         <run_address>0x4474</run_address>
         <size>0x8</size>
         <input_file_ref idref="fl-ed"/>
      </object_component>
      <object_component id="oc-3a8">
         <name>.text:SSIBusy</name>
         <load_address>0x447c</load_address>
         <run_address>0x447c</run_address>
         <size>0x8</size>
         <input_file_ref idref="fl-f3"/>
      </object_component>
      <object_component id="oc-bc">
         <name>.text:TimerIntEnable</name>
         <load_address>0x4484</load_address>
         <run_address>0x4484</run_address>
         <size>0x8</size>
         <input_file_ref idref="fl-f5"/>
      </object_component>
      <object_component id="oc-447">
         <name>.text:__aeabi_errno_addr</name>
         <load_address>0x448c</load_address>
         <run_address>0x448c</run_address>
         <size>0x8</size>
         <input_file_ref idref="fl-e2"/>
      </object_component>
      <object_component id="oc-23d">
         <name>.text:GrContextFontSet</name>
         <load_address>0x4494</load_address>
         <run_address>0x4494</run_address>
         <size>0x6</size>
         <input_file_ref idref="fl-eb"/>
      </object_component>
      <object_component id="oc-306">
         <name>.text:SysCtlDelay</name>
         <load_address>0x449a</load_address>
         <run_address>0x449a</run_address>
         <size>0x6</size>
         <input_file_ref idref="fl-f4"/>
      </object_component>
      <object_component id="oc-156">
         <name>.text:_system_pre_init</name>
         <load_address>0x44a0</load_address>
         <run_address>0x44a0</run_address>
         <size>0x4</size>
         <input_file_ref idref="fl-d7"/>
      </object_component>
      <object_component id="oc-273">
         <name>.text:abort:abort</name>
         <load_address>0x44a4</load_address>
         <run_address>0x44a4</run_address>
         <size>0x4</size>
         <input_file_ref idref="fl-d9"/>
      </object_component>
      <object_component id="oc-31f">
         <name>.const:.string:g_pui8FontFixed6x8Data</name>
         <load_address>0x44a8</load_address>
         <run_address>0x44a8</run_address>
         <size>0x2f8</size>
         <input_file_ref idref="fl-ec"/>
      </object_component>
      <object_component id="oc-2e9">
         <name>.const:g_pppui32XTALtoVCO</name>
         <load_address>0x47a0</load_address>
         <run_address>0x47a0</run_address>
         <size>0x120</size>
         <input_file_ref idref="fl-f4"/>
      </object_component>
      <object_component id="oc-4a0">
         <name>.const:.string:_ctypes_</name>
         <load_address>0x48c0</load_address>
         <run_address>0x48c0</run_address>
         <size>0x101</size>
         <input_file_ref idref="fl-de"/>
      </object_component>
      <object_component id="oc-23a">
         <name>.const:g_sFontFixed6x8</name>
         <load_address>0x49c4</load_address>
         <run_address>0x49c4</run_address>
         <size>0xc8</size>
         <input_file_ref idref="fl-ec"/>
      </object_component>
      <object_component id="oc-19b">
         <name>.const:g_pui32Regs</name>
         <load_address>0x4a8c</load_address>
         <run_address>0x4a8c</run_address>
         <size>0x9c</size>
         <input_file_ref idref="fl-f1"/>
      </object_component>
      <object_component id="oc-2f1">
         <name>.const:g_pui32GPIOBaseAddrs</name>
         <load_address>0x4b28</load_address>
         <run_address>0x4b28</run_address>
         <size>0x90</size>
         <input_file_ref idref="fl-f0"/>
      </object_component>
      <object_component id="oc-1a0">
         <name>.const</name>
         <load_address>0x4bb8</load_address>
         <run_address>0x4bb8</run_address>
         <size>0x70</size>
         <input_file_ref idref="fl-f1"/>
      </object_component>
      <object_component id="oc-2e6">
         <name>.const:g_pui32Xtals</name>
         <load_address>0x4c28</load_address>
         <run_address>0x4c28</run_address>
         <size>0x6c</size>
         <input_file_ref idref="fl-f4"/>
      </object_component>
      <object_component id="oc-393">
         <name>.const:g_sXTALtoMEMTIM</name>
         <load_address>0x4c94</load_address>
         <run_address>0x4c94</run_address>
         <size>0x30</size>
         <input_file_ref idref="fl-f4"/>
      </object_component>
      <object_component id="oc-231">
         <name>.const:g_sCrystalfontz128x128</name>
         <load_address>0x4cc4</load_address>
         <run_address>0x4cc4</run_address>
         <size>0x28</size>
         <input_file_ref idref="fl-2"/>
      </object_component>
      <object_component id="oc-22d">
         <name>.const:$P$T0$1</name>
         <load_address>0x4cec</load_address>
         <run_address>0x4cec</run_address>
         <size>0x14</size>
         <input_file_ref idref="fl-5"/>
      </object_component>
      <object_component id="oc-318">
         <name>.const</name>
         <load_address>0x4d00</load_address>
         <run_address>0x4d00</run_address>
         <size>0x10</size>
         <input_file_ref idref="fl-e8"/>
      </object_component>
      <object_component id="oc-2ec">
         <name>.const</name>
         <load_address>0x4d10</load_address>
         <run_address>0x4d10</run_address>
         <size>0x8</size>
         <input_file_ref idref="fl-f4"/>
      </object_component>
      <object_component id="oc-5a5">
         <name>.cinit..data.load</name>
         <load_address>0x4d18</load_address>
         <run_address>0x4d18</run_address>
         <size>0x17</size>
      </object_component>
      <object_component id="oc-5a3">
         <name>__TI_handler_table</name>
         <load_address>0x4d30</load_address>
         <run_address>0x4d30</run_address>
         <size>0xc</size>
      </object_component>
      <object_component id="oc-5a6">
         <name>.cinit..bss.load</name>
         <load_address>0x4d40</load_address>
         <run_address>0x4d40</run_address>
         <size>0x8</size>
      </object_component>
      <object_component id="oc-5a4">
         <name>__TI_cinit_table</name>
         <load_address>0x4d48</load_address>
         <run_address>0x4d48</run_address>
         <size>0x10</size>
      </object_component>
      <object_component id="oc-303">
         <name>.data:Lcd_buffer</name>
         <load_address>0x20000000</load_address>
         <run_address>0x20000000</run_address>
         <size>0x8000</size>
         <input_file_ref idref="fl-2"/>
      </object_component>
      <object_component id="oc-7a">
         <name>.data</name>
         <load_address>0x20008034</load_address>
         <run_address>0x20008034</run_address>
         <size>0xd</size>
         <input_file_ref idref="fl-4"/>
      </object_component>
      <object_component id="oc-8c">
         <name>.data:gJoystick</name>
         <load_address>0x20008050</load_address>
         <run_address>0x20008050</run_address>
         <size>0x8</size>
         <input_file_ref idref="fl-4"/>
      </object_component>
      <object_component id="oc-10c">
         <name>.data:count$2</name>
         <load_address>0x20008000</load_address>
         <run_address>0x20008000</run_address>
         <size>0x24</size>
         <input_file_ref idref="fl-4"/>
      </object_component>
      <object_component id="oc-119">
         <name>.data</name>
         <load_address>0x20008024</load_address>
         <run_address>0x20008024</run_address>
         <size>0x10</size>
         <input_file_ref idref="fl-5"/>
      </object_component>
      <object_component id="oc-127">
         <name>.data</name>
         <load_address>0x20008044</load_address>
         <run_address>0x20008044</run_address>
         <size>0x9</size>
         <input_file_ref idref="fl-6"/>
      </object_component>
      <object_component id="oc-507">
         <name>.data</name>
         <load_address>0x20008058</load_address>
         <run_address>0x20008058</run_address>
         <size>0x4</size>
         <input_file_ref idref="fl-e2"/>
      </object_component>
      <object_component id="oc-10b">
         <name>.bss:state$1</name>
         <uninitialized>true</uninitialized>
         <run_address>0x20009088</run_address>
         <size>0x14</size>
         <input_file_ref idref="fl-4"/>
      </object_component>
      <object_component id="oc-2fc">
         <name>.common:Lcd_Orientation</name>
         <uninitialized>true</uninitialized>
         <run_address>0x200090bc</run_address>
         <size>0x1</size>
      </object_component>
      <object_component id="oc-308">
         <name>.common:Lcd_ScreenWidth</name>
         <uninitialized>true</uninitialized>
         <run_address>0x200090b6</run_address>
         <size>0x2</size>
      </object_component>
      <object_component id="oc-307">
         <name>.common:Lcd_ScreenHeigth</name>
         <uninitialized>true</uninitialized>
         <run_address>0x200090b4</run_address>
         <size>0x2</size>
      </object_component>
      <object_component id="oc-309">
         <name>.common:Lcd_PenSolid</name>
         <uninitialized>true</uninitialized>
         <run_address>0x200090bd</run_address>
         <size>0x1</size>
      </object_component>
      <object_component id="oc-30a">
         <name>.common:Lcd_FontSolid</name>
         <uninitialized>true</uninitialized>
         <run_address>0x200090bb</run_address>
         <size>0x1</size>
      </object_component>
      <object_component id="oc-30b">
         <name>.common:Lcd_FlagRead</name>
         <uninitialized>true</uninitialized>
         <run_address>0x200090ba</run_address>
         <size>0x1</size>
      </object_component>
      <object_component id="oc-30c">
         <name>.common:Lcd_TouchTrim</name>
         <uninitialized>true</uninitialized>
         <run_address>0x200090b8</run_address>
         <size>0x2</size>
      </object_component>
      <object_component id="oc-ec">
         <name>.common:gADCSamplingRate</name>
         <uninitialized>true</uninitialized>
         <run_address>0x200090a8</run_address>
         <size>0x4</size>
      </object_component>
      <object_component id="oc-7d">
         <name>.common:fifo</name>
         <uninitialized>true</uninitialized>
         <run_address>0x2000909c</run_address>
         <size>0xc</size>
      </object_component>
      <object_component id="oc-ad">
         <name>.common:gSystemClock</name>
         <uninitialized>true</uninitialized>
         <run_address>0x200090ac</run_address>
         <size>0x4</size>
      </object_component>
      <object_component id="oc-230">
         <name>.common:sContext</name>
         <uninitialized>true</uninitialized>
         <run_address>0x2000905c</run_address>
         <size>0x2c</size>
      </object_component>
      <object_component id="oc-12a">
         <name>.common:gADCBuffer</name>
         <uninitialized>true</uninitialized>
         <run_address>0x2000805c</run_address>
         <size>0x1000</size>
      </object_component>
      <object_component id="oc-31b">
         <name>.common:g_psGrLibDefaults</name>
         <uninitialized>true</uninitialized>
         <run_address>0x200090b0</run_address>
         <size>0x4</size>
      </object_component>
      <object_component id="oc-24">
         <name>.stack</name>
         <uninitialized>true</uninitialized>
         <run_address>0x200090c0</run_address>
         <size>0x4</size>
         <input_file_ref idref="fl-cb"/>
      </object_component>
      <object_component id="oc-5a8">
         <name>.stack</name>
         <uninitialized>true</uninitialized>
         <run_address>0x200090c0</run_address>
         <size>0x0</size>
      </object_component>
      <object_component id="oc-1c7">
         <name>.debug_info</name>
         <load_address>0x0</load_address>
         <run_address>0x0</run_address>
         <size>0x6eb</size>
         <input_file_ref idref="fl-2"/>
      </object_component>
      <object_component id="oc-304">
         <name>.debug_info</name>
         <load_address>0x6eb</load_address>
         <run_address>0x6eb</run_address>
         <size>0xf1</size>
         <input_file_ref idref="fl-2"/>
      </object_component>
      <object_component id="oc-232">
         <name>.debug_info</name>
         <load_address>0x7dc</load_address>
         <run_address>0x7dc</run_address>
         <size>0x10a</size>
         <input_file_ref idref="fl-2"/>
      </object_component>
      <object_component id="oc-22b">
         <name>.debug_info</name>
         <load_address>0x8e6</load_address>
         <run_address>0x8e6</run_address>
         <size>0x10e6</size>
         <input_file_ref idref="fl-2"/>
      </object_component>
      <object_component id="oc-186">
         <name>.debug_info</name>
         <load_address>0x19cc</load_address>
         <run_address>0x19cc</run_address>
         <size>0x6bd</size>
         <input_file_ref idref="fl-2"/>
      </object_component>
      <object_component id="oc-136">
         <name>.debug_info</name>
         <load_address>0x2089</load_address>
         <run_address>0x2089</run_address>
         <size>0x26b</size>
         <input_file_ref idref="fl-2"/>
      </object_component>
      <object_component id="oc-122">
         <name>.debug_info</name>
         <load_address>0x22f4</load_address>
         <run_address>0x22f4</run_address>
         <size>0x8b</size>
         <input_file_ref idref="fl-2"/>
      </object_component>
      <object_component id="oc-1bd">
         <name>.debug_info</name>
         <load_address>0x237f</load_address>
         <run_address>0x237f</run_address>
         <size>0x2a4</size>
         <input_file_ref idref="fl-2"/>
      </object_component>
      <object_component id="oc-1af">
         <name>.debug_info</name>
         <load_address>0x2623</load_address>
         <run_address>0x2623</run_address>
         <size>0xef</size>
         <input_file_ref idref="fl-2"/>
      </object_component>
      <object_component id="oc-11d">
         <name>.debug_info</name>
         <load_address>0x2712</load_address>
         <run_address>0x2712</run_address>
         <size>0xbb</size>
         <input_file_ref idref="fl-2"/>
      </object_component>
      <object_component id="oc-3cd">
         <name>.debug_info</name>
         <load_address>0x27cd</load_address>
         <run_address>0x27cd</run_address>
         <size>0x6ab</size>
         <input_file_ref idref="fl-3"/>
      </object_component>
      <object_component id="oc-2fe">
         <name>.debug_info</name>
         <load_address>0x2e78</load_address>
         <run_address>0x2e78</run_address>
         <size>0x60b</size>
         <input_file_ref idref="fl-3"/>
      </object_component>
      <object_component id="oc-7e">
         <name>.debug_info</name>
         <load_address>0x3483</load_address>
         <run_address>0x3483</run_address>
         <size>0x89a</size>
         <input_file_ref idref="fl-4"/>
      </object_component>
      <object_component id="oc-7b">
         <name>.debug_info</name>
         <load_address>0x3d1d</load_address>
         <run_address>0x3d1d</run_address>
         <size>0x120</size>
         <input_file_ref idref="fl-4"/>
      </object_component>
      <object_component id="oc-8d">
         <name>.debug_info</name>
         <load_address>0x3e3d</load_address>
         <run_address>0x3e3d</run_address>
         <size>0xdc</size>
         <input_file_ref idref="fl-4"/>
      </object_component>
      <object_component id="oc-2e">
         <name>.debug_info</name>
         <load_address>0x3f19</load_address>
         <run_address>0x3f19</run_address>
         <size>0x8f8</size>
         <input_file_ref idref="fl-4"/>
      </object_component>
      <object_component id="oc-ae">
         <name>.debug_info</name>
         <load_address>0x4811</load_address>
         <run_address>0x4811</run_address>
         <size>0xd67</size>
         <input_file_ref idref="fl-5"/>
      </object_component>
      <object_component id="oc-11a">
         <name>.debug_info</name>
         <load_address>0x5578</load_address>
         <run_address>0x5578</run_address>
         <size>0x148</size>
         <input_file_ref idref="fl-5"/>
      </object_component>
      <object_component id="oc-22e">
         <name>.debug_info</name>
         <load_address>0x56c0</load_address>
         <run_address>0x56c0</run_address>
         <size>0xd4</size>
         <input_file_ref idref="fl-5"/>
      </object_component>
      <object_component id="oc-15d">
         <name>.debug_info</name>
         <load_address>0x5794</load_address>
         <run_address>0x5794</run_address>
         <size>0x855</size>
         <input_file_ref idref="fl-5"/>
      </object_component>
      <object_component id="oc-18b">
         <name>.debug_info</name>
         <load_address>0x5fe9</load_address>
         <run_address>0x5fe9</run_address>
         <size>0xcc</size>
         <input_file_ref idref="fl-5"/>
      </object_component>
      <object_component id="oc-366">
         <name>.debug_info</name>
         <load_address>0x60b5</load_address>
         <run_address>0x60b5</run_address>
         <size>0x2c</size>
         <input_file_ref idref="fl-5"/>
      </object_component>
      <object_component id="oc-12b">
         <name>.debug_info</name>
         <load_address>0x60e1</load_address>
         <run_address>0x60e1</run_address>
         <size>0x763</size>
         <input_file_ref idref="fl-6"/>
      </object_component>
      <object_component id="oc-128">
         <name>.debug_info</name>
         <load_address>0x6844</load_address>
         <run_address>0x6844</run_address>
         <size>0x131</size>
         <input_file_ref idref="fl-6"/>
      </object_component>
      <object_component id="oc-34">
         <name>.debug_info</name>
         <load_address>0x6975</load_address>
         <run_address>0x6975</run_address>
         <size>0x42c</size>
         <input_file_ref idref="fl-6"/>
      </object_component>
      <object_component id="oc-e7">
         <name>.debug_info</name>
         <load_address>0x6da1</load_address>
         <run_address>0x6da1</run_address>
         <size>0x1b5</size>
         <input_file_ref idref="fl-7"/>
      </object_component>
      <object_component id="oc-42">
         <name>.debug_info</name>
         <load_address>0x6f56</load_address>
         <run_address>0x6f56</run_address>
         <size>0x84</size>
         <input_file_ref idref="fl-7"/>
      </object_component>
      <object_component id="oc-3b">
         <name>.debug_info</name>
         <load_address>0x6fda</load_address>
         <run_address>0x6fda</run_address>
         <size>0x2e5</size>
         <input_file_ref idref="fl-8"/>
      </object_component>
      <object_component id="oc-13">
         <name>.debug_info</name>
         <load_address>0x72bf</load_address>
         <run_address>0x72bf</run_address>
         <size>0xf4</size>
         <input_file_ref idref="fl-8"/>
      </object_component>
      <object_component id="oc-28">
         <name>.debug_info</name>
         <load_address>0x73b3</load_address>
         <run_address>0x73b3</run_address>
         <size>0x273</size>
         <input_file_ref idref="fl-8"/>
      </object_component>
      <object_component id="oc-197">
         <name>.debug_info</name>
         <load_address>0x7626</load_address>
         <run_address>0x7626</run_address>
         <size>0x2a9</size>
         <input_file_ref idref="fl-c4"/>
      </object_component>
      <object_component id="oc-b2">
         <name>.debug_info</name>
         <load_address>0x78cf</load_address>
         <run_address>0x78cf</run_address>
         <size>0x189</size>
         <input_file_ref idref="fl-c4"/>
      </object_component>
      <object_component id="oc-35b">
         <name>.debug_info</name>
         <load_address>0x7a58</load_address>
         <run_address>0x7a58</run_address>
         <size>0x33a</size>
         <input_file_ref idref="fl-c5"/>
      </object_component>
      <object_component id="oc-26f">
         <name>.debug_info</name>
         <load_address>0x7d92</load_address>
         <run_address>0x7d92</run_address>
         <size>0x1ee</size>
         <input_file_ref idref="fl-c5"/>
      </object_component>
      <object_component id="oc-350">
         <name>.debug_info</name>
         <load_address>0x7f80</load_address>
         <run_address>0x7f80</run_address>
         <size>0x1c3</size>
         <input_file_ref idref="fl-c5"/>
      </object_component>
      <object_component id="oc-356">
         <name>.debug_info</name>
         <load_address>0x8143</load_address>
         <run_address>0x8143</run_address>
         <size>0x176</size>
         <input_file_ref idref="fl-c5"/>
      </object_component>
      <object_component id="oc-35c">
         <name>.debug_info</name>
         <load_address>0x82b9</load_address>
         <run_address>0x82b9</run_address>
         <size>0x2c</size>
         <input_file_ref idref="fl-c5"/>
      </object_component>
      <object_component id="oc-361">
         <name>.debug_info</name>
         <load_address>0x82e5</load_address>
         <run_address>0x82e5</run_address>
         <size>0x69</size>
         <input_file_ref idref="fl-c5"/>
      </object_component>
      <object_component id="oc-268">
         <name>.debug_info</name>
         <load_address>0x834e</load_address>
         <run_address>0x834e</run_address>
         <size>0x12c</size>
         <input_file_ref idref="fl-c6"/>
      </object_component>
      <object_component id="oc-49">
         <name>.debug_info</name>
         <load_address>0x847a</load_address>
         <run_address>0x847a</run_address>
         <size>0x119</size>
         <input_file_ref idref="fl-c7"/>
      </object_component>
      <object_component id="oc-14f">
         <name>.debug_info</name>
         <load_address>0x8593</load_address>
         <run_address>0x8593</run_address>
         <size>0x2d4</size>
         <input_file_ref idref="fl-c8"/>
      </object_component>
      <object_component id="oc-5b">
         <name>.debug_info</name>
         <load_address>0x8867</load_address>
         <run_address>0x8867</run_address>
         <size>0x1b5</size>
         <input_file_ref idref="fl-c8"/>
      </object_component>
      <object_component id="oc-14a">
         <name>.debug_info</name>
         <load_address>0x8a1c</load_address>
         <run_address>0x8a1c</run_address>
         <size>0x46</size>
         <input_file_ref idref="fl-c8"/>
      </object_component>
      <object_component id="oc-1d0">
         <name>.debug_info</name>
         <load_address>0x8a62</load_address>
         <run_address>0x8a62</run_address>
         <size>0x2c</size>
         <input_file_ref idref="fl-c8"/>
      </object_component>
      <object_component id="oc-52">
         <name>.debug_info</name>
         <load_address>0x8a8e</load_address>
         <run_address>0x8a8e</run_address>
         <size>0x2a8</size>
         <input_file_ref idref="fl-c9"/>
      </object_component>
      <object_component id="oc-1d">
         <name>.debug_info</name>
         <load_address>0x8d36</load_address>
         <run_address>0x8d36</run_address>
         <size>0x1ea</size>
         <input_file_ref idref="fl-c9"/>
      </object_component>
      <object_component id="oc-4d">
         <name>.debug_info</name>
         <load_address>0x8f20</load_address>
         <run_address>0x8f20</run_address>
         <size>0x46</size>
         <input_file_ref idref="fl-c9"/>
      </object_component>
      <object_component id="oc-142">
         <name>.debug_info</name>
         <load_address>0x8f66</load_address>
         <run_address>0x8f66</run_address>
         <size>0x2c</size>
         <input_file_ref idref="fl-c9"/>
      </object_component>
      <object_component id="oc-140">
         <name>.debug_info</name>
         <load_address>0x8f92</load_address>
         <run_address>0x8f92</run_address>
         <size>0x29e</size>
         <input_file_ref idref="fl-ca"/>
      </object_component>
      <object_component id="oc-18">
         <name>.debug_info</name>
         <load_address>0x9230</load_address>
         <run_address>0x9230</run_address>
         <size>0x250</size>
         <input_file_ref idref="fl-ca"/>
      </object_component>
      <object_component id="oc-3d">
         <name>.debug_info</name>
         <load_address>0x9480</load_address>
         <run_address>0x9480</run_address>
         <size>0x60</size>
         <input_file_ref idref="fl-ca"/>
      </object_component>
      <object_component id="oc-1c9">
         <name>.debug_info</name>
         <load_address>0x94e0</load_address>
         <run_address>0x94e0</run_address>
         <size>0x46</size>
         <input_file_ref idref="fl-ca"/>
      </object_component>
      <object_component id="oc-13b">
         <name>.debug_info</name>
         <load_address>0x9526</load_address>
         <run_address>0x9526</run_address>
         <size>0x39</size>
         <input_file_ref idref="fl-ca"/>
      </object_component>
      <object_component id="oc-25">
         <name>.debug_info</name>
         <load_address>0x955f</load_address>
         <run_address>0x955f</run_address>
         <size>0x10b</size>
         <input_file_ref idref="fl-cb"/>
      </object_component>
      <object_component id="oc-66">
         <name>.debug_info</name>
         <load_address>0x966a</load_address>
         <run_address>0x966a</run_address>
         <size>0x1a9</size>
         <input_file_ref idref="fl-cb"/>
      </object_component>
      <object_component id="oc-2bd">
         <name>.debug_info</name>
         <load_address>0x9813</load_address>
         <run_address>0x9813</run_address>
         <size>0x286</size>
         <input_file_ref idref="fl-cc"/>
      </object_component>
      <object_component id="oc-192">
         <name>.debug_info</name>
         <load_address>0x9a99</load_address>
         <run_address>0x9a99</run_address>
         <size>0x182</size>
         <input_file_ref idref="fl-cc"/>
      </object_component>
      <object_component id="oc-38d">
         <name>.debug_info</name>
         <load_address>0x9c1b</load_address>
         <run_address>0x9c1b</run_address>
         <size>0x46</size>
         <input_file_ref idref="fl-cc"/>
      </object_component>
      <object_component id="oc-2be">
         <name>.debug_info</name>
         <load_address>0x9c61</load_address>
         <run_address>0x9c61</run_address>
         <size>0x39</size>
         <input_file_ref idref="fl-cc"/>
      </object_component>
      <object_component id="oc-44e">
         <name>.debug_info</name>
         <load_address>0x9c9a</load_address>
         <run_address>0x9c9a</run_address>
         <size>0x590</size>
         <input_file_ref idref="fl-cd"/>
      </object_component>
      <object_component id="oc-41c">
         <name>.debug_info</name>
         <load_address>0xa22a</load_address>
         <run_address>0xa22a</run_address>
         <size>0x21e</size>
         <input_file_ref idref="fl-cd"/>
      </object_component>
      <object_component id="oc-4d4">
         <name>.debug_info</name>
         <load_address>0xa448</load_address>
         <run_address>0xa448</run_address>
         <size>0x1b3</size>
         <input_file_ref idref="fl-cd"/>
      </object_component>
      <object_component id="oc-4da">
         <name>.debug_info</name>
         <load_address>0xa5fb</load_address>
         <run_address>0xa5fb</run_address>
         <size>0x21b</size>
         <input_file_ref idref="fl-cd"/>
      </object_component>
      <object_component id="oc-427">
         <name>.debug_info</name>
         <load_address>0xa816</load_address>
         <run_address>0xa816</run_address>
         <size>0x3c0</size>
         <input_file_ref idref="fl-cd"/>
      </object_component>
      <object_component id="oc-4e1">
         <name>.debug_info</name>
         <load_address>0xabd6</load_address>
         <run_address>0xabd6</run_address>
         <size>0x30a</size>
         <input_file_ref idref="fl-cd"/>
      </object_component>
      <object_component id="oc-4e7">
         <name>.debug_info</name>
         <load_address>0xaee0</load_address>
         <run_address>0xaee0</run_address>
         <size>0x215</size>
         <input_file_ref idref="fl-cd"/>
      </object_component>
      <object_component id="oc-42d">
         <name>.debug_info</name>
         <load_address>0xb0f5</load_address>
         <run_address>0xb0f5</run_address>
         <size>0x215</size>
         <input_file_ref idref="fl-cd"/>
      </object_component>
      <object_component id="oc-433">
         <name>.debug_info</name>
         <load_address>0xb30a</load_address>
         <run_address>0xb30a</run_address>
         <size>0x304</size>
         <input_file_ref idref="fl-cd"/>
      </object_component>
      <object_component id="oc-439">
         <name>.debug_info</name>
         <load_address>0xb60e</load_address>
         <run_address>0xb60e</run_address>
         <size>0x4b5</size>
         <input_file_ref idref="fl-cd"/>
      </object_component>
      <object_component id="oc-34c">
         <name>.debug_info</name>
         <load_address>0xbac3</load_address>
         <run_address>0xbac3</run_address>
         <size>0x5f4</size>
         <input_file_ref idref="fl-cd"/>
      </object_component>
      <object_component id="oc-44f">
         <name>.debug_info</name>
         <load_address>0xc0b7</load_address>
         <run_address>0xc0b7</run_address>
         <size>0x86</size>
         <input_file_ref idref="fl-cd"/>
      </object_component>
      <object_component id="oc-50e">
         <name>.debug_info</name>
         <load_address>0xc13d</load_address>
         <run_address>0xc13d</run_address>
         <size>0x39</size>
         <input_file_ref idref="fl-cd"/>
      </object_component>
      <object_component id="oc-564">
         <name>.debug_info</name>
         <load_address>0xc176</load_address>
         <run_address>0xc176</run_address>
         <size>0xb6</size>
         <input_file_ref idref="fl-cd"/>
      </object_component>
      <object_component id="oc-513">
         <name>.debug_info</name>
         <load_address>0xc22c</load_address>
         <run_address>0xc22c</run_address>
         <size>0x46</size>
         <input_file_ref idref="fl-cd"/>
      </object_component>
      <object_component id="oc-454">
         <name>.debug_info</name>
         <load_address>0xc272</load_address>
         <run_address>0xc272</run_address>
         <size>0x46</size>
         <input_file_ref idref="fl-cd"/>
      </object_component>
      <object_component id="oc-4cd">
         <name>.debug_info</name>
         <load_address>0xc2b8</load_address>
         <run_address>0xc2b8</run_address>
         <size>0x14c</size>
         <input_file_ref idref="fl-ce"/>
      </object_component>
      <object_component id="oc-421">
         <name>.debug_info</name>
         <load_address>0xc404</load_address>
         <run_address>0xc404</run_address>
         <size>0x128</size>
         <input_file_ref idref="fl-cf"/>
      </object_component>
      <object_component id="oc-4b9">
         <name>.debug_info</name>
         <load_address>0xc52c</load_address>
         <run_address>0xc52c</run_address>
         <size>0x12a</size>
         <input_file_ref idref="fl-cf"/>
      </object_component>
      <object_component id="oc-4b3">
         <name>.debug_info</name>
         <load_address>0xc656</load_address>
         <run_address>0xc656</run_address>
         <size>0x13a</size>
         <input_file_ref idref="fl-d0"/>
      </object_component>
      <object_component id="oc-4ad">
         <name>.debug_info</name>
         <load_address>0xc790</load_address>
         <run_address>0xc790</run_address>
         <size>0x13a</size>
         <input_file_ref idref="fl-d1"/>
      </object_component>
      <object_component id="oc-4bc">
         <name>.debug_info</name>
         <load_address>0xc8ca</load_address>
         <run_address>0xc8ca</run_address>
         <size>0x12e</size>
         <input_file_ref idref="fl-d2"/>
      </object_component>
      <object_component id="oc-4c7">
         <name>.debug_info</name>
         <load_address>0xc9f8</load_address>
         <run_address>0xc9f8</run_address>
         <size>0x12c</size>
         <input_file_ref idref="fl-d3"/>
      </object_component>
      <object_component id="oc-152">
         <name>.debug_info</name>
         <load_address>0xcb24</load_address>
         <run_address>0xcb24</run_address>
         <size>0x147</size>
         <input_file_ref idref="fl-d4"/>
      </object_component>
      <object_component id="oc-4a6">
         <name>.debug_info</name>
         <load_address>0xcc6b</load_address>
         <run_address>0xcc6b</run_address>
         <size>0x134</size>
         <input_file_ref idref="fl-d5"/>
      </object_component>
      <object_component id="oc-376">
         <name>.debug_info</name>
         <load_address>0xcd9f</load_address>
         <run_address>0xcd9f</run_address>
         <size>0x4b3</size>
         <input_file_ref idref="fl-d6"/>
      </object_component>
      <object_component id="oc-281">
         <name>.debug_info</name>
         <load_address>0xd252</load_address>
         <run_address>0xd252</run_address>
         <size>0x1a6</size>
         <input_file_ref idref="fl-d6"/>
      </object_component>
      <object_component id="oc-46d">
         <name>.debug_info</name>
         <load_address>0xd3f8</load_address>
         <run_address>0xd3f8</run_address>
[...]
      </symbol>
      <symbol id="sm-19e">
         <name>ResetISR</name>
         <value>0x4221</value>
         <object_component_ref idref="oc-27"/>
      </symbol>
      <symbol id="sm-19f">
         <name>g_pfnVectors</name>
         <value>0x0</value>
         <object_component_ref idref="oc-12"/>
      </symbol>
      <symbol id="sm-1ae">
         <name>roundf</name>
         <value>0x379b</value>
         <object_component_ref idref="oc-b0"/>
      </symbol>
      <symbol id="sm-1dd">
         <name>snprintf</name>
         <value>0x3ba9</value>
         <object_component_ref idref="oc-26c"/>
      </symbol>
      <symbol id="sm-1e8">
         <name>__aeabi_f2d</name>
         <value>0x3f27</value>
         <object_component_ref idref="oc-267"/>
      </symbol>
      <symbol id="sm-203">
         <name>memcpy</name>
         <value>0x32f3</value>
         <object_component_ref idref="oc-47"/>
      </symbol>
      <symbol id="sm-204">
         <name>__aeabi_memcpy</name>
         <value>0x32f3</value>
         <object_component_ref idref="oc-47"/>
      </symbol>
      <symbol id="sm-205">
         <name>__aeabi_memcpy8</name>
         <value>0x32f3</value>
         <object_component_ref idref="oc-47"/>
      </symbol>
      <symbol id="sm-206">
         <name>__aeabi_memcpy4</name>
         <value>0x32f3</value>
         <object_component_ref idref="oc-47"/>
      </symbol>
      <symbol id="sm-21d">
         <name>__TI_zero_init</name>
         <value>0x4441</value>
         <object_component_ref idref="oc-59"/>
      </symbol>
      <symbol id="sm-234">
         <name>__TI_decompress_none</name>
         <value>0x440f</value>
         <object_component_ref idref="oc-1b"/>
      </symbol>
      <symbol id="sm-257">
         <name>__TI_decompress_lzss</name>
         <value>0x38d9</value>
         <object_component_ref idref="oc-15"/>
      </symbol>
      <symbol id="sm-26a">
         <name>__stack</name>
         <value>0x200090c0</value>
         <object_component_ref idref="oc-24"/>
      </symbol>
      <symbol id="sm-26b">
         <name>_c_int00_noargs</name>
         <value>0x3fc9</value>
         <object_component_ref idref="oc-65"/>
      </symbol>
      <symbol id="sm-28d">
         <name>floorf</name>
         <value>0x35b9</value>
         <object_component_ref idref="oc-190"/>
      </symbol>
      <symbol id="sm-3f2">
         <name>__TI_printfi</name>
         <value>0x209</value>
         <object_component_ref idref="oc-348"/>
      </symbol>
      <symbol id="sm-409">
         <name>__aeabi_dsub</name>
         <value>0x25a5</value>
         <object_component_ref idref="oc-4cb"/>
      </symbol>
      <symbol id="sm-40a">
         <name>__aeabi_dadd</name>
         <value>0x25af</value>
         <object_component_ref idref="oc-4cb"/>
      </symbol>
      <symbol id="sm-42c">
         <name>__aeabi_cdcmpeq</name>
         <value>0x34ab</value>
         <object_component_ref idref="oc-41e"/>
      </symbol>
      <symbol id="sm-42d">
         <name>__aeabi_cdcmple</name>
         <value>0x34ab</value>
         <object_component_ref idref="oc-41e"/>
      </symbol>
      <symbol id="sm-42e">
         <name>__aeabi_cdrcmple</name>
         <value>0x3531</value>
         <object_component_ref idref="oc-4b6"/>
      </symbol>
      <symbol id="sm-442">
         <name>__aeabi_ddiv</name>
         <value>0x2a1d</value>
         <object_component_ref idref="oc-4b1"/>
      </symbol>
      <symbol id="sm-44d">
         <name>__aeabi_dmul</name>
         <value>0x2fbf</value>
         <object_component_ref idref="oc-4ac"/>
      </symbol>
      <symbol id="sm-457">
         <name>__aeabi_d2iz</name>
         <value>0x3d1d</value>
         <object_component_ref idref="oc-4bb"/>
      </symbol>
      <symbol id="sm-461">
         <name>__aeabi_i2d</name>
         <value>0x4089</value>
         <object_component_ref idref="oc-4c6"/>
      </symbol>
      <symbol id="sm-470">
         <name>__aeabi_memset</name>
         <value>0x36b5</value>
         <object_component_ref idref="oc-150"/>
      </symbol>
      <symbol id="sm-471">
         <name>memset</name>
         <value>0x36bb</value>
         <object_component_ref idref="oc-150"/>
      </symbol>
      <symbol id="sm-472">
         <name>__aeabi_memset8</name>
         <value>0x36b5</value>
         <object_component_ref idref="oc-150"/>
      </symbol>
      <symbol id="sm-473">
         <name>__aeabi_memset4</name>
         <value>0x36b5</value>
         <object_component_ref idref="oc-150"/>
      </symbol>
      <symbol id="sm-474">
         <name>__aeabi_memclr8</name>
         <value>0x36b3</value>
         <object_component_ref idref="oc-150"/>
      </symbol>
      <symbol id="sm-475">
         <name>__aeabi_memclr4</name>
         <value>0x36b3</value>
         <object_component_ref idref="oc-150"/>
      </symbol>
      <symbol id="sm-476">
         <name>__aeabi_memclr</name>
         <value>0x36b3</value>
         <object_component_ref idref="oc-150"/>
      </symbol>
      <symbol id="sm-483">
         <name>__aeabi_uldivmod</name>
         <value>0x338f</value>
         <object_component_ref idref="oc-4a5"/>
      </symbol>
      <symbol id="sm-4ab">
         <name>__TI_auto_init_nobinit_nopinit</name>
         <value>0x3df1</value>
         <object_component_ref idref="oc-27f"/>
      </symbol>
      <symbol id="sm-4b5">
         <name>_system_pre_init</name>
         <value>0x44a1</value>
         <object_component_ref idref="oc-156"/>
      </symbol>
      <symbol id="sm-4c1">
         <name>C$$EXIT</name>
         <value>0x44a5</value>
         <object_component_ref idref="oc-273"/>
      </symbol>
      <symbol id="sm-4c2">
         <name>abort</name>
         <value>0x44a5</value>
         <object_component_ref idref="oc-273"/>
      </symbol>
      <symbol id="sm-4d2">
         <name>__TI_ltoa</name>
         <value>0x3ab5</value>
         <object_component_ref idref="oc-4c0"/>
      </symbol>
      <symbol id="sm-4e9">
         <name>atoi</name>
         <value>0x3b5d</value>
         <object_component_ref idref="oc-412"/>
      </symbol>
      <symbol id="sm-4f4">
         <name>_ctypes_</name>
         <value>0x48c0</value>
         <object_component_ref idref="oc-4a0"/>
      </symbol>
      <symbol id="sm-504">
         <name>memccpy</name>
         <value>0x41e9</value>
         <object_component_ref idref="oc-43b"/>
      </symbol>
      <symbol id="sm-514">
         <name>strchr</name>
         <value>0x42b1</value>
         <object_component_ref idref="oc-4f7"/>
      </symbol>
      <symbol id="sm-522">
         <name>strlen</name>
         <value>0x42f1</value>
         <object_component_ref idref="oc-40c"/>
      </symbol>
      <symbol id="sm-538">
         <name>__aeabi_errno_addr</name>
         <value>0x448d</value>
         <object_component_ref idref="oc-447"/>
      </symbol>
      <symbol id="sm-539">
         <name>errno</name>
         <value>0x20008058</value>
         <object_component_ref idref="oc-507"/>
      </symbol>
      <symbol id="sm-559">
         <name>frexpl</name>
         <value>0x3941</value>
         <object_component_ref idref="oc-4eb"/>
      </symbol>
      <symbol id="sm-55a">
         <name>frexp</name>
         <value>0x3941</value>
         <object_component_ref idref="oc-4eb"/>
      </symbol>
      <symbol id="sm-577">
         <name>scalbn</name>
         <value>0x2da9</value>
         <object_component_ref idref="oc-4f1"/>
      </symbol>
      <symbol id="sm-578">
         <name>scalbnl</name>
         <value>0x2da9</value>
         <object_component_ref idref="oc-4f1"/>
      </symbol>
      <symbol id="sm-579">
         <name>ldexpl</name>
         <value>0x2da9</value>
         <object_component_ref idref="oc-4f1"/>
      </symbol>
      <symbol id="sm-57a">
         <name>ldexp</name>
         <value>0x2da9</value>
         <object_component_ref idref="oc-4f1"/>
      </symbol>
      <symbol id="sm-584">
         <name>copysign</name>
         <value>0x4205</value>
         <object_component_ref idref="oc-54d"/>
      </symbol>
      <symbol id="sm-585">
         <name>copysignl</name>
         <value>0x4205</value>
         <object_component_ref idref="oc-54d"/>
      </symbol>
      <symbol id="sm-59e">
         <name>wcslen</name>
         <value>0x4371</value>
         <object_component_ref idref="oc-441"/>
      </symbol>
      <symbol id="sm-5a8">
         <name>__aeabi_idiv0</name>
         <value>0xc57</value>
         <object_component_ref idref="oc-534"/>
      </symbol>
      <symbol id="sm-5a9">
         <name>__aeabi_ldiv0</name>
         <value>0xc57</value>
         <object_component_ref idref="oc-534"/>
      </symbol>
      <symbol id="sm-5ce">
         <name>GrContextInit</name>
         <value>0x3809</value>
         <object_component_ref idref="oc-234"/>
      </symbol>
      <symbol id="sm-5cf">
         <name>g_psDefaultCodePointMapTable</name>
         <value>0x4d00</value>
         <object_component_ref idref="oc-318"/>
      </symbol>
      <symbol id="sm-613">
         <name>GrLineDrawH</name>
         <value>0x3d65</value>
         <object_component_ref idref="oc-255"/>
      </symbol>
      <symbol id="sm-614">
         <name>GrLineDrawV</name>
         <value>0x3dab</value>
         <object_component_ref idref="oc-24f"/>
      </symbol>
      <symbol id="sm-615">
         <name>GrLineDraw</name>
         <value>0x2eb9</value>
         <object_component_ref idref="oc-261"/>
      </symbol>
      <symbol id="sm-623">
         <name>GrRectFill</name>
         <value>0x3425</value>
         <object_component_ref idref="oc-249"/>
      </symbol>
      <symbol id="sm-6b2">
         <name>GrFontInfoGet</name>
         <value>0x40e1</value>
         <object_component_ref idref="oc-3d0"/>
      </symbol>
      <symbol id="sm-6b3">
         <name>GrDefaultStringRenderer</name>
         <value>0x30bb</value>
         <object_component_ref idref="oc-312"/>
      </symbol>
      <symbol id="sm-6b4">
         <name>GrFontGlyphRender</name>
         <value>0x1da1</value>
         <object_component_ref idref="oc-3e2"/>
      </symbol>
      <symbol id="sm-6b5">
         <name>GrContextFontSet</name>
         <value>0x4495</value>
         <object_component_ref idref="oc-23d"/>
      </symbol>
      <symbol id="sm-6b6">
         <name>GrFontGlyphDataGet</name>
         <value>0x412d</value>
         <object_component_ref idref="oc-3dc"/>
      </symbol>
      <symbol id="sm-6b7">
         <name>GrStringDraw</name>
         <value>0x429b</value>
         <object_component_ref idref="oc-25b"/>
      </symbol>
      <symbol id="sm-6b8">
         <name>GrFontCodepageGet</name>
         <value>0x418f</value>
         <object_component_ref idref="oc-3f7"/>
      </symbol>
      <symbol id="sm-6b9">
         <name>GrStringNextCharGet</name>
         <value>0x405b</value>
         <object_component_ref idref="oc-3d6"/>
      </symbol>
      <symbol id="sm-6cb">
         <name>g_sFontFixed6x8</name>
         <value>0x49c4</value>
         <object_component_ref idref="oc-23a"/>
      </symbol>
      <symbol id="sm-6d8">
         <name>GrMapISO8859_1_Unicode</name>
         <value>0x4475</value>
         <object_component_ref idref="oc-3e9"/>
      </symbol>
      <symbol id="sm-735">
         <name>ADCProcessorTrigger</name>
         <value>0x4253</value>
         <object_component_ref idref="oc-80"/>
      </symbol>
      <symbol id="sm-736">
         <name>ADCSequenceEnable</name>
         <value>0x43f3</value>
         <object_component_ref idref="oc-105"/>
      </symbol>
      <symbol id="sm-737">
         <name>ADCSequenceConfigure</name>
         <value>0x3e35</value>
         <object_component_ref idref="oc-f9"/>
      </symbol>
      <symbol id="sm-738">
         <name>ADCIntEnable</name>
         <value>0x4383</value>
         <object_component_ref idref="oc-12d"/>
      </symbol>
      <symbol id="sm-739">
         <name>ADCSequenceStepConfigure</name>
         <value>0x3639</value>
         <object_component_ref idref="oc-ff"/>
      </symbol>
      <symbol id="sm-73a">
         <name>ADCIntClear</name>
         <value>0x444d</value>
         <object_component_ref idref="oc-95"/>
      </symbol>
      <symbol id="sm-73b">
         <name>ADCIntStatus</name>
         <value>0x402d</value>
         <object_component_ref idref="oc-86"/>
      </symbol>
      <symbol id="sm-73c">
         <name>ADCSequenceDisable</name>
         <value>0x43e5</value>
         <object_component_ref idref="oc-f3"/>
      </symbol>
      <symbol id="sm-73d">
         <name>ADCClockConfigSet</name>
         <value>0x423b</value>
         <object_component_ref idref="oc-ed"/>
      </symbol>
      <symbol id="sm-73e">
         <name>ADCSequenceDataGet</name>
         <value>0x4171</value>
         <object_component_ref idref="oc-8f"/>
      </symbol>
      <symbol id="sm-754">
         <name>FPULazyStackingEnable</name>
         <value>0x43a5</value>
         <object_component_ref idref="oc-1eb"/>
      </symbol>
      <symbol id="sm-755">
         <name>FPUEnable</name>
         <value>0x4395</value>
         <object_component_ref idref="oc-1e5"/>
      </symbol>
      <symbol id="sm-7b7">
         <name>GPIOPinTypePWM</name>
         <value>0x4329</value>
         <object_component_ref idref="oc-1f7"/>
      </symbol>
      <symbol id="sm-7b8">
         <name>GPIOPinConfigure</name>
         <value>0x3c8d</value>
         <object_component_ref idref="oc-1fd"/>
      </symbol>
      <symbol id="sm-7b9">
         <name>GPIOPinTypeADC</name>
         <value>0x4305</value>
         <object_component_ref idref="oc-e0"/>
      </symbol>
      <symbol id="sm-7ba">
         <name>GPIOPinTypeGPIOInput</name>
         <value>0x4317</value>
         <object_component_ref idref="oc-d4"/>
      </symbol>
      <symbol id="sm-7bb">
         <name>GPIOPinTypeGPIOOutput</name>
         <value>0x426b</value>
         <object_component_ref idref="oc-3c6"/>
      </symbol>
      <symbol id="sm-7bc">
         <name>GPIOPinRead</name>
         <value>0x173b</value>
         <object_component_ref idref="oc-113"/>
      </symbol>
      <symbol id="sm-7bd">
         <name>GPIODirModeSet</name>
         <value>0x40b7</value>
         <object_component_ref idref="oc-1a4"/>
      </symbol>
      <symbol id="sm-7be">
         <name>GPIOPinWrite</name>
         <value>0x275b</value>
         <object_component_ref idref="oc-3ae"/>
      </symbol>
      <symbol id="sm-7bf">
         <name>GPIOPadConfigSet</name>
         <value>0x2b53</value>
         <object_component_ref idref="oc-da"/>
      </symbol>
      <symbol id="sm-7c0">
         <name>GPIOPinTypeSSI</name>
         <value>0x433b</value>
         <object_component_ref idref="oc-3c0"/>
      </symbol>
      <symbol id="sm-80a">
         <name>IntPrioritySet</name>
         <value>0x4109</value>
         <object_component_ref idref="oc-c8"/>
      </symbol>
      <symbol id="sm-80b">
         <name>IntEnable</name>
         <value>0x3871</value>
         <object_component_ref idref="oc-ce"/>
      </symbol>
      <symbol id="sm-80c">
         <name>IntMasterDisable</name>
         <value>0x43b5</value>
         <object_component_ref idref="oc-1df"/>
      </symbol>
      <symbol id="sm-80d">
         <name>IntMasterEnable</name>
         <value>0x43c5</value>
         <object_component_ref idref="oc-243"/>
      </symbol>
      <symbol id="sm-844">
         <name>PWMGenPeriodSet</name>
         <value>0x43d5</value>
         <object_component_ref idref="oc-20f"/>
      </symbol>
      <symbol id="sm-845">
         <name>PWMClockSet</name>
         <value>0x42c9</value>
         <object_component_ref idref="oc-203"/>
      </symbol>
      <symbol id="sm-846">
         <name>PWMPulseWidthSet</name>
         <value>0x41ad</value>
         <object_component_ref idref="oc-215"/>
      </symbol>
      <symbol id="sm-847">
         <name>PWMOutputState</name>
         <value>0x434d</value>
         <object_component_ref idref="oc-21b"/>
      </symbol>
      <symbol id="sm-848">
         <name>PWMGenEnable</name>
         <value>0x4435</value>
         <object_component_ref idref="oc-221"/>
      </symbol>
      <symbol id="sm-849">
         <name>PWMGenConfigure</name>
         <value>0x414f</value>
         <object_component_ref idref="oc-209"/>
      </symbol>
      <symbol id="sm-870">
         <name>SSIDataPut</name>
         <value>0x4457</value>
         <object_component_ref idref="oc-3a2"/>
      </symbol>
      <symbol id="sm-871">
         <name>SSIConfigSetExpClk</name>
         <value>0x3eb1</value>
         <object_component_ref idref="oc-3b4"/>
      </symbol>
      <symbol id="sm-872">
         <name>SSIEnable</name>
         <value>0x4461</value>
         <object_component_ref idref="oc-3ba"/>
      </symbol>
      <symbol id="sm-873">
         <name>SSIBusy</name>
         <value>0x447d</value>
         <object_component_ref idref="oc-3a8"/>
      </symbol>
      <symbol id="sm-8e3">
         <name>SysCtlDelay</name>
         <value>0x449b</value>
         <object_component_ref idref="oc-306"/>
      </symbol>
      <symbol id="sm-8e4">
         <name>SysCtlPeripheralEnable</name>
         <value>0x3f95</value>
         <object_component_ref idref="oc-9b"/>
      </symbol>
      <symbol id="sm-8e5">
         <name>SysCtlClockFreqSet</name>
         <value>0x1ff9</value>
         <object_component_ref idref="oc-1f1"/>
      </symbol>
      <symbol id="sm-92b">
         <name>TimerLoadSet</name>
         <value>0x435f</value>
         <object_component_ref idref="oc-b6"/>
      </symbol>
      <symbol id="sm-92c">
         <name>TimerDisable</name>
         <value>0x42dd</value>
         <object_component_ref idref="oc-a1"/>
      </symbol>
      <symbol id="sm-92d">
         <name>TimerEnable</name>
         <value>0x4401</value>
         <object_component_ref idref="oc-c2"/>
      </symbol>
      <symbol id="sm-92e">
         <name>TimerIntStatus</name>
         <value>0x446b</value>
         <object_component_ref idref="oc-1d9"/>
      </symbol>
      <symbol id="sm-92f">
         <name>TimerIntEnable</name>
         <value>0x4485</value>
         <object_component_ref idref="oc-bc"/>
      </symbol>
      <symbol id="sm-930">
         <name>TimerConfigure</name>
         <value>0x39a5</value>
         <object_component_ref idref="oc-a7"/>
      </symbol>
      <symbol id="sm-931">
         <name>TimerIntClear</name>
         <value>0x21fd</value>
         <object_component_ref idref="oc-10d"/>
      </symbol>
      <symbol id="sm-943">
         <name>CPUcpsie</name>
         <value>0x4429</value>
         <object_component_ref idref="oc-32e"/>
      </symbol>
      <symbol id="sm-944">
         <name>CPUcpsid</name>
         <value>0x441d</value>
         <object_component_ref idref="oc-2d1"/>
      </symbol>
      <symbol id="sm-945">
         <name>__TI_static_base__</name>
         <value>0x0</value>
      </symbol>
      <symbol id="sm-948">
         <name>__mpu_init</name>
         <value>0x0</value>
      </symbol>
      <symbol id="sm-949">
         <name>_system_post_cinit</name>
         <value>0x0</value>
      </symbol>
   </symbol_table>
   <title>Link successful</title>
</link_info>
