******************************************************************************
                  TI ARM Linker PC v20.2.6                     
******************************************************************************
>> Linked Thu Apr  4 12:22:00 2024

OUTPUT FILE NAME:   <ece3849_lab1_rjcroesball_wtfolan.out>
ENTRY POINT SYMBOL: "_c_int00_noargs"  address: 00003fc9


MEMORY CONFIGURATION

         name            origin    length      used     unused   attr    fill
----------------------  --------  ---------  --------  --------  ----  --------
  FLASH                 00000000   00100000  00004d58  000fb2a8  R  X
  SRAM                  20000000   00040000  000098be  00036742  RW X


SEGMENT ALLOCATION MAP

run origin  load origin   length   init length attrs members
----------  ----------- ---------- ----------- ----- -------
00000000    00000000    00004d58   00004d58    r-x
  00000000    00000000    00000208   00000208    r-- .intvecs
  00000208    00000208    000042a0   000042a0    r-x .text
  000044a8    000044a8    00000870   00000870    r-- .const
  00004d18    00004d18    00000040   00000040    r-- .cinit
20000000    20000000    000098c0   00000000    rw-
  20000000    20000000    0000805c   00000000    rw- .data
  2000805c    2000805c    00001062   00000000    rw- .bss
  200090c0    200090c0    00000800   00000000    rw- .stack


SECTION ALLOCATION MAP

 output                                  attributes/
section   page    origin      length       input sections
--------  ----  ----------  ----------   ----------------
.intvecs   0    00000000    00000208     
                  00000000    00000208     tm4c1294ncpdt_startup_ccs.obj (.intvecs)

.text      0    00000208    000042a0     
                  00000208    00000a4e     rtsv7M4_T_le_v4SPD16_eabi.lib : _printfi.c.obj (.text:__TI_printfi)
                  00000c56    00000002                                   : div0.asm.obj (.text)
                  00000c58    000005e6     main.obj (.text)
                  0000123e    00000002     --HOLE-- [fill = 0]
                  00001240    000004fa     buttons.obj (.text)
                  0000173a    00000006     driverlib.lib : gpio.obj (.text:GPIOPinRead)
                  00001740    000003f0     Crystalfontz128x128_ST7735.obj (.text)
                  00001b30    00000270     rtsv7M4_T_le_v4SPD16_eabi.lib : _printfi.c.obj (.text:_pconv_a)
                  00001da0    00000256     grlib.lib : string.obj (.text:GrFontGlyphRender)
                  00001ff6    00000002     --HOLE-- [fill = 0]
                  00001ff8    00000204     driverlib.lib : sysctl.obj (.text:SysCtlClockFreqSet)
                  000021fc    00000004                   : timer.obj (.text:TimerIntClear)
                  00002200    000001d4     sampling.obj (.text)
                  000023d4    000001d0     rtsv7M4_T_le_v4SPD16_eabi.lib : _printfi.c.obj (.text:_pconv_g)
                  000025a4    000001b6                                   : fd_add_t2.asm.obj (.text)
                  0000275a    00000006     driverlib.lib : gpio.obj (.text:GPIOPinWrite)
                  00002760    0000017e     HAL_EK_TM4C1294XL_Crystalfontz128x128_ST7735.obj (.text)
                  000028de    00000002     --HOLE-- [fill = 0]
                  000028e0    0000013c     rtsv7M4_T_le_v4SPD16_eabi.lib : _printfi.c.obj (.text:_pconv_e)
                  00002a1c    00000136                                   : fd_div_t2.asm.obj (.text)
                  00002b52    00000130     driverlib.lib : gpio.obj (.text:GPIOPadConfigSet)
                  00002c82    00000002     --HOLE-- [fill = 0]
                  00002c84    00000124     rtsv7M4_T_le_v4SPD16_eabi.lib : _printfi.c.obj (.text:fcvt)
                  00002da8    00000110                                   : s_scalbn.c.obj (.text:scalbn)
                  00002eb8    00000106     grlib.lib : line.obj (.text:GrLineDraw)
                  00002fbe    000000fc     rtsv7M4_T_le_v4SPD16_eabi.lib : fd_mul_t2.asm.obj (.text)
                  000030ba    000000c4     grlib.lib : string.obj (.text:GrDefaultStringRenderer)
                  0000317e    000000c0               : line.obj (.text:GrLineClip)
                  0000323e    00000002     --HOLE-- [fill = 0]
                  00003240    000000b1     rtsv7M4_T_le_v4SPD16_eabi.lib : _printfi.c.obj (.text:_ltostr)
                  000032f1    00000001     --HOLE-- [fill = 0]
                  000032f2    0000009c                                   : memcpy_t2.asm.obj (.text)
                  0000338e    00000096                                   : ull_div_t2.asm.obj (.text)
                  00003424    00000086     grlib.lib : rectangle.obj (.text:GrRectFill)
                  000034aa    00000086     rtsv7M4_T_le_v4SPD16_eabi.lib : fd_cmp_t2.asm.obj (.text:__aeabi_cdcmple)
                  00003530    00000086                                   : fd_cmp_t2.asm.obj (.text:__aeabi_cdrcmple)
                  000035b6    00000002     --HOLE-- [fill = 0]
                  000035b8    00000080                                   : s_floorf.c.obj (.text:floorf)
                  00003638    0000007a     driverlib.lib : adc.obj (.text:ADCSequenceStepConfigure)
                  000036b2    0000007a     rtsv7M4_T_le_v4SPD16_eabi.lib : memset_t2.asm.obj (.text)
                  0000372c    0000006e                                   : _printfi.c.obj (.text:_mcpy)
                  0000379a    0000006e                                   : s_roundf.c.obj (.text:roundf)
                  00003808    00000068     grlib.lib : context.obj (.text:GrContextInit)
                  00003870    00000068     driverlib.lib : interrupt.obj (.text:IntEnable)
                  000038d8    00000068     rtsv7M4_T_le_v4SPD16_eabi.lib : copy_decompress_lzss.c.obj (.text:decompress:lzss:__TI_decompress_lzss)
                  00003940    00000064                                   : s_frexp.c.obj (.text:frexp)
                  000039a4    00000060     driverlib.lib : timer.obj (.text:TimerConfigure)
                  00003a04    0000005a     grlib.lib : string.obj (.text:FontWideGlyphDataGet)
                  00003a5e    00000056     rtsv7M4_T_le_v4SPD16_eabi.lib : _printfi.c.obj (.text:_pconv_f)
                  00003ab4    00000054                                   : _ltoa.c.obj (.text:__TI_ltoa)
                  00003b08    00000052                                   : _printfi.c.obj (.text:_ecpy)
                  00003b5a    00000002     --HOLE-- [fill = 0]
                  00003b5c    0000004c                                   : atoi.c.obj (.text:atoi)
                  00003ba8    0000004c                                   : snprintf.c.obj (.text:snprintf)
                  00003bf4    0000004a     grlib.lib : string.obj (.text:UpdateContextCharMapping)
                  00003c3e    00000002     --HOLE-- [fill = 0]
                  00003c40    0000004a     sysctl_pll.obj (.text)
                  00003c8a    00000002     --HOLE-- [fill = 0]
                  00003c8c    00000048     driverlib.lib : gpio.obj (.text:GPIOPinConfigure)
                  00003cd4    00000048                   : sysctl.obj (.text:_SysCtlFrequencyGet)
                  00003d1c    00000048     rtsv7M4_T_le_v4SPD16_eabi.lib : fd_toi_t2.asm.obj (.text)
                  00003d64    00000046     grlib.lib : line.obj (.text:GrLineDrawH)
                  00003daa    00000046               : line.obj (.text:GrLineDrawV)
                  00003df0    00000044     rtsv7M4_T_le_v4SPD16_eabi.lib : autoinit.c.obj (.text:__TI_auto_init_nobinit_nopinit:__TI_auto_init_nobinit_nopinit)
                  00003e34    0000003e     driverlib.lib : adc.obj (.text:ADCSequenceConfigure)
                  00003e72    0000003e     rtsv7M4_T_le_v4SPD16_eabi.lib : _printfi.c.obj (.text:_fcpy)
                  00003eb0    0000003c     driverlib.lib : ssi.obj (.text:SSIConfigSetExpClk)
                  00003eec    0000003a     grlib.lib : string.obj (.text:FontGlyphDataGet)
                  00003f26    00000038     rtsv7M4_T_le_v4SPD16_eabi.lib : fs_tod_t2.asm.obj (.text)
                  00003f5e    00000036     grlib.lib : line.obj (.text:GrClipCodeGet)
                  00003f94    00000034     driverlib.lib : sysctl.obj (.text:SysCtlPeripheralEnable)
                  00003fc8    00000034     rtsv7M4_T_le_v4SPD16_eabi.lib : boot_cortex_m.c.obj (.text:_c_int00_noargs:_c_int00_noargs)
                  00003ffc    00000030                                   : snprintf.c.obj (.text:_outs)
                  0000402c    0000002e     driverlib.lib : adc.obj (.text:ADCIntStatus)
                  0000405a    0000002e     grlib.lib : string.obj (.text:GrStringNextCharGet)
                  00004088    0000002e     rtsv7M4_T_le_v4SPD16_eabi.lib : i_tofd_t2.asm.obj (.text)
                  000040b6    0000002a     driverlib.lib : gpio.obj (.text:GPIODirModeSet)
                  000040e0    00000026     grlib.lib : string.obj (.text:GrFontInfoGet)
                  00004106    00000002     --HOLE-- [fill = 0]
                  00004108    00000024     driverlib.lib : interrupt.obj (.text:IntPrioritySet)
                  0000412c    00000022     grlib.lib : string.obj (.text:GrFontGlyphDataGet)
                  0000414e    00000022     driverlib.lib : pwm.obj (.text:PWMGenConfigure)
                  00004170    0000001e                   : adc.obj (.text:ADCSequenceDataGet)
                  0000418e    0000001e     grlib.lib : string.obj (.text:GrFontCodepageGet)
                  000041ac    0000001e     driverlib.lib : pwm.obj (.text:PWMPulseWidthSet)
                  000041ca    00000002     --HOLE-- [fill = 0]
                  000041cc    0000001c                   : sysctl.obj (.text:_SysCtlMemTimingGet)
                  000041e8    0000001c     rtsv7M4_T_le_v4SPD16_eabi.lib : memccpy.c.obj (.text:memccpy)
                  00004204    0000001a                                   : s_copysign.c.obj (.text:copysign)
                  0000421e    00000002     --HOLE-- [fill = 0]
                  00004220    0000001a     tm4c1294ncpdt_startup_ccs.obj (.text)
                  0000423a    00000018     driverlib.lib : adc.obj (.text:ADCClockConfigSet)
                  00004252    00000018                   : adc.obj (.text:ADCProcessorTrigger)
                  0000426a    00000018                   : gpio.obj (.text:GPIOPinTypeGPIOOutput)
                  00004282    00000018     rtsv7M4_T_le_v4SPD16_eabi.lib : snprintf.c.obj (.text:_outc)
                  0000429a    00000016     grlib.lib : string.obj (.text:GrStringDraw)
                  000042b0    00000016     rtsv7M4_T_le_v4SPD16_eabi.lib : strchr.c.obj (.text:strchr)
                  000042c6    00000002     --HOLE-- [fill = 0]
                  000042c8    00000014     driverlib.lib : pwm.obj (.text:PWMClockSet)
                  000042dc    00000014                   : timer.obj (.text:TimerDisable)
                  000042f0    00000014     rtsv7M4_T_le_v4SPD16_eabi.lib : strlen.c.obj (.text:strlen)
                  00004304    00000012     driverlib.lib : gpio.obj (.text:GPIOPinTypeADC)
                  00004316    00000012                   : gpio.obj (.text:GPIOPinTypeGPIOInput)
                  00004328    00000012                   : gpio.obj (.text:GPIOPinTypePWM)
                  0000433a    00000012                   : gpio.obj (.text:GPIOPinTypeSSI)
                  0000434c    00000012                   : pwm.obj (.text:PWMOutputState)
                  0000435e    00000012                   : timer.obj (.text:TimerLoadSet)
                  00004370    00000012     rtsv7M4_T_le_v4SPD16_eabi.lib : wcslen.c.obj (.text:wcslen)
                  00004382    00000010     driverlib.lib : adc.obj (.text:ADCIntEnable)
                  00004392    00000002     --HOLE-- [fill = 0]
                  00004394    00000010                   : fpu.obj (.text:FPUEnable)
                  000043a4    00000010                   : fpu.obj (.text:FPULazyStackingEnable)
                  000043b4    00000010                   : interrupt.obj (.text:IntMasterDisable)
                  000043c4    00000010                   : interrupt.obj (.text:IntMasterEnable)
                  000043d4    00000010                   : pwm.obj (.text:PWMGenPeriodSet)
                  000043e4    0000000e                   : adc.obj (.text:ADCSequenceDisable)
                  000043f2    0000000e                   : adc.obj (.text:ADCSequenceEnable)
                  00004400    0000000e                   : timer.obj (.text:TimerEnable)
                  0000440e    0000000e     rtsv7M4_T_le_v4SPD16_eabi.lib : copy_decompress_none.c.obj (.text:decompress:none:__TI_decompress_none)
                  0000441c    0000000c     driverlib.lib : cpu.obj (.text:CPUcpsid)
                  00004428    0000000c                   : cpu.obj (.text:CPUcpsie)
                  00004434    0000000c                   : pwm.obj (.text:PWMGenEnable)
                  00004440    0000000c     rtsv7M4_T_le_v4SPD16_eabi.lib : copy_zero_init.c.obj (.text:decompress:ZI:__TI_zero_init)
                  0000444c    0000000a     driverlib.lib : adc.obj (.text:ADCIntClear)
                  00004456    0000000a                   : ssi.obj (.text:SSIDataPut)
                  00004460    0000000a                   : ssi.obj (.text:SSIEnable)
                  0000446a    0000000a                   : timer.obj (.text:TimerIntStatus)
                  00004474    00000008     grlib.lib : charmap.obj (.text:GrMapISO8859_1_Unicode)
                  0000447c    00000008     driverlib.lib : ssi.obj (.text:SSIBusy)
                  00004484    00000008                   : timer.obj (.text:TimerIntEnable)
                  0000448c    00000008     rtsv7M4_T_le_v4SPD16_eabi.lib : errno.c.obj (.text:__aeabi_errno_addr)
                  00004494    00000006     grlib.lib : string.obj (.text:GrContextFontSet)
                  0000449a    00000006     driverlib.lib : sysctl.obj (.text:SysCtlDelay)
                  000044a0    00000004     rtsv7M4_T_le_v4SPD16_eabi.lib : pre_init.c.obj (.text:_system_pre_init)
                  000044a4    00000004                                   : exit.c.obj (.text:abort:abort)

.const     0    000044a8    00000870     
                  000044a8    000002f8     grlib.lib : fontfixed6x8.obj (.const:.string:g_pui8FontFixed6x8Data)
                  000047a0    00000120     driverlib.lib : sysctl.obj (.const:g_pppui32XTALtoVCO)
                  000048c0    00000101     rtsv7M4_T_le_v4SPD16_eabi.lib : ctype.c.obj (.const:.string:_ctypes_)
                  000049c1    00000003     --HOLE-- [fill = 0]
                  000049c4    000000c8     grlib.lib : fontfixed6x8.obj (.const:g_sFontFixed6x8)
                  00004a8c    0000009c     driverlib.lib : interrupt.obj (.const:g_pui32Regs)
                  00004b28    00000090                   : gpio.obj (.const:g_pui32GPIOBaseAddrs)
                  00004bb8    00000070                   : interrupt.obj (.const)
                  00004c28    0000006c                   : sysctl.obj (.const:g_pui32Xtals)
                  00004c94    00000030                   : sysctl.obj (.const:g_sXTALtoMEMTIM)
                  00004cc4    00000028     Crystalfontz128x128_ST7735.obj (.const:g_sCrystalfontz128x128)
                  00004cec    00000014     main.obj (.const:$P$T0$1)
                  00004d00    00000010     grlib.lib : context.obj (.const)
                  00004d10    00000008     driverlib.lib : sysctl.obj (.const)

.cinit     0    00004d18    00000040     
                  00004d18    00000017     (.cinit..data.load) [load image, compression = lzss]
                  00004d2f    00000001     --HOLE-- [fill = 0]
                  00004d30    0000000c     (__TI_handler_table)
                  00004d3c    00000004     --HOLE-- [fill = 0]
                  00004d40    00000008     (.cinit..bss.load) [load image, compression = zero_init]
                  00004d48    00000010     (__TI_cinit_table)

.init_array 
*          0    00000000    00000000     UNINITIALIZED

.data      0    20000000    0000805c     UNINITIALIZED
                  20000000    00008000     Crystalfontz128x128_ST7735.obj (.data:Lcd_buffer)
                  20008000    00000024     buttons.obj (.data:count$2)
                  20008024    00000010     main.obj (.data)
                  20008034    0000000d     buttons.obj (.data)
                  20008041    00000003     --HOLE--
                  20008044    00000009     sampling.obj (.data)
                  2000804d    00000003     --HOLE--
                  20008050    00000008     buttons.obj (.data:gJoystick)
                  20008058    00000004     rtsv7M4_T_le_v4SPD16_eabi.lib : errno.c.obj (.data)

.bss       0    2000805c    00001062     UNINITIALIZED
                  2000805c    00001000     (.common:gADCBuffer)
                  2000905c    0000002c     (.common:sContext)
                  20009088    00000014     buttons.obj (.bss:state$1)
                  2000909c    0000000c     (.common:fifo)
                  200090a8    00000004     (.common:gADCSamplingRate)
                  200090ac    00000004     (.common:gSystemClock)
                  200090b0    00000004     (.common:g_psGrLibDefaults)
                  200090b4    00000002     (.common:Lcd_ScreenHeigth)
                  200090b6    00000002     (.common:Lcd_ScreenWidth)
                  200090b8    00000002     (.common:Lcd_TouchTrim)
                  200090ba    00000001     (.common:Lcd_FlagRead)
                  200090bb    00000001     (.common:Lcd_FontSolid)
                  200090bc    00000001     (.common:Lcd_Orientation)
                  200090bd    00000001     (.common:Lcd_PenSolid)

.stack     0    200090c0    00000800     UNINITIALIZED
                  200090c0    00000004     rtsv7M4_T_le_v4SPD16_eabi.lib : boot_cortex_m.c.obj (.stack)
                  200090c4    000007fc     --HOLE--

__llvm_prf_cnts 
*          0    20000000    00000000     UNINITIALIZED

MODULE SUMMARY

       Module                                             code    ro data   rw data
       ------                                             ----    -------   -------
    .\
       Crystalfontz128x128_ST7735.obj                     1008    40        32778  
       sampling.obj                                       468     0         4105   
       main.obj                                           1510    20        64     
       buttons.obj                                        1274    0         93     
       tm4c1294ncpdt_startup_ccs.obj                      26      520       0      
       HAL_EK_TM4C1294XL_Crystalfontz128x128_ST7735.obj   382     0         0      
       sysctl_pll.obj                                     74      0         0      
    +--+--------------------------------------------------+-------+---------+---------+
       Total:                                             4742    580       37040  
                                                                                   
    C:/ti/tirtos_tivac_2_16_01_14/products/TivaWare_C_Series-2.1.1.71b/driverlib/ccs/Debug/driverlib.lib
       sysctl.obj                                         674     452       0      
       gpio.obj                                           526     144       0      
       interrupt.obj                                      172     268       0      
       adc.obj                                            362     0         0      
       timer.obj                                          170     0         0      
       pwm.obj                                            130     0         0      
       ssi.obj                                            88      0         0      
       fpu.obj                                            32      0         0      
       cpu.obj                                            24      0         0      
    +--+--------------------------------------------------+-------+---------+---------+
       Total:                                             2178    864       0      
                                                                                   
    C:/ti/tirtos_tivac_2_16_01_14/products/TivaWare_C_Series-2.1.1.71b/grlib/ccs/Debug/grlib.lib
       string.obj                                         1192    0         0      
       fontfixed6x8.obj                                   0       960       0      
       line.obj                                           648     0         0      
       rectangle.obj                                      134     0         0      
       context.obj                                        104     16        4      
       charmap.obj                                        8       0         0      
    +--+--------------------------------------------------+-------+---------+---------+
       Total:                                             2086    976       4      
                                                                                   
    C:\ti\ccs1200\ccs\tools\compiler\ti-cgt-arm_20.2.6.LTS\lib\rtsv7M4_T_le_v4SPD16_eabi.lib
       _printfi.c.obj                                     4851    0         0      
       fd_add_t2.asm.obj                                  438     0         0      
       fd_div_t2.asm.obj                                  310     0         0      
       s_scalbn.c.obj                                     272     0         0      
       fd_cmp_t2.asm.obj                                  268     0         0      
       ctype.c.obj                                        0       257       0      
       fd_mul_t2.asm.obj                                  252     0         0      
       memcpy_t2.asm.obj                                  156     0         0      
       ull_div_t2.asm.obj                                 150     0         0      
       snprintf.c.obj                                     148     0         0      
       s_floorf.c.obj                                     128     0         0      
       memset_t2.asm.obj                                  122     0         0      
       s_roundf.c.obj                                     110     0         0      
       copy_decompress_lzss.c.obj                         104     0         0      
       s_frexp.c.obj                                      100     0         0      
       _ltoa.c.obj                                        84      0         0      
       atoi.c.obj                                         76      0         0      
       fd_toi_t2.asm.obj                                  72      0         0      
       autoinit.c.obj                                     68      0         0      
       fs_tod_t2.asm.obj                                  56      0         0      
       boot_cortex_m.c.obj                                52      0         0      
       i_tofd_t2.asm.obj                                  46      0         0      
       memccpy.c.obj                                      28      0         0      
       s_copysign.c.obj                                   26      0         0      
       strchr.c.obj                                       22      0         0      
       strlen.c.obj                                       20      0         0      
       wcslen.c.obj                                       18      0         0      
       copy_decompress_none.c.obj                         14      0         0      
       copy_zero_init.c.obj                               12      0         0      
       errno.c.obj                                        8       0         4      
       exit.c.obj                                         4       0         0      
       pre_init.c.obj                                     4       0         0      
       div0.asm.obj                                       2       0         0      
    +--+--------------------------------------------------+-------+---------+---------+
       Total:                                             8021    257       4      
                                                                                   
       Stack:                                             0       0         2048   
       Linker Generated:                                  0       59        0      
    +--+--------------------------------------------------+-------+---------+---------+
       Grand Total:                                       17027   2736      39096  


LINKER GENERATED COPY TABLES

__TI_cinit_table @ 00004d48 records: 2, size/record: 8, table size: 16
	.data: load addr=00004d18, load size=00000017 bytes, run addr=20000000, run size=0000805c bytes, compression=lzss
	.bss: load addr=00004d40, load size=00000008 bytes, run addr=2000805c, run size=00001062 bytes, compression=zero_init


LINKER GENERATED HANDLER TABLE

__TI_handler_table @ 00004d30 records: 3, size/record: 4, table size: 12
	index: 0, handler: __TI_decompress_lzss
	index: 1, handler: __TI_decompress_none
	index: 2, handler: __TI_zero_init


GLOBAL SYMBOLS: SORTED ALPHABETICALLY BY Name 

address   name                              
-------   ----                              
0000423b  ADCClockConfigSet                 
00002321  ADCInit                           
0000444d  ADCIntClear                       
00004383  ADCIntEnable                      
0000402d  ADCIntStatus                      
00004253  ADCProcessorTrigger               
00002311  ADCSAMPLER                        
00003e35  ADCSequenceConfigure              
00004171  ADCSequenceDataGet                
000043e5  ADCSequenceDisable                
000043f3  ADCSequenceEnable                 
00003639  ADCSequenceStepConfigure          
000022c1  ADC_ISR                           
000015e1  ButtonAutoRepeat                  
00001571  ButtonDebounce                    
00001661  ButtonISR                         
000013a9  ButtonInit                        
000012c9  ButtonReadJoystick                
000044a5  C$$EXIT                           
0000441d  CPUcpsid                          
00004429  CPUcpsie                          
00001a69  Crystalfontz128x128_Init          
00001789  Crystalfontz128x128_SetDrawFrame  
00001741  Crystalfontz128x128_SetOrientation
00004395  FPUEnable                         
000043a5  FPULazyStackingEnable             
00002261  FallingTrigger                    
000040b7  GPIODirModeSet                    
00002b53  GPIOPadConfigSet                  
00003c8d  GPIOPinConfigure                  
0000173b  GPIOPinRead                       
00004305  GPIOPinTypeADC                    
00004317  GPIOPinTypeGPIOInput              
0000426b  GPIOPinTypeGPIOOutput             
00004329  GPIOPinTypePWM                    
0000433b  GPIOPinTypeSSI                    
0000275b  GPIOPinWrite                      
00004495  GrContextFontSet                  
00003809  GrContextInit                     
000030bb  GrDefaultStringRenderer           
0000418f  GrFontCodepageGet                 
0000412d  GrFontGlyphDataGet                
00001da1  GrFontGlyphRender                 
000040e1  GrFontInfoGet                     
00002eb9  GrLineDraw                        
00003d65  GrLineDrawH                       
00003dab  GrLineDrawV                       
00004475  GrMapISO8859_1_Unicode            
00003425  GrRectFill                        
0000429b  GrStringDraw                      
0000405b  GrStringNextCharGet               
00002851  HAL_LCD_PortInit                  
000027c1  HAL_LCD_SpiInit                   
00002771  HAL_LCD_writeCommand              
00002761  HAL_LCD_writeData                 
00003871  IntEnable                         
000043b5  IntMasterDisable                  
000043c5  IntMasterEnable                   
00004109  IntPrioritySet                    
200090ba  Lcd_FlagRead                      
200090bb  Lcd_FontSolid                     
200090bc  Lcd_Orientation                   
200090bd  Lcd_PenSolid                      
200090b4  Lcd_ScreenHeigth                  
200090b6  Lcd_ScreenWidth                   
200090b8  Lcd_TouchTrim                     
20000000  Lcd_buffer                        
000042c9  PWMClockSet                       
0000414f  PWMGenConfigure                   
00004435  PWMGenEnable                      
000043d5  PWMGenPeriodSet                   
0000434d  PWMOutputState                    
000041ad  PWMPulseWidthSet                  
00004221  ResetISR                          
00002201  RisingTrigger                     
0000447d  SSIBusy                           
00003eb1  SSIConfigSetExpClk                
00004457  SSIDataPut                        
00004461  SSIEnable                         
00001ff9  SysCtlClockFreqSet                
0000449b  SysCtlDelay                       
00003c41  SysCtlFrequencyGet                
00003f95  SysCtlPeripheralEnable            
000039a5  TimerConfigure                    
000042dd  TimerDisable                      
00004401  TimerEnable                       
000021fd  TimerIntClear                     
00004485  TimerIntEnable                    
0000446b  TimerIntStatus                    
0000435f  TimerLoadSet                      
2000804c  TrigFound                         
200098c0  __STACK_END                       
00000800  __STACK_SIZE                      
200092c0  __STACK_TOP                       
00004d48  __TI_CINIT_Base                   
00004d58  __TI_CINIT_Limit                  
00004d30  __TI_Handler_Table_Base           
00004d3c  __TI_Handler_Table_Limit          
00003df1  __TI_auto_init_nobinit_nopinit    
000038d9  __TI_decompress_lzss              
0000440f  __TI_decompress_none              
00003ab5  __TI_ltoa                         
ffffffff  __TI_pprof_out_hndl               
00000209  __TI_printfi                      
ffffffff  __TI_prof_data_size               
ffffffff  __TI_prof_data_start              
00000000  __TI_static_base__                
00004441  __TI_zero_init                    
000034ab  __aeabi_cdcmpeq                   
000034ab  __aeabi_cdcmple                   
00003531  __aeabi_cdrcmple                  
00003d1d  __aeabi_d2iz                      
000025af  __aeabi_dadd                      
00002a1d  __aeabi_ddiv                      
00002fbf  __aeabi_dmul                      
000025a5  __aeabi_dsub                      
0000448d  __aeabi_errno_addr                
00003f27  __aeabi_f2d                       
00004089  __aeabi_i2d                       
00000c57  __aeabi_idiv0                     
00000c57  __aeabi_ldiv0                     
000036b3  __aeabi_memclr                    
000036b3  __aeabi_memclr4                   
000036b3  __aeabi_memclr8                   
000032f3  __aeabi_memcpy                    
000032f3  __aeabi_memcpy4                   
000032f3  __aeabi_memcpy8                   
000036b5  __aeabi_memset                    
000036b5  __aeabi_memset4                   
000036b5  __aeabi_memset8                   
0000338f  __aeabi_uldivmod                  
ffffffff  __binit__                         
ffffffff  __c_args__                        
UNDEFED   __mpu_init                        
200090c0  __stack                           
20000000  __start___llvm_prf_cnts           
20000000  __stop___llvm_prf_cnts            
00003fc9  _c_int00_noargs                   
000048c0  _ctypes_                          
UNDEFED   _system_post_cinit                
000044a1  _system_pre_init                  
000044a5  abort                             
00003b5d  atoi                              
ffffffff  binit                             
00004205  copysign                          
00004205  copysignl                         
20008028  count_loaded                      
2000802c  count_unloaded                    
20008030  cpu_load                          
00000c59  cpu_load_count                    
20008058  errno                             
2000909c  fifo                              
00001279  fifo_get                          
20008038  fifo_head                         
00001241  fifo_put                          
2000803c  fifo_tail                         
000035b9  floorf                            
00003941  frexp                             
00003941  frexpl                            
2000805c  gADCBuffer                        
20008044  gADCBufferIndex                   
20008048  gADCErrors                        
200090a8  gADCSamplingRate                  
20008034  gButtons                          
20008050  gJoystick                         
200090ac  gSystemClock                      
20008024  gTime                             
00000000  g_pfnVectors                      
00004d00  g_psDefaultCodePointMapTable      
00004cc4  g_sCrystalfontz128x128            
000049c4  g_sFontFixed6x8                   
00002da9  ldexp                             
00002da9  ldexpl                            
00000c91  main                              
000041e9  memccpy                           
000032f3  memcpy                            
000036bb  memset                            
0000379b  roundf                            
2000905c  sContext                          
00002da9  scalbn                            
00002da9  scalbnl                           
00003ba9  snprintf                          
000042b1  strchr                            
000042f1  strlen                            
00004371  wcslen                            


GLOBAL SYMBOLS: SORTED BY Symbol Address 

address   name                              
-------   ----                              
00000000  __TI_static_base__                
00000000  g_pfnVectors                      
00000209  __TI_printfi                      
00000800  __STACK_SIZE                      
00000c57  __aeabi_idiv0                     
00000c57  __aeabi_ldiv0                     
00000c59  cpu_load_count                    
00000c91  main                              
00001241  fifo_put                          
00001279  fifo_get                          
000012c9  ButtonReadJoystick                
000013a9  ButtonInit                        
00001571  ButtonDebounce                    
000015e1  ButtonAutoRepeat                  
00001661  ButtonISR                         
0000173b  GPIOPinRead                       
00001741  Crystalfontz128x128_SetOrientation
00001789  Crystalfontz128x128_SetDrawFrame  
00001a69  Crystalfontz128x128_Init          
00001da1  GrFontGlyphRender                 
00001ff9  SysCtlClockFreqSet                
000021fd  TimerIntClear                     
00002201  RisingTrigger                     
00002261  FallingTrigger                    
000022c1  ADC_ISR                           
00002311  ADCSAMPLER                        
00002321  ADCInit                           
000025a5  __aeabi_dsub                      
000025af  __aeabi_dadd                      
0000275b  GPIOPinWrite                      
00002761  HAL_LCD_writeData                 
00002771  HAL_LCD_writeCommand              
000027c1  HAL_LCD_SpiInit                   
00002851  HAL_LCD_PortInit                  
00002a1d  __aeabi_ddiv                      
00002b53  GPIOPadConfigSet                  
00002da9  ldexp                             
00002da9  ldexpl                            
00002da9  scalbn                            
00002da9  scalbnl                           
00002eb9  GrLineDraw                        
00002fbf  __aeabi_dmul                      
000030bb  GrDefaultStringRenderer           
000032f3  __aeabi_memcpy                    
000032f3  __aeabi_memcpy4                   
000032f3  __aeabi_memcpy8                   
000032f3  memcpy                            
0000338f  __aeabi_uldivmod                  
00003425  GrRectFill                        
000034ab  __aeabi_cdcmpeq                   
000034ab  __aeabi_cdcmple                   
00003531  __aeabi_cdrcmple                  
000035b9  floorf                            
00003639  ADCSequenceStepConfigure          
000036b3  __aeabi_memclr                    
000036b3  __aeabi_memclr4                   
000036b3  __aeabi_memclr8                   
000036b5  __aeabi_memset                    
000036b5  __aeabi_memset4                   
000036b5  __aeabi_memset8                   
000036bb  memset                            
0000379b  roundf                            
00003809  GrContextInit                     
00003871  IntEnable                         
000038d9  __TI_decompress_lzss              
00003941  frexp                             
00003941  frexpl                            
000039a5  TimerConfigure                    
00003ab5  __TI_ltoa                         
00003b5d  atoi                              
00003ba9  snprintf                          
00003c41  SysCtlFrequencyGet                
00003c8d  GPIOPinConfigure                  
00003d1d  __aeabi_d2iz                      
00003d65  GrLineDrawH                       
00003dab  GrLineDrawV                       
00003df1  __TI_auto_init_nobinit_nopinit    
00003e35  ADCSequenceConfigure              
00003eb1  SSIConfigSetExpClk                
00003f27  __aeabi_f2d                       
00003f95  SysCtlPeripheralEnable            
00003fc9  _c_int00_noargs                   
0000402d  ADCIntStatus                      
0000405b  GrStringNextCharGet               
00004089  __aeabi_i2d                       
000040b7  GPIODirModeSet                    
000040e1  GrFontInfoGet                     
00004109  IntPrioritySet                    
0000412d  GrFontGlyphDataGet                
0000414f  PWMGenConfigure                   
00004171  ADCSequenceDataGet                
0000418f  GrFontCodepageGet                 
000041ad  PWMPulseWidthSet                  
000041e9  memccpy                           
00004205  copysign                          
00004205  copysignl                         
00004221  ResetISR                          
0000423b  ADCClockConfigSet                 
00004253  ADCProcessorTrigger               
0000426b  GPIOPinTypeGPIOOutput             
0000429b  GrStringDraw                      
000042b1  strchr                            
000042c9  PWMClockSet                       
000042dd  TimerDisable                      
000042f1  strlen                            
00004305  GPIOPinTypeADC                    
00004317  GPIOPinTypeGPIOInput              
00004329  GPIOPinTypePWM                    
0000433b  GPIOPinTypeSSI                    
0000434d  PWMOutputState                    
0000435f  TimerLoadSet                      
00004371  wcslen                            
00004383  ADCIntEnable                      
00004395  FPUEnable                         
000043a5  FPULazyStackingEnable             
000043b5  IntMasterDisable                  
000043c5  IntMasterEnable                   
000043d5  PWMGenPeriodSet                   
000043e5  ADCSequenceDisable                
000043f3  ADCSequenceEnable                 
00004401  TimerEnable                       
0000440f  __TI_decompress_none              
0000441d  CPUcpsid                          
00004429  CPUcpsie                          
00004435  PWMGenEnable                      
00004441  __TI_zero_init                    
0000444d  ADCIntClear                       
00004457  SSIDataPut                        
00004461  SSIEnable                         
0000446b  TimerIntStatus                    
00004475  GrMapISO8859_1_Unicode            
0000447d  SSIBusy                           
00004485  TimerIntEnable                    
0000448d  __aeabi_errno_addr                
00004495  GrContextFontSet                  
0000449b  SysCtlDelay                       
000044a1  _system_pre_init                  
000044a5  C$$EXIT                           
000044a5  abort                             
000048c0  _ctypes_                          
000049c4  g_sFontFixed6x8                   
00004cc4  g_sCrystalfontz128x128            
00004d00  g_psDefaultCodePointMapTable      
00004d30  __TI_Handler_Table_Base           
00004d3c  __TI_Handler_Table_Limit          
00004d48  __TI_CINIT_Base                   
00004d58  __TI_CINIT_Limit                  
20000000  Lcd_buffer                        
20000000  __start___llvm_prf_cnts           
20000000  __stop___llvm_prf_cnts            
20008024  gTime                             
20008028  count_loaded                      
2000802c  count_unloaded                    
20008030  cpu_load                          
20008034  gButtons                          
20008038  fifo_head                         
2000803c  fifo_tail                         
20008044  gADCBufferIndex                   
20008048  gADCErrors                        
2000804c  TrigFound                         
20008050  gJoystick                         
20008058  errno                             
2000805c  gADCBuffer                        
2000905c  sContext                          
2000909c  fifo                              
200090a8  gADCSamplingRate                  
200090ac  gSystemClock                      
200090b4  Lcd_ScreenHeigth                  
200090b6  Lcd_ScreenWidth                   
200090b8  Lcd_TouchTrim                     
200090ba  Lcd_FlagRead                      
200090bb  Lcd_FontSolid                     
200090bc  Lcd_Orientation                   
200090bd  Lcd_PenSolid                      
200090c0  __stack                           
200092c0  __STACK_TOP                       
200098c0  __STACK_END                       
ffffffff  __TI_pprof_out_hndl               
ffffffff  __TI_prof_data_size               
ffffffff  __TI_prof_data_start              
ffffffff  __binit__                         
ffffffff  __c_args__                        
ffffffff  binit                             
UNDEFED   __mpu_init                        
UNDEFED   _system_post_cinit                

[185 symbols]
