******************************************************************************
                  TI ARM Linker PC v20.2.6                     
******************************************************************************
>> Linked Thu Apr 11 12:55:15 2024

OUTPUT FILE NAME:   <ece3849_lab2_starter.out>
ENTRY POINT SYMBOL: "_c_int00"  address: 000064b9


MEMORY CONFIGURATION

         name            origin    length      used     unused   attr    fill
----------------------  --------  ---------  --------  --------  ----  --------
  FLASH                 00000000   00100000  0000b47a  000f4b86  R  X
  SRAM                  20000000   00040000  0000c56d  00033a93  RW X


SEGMENT ALLOCATION MAP

run origin  load origin   length   init length attrs members
----------  ----------- ---------- ----------- ----- -------
00000000    00000000    0000b480   0000b480    r-x
  00000000    00000000    0000003c   0000003c    r-- .resetVecs
  00000040    00000040    0000889a   0000889a    r-x .text
  000088dc    000088dc    000028b4   000028b4    r-- .const
  0000b190    0000b190    000002f0   000002f0    r-- .cinit
20000000    20000000    0000c570   00000000    rw-
  20000000    20000000    00000360   00000000    rw- .vecs
  20000360    20000360    0000870e   00000000    rw- .data
  20008a70    20008a70    000037ff   00000000    rw- .bss
  2000c270    2000c270    00000300   00000000    rw- .stack


SECTION ALLOCATION MAP

 output                                  attributes/
section   page    origin      length       input sections
--------  ----  ----------  ----------   ----------------
.text      0    00000040    0000889a     
                  00000040    00000a4e     rtsv7M4_T_le_v4SPD16_eabi.lib : _printfi.c.obj (.text:__TI_printfi)
                  00000a8e    00000002                                   : _lock.c.obj (.text:_nop)
                  00000a90    00000430     sysbios.aem4f : BIOS.obj (.text:ti_sysbios_family_arm_m3_Hwi_excDumpRegs__I)
                  00000ec0    00000390     main.obj (.text:displaytask)
                  00001250    0000034c     ti.targets.arm.rtsarm.aem4f : System.oem4f (.text:xdc_runtime_System_doPrint__I)
                  0000159c    00000004     driverlib.lib : timer.obj (.text:TimerIntClear)
                  000015a0    000002a4     sysbios.aem4f : BIOS.obj (.text:ti_sysbios_knl_Semaphore_pend__E)
                  00001844    00000270     rtsv7M4_T_le_v4SPD16_eabi.lib : _printfi.c.obj (.text:_pconv_a)
                  00001ab4    00000004                                   : exit.c.obj (.text:abort:abort)
                  00001ab8    0000026c     sysbios.aem4f : BIOS.obj (.text:ti_sysbios_heaps_HeapMem_free__E)
                  00001d24    00000256     grlib.lib : string.obj (.text:GrFontGlyphRender)
                  00001f7a    00000006     driverlib.lib : gpio.obj (.text:GPIOPinRead)
                  00001f80    00000250     sysbios.aem4f : BIOS.obj (.text:ti_sysbios_heaps_HeapMem_alloc__E)
                  000021d0    00000204     driverlib.lib : sysctl.obj (.text:SysCtlClockFreqSet)
                  000023d4    00000204     Boot.aem4f : Boot_sysctl.oem4f (.text:ti_catalog_arm_cortexm4_tiva_ce_Boot_sysCtlClockFreqSetI__I)
                  000025d8    000001f4     sysbios.aem4f : BIOS.obj (.text:ti_sysbios_family_arm_m3_Hwi_excHandlerMax__I)
                  000027cc    000001d0     rtsv7M4_T_le_v4SPD16_eabi.lib : _printfi.c.obj (.text:_pconv_g)
                  0000299c    000001b6                                   : fd_add_t2.asm.obj (.text)
                  00002b52    00000006     driverlib.lib : gpio.obj (.text:GPIOPinWrite)
                  00002b58    00000174     sysbios.aem4f : BIOS.obj (.text:ti_sysbios_family_arm_m3_Hwi_excBusFault__I)
                  00002ccc    00000004                   : BIOS.obj (.text:ti_sysbios_family_arm_lm4_Timer_masterEnable__I)
                  00002cd0    00000164                   : BIOS.obj (.text:ti_sysbios_family_arm_m3_Hwi_excUsageFault__I)
                  00002e34    00000004     ti.targets.arm.rtsarm.aem4f : Error.oem4f (.text:xdc_runtime_Error_getSite__E)
                  00002e38    00000148     sysbios.aem4f : BIOS.obj (.text:ti_sysbios_family_arm_m3_Hwi_excMemFault__I)
                  00002f80    00000144     main.obj (.text:main)
                  000030c4    0000013c     rtsv7M4_T_le_v4SPD16_eabi.lib : _printfi.c.obj (.text:_pconv_e)
                  00003200    0000013c     sysbios.aem4f : BIOS.obj (.text:ti_sysbios_heaps_HeapMem_Instance_init__E)
                  0000333c    00000136     rtsv7M4_T_le_v4SPD16_eabi.lib : fd_div_t2.asm.obj (.text)
                  00003472    00000006     grlib.lib : string.obj (.text:GrContextFontSet)
                  00003478    00000134     buttons.obj (.text:ButtonInit)
                  000035ac    00000130     driverlib.lib : gpio.obj (.text:GPIOPadConfigSet)
                  000036dc    00000124     rtsv7M4_T_le_v4SPD16_eabi.lib : _printfi.c.obj (.text:fcvt)
                  00003800    00000118     ti.targets.arm.rtsarm.aem4f : Error.oem4f (.text:xdc_runtime_Error_policyDefault__E)
                  00003918    00000110     rtsv7M4_T_le_v4SPD16_eabi.lib : s_scalbn.c.obj (.text:scalbn)
                  00003a28    00000108     sysbios.aem4f : BIOS.obj (.text:ti_sysbios_family_arm_lm4_Timer_start__E)
                  00003b30    00000106     grlib.lib : line.obj (.text:GrLineDraw)
                  00003c36    00000002     rtsv7M4_T_le_v4SPD16_eabi.lib : div0.asm.obj (.text)
                  00003c38    00000100     ti.targets.arm.rtsarm.aem4f : Core-mem.oem4f (.text:xdc_runtime_Core_createObject__I)
                  00003d38    000000fc     rtsv7M4_T_le_v4SPD16_eabi.lib : fd_mul_t2.asm.obj (.text)
                  00003e34    00000004     ti.targets.arm.rtsarm.aem4f : System.oem4f (.text:xdc_runtime_System_aprintf_va__F)
                  00003e38    000000fc     rtos_pem4f.oem4f (.text:xdc_runtime_System_printfExtend__I)
                  00003f34    000000f8     ti.targets.arm.rtsarm.aem4f : Startup.oem4f (.text:xdc_runtime_Startup_startMods__I)
                  0000402c    000000f4     sysbios.aem4f : m3_Hwi_asm.obj (.text:ti_sysbios_family_arm_m3_Hwi_dispatch__I)
                  00004120    000000ec                   : BIOS.obj (.text:ti_sysbios_knl_Semaphore_post__E)
                  0000420c    00000004     ti.targets.arm.rtsarm.aem4f : System.oem4f (.text:xdc_runtime_System_printf_va__F)
                  00004210    000000e8     main.obj (.text:ButtonISR)
                  000042f8    000000dc     Crystalfontz128x128_ST7735.obj (.text:Crystalfontz128x128_PixelDrawMultiple)
                  000043d4    00000004     --HOLE-- [fill = 0]
                  000043d8    000000d4     buttons.obj (.text:ButtonReadJoystick)
                  000044ac    000000cc     ti.targets.arm.rtsarm.aem4f : Core-smem.oem4f (.text:xdc_runtime_Core_constructObject__I)
                  00004578    000000c4     grlib.lib : string.obj (.text:GrDefaultStringRenderer)
                  0000463c    000000c0               : line.obj (.text:GrLineClip)
                  000046fc    00000004     --HOLE-- [fill = 0]
                  00004700    000000bc     Crystalfontz128x128_ST7735.obj (.text:Crystalfontz128x128_Init)
                  000047bc    00000004     --HOLE-- [fill = 0]
                  000047c0    000000bc     sysbios.aem4f : BIOS.obj (.text:ti_sysbios_family_arm_m3_Hwi_excDebugMon__I)
                  0000487c    00000004     --HOLE-- [fill = 0]
                  00004880    000000bc                   : BIOS.obj (.text:ti_sysbios_family_arm_m3_Hwi_excHardFault__I)
                  0000493c    00000004     --HOLE-- [fill = 0]
                  00004940    000000b4                   : BIOS.obj (.text:ti_sysbios_gates_GateMutex_enter__E)
                  000049f4    00000004     --HOLE-- [fill = 0]
                  000049f8    000000b4                   : BIOS.obj (.text:ti_sysbios_knl_Task_checkStacks__E)
                  00004aac    000000b1     rtsv7M4_T_le_v4SPD16_eabi.lib : _printfi.c.obj (.text:_ltostr)
                  00004b5d    00000003     --HOLE-- [fill = 0]
                  00004b60    000000ac     sysbios.aem4f : BIOS.obj (.text:ti_sysbios_family_arm_lm4_Timer_enableTiva__I)
                  00004c0c    00000004     --HOLE-- [fill = 0]
                  00004c10    000000a4     main.obj (.text:processingtask)
                  00004cb4    000000a0     auto_init.aem4f : auto_init.oem4f (.text)
                  00004d54    000000a0     ti.targets.arm.rtsarm.aem4f : Text.oem4f (.text:xdc_runtime_Text_putMod__E)
                  00004df4    00000004     --HOLE-- [fill = 0]
                  00004df8    0000009c     Crystalfontz128x128_ST7735.obj (.text:Crystalfontz128x128_SetDrawFrame)
                  00004e94    0000009c     rtsv7M4_T_le_v4SPD16_eabi.lib : memcpy_t2.asm.obj (.text)
                  00004f30    0000009c     sysbios.aem4f : BIOS.obj (.text:ti_sysbios_knl_Semaphore_Instance_init__E)
                  00004fcc    0000009a     ti.targets.arm.rtsarm.aem4f : Text.oem4f (.text:xdc_runtime_Text_putSite__E)
                  00005066    00000002     --HOLE-- [fill = 0]
                  00005068    00000098     Boot.aem4f : Boot.oem4f (.text:ti_catalog_arm_cortexm4_tiva_ce_Boot_sysCtlClockFreqSet__E)
                  00005100    00000096     rtsv7M4_T_le_v4SPD16_eabi.lib : ull_div_t2.asm.obj (.text)
                  00005196    00000002     --HOLE-- [fill = 0]
                  00005198    00000094     sysbios.aem4f : BIOS.obj (.text:ti_sysbios_family_arm_m3_Hwi_initNVIC__E)
                  0000522c    0000008c                   : m3_TaskSupport_asm.obj (.text:ti_sysbios_family_arm_m3_TaskSupport_buildTaskStack)
                  000052b8    0000008c                   : BIOS.obj (.text:ti_sysbios_knl_Task_postInit__I)
                  00005344    00000004     --HOLE-- [fill = 0]
                  00005348    00000088                   : BIOS.obj (.text:ti_sysbios_knl_Mailbox_post__E)
                  000053d0    00000088     main.obj (.text:user_input)
                  00005458    00000086     grlib.lib : rectangle.obj (.text:GrRectFill)
                  000054de    00000086     rtsv7M4_T_le_v4SPD16_eabi.lib : fd_cmp_t2.asm.obj (.text:__aeabi_cdcmple)
                  00005564    00000086                                   : fd_cmp_t2.asm.obj (.text:__aeabi_cdrcmple)
                  000055ea    00000006     driverlib.lib : sysctl.obj (.text:SysCtlDelay)
                  000055f0    00000084     sysbios.aem4f : BIOS.obj (.text:ti_sysbios_family_arm_m3_Hwi_postInit__I)
                  00005674    00000004     --HOLE-- [fill = 0]
                  00005678    00000080     Crystalfontz128x128_ST7735.obj (.text:Crystalfontz128x128_RectFill)
                  000056f8    00000080     rtsv7M4_T_le_v4SPD16_eabi.lib : s_floorf.c.obj (.text:floorf)
                  00005778    0000007a     driverlib.lib : adc.obj (.text:ADCSequenceStepConfigure)
                  000057f2    0000007a     rtsv7M4_T_le_v4SPD16_eabi.lib : memset_t2.asm.obj (.text)
                  0000586c    00000004     --HOLE-- [fill = 0]
                  00005870    00000078     HAL_EK_TM4C1294XL_Crystalfontz128x128_ST7735.obj (.text:HAL_LCD_PortInit)
                  000058e8    00000078     HAL_EK_TM4C1294XL_Crystalfontz128x128_ST7735.obj (.text:HAL_LCD_SpiInit)
                  00005960    00000078     main.obj (.text:waveformtask)
                  000059d8    00000074     sysbios.aem4f : BIOS.obj (.text:ti_sysbios_knl_Mailbox_pend__E)
                  00005a4c    00000004     --HOLE-- [fill = 0]
                  00005a50    00000070                   : BIOS.obj (.text:ti_sysbios_knl_Clock_workFunc__E)
                  00005ac0    00000070                   : BIOS.obj (.text:ti_sysbios_knl_Task_exit__E)
                  00005b30    0000006e     rtsv7M4_T_le_v4SPD16_eabi.lib : _printfi.c.obj (.text:_mcpy)
                  00005b9e    0000006e                                   : s_roundf.c.obj (.text:roundf)
                  00005c0c    0000006d     ti.targets.arm.rtsarm.aem4f : System.oem4f (.text:xdc_runtime_System_formatNum__I)
                  00005c79    00000001     --HOLE-- [fill = 0]
                  00005c7a    00000006                                 : System.oem4f (.text:xdc_runtime_System_Module_startup__E)
                  00005c80    0000006c     sysbios.aem4f : BIOS.obj (.text:ti_sysbios_knl_Swi_restoreHwi__E)
                  00005cec    0000006c     ti.targets.arm.rtsarm.aem4f : Error.oem4f (.text:xdc_runtime_Error_print__E)
                  00005d58    0000006c                                 : Memory.oem4f (.text:xdc_runtime_Memory_alloc__E)
                  00005dc4    00000068     grlib.lib : context.obj (.text:GrContextInit)
                  00005e2c    00000068     driverlib.lib : interrupt.obj (.text:IntEnable)
                  00005e94    00000068     rtsv7M4_T_le_v4SPD16_eabi.lib : copy_decompress_lzss.c.obj (.text:decompress:lzss:__TI_decompress_lzss)
                  00005efc    00000004     --HOLE-- [fill = 0]
                  00005f00    00000068     sysbios.aem4f : BIOS.obj (.text:ti_sysbios_family_arm_lm4_TimestampProvider_initTimerHandle__I)
                  00005f68    00000066     ti.targets.arm.rtsarm.aem4f : Core-mem.oem4f (.text:xdc_runtime_Core_deleteObject__I)
                  00005fce    00000002     --HOLE-- [fill = 0]
                  00005fd0    00000064     rtsv7M4_T_le_v4SPD16_eabi.lib : s_frexp.c.obj (.text:frexp)
                  00006034    00000004     --HOLE-- [fill = 0]
                  00006038    00000064     sysbios.aem4f : BIOS.obj (.text:ti_sysbios_family_arm_lm4_Timer_Module_startup__E)
                  0000609c    00000004     --HOLE-- [fill = 0]
                  000060a0    00000064                   : BIOS.obj (.text:ti_sysbios_family_arm_m3_Hwi_dispatchC__I)
                  00006104    00000004     --HOLE-- [fill = 0]
                  00006108    00000060     buttons.obj (.text:ButtonDebounce)
                  00006168    00000060     driverlib.lib : timer.obj (.text:TimerConfigure)
                  000061c8    00000060     sysbios.aem4f : BIOS.obj (.text:ti_sysbios_knl_Task_schedule__I)
                  00006228    0000005c                   : BIOS.obj (.text:ti_sysbios_knl_Swi_run__I)
                  00006284    00000004     --HOLE-- [fill = 0]
                  00006288    0000005c                   : BIOS.obj (.text:ti_sysbios_knl_Swi_schedule__I)
                  000062e4    00000004     --HOLE-- [fill = 0]
                  000062e8    0000005c                   : BIOS.obj (.text:ti_sysbios_knl_Task_Module_startup__E)
                  00006344    00000004     --HOLE-- [fill = 0]
                  00006348    0000005c                   : BIOS.obj (.text:ti_sysbios_knl_Task_startCore__E)
                  000063a4    0000005b     ti.targets.arm.rtsarm.aem4f : Text.oem4f (.text:xdc_runtime_Text_putLab__E)
                  000063ff    00000001     --HOLE-- [fill = 0]
                  00006400    0000005a     grlib.lib : string.obj (.text:FontWideGlyphDataGet)
                  0000645a    00000006     --HOLE-- [fill = 0]
                  00006460    00000058     buttons.obj (.text:ButtonAutoRepeat)
                  000064b8    00000058     boot.aem4f : boot.oem4f (.text)
                  00006510    00000058     rtsv7M4_T_le_v4SPD16_eabi.lib : hostwrite.c.obj (.text:HOSTwrite)
                  00006568    00000058     sysbios.aem4f : m3_Hwi_asm_switch.obj (.text:ti_sysbios_family_arm_m3_Hwi_initStacks__E)
                  000065c0    00000056     rtsv7M4_T_le_v4SPD16_eabi.lib : _printfi.c.obj (.text:_pconv_f)
                  00006616    00000002     --HOLE-- [fill = 0]
                  00006618    00000054     sampling.obj (.text:FallingTrigger)
                  0000666c    00000004     --HOLE-- [fill = 0]
                  00006670    00000054     sampling.obj (.text:RisingTrigger)
                  000066c4    00000054     rtsv7M4_T_le_v4SPD16_eabi.lib : _ltoa.c.obj (.text:__TI_ltoa)
                  00006718    00000054     sysbios.aem4f : BIOS.obj (.text:ti_sysbios_family_arm_lm4_Timer_initDevice__I)
                  0000676c    00000054     ti.targets.arm.rtsarm.aem4f : Assert.oem4f (.text:xdc_runtime_Assert_raise__I)
                  000067c0    00000052     rtsv7M4_T_le_v4SPD16_eabi.lib : _printfi.c.obj (.text:_ecpy)
                  00006812    00000002     --HOLE-- [fill = 0]
                  00006814    00000050     Boot.aem4f : Boot_sysctl.oem4f (.text:_SysCtlFrequencyGet)
                  00006864    00000004     --HOLE-- [fill = 0]
                  00006868    00000050     sysbios.aem4f : BIOS.obj (.text:ti_sysbios_family_arm_m3_Hwi_Module_startup__E)
                  000068b8    00000050     ti.targets.arm.rtsarm.aem4f : Startup.oem4f (.text:xdc_runtime_Startup_exec__E)
                  00006908    00000050                                 : Text.oem4f (.text:xdc_runtime_Text_visitRope2__I)
                  00006958    0000004c     rtsv7M4_T_le_v4SPD16_eabi.lib : atoi.c.obj (.text:atoi)
                  000069a4    0000004c                                   : cpy_tbl.c.obj (.text:copy_in)
                  000069f0    0000004c                                   : snprintf.c.obj (.text:snprintf)
                  00006a3c    00000004     --HOLE-- [fill = 0]
                  00006a40    0000004c     sysbios.aem4f : BIOS.obj (.text:ti_sysbios_heaps_HeapMem_getStats__E)
                  00006a8c    00000004     --HOLE-- [fill = 0]
                  00006a90    0000004c                   : BIOS.obj (.text:ti_sysbios_knl_Swi_runLoop__I)
                  00006adc    00000004     --HOLE-- [fill = 0]
                  00006ae0    0000004c                   : BIOS.obj (.text:ti_sysbios_knl_Task_allBlockedFunction__I)
                  00006b2c    0000004a     grlib.lib : string.obj (.text:UpdateContextCharMapping)
                  00006b76    00000002     --HOLE-- [fill = 0]
                  00006b78    00000048     sampling.obj (.text:ADC_ISR)
                  00006bc0    00000048     driverlib.lib : gpio.obj (.text:GPIOPinConfigure)
                  00006c08    00000048     HAL_EK_TM4C1294XL_Crystalfontz128x128_ST7735.obj (.text:HAL_LCD_writeCommand)
                  00006c50    00000048     sysctl_pll.obj (.text:SysCtlFrequencyGet)
                  00006c98    00000048     driverlib.lib : sysctl.obj (.text:_SysCtlFrequencyGet)
                  00006ce0    00000048     rtsv7M4_T_le_v4SPD16_eabi.lib : fd_toi_t2.asm.obj (.text)
                  00006d28    00000048     sysbios.aem4f : BIOS.obj (.text:ti_sysbios_family_arm_lm4_Timer_enableTimers__I)
                  00006d70    00000048                   : BIOS.obj (.text:ti_sysbios_family_arm_m3_Hwi_disableInterrupt__E)
                  00006db8    00000048                   : BIOS.obj (.text:ti_sysbios_family_arm_m3_Hwi_enableInterrupt__E)
                  00006e00    00000048                   : BIOS.obj (.text:ti_sysbios_family_arm_m3_Hwi_excReserved__I)
                  00006e48    00000048                   : BIOS.obj (.text:ti_sysbios_knl_Mailbox_Module_startup__E)
                  00006e90    00000046     grlib.lib : line.obj (.text:GrLineDrawH)
                  00006ed6    00000046               : line.obj (.text:GrLineDrawV)
                  00006f1c    00000046     ti.targets.arm.rtsarm.aem4f : Core-params.oem4f (.text:xdc_runtime_Core_assignParams__I)
                  00006f62    00000006     --HOLE-- [fill = 0]
                  00006f68    00000044     Crystalfontz128x128_ST7735.obj (.text:Crystalfontz128x128_SetOrientation)
                  00006fac    00000004     --HOLE-- [fill = 0]
                  00006fb0    00000044     sysbios.aem4f : BIOS.obj (.text:ti_sysbios_family_arm_lm4_Timer_isrStub__E)
                  00006ff4    00000004     --HOLE-- [fill = 0]
                  00006ff8    00000044                   : BIOS.obj (.text:ti_sysbios_family_arm_m3_Hwi_getStackInfo__E)
                  0000703c    00000004     --HOLE-- [fill = 0]
                  00007040    00000044                   : BIOS.obj (.text:ti_sysbios_knl_Swi_post__E)
                  00007084    00000044     ti.targets.arm.rtsarm.aem4f : Error.oem4f (.text:xdc_runtime_Error_setX__E)
                  000070c8    00000044                                 : SysMin.oem4f (.text:xdc_runtime_SysMin_flush__E)
                  0000710c    00000044                                 : Text.oem4f (.text:xdc_runtime_Text_xprintf__I)
                  00007150    00000040     Crystalfontz128x128_ST7735.obj (.text:Crystalfontz128x128_LineDrawH)
                  00007190    00000040     rtsv7M4_T_le_v4SPD16_eabi.lib : u_divt2.asm.obj (.text)
                  000071d0    00000040     sysbios.aem4f : BIOS.obj (.text:ti_sysbios_family_arm_lm4_Timer_startup__E)
                  00007210    0000003e     driverlib.lib : adc.obj (.text:ADCSequenceConfigure)
                  0000724e    0000003e     rtsv7M4_T_le_v4SPD16_eabi.lib : _printfi.c.obj (.text:_fcpy)
                  0000728c    0000003c     driverlib.lib : ssi.obj (.text:SSIConfigSetExpClk)
                  000072c8    0000003c     sysbios.aem4f : BIOS.obj (.text:ti_sysbios_family_arm_m3_Hwi_excSvCall__I)
                  00007304    00000004     --HOLE-- [fill = 0]
                  00007308    0000003c                   : BIOS.obj (.text:ti_sysbios_heaps_HeapMem_init__I)
                  00007344    00000004     --HOLE-- [fill = 0]
                  00007348    0000003c                   : BIOS.obj (.text:ti_sysbios_knl_Swi_restore__E)
                  00007384    0000003a     grlib.lib : string.obj (.text:FontGlyphDataGet)
                  000073be    00000002     --HOLE-- [fill = 0]
                  000073c0    00000038     Crystalfontz128x128_ST7735.obj (.text:Crystalfontz128x128_Flush)
                  000073f8    00000038     rtsv7M4_T_le_v4SPD16_eabi.lib : trgmsg.c.obj (.text:__TI_writemsg)
                  00007430    00000038                                   : fs_tod_t2.asm.obj (.text)
                  00007468    00000038     sysbios.aem4f : BIOS.obj (.text:ti_sysbios_family_arm_m3_Hwi_excNoIsr__I)
                  000074a0    00000038                   : BIOS.obj (.text:ti_sysbios_knl_Task_processVitalTaskFlag__I)
                  000074d8    00000038     ti.targets.arm.rtsarm.aem4f : SysMin.oem4f (.text:xdc_runtime_SysMin_putch__E)
                  00007510    00000038                                 : System.oem4f (.text:xdc_runtime_System_atexit__E)
                  00007548    00000036     grlib.lib : line.obj (.text:GrClipCodeGet)
                  0000757e    00000002     --HOLE-- [fill = 0]
                  00007580    00000034     driverlib.lib : sysctl.obj (.text:SysCtlPeripheralEnable)
                  000075b4    00000034     rtsv7M4_T_le_v4SPD16_eabi.lib : trgmsg.c.obj (.text:__TI_readmsg)
                  000075e8    00000034     sysbios.aem4f : BIOS.obj (.text:ti_sysbios_family_arm_m3_Hwi_excNmi__I)
                  0000761c    00000004     --HOLE-- [fill = 0]
                  00007620    00000034                   : BIOS.obj (.text:ti_sysbios_hal_Hwi_checkStack)
                  00007654    00000034     ti.targets.arm.rtsarm.aem4f : Core-label.oem4f (.text:xdc_runtime_Core_assignLabel__I)
                  00007688    00000033                                 : Text.oem4f (.text:xdc_runtime_Text_printVisFxn__I)
                  000076bb    00000005     --HOLE-- [fill = 0]
                  000076c0    00000032     sysbios.aem4f : BIOS.obj (.text:ti_sysbios_hal_Hwi_initStack)
                  000076f2    00000030     rtsv7M4_T_le_v4SPD16_eabi.lib : snprintf.c.obj (.text:_outs)
                  00007722    00000006     --HOLE-- [fill = 0]
                  00007728    00000030     main.obj (.text:cpu_load_count)
                  00007758    00000030     rtos_pem4f.oem4f (.text:ti_sysbios_BIOS_atExitFunc__I)
                  00007788    00000030     sysbios.aem4f : BIOS.obj (.text:ti_sysbios_family_arm_lm4_Timer_stop__E)
                  000077b8    00000030                   : BIOS.obj (.text:ti_sysbios_family_arm_m3_TaskSupport_start__E)
                  000077e8    00000030     rtos_pem4f.oem4f (.text:ti_sysbios_gates_GateHwi_Object__create__S)
                  00007818    00000030     rtos_pem4f.oem4f (.text:ti_sysbios_gates_GateMutex_Object__create__S)
                  00007848    00000030     rtos_pem4f.oem4f (.text:ti_sysbios_heaps_HeapMem_Object__create__S)
                  00007878    00000030     sysbios.aem4f : BIOS.obj (.text:ti_sysbios_knl_Mailbox_postInit__I)
                  000078a8    00000030     rtos_pem4f.oem4f (.text:ti_sysbios_knl_Semaphore_construct)
                  000078d8    00000030     sysbios.aem4f : BIOS.obj (.text:ti_sysbios_knl_Semaphore_pendTimeout__I)
                  00007908    00000030                   : BIOS.obj (.text:ti_sysbios_knl_Task_unblockI__E)
                  00007938    00000030     ti.targets.arm.rtsarm.aem4f : SysMin.oem4f (.text:xdc_runtime_SysMin_abort__E)
                  00007968    00000030                                 : System.oem4f (.text:xdc_runtime_System_processAtExit__E)
                  00007998    0000002e     driverlib.lib : adc.obj (.text:ADCIntStatus)
                  000079c6    0000002e     grlib.lib : string.obj (.text:GrStringNextCharGet)
                  000079f4    0000002e     rtsv7M4_T_le_v4SPD16_eabi.lib : i_tofd_t2.asm.obj (.text)
                  00007a22    00000006     --HOLE-- [fill = 0]
                  00007a28    0000002c     rtos_pem4f.oem4f (.text:ti_sysbios_knl_Clock_doTick__I)
                  00007a54    00000004     --HOLE-- [fill = 0]
                  00007a58    0000002c     rtos_pem4f.oem4f (.text:ti_sysbios_knl_Queue_construct)
                  00007a84    00000004     --HOLE-- [fill = 0]
                  00007a88    0000002c     sysbios.aem4f : BIOS.obj (.text:ti_sysbios_knl_Task_restore__E)
                  00007ab4    0000002c     ti.targets.arm.rtsarm.aem4f : Text.oem4f (.text:xdc_runtime_Text_cordText__E)
                  00007ae0    0000002a     driverlib.lib : gpio.obj (.text:GPIODirModeSet)
                  00007b0a    0000002a     ti.targets.arm.rtsarm.aem4f : System.oem4f (.text:xdc_runtime_System_putchar__I)
                  00007b34    00000004     --HOLE-- [fill = 0]
                  00007b38    00000028     sysbios.aem4f : BIOS.obj (.text:ti_sysbios_knl_Clock_addI__E)
                  00007b60    00000028                   : BIOS.obj (.text:ti_sysbios_knl_Swi_Module_startup__E)
                  00007b88    00000026     grlib.lib : string.obj (.text:GrFontInfoGet)
                  00007bae    00000026     sysbios.aem4f : m3_Hwi_asm.obj (.text:ti_sysbios_family_arm_m3_Hwi_pendSV__I)
                  00007bd4    00000026     ti.targets.arm.rtsarm.aem4f : System.oem4f (.text:xdc_runtime_System_avprintf__E)
                  00007bfa    00000002     --HOLE-- [fill = 0]
                  00007bfc    00000024     driverlib.lib : interrupt.obj (.text:IntPrioritySet)
                  00007c20    00000024     rtos_pem4f.oem4f (.text:ti_sysbios_BIOS_errorRaiseHook__I)
                  00007c44    00000004     --HOLE-- [fill = 0]
                  00007c48    00000024     rtos_pem4f.oem4f (.text:ti_sysbios_BIOS_registerRTSLock__I)
                  00007c6c    00000004     --HOLE-- [fill = 0]
                  00007c70    00000024     rtos_pem4f.oem4f (.text:ti_sysbios_BIOS_removeRTSLock__I)
                  00007c94    00000004     --HOLE-- [fill = 0]
                  00007c98    00000024     rtos_pem4f.oem4f (.text:ti_sysbios_BIOS_startFunc__I)
                  00007cbc    00000004     --HOLE-- [fill = 0]
                  00007cc0    00000024     rtos_pem4f.oem4f (.text:ti_sysbios_gates_GateMutex_Object__delete__S)
                  00007ce4    00000004     --HOLE-- [fill = 0]
                  00007ce8    00000024     sysbios.aem4f : BIOS.obj (.text:ti_sysbios_knl_Clock_Module_startup__E)
                  00007d0c    00000004     --HOLE-- [fill = 0]
                  00007d10    00000024                   : BIOS.obj (.text:ti_sysbios_knl_Task_restoreHwi__E)
                  00007d34    00000024     ti.targets.arm.rtsarm.aem4f : System.oem4f (.text:xdc_runtime_System_vprintf__E)
                  00007d58    00000022     grlib.lib : string.obj (.text:GrFontGlyphDataGet)
                  00007d7a    00000022     driverlib.lib : pwm.obj (.text:PWMGenConfigure)
                  00007d9c    00000004     --HOLE-- [fill = 0]
                  00007da0    00000022     sysbios.aem4f : BIOS.obj (.text:ti_sysbios_family_arm_lm4_Timer_write__I)
                  00007dc2    00000006     --HOLE-- [fill = 0]
                  00007dc8    00000022     rtos_pem4f.oem4f (.text:xdc_runtime_SysMin_output__I)
                  00007dea    00000002     --HOLE-- [fill = 0]
                  00007dec    00000020     Boot.aem4f : Boot_sysctl.oem4f (.text:_SysCtlMemTimingGet)
                  00007e0c    00000004     --HOLE-- [fill = 0]
                  00007e10    00000020     rtos_pem4f.oem4f (.text:ti_sysbios_BIOS_rtsLock__I)
                  00007e30    00000020     sysbios.aem4f : m3_Hwi_asm.obj (.text:ti_sysbios_family_arm_m3_Hwi_excHandlerAsm__I)
                  00007e50    00000020                   : BIOS.obj (.text:ti_sysbios_family_arm_m3_Hwi_excHandler__I)
                  00007e70    00000020     rtos_pem4f.oem4f (.text:ti_sysbios_gates_GateHwi_Object__delete__S)
                  00007e90    00000020     rtos_pem4f.oem4f (.text:ti_sysbios_heaps_HeapMem_Object__delete__S)
                  00007eb0    00000020     sysbios.aem4f : BIOS.obj (.text:ti_sysbios_knl_Idle_run__E)
                  00007ed0    00000020     rtos_pem4f.oem4f (.text:ti_sysbios_knl_Semaphore_Object__destruct__S)
                  00007ef0    00000020     ti.targets.arm.rtsarm.aem4f : Registry.oem4f (.text:xdc_runtime_Registry_findById__E)
                  00007f10    00000020                                 : SysMin.oem4f (.text:xdc_runtime_SysMin_Module_startup__E)
                  00007f30    0000001e     driverlib.lib : adc.obj (.text:ADCSequenceDataGet)
                  00007f4e    00000002     --HOLE-- [fill = 0]
                  00007f50    0000001e     Crystalfontz128x128_ST7735.obj (.text:Crystalfontz128x128_ColorTranslate)
                  00007f6e    0000001e     grlib.lib : string.obj (.text:GrFontCodepageGet)
                  00007f8c    0000001e     driverlib.lib : pwm.obj (.text:PWMPulseWidthSet)
                  00007faa    0000001e     sysbios.aem4f : m3_Hwi_asm_switch.obj (.text:ti_sysbios_family_xxx_Hwi_switchAndRunFunc)
                  00007fc8    0000001c     Crystalfontz128x128_ST7735.obj (.text:Crystalfontz128x128_LineDrawV)
                  00007fe4    0000001c     driverlib.lib : sysctl.obj (.text:_SysCtlMemTimingGet)
                  00008000    0000001c     rtsv7M4_T_le_v4SPD16_eabi.lib : memccpy.c.obj (.text:memccpy)
                  0000801c    00000004     --HOLE-- [fill = 0]
                  00008020    0000001c     sysbios.aem4f : BIOS.obj (.text:ti_sysbios_gates_GateMutex_Instance_init__E)
                  0000803c    00000004     --HOLE-- [fill = 0]
                  00008040    0000001c     rtos_pem4f.oem4f (.text:ti_sysbios_knl_Queue_Object__destruct__S)
                  0000805c    00000004     --HOLE-- [fill = 0]
                  00008060    0000001c     sysbios.aem4f : BIOS.obj (.text:ti_sysbios_knl_Queue_get__E)
                  0000807c    00000004     --HOLE-- [fill = 0]
                  00008080    0000001c                   : BIOS.obj (.text:ti_sysbios_knl_Queue_put__E)
                  0000809c    00000004     --HOLE-- [fill = 0]
                  000080a0    0000001c                   : BIOS.obj (.text:ti_sysbios_knl_Task_enter__I)
                  000080bc    0000001c     ti.targets.arm.rtsarm.aem4f : Error.oem4f (.text:xdc_runtime_Error_raiseX__E)
                  000080d8    0000001c                                 : Memory.oem4f (.text:xdc_runtime_Memory_valloc__E)
                  000080f4    0000001c                                 : SysMin.oem4f (.text:xdc_runtime_SysMin_exit__E)
                  00008110    0000001c                                 : System.oem4f (.text:xdc_runtime_System_abort__E)
                  0000812c    0000001a     rtsv7M4_T_le_v4SPD16_eabi.lib : s_copysign.c.obj (.text:copysign)
                  00008146    00000002     --HOLE-- [fill = 0]
                  00008148    0000001a     rtos_pem4f.oem4f (.text:ti_sysbios_family_arm_m3_Hwi_Handle__label__S)
                  00008162    00000006     --HOLE-- [fill = 0]
                  00008168    0000001a     rtos_pem4f.oem4f (.text:ti_sysbios_gates_GateHwi_Handle__label__S)
                  00008182    00000006     --HOLE-- [fill = 0]
                  00008188    0000001a     rtos_pem4f.oem4f (.text:ti_sysbios_gates_GateMutex_Handle__label__S)
                  000081a2    00000006     --HOLE-- [fill = 0]
                  000081a8    0000001a     rtos_pem4f.oem4f (.text:ti_sysbios_heaps_HeapMem_Handle__label__S)
                  000081c2    00000006     --HOLE-- [fill = 0]
                  000081c8    0000001a     rtos_pem4f.oem4f (.text:ti_sysbios_knl_Swi_Handle__label__S)
                  000081e2    00000006     --HOLE-- [fill = 0]
                  000081e8    0000001a     rtos_pem4f.oem4f (.text:ti_sysbios_knl_Task_Handle__label__S)
                  00008202    00000006     --HOLE-- [fill = 0]
                  00008208    0000001a     rtos_pem4f.oem4f (.text:xdc_runtime_System_aprintf__E)
                  00008222    00000006     --HOLE-- [fill = 0]
                  00008228    0000001a     rtos_pem4f.oem4f (.text:xdc_runtime_System_printf__E)
                  00008242    00000018     driverlib.lib : adc.obj (.text:ADCClockConfigSet)
                  0000825a    00000018                   : adc.obj (.text:ADCProcessorTrigger)
                  00008272    00000018                   : gpio.obj (.text:GPIOPinTypeGPIOOutput)
                  0000828a    00000002     --HOLE-- [fill = 0]
                  0000828c    00000018     rtsv7M4_T_le_v4SPD16_eabi.lib : args_main.c.obj (.text:_args_main)
                  000082a4    00000018                                   : snprintf.c.obj (.text:_outc)
                  000082bc    00000004     --HOLE-- [fill = 0]
                  000082c0    00000018     rtos_pem4f.oem4f (.text:ti_sysbios_BIOS_rtsUnlock__I)
                  000082d8    00000018     rtos_pem4f.oem4f (.text:ti_sysbios_family_arm_lm4_Timer_Module__startupDone__F)
                  000082f0    00000018     rtos_pem4f.oem4f (.text:ti_sysbios_family_arm_m3_Hwi_Module__startupDone__F)
                  00008308    00000018     sysbios.aem4f : m3_TaskSupport_asm.obj (.text:ti_sysbios_family_arm_m3_TaskSupport_swap__E)
                  00008320    00000018                   : BIOS.obj (.text:ti_sysbios_gates_GateMutex_leave__E)
                  00008338    00000018     ti.targets.arm.rtsarm.aem4f : Error.oem4f (.text:xdc_runtime_Error_check__E)
                  00008350    00000018                                 : System.oem4f (.text:xdc_runtime_System_exit__E)
                  00008368    00000018                                 : Text.oem4f (.text:xdc_runtime_Text_ropeText__E)
                  00008380    00000016     grlib.lib : string.obj (.text:GrStringDraw)
                  00008396    00000016     rtsv7M4_T_le_v4SPD16_eabi.lib : strchr.c.obj (.text:strchr)
                  000083ac    00000004     --HOLE-- [fill = 0]
                  000083b0    00000016     rtos_pem4f.oem4f (.text:ti_sysbios_BIOS_exitFunc__I)
                  000083c6    00000002     --HOLE-- [fill = 0]
                  000083c8    00000016     sysbios.aem4f : BIOS.obj (.text:ti_sysbios_knl_Task_unblock__E)
                  000083de    00000002     --HOLE-- [fill = 0]
                  000083e0    00000014     Crystalfontz128x128_ST7735.obj (.text:Crystalfontz128x128_PixelDraw)
                  000083f4    00000014     driverlib.lib : pwm.obj (.text:PWMClockSet)
                  00008408    00000014                   : timer.obj (.text:TimerDisable)
                  0000841c    00000014     rtsv7M4_T_le_v4SPD16_eabi.lib : strlen.c.obj (.text:strlen)
                  00008430    00000014     rtos_pem4f.oem4f (.text:ti_sysbios_family_arm_m3_Hwi_Object__get__S)
                  00008444    00000004     --HOLE-- [fill = 0]
                  00008448    00000014     sysbios.aem4f : BIOS.obj (.text:ti_sysbios_family_arm_m3_Hwi_switchFromBootStack__E)
                  0000845c    00000004     --HOLE-- [fill = 0]
                  00008460    00000014     rtos_pem4f.oem4f (.text:ti_sysbios_heaps_HeapMem_Object__get__S)
                  00008474    00000004     --HOLE-- [fill = 0]
                  00008478    00000014     rtos_pem4f.oem4f (.text:ti_sysbios_knl_Mailbox_Object__get__S)
                  0000848c    00000004     --HOLE-- [fill = 0]
                  00008490    00000014     rtos_pem4f.oem4f (.text:ti_sysbios_knl_Swi_Object__get__S)
                  000084a4    00000012     driverlib.lib : gpio.obj (.text:GPIOPinTypeADC)
                  000084b6    00000012                   : gpio.obj (.text:GPIOPinTypeGPIOInput)
                  000084c8    00000012                   : gpio.obj (.text:GPIOPinTypePWM)
                  000084da    00000012                   : gpio.obj (.text:GPIOPinTypeSSI)
                  000084ec    00000012                   : pwm.obj (.text:PWMOutputState)
                  000084fe    00000012                   : timer.obj (.text:TimerLoadSet)
                  00008510    00000012     sysbios.aem4f : BIOS.obj (.text:ti_sysbios_hal_Hwi_Module_startup__E)
                  00008522    00000012     rtsv7M4_T_le_v4SPD16_eabi.lib : wcslen.c.obj (.text:wcslen)
                  00008534    00000004     --HOLE-- [fill = 0]
                  00008538    00000012     rtos_pem4f.oem4f (.text:xdc_runtime_Startup_exec__I)
                  0000854a    00000006     --HOLE-- [fill = 0]
                  00008550    00000010     rtos_pem4f.oem4f (.text:.bootCodeSection:ti_catalog_arm_cortexm4_tiva_ce_Boot_init__I)
                  00008560    00000010     driverlib.lib : fpu.obj (.text:FPUEnable)
                  00008570    00000010                   : fpu.obj (.text:FPULazyStackingEnable)
                  00008580    00000010                   : interrupt.obj (.text:IntMasterDisable)
                  00008590    00000010                   : interrupt.obj (.text:IntMasterEnable)
                  000085a0    00000010                   : pwm.obj (.text:PWMGenPeriodSet)
                  000085b0    00000010     sysbios.aem4f : BIOS.obj (.text:ti_sysbios_BIOS_setThreadType__E)
                  000085c0    00000010                   : BIOS.obj (.text:ti_sysbios_BIOS_start__E)
                  000085d0    00000010                   : m3_TaskSupport_asm.obj (.text:ti_sysbios_family_arm_m3_TaskSupport_glue)
                  000085e0    00000010                   : BIOS.obj (.text:ti_sysbios_gates_GateMutex_Instance_finalize__E)
                  000085f0    00000010                   : BIOS.obj (.text:ti_sysbios_knl_Semaphore_Instance_finalize__E)
                  00008600    00000010                   : BIOS.obj (.text:ti_sysbios_knl_Swi_disable__E)
                  00008610    00000010     rtos_pem4f.oem4f (.text:ti_sysbios_knl_Task_Object__get__S)
                  00008620    00000010     sysbios.aem4f : BIOS.obj (.text:ti_sysbios_knl_Task_disable__E)
                  00008630    00000010     ti.targets.arm.rtsarm.aem4f : Gate.oem4f (.text:xdc_runtime_Gate_leaveSystem__E)
                  00008640    00000010                                 : Memory.oem4f (.text:xdc_runtime_Memory_free__E)
                  00008650    00000010                                 : SysMin.oem4f (.text:xdc_runtime_SysMin_ready__E)
                  00008660    00000010                                 : System.oem4f (.text:xdc_runtime_System_vsnprintf__E)
                  00008670    00000010     rtos_pem4f.oem4f (.text:xdc_runtime_Text_visitRope__I)
                  00008680    0000000e     driverlib.lib : adc.obj (.text:ADCSequenceDisable)
                  0000868e    0000000e                   : adc.obj (.text:ADCSequenceEnable)
                  0000869c    0000000e                   : timer.obj (.text:TimerEnable)
                  000086aa    0000000e     rtsv7M4_T_le_v4SPD16_eabi.lib : copy_decompress_none.c.obj (.text:decompress:none:__TI_decompress_none)
                  000086b8    0000000e     sysbios.aem4f : BIOS.obj (.text:ti_sysbios_knl_Idle_loop__E)
                  000086c6    00000002     --HOLE-- [fill = 0]
                  000086c8    0000000e                   : BIOS.obj (.text:ti_sysbios_knl_Queue_empty__E)
                  000086d6    0000000c     driverlib.lib : cpu.obj (.text:CPUcpsid)
                  000086e2    0000000c                   : cpu.obj (.text:CPUcpsie)
                  000086ee    00000002     --HOLE-- [fill = 0]
                  000086f0    0000000c     HAL_EK_TM4C1294XL_Crystalfontz128x128_ST7735.obj (.text:HAL_LCD_writeData)
                  000086fc    0000000c     driverlib.lib : pwm.obj (.text:PWMGenEnable)
                  00008708    0000000c     rtsv7M4_T_le_v4SPD16_eabi.lib : _lock.c.obj (.text:_register_lock)
                  00008714    0000000c                                   : _lock.c.obj (.text:_register_unlock)
                  00008720    0000000c     main.obj (.text:buttclock)
                  0000872c    0000000c     rtsv7M4_T_le_v4SPD16_eabi.lib : copy_zero_init.c.obj (.text:decompress:ZI:__TI_zero_init)
                  00008738    0000000c     sysbios.aem4f : BIOS.obj (.text:ti_sysbios_family_arm_lm4_Timer_getMaxTicks__E)
                  00008744    00000004     --HOLE-- [fill = 0]
                  00008748    0000000c                   : BIOS.obj (.text:ti_sysbios_family_arm_m3_TaskSupport_checkStack__E)
                  00008754    00000004     --HOLE-- [fill = 0]
                  00008758    0000000c                   : BIOS.obj (.text:ti_sysbios_gates_GateHwi_enter__E)
                  00008764    00000004     --HOLE-- [fill = 0]
                  00008768    0000000c     rtos_pem4f.oem4f (.text:ti_sysbios_knl_Queue_Object__get__S)
                  00008774    0000000c     ti.targets.arm.rtsarm.aem4f : Error.oem4f (.text:xdc_runtime_Error_init__E)
                  00008780    0000000c                                 : Gate.oem4f (.text:xdc_runtime_Gate_enterSystem__E)
                  0000878c    0000000c                                 : Memory.oem4f (.text:xdc_runtime_Memory_calloc__E)
                  00008798    0000000c                                 : Memory.oem4f (.text:xdc_runtime_Memory_getMaxDefaultTypeAlign__E)
                  000087a4    0000000a     driverlib.lib : adc.obj (.text:ADCIntClear)
                  000087ae    0000000a                   : ssi.obj (.text:SSIDataPut)
                  000087b8    0000000a                   : ssi.obj (.text:SSIEnable)
                  000087c2    0000000a                   : timer.obj (.text:TimerIntStatus)
                  000087cc    00000004     --HOLE-- [fill = 0]
                  000087d0    0000000a     rtos_pem4f.oem4f (.text:xdc_runtime_IHeap_alloc)
                  000087da    00000006     --HOLE-- [fill = 0]
                  000087e0    0000000a     rtos_pem4f.oem4f (.text:xdc_runtime_IHeap_free)
                  000087ea    00000008     grlib.lib : charmap.obj (.text:GrMapISO8859_1_Unicode)
                  000087f2    00000008     driverlib.lib : ssi.obj (.text:SSIBusy)
                  000087fa    00000002     --HOLE-- [fill = 0]
                  000087fc    00000008     rtsv7M4_T_le_v4SPD16_eabi.lib : errno.c.obj (.text:__aeabi_errno_addr)
                  00008804    00000008     sysbios.aem4f : BIOS.obj (.text:ti_sysbios_family_arm_lm4_Timer_masterDisable__I)
                  0000880c    00000004     --HOLE-- [fill = 0]
                  00008810    00000008                   : BIOS.obj (.text:ti_sysbios_family_arm_m3_Hwi_doSwiRestore__I)
                  00008818    00000008                   : BIOS.obj (.text:ti_sysbios_family_arm_m3_Hwi_startup__E)
                  00008820    00000006                   : BIOS.obj (.text:ti_sysbios_family_arm_lm4_TimestampProvider_Module_startup__E)
                  00008826    00000002     --HOLE-- [fill = 0]
                  00008828    00000006                   : BIOS.obj (.text:ti_sysbios_family_arm_m3_Hwi_doTaskRestore__I)
                  0000882e    00000002     --HOLE-- [fill = 0]
                  00008830    00000006                   : BIOS.obj (.text:ti_sysbios_gates_GateHwi_leave__E)
                  00008836    00000002     --HOLE-- [fill = 0]
                  00008838    00000006                   : BIOS.obj (.text:ti_sysbios_heaps_HeapMem_isBlocking__E)
                  0000883e    00000002     --HOLE-- [fill = 0]
                  00008840    00000006                   : BIOS.obj (.text:ti_sysbios_knl_Queue_Instance_init__E)
                  00008846    00000002     --HOLE-- [fill = 0]
                  00008848    00000006                   : BIOS.obj (.text:ti_sysbios_knl_Swi_startup__E)
                  0000884e    00000002     --HOLE-- [fill = 0]
                  00008850    00000004     main.obj (.text:task0_func)
                  00008854    00000004     --HOLE-- [fill = 0]
                  00008858    00000004     rtos_pem4f.oem4f (.text:ti_sysbios_BIOS_RtsGateProxy_enter__E)
                  0000885c    00000004     --HOLE-- [fill = 0]
                  00008860    00000004     rtos_pem4f.oem4f (.text:ti_sysbios_BIOS_RtsGateProxy_leave__E)
                  00008864    00000004     --HOLE-- [fill = 0]
                  00008868    00000004     rtos_pem4f.oem4f (.text:ti_sysbios_family_arm_m3_TaskSupport_Module__startupDone__S)
                  0000886c    00000004     --HOLE-- [fill = 0]
                  00008870    00000004     sysbios.aem4f : BIOS.obj (.text:ti_sysbios_gates_GateHwi_query__E)
                  00008874    00000004     --HOLE-- [fill = 0]
                  00008878    00000004                   : BIOS.obj (.text:ti_sysbios_gates_GateMutex_query__E)
                  0000887c    00000004     --HOLE-- [fill = 0]
                  00008880    00000004     rtos_pem4f.oem4f (.text:ti_sysbios_heaps_HeapMem_Module_GateProxy_enter__E)
                  00008884    00000004     --HOLE-- [fill = 0]
                  00008888    00000004     rtos_pem4f.oem4f (.text:ti_sysbios_heaps_HeapMem_Module_GateProxy_leave__E)
                  0000888c    00000004     --HOLE-- [fill = 0]
                  00008890    00000004     rtos_pem4f.oem4f (.text:ti_sysbios_knl_Clock_TimerProxy_getMaxTicks__E)
                  00008894    00000004     --HOLE-- [fill = 0]
                  00008898    00000004     rtos_pem4f.oem4f (.text:ti_sysbios_knl_Queue_destruct)
                  0000889c    00000004     --HOLE-- [fill = 0]
                  000088a0    00000004     rtos_pem4f.oem4f (.text:ti_sysbios_knl_Semaphore_destruct)
                  000088a4    00000004     --HOLE-- [fill = 0]
                  000088a8    00000004     sysbios.aem4f : BIOS.obj (.text:ti_sysbios_knl_Task_startup__E)
                  000088ac    00000004     --HOLE-- [fill = 0]
                  000088b0    00000004     rtos_pem4f.oem4f (.text:xdc_runtime_System_Module_GateProxy_enter__E)
                  000088b4    00000004     --HOLE-- [fill = 0]
                  000088b8    00000004     rtos_pem4f.oem4f (.text:xdc_runtime_System_Module_GateProxy_leave__E)
                  000088bc    00000004     --HOLE-- [fill = 0]
                  000088c0    00000002     rtos_pem4f.oem4f (.text:ti_sysbios_BIOS_nullFunc__I)
                  000088c2    00000006     --HOLE-- [fill = 0]
                  000088c8    00000002     sysbios.aem4f : BIOS.obj (.text:ti_sysbios_gates_GateHwi_Instance_init__E)
                  000088ca    00000006     --HOLE-- [fill = 0]
                  000088d0    00000002                   : BIOS.obj (.text:ti_sysbios_knl_Clock_logTick__E)
                  000088d2    00000006     --HOLE-- [fill = 0]
                  000088d8    00000002     rtos_pem4f.oem4f (.text:xdc_runtime_Startup_reset__I)

.const     0    000088dc    000028b4     
                  000088dc    00001986     rtos_pem4f.oem4f (.const:xdc_runtime_Text_charTab__A)
                  0000a262    000002f8     grlib.lib : fontfixed6x8.obj (.const:.string:g_pui8FontFixed6x8Data)
                  0000a55a    00000002     rtos_pem4f.oem4f (.const:ti_catalog_arm_cortexm4_tiva_ce_Boot_Module__id__C)
                  0000a55c    00000120     Boot.aem4f : Boot_sysctl.oem4f (.const:g_pppui32XTALtoVCO)
                  0000a67c    00000120     driverlib.lib : sysctl.obj (.const:g_pppui32XTALtoVCO)
                  0000a79c    00000101     rtsv7M4_T_le_v4SPD16_eabi.lib : ctype.c.obj (.const:.string:_ctypes_)
                  0000a89d    00000001     rtos_pem4f.oem4f (.const:xdc_runtime_Error_policy__C)
                  0000a89e    00000002     rtos_pem4f.oem4f (.const:ti_sysbios_family_arm_lm4_TimestampProvider_Module__id__C)
                  0000a8a0    000000c8     grlib.lib : fontfixed6x8.obj (.const:g_sFontFixed6x8)
                  0000a968    000000c8     rtos_pem4f.oem4f (.const:xdc_runtime_Text_nodeTab__A)
                  0000aa30    0000009c     driverlib.lib : interrupt.obj (.const:g_pui32Regs)
                  0000aacc    00000090                   : gpio.obj (.const:g_pui32GPIOBaseAddrs)
                  0000ab5c    00000070                   : interrupt.obj (.const)
                  0000abcc    0000006c     Boot.aem4f : Boot_sysctl.oem4f (.const:g_pui32Xtals)
                  0000ac38    0000006c     driverlib.lib : sysctl.obj (.const:g_pui32Xtals)
                  0000aca4    00000048     rtos_pem4f.oem4f (.const:.string)
                  0000acec    00000034     rtos_pem4f.oem4f (.const)
                  0000ad20    00000030     Boot.aem4f : Boot_sysctl.oem4f (.const:g_sXTALtoMEMTIM)
                  0000ad50    00000030     driverlib.lib : sysctl.obj (.const:g_sXTALtoMEMTIM)
                  0000ad80    00000028     Crystalfontz128x128_ST7735.obj (.const:g_sCrystalfontz128x128)
                  0000ada8    00000028     rtos_pem4f.oem4f (.const:ti_sysbios_heaps_HeapMem_Module__FXNS__C)
                  0000add0    00000028     rtos_pem4f.oem4f (.const:xdc_runtime_Startup_sfxnTab__A)
                  0000adf8    00000024     rtos_pem4f.oem4f (.const:ti_sysbios_gates_GateHwi_Module__FXNS__C)
                  0000ae1c    00000024     rtos_pem4f.oem4f (.const:ti_sysbios_gates_GateMutex_Module__FXNS__C)
                  0000ae40    00000024     rtos_pem4f.oem4f (.const:ti_sysbios_heaps_HeapMem_Object__PARAMS__C)
                  0000ae64    00000024     rtos_pem4f.oem4f (.const:ti_sysbios_knl_Semaphore_Object__PARAMS__C)
                  0000ae88    00000020     rtos_pem4f.oem4f (.const:ti_sysbios_gates_GateHwi_Object__DESC__C)
                  0000aea8    00000020     rtos_pem4f.oem4f (.const:ti_sysbios_gates_GateMutex_Object__DESC__C)
                  0000aec8    00000020     rtos_pem4f.oem4f (.const:ti_sysbios_heaps_HeapMem_Object__DESC__C)
                  0000aee8    00000020     rtos_pem4f.oem4f (.const:ti_sysbios_knl_Queue_Object__DESC__C)
                  0000af08    00000020     rtos_pem4f.oem4f (.const:ti_sysbios_knl_Semaphore_Object__DESC__C)
                  0000af28    00000018     rtos_pem4f.oem4f (.const:ti_sysbios_gates_GateHwi_Object__PARAMS__C)
                  0000af40    00000018     rtos_pem4f.oem4f (.const:ti_sysbios_gates_GateMutex_Object__PARAMS__C)
                  0000af58    00000018     rtos_pem4f.oem4f (.const:ti_sysbios_knl_Queue_Object__PARAMS__C)
                  0000af70    00000018     rtos_pem4f.oem4f (.const:xdc_runtime_Startup_firstFxns__A)
                  0000af88    00000014     rtos_pem4f.oem4f (.const:xdc_runtime_Startup_sfxnRts__A)
                  0000af9c    00000010     grlib.lib : context.obj (.const)
                  0000afac    00000008     Boot.aem4f : Boot_sysctl.oem4f (.const)
                  0000afb4    00000008     driverlib.lib : sysctl.obj (.const)
                  0000afbc    00000008     rtos_pem4f.oem4f (.const:ti_sysbios_family_arm_m3_Hwi_excHookFuncs__A)
                  0000afc4    00000008     rtos_pem4f.oem4f (.const:ti_sysbios_knl_Idle_funcList__C)
                  0000afcc    00000008     rtos_pem4f.oem4f (.const:xdc_runtime_Startup_firstFxns__C)
                  0000afd4    00000008     rtos_pem4f.oem4f (.const:xdc_runtime_Startup_lastFxns__C)
                  0000afdc    00000004     rtos_pem4f.oem4f (.const:ti_catalog_arm_cortexm4_tiva_ce_Boot_A_mustNotUseEnhancedClockMode__C)
                  0000afe0    00000004     rtos_pem4f.oem4f (.const:ti_catalog_arm_cortexm4_tiva_ce_Boot_Module__diagsEnabled__C)
                  0000afe4    00000004     rtos_pem4f.oem4f (.const:ti_catalog_arm_cortexm4_tiva_ce_Boot_Module__diagsIncluded__C)
                  0000afe8    00000004     rtos_pem4f.oem4f (.const:ti_catalog_arm_cortexm4_tiva_ce_Boot_Module__diagsMask__C)
                  0000afec    00000004     rtos_pem4f.oem4f (.const:ti_sysbios_family_arm_lm4_Timer_enableFunc__C)
                  0000aff0    00000004     rtos_pem4f.oem4f (.const:ti_sysbios_family_arm_lm4_Timer_numTimerDevices__C)
                  0000aff4    00000004     rtos_pem4f.oem4f (.const:ti_sysbios_family_arm_lm4_Timer_startupNeeded__C)
                  0000aff8    00000004     rtos_pem4f.oem4f (.const:ti_sysbios_family_arm_lm4_TimestampProvider_Module__diagsEnabled__C)
                  0000affc    00000004     rtos_pem4f.oem4f (.const:ti_sysbios_family_arm_lm4_TimestampProvider_Module__diagsIncluded__C)
                  0000b000    00000004     rtos_pem4f.oem4f (.const:ti_sysbios_family_arm_lm4_TimestampProvider_Module__diagsMask__C)
                  0000b004    00000004     rtos_pem4f.oem4f (.const:ti_sysbios_family_arm_m3_Hwi_E_NMI__C)
                  0000b008    00000004     rtos_pem4f.oem4f (.const:ti_sysbios_family_arm_m3_Hwi_E_busFault__C)
                  0000b00c    00000004     rtos_pem4f.oem4f (.const:ti_sysbios_family_arm_m3_Hwi_E_debugMon__C)
                  0000b010    00000004     rtos_pem4f.oem4f (.const:ti_sysbios_family_arm_m3_Hwi_E_hardFault__C)
                  0000b014    00000004     rtos_pem4f.oem4f (.const:ti_sysbios_family_arm_m3_Hwi_E_memFault__C)
                  0000b018    00000004     rtos_pem4f.oem4f (.const:ti_sysbios_family_arm_m3_Hwi_E_noIsr__C)
                  0000b01c    00000004     rtos_pem4f.oem4f (.const:ti_sysbios_family_arm_m3_Hwi_E_reserved__C)
                  0000b020    00000004     rtos_pem4f.oem4f (.const:ti_sysbios_family_arm_m3_Hwi_E_svCall__C)
                  0000b024    00000004     rtos_pem4f.oem4f (.const:ti_sysbios_family_arm_m3_Hwi_E_usageFault__C)
                  0000b028    00000004     rtos_pem4f.oem4f (.const:ti_sysbios_family_arm_m3_Hwi_NUM_INTERRUPTS__C)
                  0000b02c    00000004     rtos_pem4f.oem4f (.const:ti_sysbios_family_arm_m3_Hwi_Object__count__C)
                  0000b030    00000004     rtos_pem4f.oem4f (.const:ti_sysbios_family_arm_m3_Hwi_ccr__C)
                  0000b034    00000004     rtos_pem4f.oem4f (.const:ti_sysbios_family_arm_m3_Hwi_excHandlerFunc__C)
                  0000b038    00000004     rtos_pem4f.oem4f (.const:ti_sysbios_family_arm_m3_Hwi_excHookFuncs__C)
                  0000b03c    00000004     rtos_pem4f.oem4f (.const:ti_sysbios_family_arm_m3_Hwi_nullIsrFunc__C)
                  0000b040    00000004     rtos_pem4f.oem4f (.const:ti_sysbios_family_arm_m3_Hwi_priGroup__C)
                  0000b044    00000004     rtos_pem4f.oem4f (.const:ti_sysbios_gates_GateMutex_A_badContext__C)
                  0000b048    00000004     rtos_pem4f.oem4f (.const:ti_sysbios_gates_GateMutex_Instance_State_sem__O)
                  0000b04c    00000004     rtos_pem4f.oem4f (.const:ti_sysbios_gates_GateMutex_Module__diagsEnabled__C)
                  0000b050    00000004     rtos_pem4f.oem4f (.const:ti_sysbios_gates_GateMutex_Module__diagsIncluded__C)
                  0000b054    00000004     rtos_pem4f.oem4f (.const:ti_sysbios_gates_GateMutex_Module__diagsMask__C)
                  0000b058    00000004     rtos_pem4f.oem4f (.const:ti_sysbios_hal_Hwi_E_stackOverflow__C)
                  0000b05c    00000004     rtos_pem4f.oem4f (.const:ti_sysbios_heaps_HeapMem_A_align__C)
                  0000b060    00000004     rtos_pem4f.oem4f (.const:ti_sysbios_heaps_HeapMem_A_heapSize__C)
                  0000b064    00000004     rtos_pem4f.oem4f (.const:ti_sysbios_heaps_HeapMem_A_invalidFree__C)
                  0000b068    00000004     rtos_pem4f.oem4f (.const:ti_sysbios_heaps_HeapMem_A_zeroBlock__C)
                  0000b06c    00000004     rtos_pem4f.oem4f (.const:ti_sysbios_heaps_HeapMem_E_memory__C)
                  0000b070    00000004     rtos_pem4f.oem4f (.const:ti_sysbios_heaps_HeapMem_Module__diagsEnabled__C)
                  0000b074    00000004     rtos_pem4f.oem4f (.const:ti_sysbios_heaps_HeapMem_Module__diagsIncluded__C)
                  0000b078    00000004     rtos_pem4f.oem4f (.const:ti_sysbios_heaps_HeapMem_Module__diagsMask__C)
                  0000b07c    00000004     rtos_pem4f.oem4f (.const:ti_sysbios_heaps_HeapMem_Module__gateObj__C)
                  0000b080    00000004     rtos_pem4f.oem4f (.const:ti_sysbios_heaps_HeapMem_Object__count__C)
                  0000b084    00000004     rtos_pem4f.oem4f (.const:ti_sysbios_heaps_HeapMem_reqAlign__C)
                  0000b088    00000004     rtos_pem4f.oem4f (.const:ti_sysbios_knl_Clock_Module_State_clockQ__O)
                  0000b08c    00000004     rtos_pem4f.oem4f (.const:ti_sysbios_knl_Idle_funcList__A)
                  0000b090    00000004     rtos_pem4f.oem4f (.const:ti_sysbios_knl_Mailbox_Instance_State_dataQue__O)
                  0000b094    00000004     rtos_pem4f.oem4f (.const:ti_sysbios_knl_Mailbox_Instance_State_dataSem__O)
                  0000b098    00000004     rtos_pem4f.oem4f (.const:ti_sysbios_knl_Mailbox_Instance_State_freeQue__O)
                  0000b09c    00000004     rtos_pem4f.oem4f (.const:ti_sysbios_knl_Mailbox_Instance_State_freeSem__O)
                  0000b0a0    00000004     rtos_pem4f.oem4f (.const:ti_sysbios_knl_Mailbox_Object__count__C)
                  0000b0a4    00000004     rtos_pem4f.oem4f (.const:ti_sysbios_knl_Mailbox_maxTypeAlign__C)
                  0000b0a8    00000004     rtos_pem4f.oem4f (.const:ti_sysbios_knl_Semaphore_A_badContext__C)
                  0000b0ac    00000004     rtos_pem4f.oem4f (.const:ti_sysbios_knl_Semaphore_A_noEvents__C)
                  0000b0b0    00000004     rtos_pem4f.oem4f (.const:ti_sysbios_knl_Semaphore_A_overflow__C)
                  0000b0b4    00000004     rtos_pem4f.oem4f (.const:ti_sysbios_knl_Semaphore_A_pendTaskDisabled__C)
                  0000b0b8    00000004     rtos_pem4f.oem4f (.const:ti_sysbios_knl_Semaphore_Instance_State_pendQ__O)
                  0000b0bc    00000004     rtos_pem4f.oem4f (.const:ti_sysbios_knl_Semaphore_Module__diagsEnabled__C)
                  0000b0c0    00000004     rtos_pem4f.oem4f (.const:ti_sysbios_knl_Semaphore_Module__diagsIncluded__C)
                  0000b0c4    00000004     rtos_pem4f.oem4f (.const:ti_sysbios_knl_Semaphore_Module__diagsMask__C)
                  0000b0c8    00000004     rtos_pem4f.oem4f (.const:ti_sysbios_knl_Swi_Object__count__C)
                  0000b0cc    00000004     rtos_pem4f.oem4f (.const:ti_sysbios_knl_Task_E_spOutOfBounds__C)
                  0000b0d0    00000004     rtos_pem4f.oem4f (.const:ti_sysbios_knl_Task_E_stackOverflow__C)
                  0000b0d4    00000004     rtos_pem4f.oem4f (.const:ti_sysbios_knl_Task_Module_State_inactiveQ__O)
                  0000b0d8    00000004     rtos_pem4f.oem4f (.const:ti_sysbios_knl_Task_Object__count__C)
                  0000b0dc    00000004     rtos_pem4f.oem4f (.const:ti_sysbios_knl_Task_allBlockedFunc__C)
                  0000b0e0    00000004     rtos_pem4f.oem4f (.const:ti_sysbios_knl_Task_numConstructedTasks__C)
                  0000b0e4    00000004     rtos_pem4f.oem4f (.const:xdc_runtime_Assert_E_assertFailed__C)
                  0000b0e8    00000004     rtos_pem4f.oem4f (.const:xdc_runtime_Core_A_initializedParams__C)
                  0000b0ec    00000004     rtos_pem4f.oem4f (.const:xdc_runtime_Core_Module__diagsEnabled__C)
                  0000b0f0    00000004     rtos_pem4f.oem4f (.const:xdc_runtime_Core_Module__diagsIncluded__C)
                  0000b0f4    00000004     rtos_pem4f.oem4f (.const:xdc_runtime_Core_Module__diagsMask__C)
                  0000b0f8    00000004     rtos_pem4f.oem4f (.const:xdc_runtime_Error_E_memory__C)
                  0000b0fc    00000004     rtos_pem4f.oem4f (.const:xdc_runtime_Error_Module__diagsEnabled__C)
                  0000b100    00000004     rtos_pem4f.oem4f (.const:xdc_runtime_Error_Module__diagsIncluded__C)
                  0000b104    00000004     rtos_pem4f.oem4f (.const:xdc_runtime_Error_Module__diagsMask__C)
                  0000b108    00000004     rtos_pem4f.oem4f (.const:xdc_runtime_Error_Module__loggerFxn8__C)
                  0000b10c    00000004     rtos_pem4f.oem4f (.const:xdc_runtime_Error_Module__loggerObj__C)
                  0000b110    00000004     rtos_pem4f.oem4f (.const:xdc_runtime_Error_policyFxn__C)
                  0000b114    00000004     rtos_pem4f.oem4f (.const:xdc_runtime_Error_raiseHook__C)
                  0000b118    00000004     rtos_pem4f.oem4f (.const:xdc_runtime_IGateProvider_Interface__BASE__C)
                  0000b11c    00000004     rtos_pem4f.oem4f (.const:xdc_runtime_IHeap_Interface__BASE__C)
                  0000b120    00000004     rtos_pem4f.oem4f (.const:xdc_runtime_IModule_Interface__BASE__C)
                  0000b124    00000004     rtos_pem4f.oem4f (.const:xdc_runtime_Log_L_error__C)
                  0000b128    00000004     rtos_pem4f.oem4f (.const:xdc_runtime_Memory_defaultHeapInstance__C)
                  0000b12c    00000004     rtos_pem4f.oem4f (.const:xdc_runtime_Startup_execImpl__C)
                  0000b130    00000004     rtos_pem4f.oem4f (.const:xdc_runtime_Startup_maxPasses__C)
                  0000b134    00000004     rtos_pem4f.oem4f (.const:xdc_runtime_Startup_sfxnRts__C)
                  0000b138    00000004     rtos_pem4f.oem4f (.const:xdc_runtime_Startup_sfxnTab__C)
                  0000b13c    00000004     rtos_pem4f.oem4f (.const:xdc_runtime_SysMin_bufSize__C)
                  0000b140    00000004     rtos_pem4f.oem4f (.const:xdc_runtime_SysMin_outputFunc__C)
                  0000b144    00000004     rtos_pem4f.oem4f (.const:xdc_runtime_System_Module__gateObj__C)
                  0000b148    00000004     rtos_pem4f.oem4f (.const:xdc_runtime_System_abortFxn__C)
                  0000b14c    00000004     rtos_pem4f.oem4f (.const:xdc_runtime_System_exitFxn__C)
                  0000b150    00000004     rtos_pem4f.oem4f (.const:xdc_runtime_System_extendFxn__C)
                  0000b154    00000004     rtos_pem4f.oem4f (.const:xdc_runtime_System_maxAtexitHandlers__C)
                  0000b158    00000004     rtos_pem4f.oem4f (.const:xdc_runtime_Text_charTab__C)
                  0000b15c    00000004     rtos_pem4f.oem4f (.const:xdc_runtime_Text_nameEmpty__C)
                  0000b160    00000004     rtos_pem4f.oem4f (.const:xdc_runtime_Text_nameStatic__C)
                  0000b164    00000004     rtos_pem4f.oem4f (.const:xdc_runtime_Text_nameUnknown__C)
                  0000b168    00000004     rtos_pem4f.oem4f (.const:xdc_runtime_Text_nodeTab__C)
                  0000b16c    00000004     rtos_pem4f.oem4f (.const:xdc_runtime_Text_visitRopeFxn__C)
                  0000b170    00000002     rtos_pem4f.oem4f (.const:ti_sysbios_family_arm_lm4_TimestampProvider_useClockTimer__C)
                  0000b172    00000002     rtos_pem4f.oem4f (.const:ti_sysbios_family_arm_m3_Hwi_Module__id__C)
                  0000b174    00000002     rtos_pem4f.oem4f (.const:ti_sysbios_gates_GateMutex_Module__id__C)
                  0000b176    00000002     rtos_pem4f.oem4f (.const:ti_sysbios_hal_Hwi_Module__id__C)
                  0000b178    00000002     rtos_pem4f.oem4f (.const:ti_sysbios_heaps_HeapMem_Module__id__C)
                  0000b17a    00000002     rtos_pem4f.oem4f (.const:ti_sysbios_knl_Semaphore_Module__id__C)
                  0000b17c    00000002     rtos_pem4f.oem4f (.const:ti_sysbios_knl_Task_Module__id__C)
                  0000b17e    00000002     rtos_pem4f.oem4f (.const:xdc_runtime_Core_Module__id__C)
                  0000b180    00000002     rtos_pem4f.oem4f (.const:xdc_runtime_Error_Module__loggerDefined__C)
                  0000b182    00000002     rtos_pem4f.oem4f (.const:xdc_runtime_Error_maxDepth__C)
                  0000b184    00000002     rtos_pem4f.oem4f (.const:xdc_runtime_Memory_Module__id__C)
                  0000b186    00000002     rtos_pem4f.oem4f (.const:xdc_runtime_SysMin_flushAtExit__C)
                  0000b188    00000002     rtos_pem4f.oem4f (.const:xdc_runtime_Text_charCnt__C)
                  0000b18a    00000002     rtos_pem4f.oem4f (.const:xdc_runtime_Text_isLoaded__C)
                  0000b18c    00000002     rtos_pem4f.oem4f (.const:xdc_runtime_Text_registryModsLastId__C)
                  0000b18e    00000002     rtos_pem4f.oem4f (.const:xdc_runtime_Text_unnamedModsLastId__C)

.cinit     0    0000b190    000002f0     
                  0000b190    000002b7     (.cinit..data.load) [load image, compression = lzss]
                  0000b447    00000001     --HOLE-- [fill = 0]
                  0000b448    0000000c     (__TI_handler_table)
                  0000b454    00000004     --HOLE-- [fill = 0]
                  0000b458    00000008     (.cinit..bss.load) [load image, compression = zero_init]
                  0000b460    00000008     (.cinit..vecs.load) [load image, compression = zero_init]
                  0000b468    00000018     (__TI_cinit_table)

.init_array 
*          0    00000000    00000000     UNINITIALIZED

.resetVecs 
*          0    00000000    0000003c     
                  00000000    0000003c     rtos_pem4f.oem4f (.resetVecs)

.data      0    20000360    0000870e     UNINITIALIZED
                  20000360    00008000     Crystalfontz128x128_ST7735.obj (.data:Lcd_buffer)
                  20008360    00000214     rtos_pem4f.oem4f (.data:ti_sysbios_knl_Task_Object__table__V)
                  20008574    00000080     rtos_pem4f.oem4f (.data:ti_sysbios_knl_Swi_Module_State_0_readyQ__A)
                  200085f4    00000080     rtos_pem4f.oem4f (.data:ti_sysbios_knl_Task_Module_State_0_readyQ__A)
                  20008674    00000050     rtos_pem4f.oem4f (.data:ti_sysbios_knl_Mailbox_Object__table__V)
                  200086c4    00000050     rtos_pem4f.oem4f (.data:ti_sysbios_knl_Semaphore_Object__table__V)
                  20008714    00000044     rtos_pem4f.oem4f (.data:ti_sysbios_knl_Task_Module__state__V)
                  20008758    00000040     rtos_pem4f.oem4f (.data:ti_sysbios_family_arm_lm4_Timer_Module_State_0_device__A)
                  20008798    00000040     rtos_pem4f.oem4f (.data:ti_sysbios_family_arm_lm4_Timer_Object__table__V)
                  200087d8    00000038     rtos_pem4f.oem4f (.data:ti_sysbios_gates_GateMutex_Object__table__V)
                  20008810    00000034     rtos_pem4f.oem4f (.data:ti_sysbios_family_arm_m3_Hwi_Module__state__V)
                  20008844    00000030     rtos_pem4f.oem4f (.data:ti_sysbios_family_arm_m3_Hwi_Object__table__V)
                  20008874    00000030     rtos_pem4f.oem4f (.data:ti_sysbios_knl_Swi_Object__table__V)
                  200088a4    0000002c     rtos_pem4f.oem4f (.data:ti_sysbios_knl_Clock_Module__state__V)
                  200088d0    00000024     buttons.obj (.data:count$2)
                  200088f4    00000024     rtos_pem4f.oem4f (.data:ti_sysbios_BIOS_Module__state__V)
                  20008918    00000020     main.obj (.data)
                  20008938    00000020     rtos_pem4f.oem4f (.data:ti_sysbios_family_arm_lm4_Timer_Module_State_0_handles__A)
                  20008958    00000020     rtos_pem4f.oem4f (.data:ti_sysbios_knl_Clock_Object__table__V)
                  20008978    0000001c     rtos_pem4f.oem4f (.data:ti_sysbios_knl_Swi_Module__state__V)
                  20008994    00000018     rtos_pem4f.oem4f (.data:ti_sysbios_heaps_HeapMem_Object__table__V)
                  200089ac    00000014     main.obj (.data:fVoltsPerDiv)
                  200089c0    0000000c     buttons.obj (.data)
                  200089cc    0000000c     rtos_pem4f.oem4f (.data:ti_sysbios_family_arm_lm4_Timer_Module__state__V)
                  200089d8    0000000c     rtos_pem4f.oem4f (.data:xdc_runtime_SysMin_Module__state__V)
                  200089e4    00000009     sampling.obj (.data)
                  200089ed    00000001     --HOLE--
                  200089ee    00000002     rtos_pem4f.oem4f (.data:ti_sysbios_family_arm_m3_Hwi_Module_State_0_excActive__A)
                  200089f0    00000008     rtsv7M4_T_le_v4SPD16_eabi.lib : _lock.c.obj (.data:$O1$$)
                  200089f8    00000008     buttons.obj (.data:gJoystick)
                  20008a00    00000008     rtos_pem4f.oem4f (.data:ti_sysbios_family_arm_lm4_TimestampProvider_Module__state__V)
                  20008a08    00000008     rtos_pem4f.oem4f (.data:ti_sysbios_gates_GateHwi_Module__root__V)
                  20008a10    00000008     rtos_pem4f.oem4f (.data:ti_sysbios_gates_GateMutex_Module__root__V)
                  20008a18    00000008     rtos_pem4f.oem4f (.data:ti_sysbios_heaps_HeapMem_Module__root__V)
                  20008a20    00000008     rtos_pem4f.oem4f (.data:ti_sysbios_knl_Queue_Module__root__V)
                  20008a28    00000008     rtos_pem4f.oem4f (.data:ti_sysbios_knl_Semaphore_Module__root__V)
                  20008a30    00000008     rtos_pem4f.oem4f (.data:xdc_runtime_Registry_Module__state__V)
                  20008a38    00000008     rtos_pem4f.oem4f (.data:xdc_runtime_Startup_Module__state__V)
                  20008a40    00000008     rtos_pem4f.oem4f (.data:xdc_runtime_System_Module_State_0_atexitHandlers__A)
                  20008a48    00000008     rtos_pem4f.oem4f (.data:xdc_runtime_System_Module__state__V)
                  20008a50    00000004     rtsv7M4_T_le_v4SPD16_eabi.lib : errno.c.obj (.data)
                  20008a54    00000004                                   : stkdepth_vars.c.obj (.data)
                  20008a58    00000004     rtos_pem4f.oem4f (.data:ti_sysbios_family_arm_m3_Hwi_Module_State_0_excContext__A)
                  20008a5c    00000004     rtos_pem4f.oem4f (.data:ti_sysbios_family_arm_m3_Hwi_Module_State_0_excStack__A)
                  20008a60    00000004     rtos_pem4f.oem4f (.data:ti_sysbios_gates_GateHwi_Object__table__V)
                  20008a64    00000004     rtos_pem4f.oem4f (.data:ti_sysbios_knl_Task_Module_State_0_idleTask__A)
                  20008a68    00000004     rtos_pem4f.oem4f (.data:xdc_runtime_Memory_Module__state__V)
                  20008a6c    00000002     rtos_pem4f.oem4f (.data:xdc_runtime_Error_Module__state__V)

.bss       0    20008a70    000037ff     UNINITIALIZED
                  20008a70    00001c00     rtos_pem4f.oem4f (.bss:taskStackSection)
                  2000a670    00001000     (.common:gADCBuffer)
                  2000b670    00000400     (.common:ti_sysbios_heaps_HeapMem_Instance_State_0_buf__A)
                  2000ba70    00000360     (.common:ti_sysbios_family_arm_m3_Hwi_dispatchTable)
                  2000bdd0    00000120     rtsv7M4_T_le_v4SPD16_eabi.lib : trgmsg.c.obj (.bss:_CIOBUF_)
                  2000bef0    00000100     (.common:processbuff)
                  2000bff0    00000100     (.common:sampbuff)
                  2000c0f0    000000a0     (.common:ti_sysbios_knl_Mailbox_Instance_State_0_allocBuf__A)
                  2000c190    00000080     (.common:xdc_runtime_SysMin_Module_State_0_outbuf__A)
                  2000c210    0000002c     (.common:sContext)
                  2000c23c    00000014     buttons.obj (.bss:state$1)
                  2000c250    00000008     (.common:parmbuf)
                  2000c258    00000004     (.common:gADCSamplingRate)
                  2000c25c    00000004     (.common:g_psGrLibDefaults)
                  2000c260    00000004     (.common:trigger)
                  2000c264    00000002     (.common:Lcd_ScreenHeigth)
                  2000c266    00000002     (.common:Lcd_ScreenWidth)
                  2000c268    00000002     (.common:Lcd_TouchTrim)
                  2000c26a    00000001     (.common:Lcd_FlagRead)
                  2000c26b    00000001     (.common:Lcd_FontSolid)
                  2000c26c    00000001     (.common:Lcd_Orientation)
                  2000c26d    00000001     (.common:Lcd_PenSolid)
                  2000c26e    00000001     (.common:buttmailbox)

.stack     0    2000c270    00000300     UNINITIALIZED
                  2000c270    00000300     --HOLE--

.bootVecs 
*          0    00000000    00000008     DSECT
                  00000000    00000008     boot.aem4f : boot.oem4f (.bootVecs)

.vecs      0    20000000    00000360     UNINITIALIZED
                  20000000    00000360     rtos_pem4f.oem4f (.vecs)

xdc.meta   0    00000000    00000108     COPY SECTION
                  00000000    00000108     rtos_pem4f.oem4f (xdc.meta)

__llvm_prf_cnts 
*          0    20000000    00000000     UNINITIALIZED

MODULE SUMMARY

       Module                                             code    ro data   rw data
       ------                                             ----    -------   -------
    .\
       Crystalfontz128x128_ST7735.obj                     958     40        32778  
       sampling.obj                                       240     0         4105   
       main.obj                                           1952    0         612    
       buttons.obj                                        704     0         81     
       HAL_EK_TM4C1294XL_Crystalfontz128x128_ST7735.obj   324     0         0      
       sysctl_pll.obj                                     72      0         0      
    +--+--------------------------------------------------+-------+---------+---------+
       Total:                                             4250    40        37576  
                                                                                   
    C:\Users\rjcroesball\Downloads\ece3849_lab3_april9_wtf_rjcb\ece3849_lab2_starter\Debug\configPkg\package\cfg\
       rtos_pem4f.oem4f                                   1474    7891      11880  
    +--+--------------------------------------------------+-------+---------+---------+
       Total:                                             1474    7891      11880  
                                                                                   
    C:/ti/tirtos_tivac_2_16_01_14/products/TivaWare_C_Series-2.1.1.71b/driverlib/ccs/Debug/driverlib.lib
       sysctl.obj                                         674     452       0      
       gpio.obj                                           526     144       0      
       interrupt.obj                                      172     268       0      
       adc.obj                                            346     0         0      
       timer.obj                                          162     0         0      
       pwm.obj                                            130     0         0      
       ssi.obj                                            88      0         0      
       fpu.obj                                            32      0         0      
       cpu.obj                                            24      0         0      
    +--+--------------------------------------------------+-------+---------+---------+
       Total:                                             2154    864       0      
                                                                                   
    C:/ti/tirtos_tivac_2_16_01_14/products/TivaWare_C_Series-2.1.1.71b/grlib/ccs/Debug/grlib.lib
       string.obj                                         1192    0         0      
       fontfixed6x8.obj                                   0       960       0      
       line.obj                                           648     0         0      
       rectangle.obj                                      134     0         0      
       context.obj                                        104     16        4      
       charmap.obj                                        8       0         0      
    +--+--------------------------------------------------+-------+---------+---------+
       Total:                                             2086    976       4      
                                                                                   
    C:\Users\rjcroesball\Downloads\ece3849_lab3_april9_wtf_rjcb\ece3849_lab2_starter\src\sysbios\sysbios.aem4f
       BIOS.obj                                           10604   0         0      
       m3_Hwi_asm.obj                                     314     0         0      
       m3_TaskSupport_asm.obj                             180     0         0      
       m3_Hwi_asm_switch.obj                              118     0         0      
    +--+--------------------------------------------------+-------+---------+---------+
       Total:                                             11216   0         0      
                                                                                   
    C:\ti\ccs1200\ccs\tools\compiler\ti-cgt-arm_20.2.6.LTS\lib\rtsv7M4_T_le_v4SPD16_eabi.lib
       _printfi.c.obj                                     4851    0         0      
       fd_add_t2.asm.obj                                  438     0         0      
       trgmsg.c.obj                                       108     0         288    
       fd_div_t2.asm.obj                                  310     0         0      
       s_scalbn.c.obj                                     272     0         0      
       fd_cmp_t2.asm.obj                                  268     0         0      
       ctype.c.obj                                        0       257       0      
       fd_mul_t2.asm.obj                                  252     0         0      
       memcpy_t2.asm.obj                                  156     0         0      
[...]
0000ad14  displayaphore                                                        
0000ad18  mailbox0                                                             
0000ad1c  buttaphore                                                           
0000ad80  g_sCrystalfontz128x128                                               
0000ada8  ti_sysbios_heaps_HeapMem_Module__FXNS__C                             
0000add0  xdc_runtime_Startup_sfxnTab__A                                       
0000adf8  ti_sysbios_gates_GateHwi_Module__FXNS__C                             
0000ae1c  ti_sysbios_gates_GateMutex_Module__FXNS__C                           
0000ae40  ti_sysbios_heaps_HeapMem_Object__PARAMS__C                           
0000ae64  ti_sysbios_knl_Semaphore_Object__PARAMS__C                           
0000ae88  ti_sysbios_gates_GateHwi_Object__DESC__C                             
0000aea8  ti_sysbios_gates_GateMutex_Object__DESC__C                           
0000aec8  ti_sysbios_heaps_HeapMem_Object__DESC__C                             
0000aee8  ti_sysbios_knl_Queue_Object__DESC__C                                 
0000af08  ti_sysbios_knl_Semaphore_Object__DESC__C                             
0000af28  ti_sysbios_gates_GateHwi_Object__PARAMS__C                           
0000af40  ti_sysbios_gates_GateMutex_Object__PARAMS__C                         
0000af58  ti_sysbios_knl_Queue_Object__PARAMS__C                               
0000af70  xdc_runtime_Startup_firstFxns__A                                     
0000af88  xdc_runtime_Startup_sfxnRts__A                                       
0000af9c  g_psDefaultCodePointMapTable                                         
0000afbc  ti_sysbios_family_arm_m3_Hwi_excHookFuncs__A                         
0000afc4  ti_sysbios_knl_Idle_funcList__C                                      
0000afcc  xdc_runtime_Startup_firstFxns__C                                     
0000afd4  xdc_runtime_Startup_lastFxns__C                                      
0000afdc  ti_catalog_arm_cortexm4_tiva_ce_Boot_A_mustNotUseEnhancedClockMode__C
0000afe0  ti_catalog_arm_cortexm4_tiva_ce_Boot_Module__diagsEnabled__C         
0000afe4  ti_catalog_arm_cortexm4_tiva_ce_Boot_Module__diagsIncluded__C        
0000afe8  ti_catalog_arm_cortexm4_tiva_ce_Boot_Module__diagsMask__C            
0000afec  ti_sysbios_family_arm_lm4_Timer_enableFunc__C                        
0000aff0  ti_sysbios_family_arm_lm4_Timer_numTimerDevices__C                   
0000aff4  ti_sysbios_family_arm_lm4_Timer_startupNeeded__C                     
0000aff8  ti_sysbios_family_arm_lm4_TimestampProvider_Module__diagsEnabled__C  
0000affc  ti_sysbios_family_arm_lm4_TimestampProvider_Module__diagsIncluded__C 
0000b000  ti_sysbios_family_arm_lm4_TimestampProvider_Module__diagsMask__C     
0000b004  ti_sysbios_family_arm_m3_Hwi_E_NMI__C                                
0000b008  ti_sysbios_family_arm_m3_Hwi_E_busFault__C                           
0000b00c  ti_sysbios_family_arm_m3_Hwi_E_debugMon__C                           
0000b010  ti_sysbios_family_arm_m3_Hwi_E_hardFault__C                          
0000b014  ti_sysbios_family_arm_m3_Hwi_E_memFault__C                           
0000b018  ti_sysbios_family_arm_m3_Hwi_E_noIsr__C                              
0000b01c  ti_sysbios_family_arm_m3_Hwi_E_reserved__C                           
0000b020  ti_sysbios_family_arm_m3_Hwi_E_svCall__C                             
0000b024  ti_sysbios_family_arm_m3_Hwi_E_usageFault__C                         
0000b028  ti_sysbios_family_arm_m3_Hwi_NUM_INTERRUPTS__C                       
0000b02c  ti_sysbios_family_arm_m3_Hwi_Object__count__C                        
0000b030  ti_sysbios_family_arm_m3_Hwi_ccr__C                                  
0000b034  ti_sysbios_family_arm_m3_Hwi_excHandlerFunc__C                       
0000b038  ti_sysbios_family_arm_m3_Hwi_excHookFuncs__C                         
0000b03c  ti_sysbios_family_arm_m3_Hwi_nullIsrFunc__C                          
0000b040  ti_sysbios_family_arm_m3_Hwi_priGroup__C                             
0000b044  ti_sysbios_gates_GateMutex_A_badContext__C                           
0000b048  ti_sysbios_gates_GateMutex_Instance_State_sem__O                     
0000b04c  ti_sysbios_gates_GateMutex_Module__diagsEnabled__C                   
0000b050  ti_sysbios_gates_GateMutex_Module__diagsIncluded__C                  
0000b054  ti_sysbios_gates_GateMutex_Module__diagsMask__C                      
0000b058  ti_sysbios_hal_Hwi_E_stackOverflow__C                                
0000b05c  ti_sysbios_heaps_HeapMem_A_align__C                                  
0000b060  ti_sysbios_heaps_HeapMem_A_heapSize__C                               
0000b064  ti_sysbios_heaps_HeapMem_A_invalidFree__C                            
0000b068  ti_sysbios_heaps_HeapMem_A_zeroBlock__C                              
0000b06c  ti_sysbios_heaps_HeapMem_E_memory__C                                 
0000b070  ti_sysbios_heaps_HeapMem_Module__diagsEnabled__C                     
0000b074  ti_sysbios_heaps_HeapMem_Module__diagsIncluded__C                    
0000b078  ti_sysbios_heaps_HeapMem_Module__diagsMask__C                        
0000b07c  ti_sysbios_heaps_HeapMem_Module__gateObj__C                          
0000b080  ti_sysbios_heaps_HeapMem_Object__count__C                            
0000b084  ti_sysbios_heaps_HeapMem_reqAlign__C                                 
0000b088  ti_sysbios_knl_Clock_Module_State_clockQ__O                          
0000b08c  ti_sysbios_knl_Idle_funcList__A                                      
0000b090  ti_sysbios_knl_Mailbox_Instance_State_dataQue__O                     
0000b094  ti_sysbios_knl_Mailbox_Instance_State_dataSem__O                     
0000b098  ti_sysbios_knl_Mailbox_Instance_State_freeQue__O                     
0000b09c  ti_sysbios_knl_Mailbox_Instance_State_freeSem__O                     
0000b0a0  ti_sysbios_knl_Mailbox_Object__count__C                              
0000b0a4  ti_sysbios_knl_Mailbox_maxTypeAlign__C                               
0000b0a8  ti_sysbios_knl_Semaphore_A_badContext__C                             
0000b0ac  ti_sysbios_knl_Semaphore_A_noEvents__C                               
0000b0b0  ti_sysbios_knl_Semaphore_A_overflow__C                               
0000b0b4  ti_sysbios_knl_Semaphore_A_pendTaskDisabled__C                       
0000b0b8  ti_sysbios_knl_Semaphore_Instance_State_pendQ__O                     
0000b0bc  ti_sysbios_knl_Semaphore_Module__diagsEnabled__C                     
0000b0c0  ti_sysbios_knl_Semaphore_Module__diagsIncluded__C                    
0000b0c4  ti_sysbios_knl_Semaphore_Module__diagsMask__C                        
0000b0c8  ti_sysbios_knl_Swi_Object__count__C                                  
0000b0cc  ti_sysbios_knl_Task_E_spOutOfBounds__C                               
0000b0d0  ti_sysbios_knl_Task_E_stackOverflow__C                               
0000b0d4  ti_sysbios_knl_Task_Module_State_inactiveQ__O                        
0000b0d8  ti_sysbios_knl_Task_Object__count__C                                 
0000b0dc  ti_sysbios_knl_Task_allBlockedFunc__C                                
0000b0e0  ti_sysbios_knl_Task_numConstructedTasks__C                           
0000b0e4  xdc_runtime_Assert_E_assertFailed__C                                 
0000b0e8  xdc_runtime_Core_A_initializedParams__C                              
0000b0ec  xdc_runtime_Core_Module__diagsEnabled__C                             
0000b0f0  xdc_runtime_Core_Module__diagsIncluded__C                            
0000b0f4  xdc_runtime_Core_Module__diagsMask__C                                
0000b0f8  xdc_runtime_Error_E_memory__C                                        
0000b0fc  xdc_runtime_Error_Module__diagsEnabled__C                            
0000b100  xdc_runtime_Error_Module__diagsIncluded__C                           
0000b104  xdc_runtime_Error_Module__diagsMask__C                               
0000b108  xdc_runtime_Error_Module__loggerFxn8__C                              
0000b10c  xdc_runtime_Error_Module__loggerObj__C                               
0000b110  xdc_runtime_Error_policyFxn__C                                       
0000b114  xdc_runtime_Error_raiseHook__C                                       
0000b118  xdc_runtime_IGateProvider_Interface__BASE__C                         
0000b11c  xdc_runtime_IHeap_Interface__BASE__C                                 
0000b120  xdc_runtime_IModule_Interface__BASE__C                               
0000b124  xdc_runtime_Log_L_error__C                                           
0000b128  xdc_runtime_Memory_defaultHeapInstance__C                            
0000b12c  xdc_runtime_Startup_execImpl__C                                      
0000b130  xdc_runtime_Startup_maxPasses__C                                     
0000b134  xdc_runtime_Startup_sfxnRts__C                                       
0000b138  xdc_runtime_Startup_sfxnTab__C                                       
0000b13c  xdc_runtime_SysMin_bufSize__C                                        
0000b140  xdc_runtime_SysMin_outputFunc__C                                     
0000b144  xdc_runtime_System_Module__gateObj__C                                
0000b148  xdc_runtime_System_abortFxn__C                                       
0000b14c  xdc_runtime_System_exitFxn__C                                        
0000b150  xdc_runtime_System_extendFxn__C                                      
0000b154  xdc_runtime_System_maxAtexitHandlers__C                              
0000b158  xdc_runtime_Text_charTab__C                                          
0000b15c  xdc_runtime_Text_nameEmpty__C                                        
0000b160  xdc_runtime_Text_nameStatic__C                                       
0000b164  xdc_runtime_Text_nameUnknown__C                                      
0000b168  xdc_runtime_Text_nodeTab__C                                          
0000b16c  xdc_runtime_Text_visitRopeFxn__C                                     
0000b170  ti_sysbios_family_arm_lm4_TimestampProvider_useClockTimer__C         
0000b172  ti_sysbios_family_arm_m3_Hwi_Module__id__C                           
0000b174  ti_sysbios_gates_GateMutex_Module__id__C                             
0000b176  ti_sysbios_hal_Hwi_Module__id__C                                     
0000b178  ti_sysbios_heaps_HeapMem_Module__id__C                               
0000b17a  ti_sysbios_knl_Semaphore_Module__id__C                               
0000b17c  ti_sysbios_knl_Task_Module__id__C                                    
0000b17e  xdc_runtime_Core_Module__id__C                                       
0000b180  xdc_runtime_Error_Module__loggerDefined__C                           
0000b182  xdc_runtime_Error_maxDepth__C                                        
0000b184  xdc_runtime_Memory_Module__id__C                                     
0000b186  xdc_runtime_SysMin_flushAtExit__C                                    
0000b188  xdc_runtime_Text_charCnt__C                                          
0000b18a  xdc_runtime_Text_isLoaded__C                                         
0000b18c  xdc_runtime_Text_registryModsLastId__C                               
0000b18e  xdc_runtime_Text_unnamedModsLastId__C                                
0000b190  __TI_static_base__                                                   
0000b448  __TI_Handler_Table_Base                                              
0000b454  __TI_Handler_Table_Limit                                             
0000b468  __TI_CINIT_Base                                                      
0000b480  __TI_CINIT_Limit                                                     
20000000  __start___llvm_prf_cnts                                              
20000000  __stop___llvm_prf_cnts                                               
20000000  ti_sysbios_family_arm_m3_Hwi_ramVectors                              
20000360  Lcd_buffer                                                           
20008360  ti_sysbios_knl_Task_Object__table__V                                 
20008574  ti_sysbios_knl_Swi_Module_State_0_readyQ__A                          
200085f4  ti_sysbios_knl_Task_Module_State_0_readyQ__A                         
20008674  ti_sysbios_knl_Mailbox_Object__table__V                              
200086c4  ti_sysbios_knl_Semaphore_Object__table__V                            
20008714  ti_sysbios_knl_Task_Module__state__V                                 
20008758  ti_sysbios_family_arm_lm4_Timer_Module_State_0_device__A             
20008798  ti_sysbios_family_arm_lm4_Timer_Object__table__V                     
200087d8  ti_sysbios_gates_GateMutex_Object__table__V                          
20008810  ti_sysbios_family_arm_m3_Hwi_Module__state__V                        
20008844  ti_sysbios_family_arm_m3_Hwi_Object__table__V                        
20008874  ti_sysbios_knl_Swi_Object__table__V                                  
200088a4  ti_sysbios_knl_Clock_Module__state__V                                
200088f4  ti_sysbios_BIOS_Module__state__V                                     
20008918  gSystemClock                                                         
2000891c  gTime                                                                
20008920  count_loaded                                                         
20008924  count_unloaded                                                       
20008928  cpu_load                                                             
2000892c  curry                                                                
20008930  voltsPerDiv                                                          
20008934  tSlope                                                               
20008938  ti_sysbios_family_arm_lm4_Timer_Module_State_0_handles__A            
20008958  ti_sysbios_knl_Clock_Object__table__V                                
20008978  ti_sysbios_knl_Swi_Module__state__V                                  
20008994  ti_sysbios_heaps_HeapMem_Object__table__V                            
200089ac  fVoltsPerDiv                                                         
200089c0  gButtons                                                             
200089c4  fifo_head                                                            
200089c8  fifo_tail                                                            
200089cc  ti_sysbios_family_arm_lm4_Timer_Module__state__V                     
200089d8  xdc_runtime_SysMin_Module__state__V                                  
200089e4  gADCBufferIndex                                                      
200089e8  gADCErrors                                                           
200089ec  TrigFound                                                            
200089ee  ti_sysbios_family_arm_m3_Hwi_Module_State_0_excActive__A             
200089f0  _lock                                                                
200089f4  _unlock                                                              
200089f8  gJoystick                                                            
20008a00  ti_sysbios_family_arm_lm4_TimestampProvider_Module__state__V         
20008a08  ti_sysbios_gates_GateHwi_Module__root__V                             
20008a10  ti_sysbios_gates_GateMutex_Module__root__V                           
20008a18  ti_sysbios_heaps_HeapMem_Module__root__V                             
20008a20  ti_sysbios_knl_Queue_Module__root__V                                 
20008a28  ti_sysbios_knl_Semaphore_Module__root__V                             
20008a30  xdc_runtime_Registry_Module__state__V                                
20008a38  xdc_runtime_Startup_Module__state__V                                 
20008a40  xdc_runtime_System_Module_State_0_atexitHandlers__A                  
20008a48  xdc_runtime_System_Module__state__V                                  
20008a50  errno                                                                
20008a54  main_func_sp                                                         
20008a58  ti_sysbios_family_arm_m3_Hwi_Module_State_0_excContext__A            
20008a5c  ti_sysbios_family_arm_m3_Hwi_Module_State_0_excStack__A              
20008a60  ti_sysbios_gates_GateHwi_Object__table__V                            
20008a64  ti_sysbios_knl_Task_Module_State_0_idleTask__A                       
20008a68  xdc_runtime_Memory_Module__state__V                                  
20008a6c  xdc_runtime_Error_Module__state__V                                   
20008a70  ti_sysbios_knl_Task_Instance_State_0_stack__A                        
20008c70  ti_sysbios_knl_Task_Instance_State_1_stack__A                        
20008e70  ti_sysbios_knl_Task_Instance_State_2_stack__A                        
20009070  ti_sysbios_knl_Task_Instance_State_3_stack__A                        
2000a070  ti_sysbios_knl_Task_Instance_State_4_stack__A                        
2000a270  ti_sysbios_knl_Task_Instance_State_5_stack__A                        
2000a470  ti_sysbios_knl_Task_Instance_State_6_stack__A                        
2000a670  gADCBuffer                                                           
2000b670  ti_sysbios_heaps_HeapMem_Instance_State_0_buf__A                     
2000ba70  ti_sysbios_family_arm_m3_Hwi_dispatchTable                           
2000bdd0  __CIOBUF_                                                            
2000bef0  processbuff                                                          
2000bff0  sampbuff                                                             
2000c0f0  ti_sysbios_knl_Mailbox_Instance_State_0_allocBuf__A                  
2000c190  xdc_runtime_SysMin_Module_State_0_outbuf__A                          
2000c210  sContext                                                             
2000c250  parmbuf                                                              
2000c258  gADCSamplingRate                                                     
2000c260  trigger                                                              
2000c264  Lcd_ScreenHeigth                                                     
2000c266  Lcd_ScreenWidth                                                      
2000c268  Lcd_TouchTrim                                                        
2000c26a  Lcd_FlagRead                                                         
2000c26b  Lcd_FontSolid                                                        
2000c26c  Lcd_Orientation                                                      
2000c26d  Lcd_PenSolid                                                         
2000c26e  buttmailbox                                                          
2000c270  __stack                                                              
2000c570  __STACK_END                                                          
e000e000  ti_sysbios_family_arm_m3_Hwi_nvic                                    
ffffffff  __TI_pprof_out_hndl                                                  
ffffffff  __TI_prof_data_size                                                  
ffffffff  __TI_prof_data_start                                                 
ffffffff  __binit__                                                            
ffffffff  __c_args__                                                           
ffffffff  binit                                                                
UNDEFED   SHT$$INIT_ARRAY$$Base                                                
UNDEFED   SHT$$INIT_ARRAY$$Limit                                               

[677 symbols]
