******************************************************************************
                  TI ARM Linker PC v20.2.6                     
******************************************************************************
>> Linked Tue Apr  9 21:24:16 2024

OUTPUT FILE NAME:   <ece3849_lab2_starter.out>
ENTRY POINT SYMBOL: "_c_int00"  address: 000061bd


MEMORY CONFIGURATION

         name            origin    length      used     unused   attr    fill
----------------------  --------  ---------  --------  --------  ----  --------
  FLASH                 00000000   00100000  0000b066  000f4f9a  R  X
  SRAM                  20000000   00040000  0000b146  00034eba  RW X


SEGMENT ALLOCATION MAP

run origin  load origin   length   init length attrs members
----------  ----------- ---------- ----------- ----- -------
00000000    00000000    0000b070   0000b070    r-x
  00000000    00000000    0000003c   0000003c    r-- .resetVecs
  00000040    00000040    00008592   00008592    r-x .text
  000085d4    000085d4    00002820   00002820    r-- .const
  0000adf8    0000adf8    00000278   00000278    r-- .cinit
20000000    20000000    0000b148   00000000    rw-
  20000000    20000000    00000360   00000000    rw- .vecs
  20000360    20000360    00008590   00000000    rw- .data
  200088f0    200088f0    00002556   00000000    rw- .bss
  2000ae48    2000ae48    00000300   00000000    rw- .stack


SECTION ALLOCATION MAP

 output                                  attributes/
section   page    origin      length       input sections
--------  ----  ----------  ----------   ----------------
.text      0    00000040    00008592     
                  00000040    00000a4e     rtsv7M4_T_le_v4SPD16_eabi.lib : _printfi.c.obj (.text:__TI_printfi)
                  00000a8e    00000002                                   : _lock.c.obj (.text:_nop)
                  00000a90    000004f0     main.obj (.text:main)
                  00000f80    00000430     sysbios.aem4f : BIOS.obj (.text:ti_sysbios_family_arm_m3_Hwi_excDumpRegs__I)
                  000013b0    0000034c     ti.targets.arm.rtsarm.aem4f : System.oem4f (.text:xdc_runtime_System_doPrint__I)
                  000016fc    00000004     driverlib.lib : timer.obj (.text:TimerIntClear)
                  00001700    000002a4     sysbios.aem4f : BIOS.obj (.text:ti_sysbios_knl_Semaphore_pend__E)
                  000019a4    00000270     rtsv7M4_T_le_v4SPD16_eabi.lib : _printfi.c.obj (.text:_pconv_a)
                  00001c14    00000004                                   : exit.c.obj (.text:abort:abort)
                  00001c18    0000026c     sysbios.aem4f : BIOS.obj (.text:ti_sysbios_heaps_HeapMem_free__E)
                  00001e84    00000256     grlib.lib : string.obj (.text:GrFontGlyphRender)
                  000020da    00000006     driverlib.lib : gpio.obj (.text:GPIOPinWrite)
                  000020e0    00000250     sysbios.aem4f : BIOS.obj (.text:ti_sysbios_heaps_HeapMem_alloc__E)
                  00002330    00000204     driverlib.lib : sysctl.obj (.text:SysCtlClockFreqSet)
                  00002534    00000204     Boot.aem4f : Boot_sysctl.oem4f (.text:ti_catalog_arm_cortexm4_tiva_ce_Boot_sysCtlClockFreqSetI__I)
                  00002738    000001f4     sysbios.aem4f : BIOS.obj (.text:ti_sysbios_family_arm_m3_Hwi_excHandlerMax__I)
                  0000292c    000001d0     rtsv7M4_T_le_v4SPD16_eabi.lib : _printfi.c.obj (.text:_pconv_g)
                  00002afc    000001b6                                   : fd_add_t2.asm.obj (.text)
                  00002cb2    00000006     grlib.lib : string.obj (.text:GrContextFontSet)
                  00002cb8    000001a0     buttons.obj (.text:ButtonInit)
                  00002e58    00000174     sysbios.aem4f : BIOS.obj (.text:ti_sysbios_family_arm_m3_Hwi_excBusFault__I)
                  00002fcc    00000004                   : BIOS.obj (.text:ti_sysbios_family_arm_lm4_Timer_masterEnable__I)
                  00002fd0    00000164                   : BIOS.obj (.text:ti_sysbios_family_arm_m3_Hwi_excUsageFault__I)
                  00003134    00000004     ti.targets.arm.rtsarm.aem4f : Error.oem4f (.text:xdc_runtime_Error_getSite__E)
                  00003138    00000148     sysbios.aem4f : BIOS.obj (.text:ti_sysbios_family_arm_m3_Hwi_excMemFault__I)
                  00003280    0000013c     rtsv7M4_T_le_v4SPD16_eabi.lib : _printfi.c.obj (.text:_pconv_e)
                  000033bc    00000004     ti.targets.arm.rtsarm.aem4f : System.oem4f (.text:xdc_runtime_System_aprintf_va__F)
                  000033c0    0000013c     sysbios.aem4f : BIOS.obj (.text:ti_sysbios_heaps_HeapMem_Instance_init__E)
                  000034fc    00000136     rtsv7M4_T_le_v4SPD16_eabi.lib : fd_div_t2.asm.obj (.text)
                  00003632    00000130     driverlib.lib : gpio.obj (.text:GPIOPadConfigSet)
                  00003762    00000002     rtsv7M4_T_le_v4SPD16_eabi.lib : div0.asm.obj (.text)
                  00003764    00000124                                   : _printfi.c.obj (.text:fcvt)
                  00003888    00000118     ti.targets.arm.rtsarm.aem4f : Error.oem4f (.text:xdc_runtime_Error_policyDefault__E)
                  000039a0    00000110     rtsv7M4_T_le_v4SPD16_eabi.lib : s_scalbn.c.obj (.text:scalbn)
                  00003ab0    00000108     sysbios.aem4f : BIOS.obj (.text:ti_sysbios_family_arm_lm4_Timer_start__E)
                  00003bb8    00000106     grlib.lib : line.obj (.text:GrLineDraw)
                  00003cbe    00000002     --HOLE-- [fill = 0]
                  00003cc0    00000100     ti.targets.arm.rtsarm.aem4f : Core-mem.oem4f (.text:xdc_runtime_Core_createObject__I)
                  00003dc0    000000fc     rtsv7M4_T_le_v4SPD16_eabi.lib : fd_mul_t2.asm.obj (.text)
                  00003ebc    00000004     ti.targets.arm.rtsarm.aem4f : System.oem4f (.text:xdc_runtime_System_printf_va__F)
                  00003ec0    000000fc     rtos_pem4f.oem4f (.text:xdc_runtime_System_printfExtend__I)
                  00003fbc    000000f8     ti.targets.arm.rtsarm.aem4f : Startup.oem4f (.text:xdc_runtime_Startup_startMods__I)
                  000040b4    000000f4     sysbios.aem4f : m3_Hwi_asm.obj (.text:ti_sysbios_family_arm_m3_Hwi_dispatch__I)
                  000041a8    000000ec                   : BIOS.obj (.text:ti_sysbios_knl_Semaphore_post__E)
                  00004294    00000004     --HOLE-- [fill = 0]
                  00004298    000000dc     Crystalfontz128x128_ST7735.obj (.text:Crystalfontz128x128_PixelDrawMultiple)
                  00004374    000000cc     ti.targets.arm.rtsarm.aem4f : Core-smem.oem4f (.text:xdc_runtime_Core_constructObject__I)
                  00004440    000000c4     grlib.lib : string.obj (.text:GrDefaultStringRenderer)
                  00004504    000000c0               : line.obj (.text:GrLineClip)
                  000045c4    00000004     --HOLE-- [fill = 0]
                  000045c8    000000bc     Crystalfontz128x128_ST7735.obj (.text:Crystalfontz128x128_Init)
                  00004684    00000004     --HOLE-- [fill = 0]
                  00004688    000000bc     sysbios.aem4f : BIOS.obj (.text:ti_sysbios_family_arm_m3_Hwi_excDebugMon__I)
                  00004744    00000004     --HOLE-- [fill = 0]
                  00004748    000000bc                   : BIOS.obj (.text:ti_sysbios_family_arm_m3_Hwi_excHardFault__I)
                  00004804    00000004     --HOLE-- [fill = 0]
                  00004808    000000b4                   : BIOS.obj (.text:ti_sysbios_gates_GateMutex_enter__E)
                  000048bc    00000004     --HOLE-- [fill = 0]
                  000048c0    000000b4                   : BIOS.obj (.text:ti_sysbios_knl_Task_checkStacks__E)
                  00004974    000000b1     rtsv7M4_T_le_v4SPD16_eabi.lib : _printfi.c.obj (.text:_ltostr)
                  00004a25    00000003     --HOLE-- [fill = 0]
                  00004a28    000000ac     sysbios.aem4f : BIOS.obj (.text:ti_sysbios_family_arm_lm4_Timer_enableTiva__I)
                  00004ad4    00000004     --HOLE-- [fill = 0]
                  00004ad8    000000a4     sampling.obj (.text:ADCInit)
                  00004b7c    000000a0     auto_init.aem4f : auto_init.oem4f (.text)
                  00004c1c    000000a0     ti.targets.arm.rtsarm.aem4f : Text.oem4f (.text:xdc_runtime_Text_putMod__E)
                  00004cbc    00000004     --HOLE-- [fill = 0]
                  00004cc0    0000009c     Crystalfontz128x128_ST7735.obj (.text:Crystalfontz128x128_SetDrawFrame)
                  00004d5c    0000009c     rtsv7M4_T_le_v4SPD16_eabi.lib : memcpy_t2.asm.obj (.text)
                  00004df8    0000009c     sysbios.aem4f : BIOS.obj (.text:ti_sysbios_knl_Semaphore_Instance_init__E)
                  00004e94    0000009a     ti.targets.arm.rtsarm.aem4f : Text.oem4f (.text:xdc_runtime_Text_putSite__E)
                  00004f2e    00000002     --HOLE-- [fill = 0]
                  00004f30    00000098     Boot.aem4f : Boot.oem4f (.text:ti_catalog_arm_cortexm4_tiva_ce_Boot_sysCtlClockFreqSet__E)
                  00004fc8    00000096     rtsv7M4_T_le_v4SPD16_eabi.lib : ull_div_t2.asm.obj (.text)
                  0000505e    00000002     --HOLE-- [fill = 0]
                  00005060    00000094     sysbios.aem4f : BIOS.obj (.text:ti_sysbios_family_arm_m3_Hwi_initNVIC__E)
                  000050f4    00000004     --HOLE-- [fill = 0]
                  000050f8    00000090     main.obj (.text:processingtask)
                  00005188    0000008c     sysbios.aem4f : m3_TaskSupport_asm.obj (.text:ti_sysbios_family_arm_m3_TaskSupport_buildTaskStack)
                  00005214    00000004     --HOLE-- [fill = 0]
                  00005218    0000008c                   : BIOS.obj (.text:ti_sysbios_knl_Task_postInit__I)
                  000052a4    00000086     grlib.lib : rectangle.obj (.text:GrRectFill)
                  0000532a    00000086     rtsv7M4_T_le_v4SPD16_eabi.lib : fd_cmp_t2.asm.obj (.text:__aeabi_cdcmple)
                  000053b0    00000086                                   : fd_cmp_t2.asm.obj (.text:__aeabi_cdrcmple)
                  00005436    00000002     --HOLE-- [fill = 0]
                  00005438    00000084     sysbios.aem4f : BIOS.obj (.text:ti_sysbios_family_arm_m3_Hwi_postInit__I)
                  000054bc    00000004     --HOLE-- [fill = 0]
                  000054c0    00000080     Crystalfontz128x128_ST7735.obj (.text:Crystalfontz128x128_RectFill)
                  00005540    00000080     rtsv7M4_T_le_v4SPD16_eabi.lib : s_floorf.c.obj (.text:floorf)
                  000055c0    0000007a     driverlib.lib : adc.obj (.text:ADCSequenceStepConfigure)
                  0000563a    0000007a     rtsv7M4_T_le_v4SPD16_eabi.lib : memset_t2.asm.obj (.text)
                  000056b4    00000004     --HOLE-- [fill = 0]
                  000056b8    00000078     HAL_EK_TM4C1294XL_Crystalfontz128x128_ST7735.obj (.text:HAL_LCD_PortInit)
                  00005730    00000078     HAL_EK_TM4C1294XL_Crystalfontz128x128_ST7735.obj (.text:HAL_LCD_SpiInit)
                  000057a8    00000070     sysbios.aem4f : BIOS.obj (.text:ti_sysbios_knl_Clock_workFunc__E)
                  00005818    00000070                   : BIOS.obj (.text:ti_sysbios_knl_Task_exit__E)
                  00005888    0000006e     rtsv7M4_T_le_v4SPD16_eabi.lib : _printfi.c.obj (.text:_mcpy)
                  000058f6    0000006e                                   : s_roundf.c.obj (.text:roundf)
                  00005964    0000006d     ti.targets.arm.rtsarm.aem4f : System.oem4f (.text:xdc_runtime_System_formatNum__I)
                  000059d1    00000001     --HOLE-- [fill = 0]
                  000059d2    00000006     driverlib.lib : sysctl.obj (.text:SysCtlDelay)
                  000059d8    0000006c     sysbios.aem4f : BIOS.obj (.text:ti_sysbios_knl_Swi_restoreHwi__E)
                  00005a44    0000006c     ti.targets.arm.rtsarm.aem4f : Error.oem4f (.text:xdc_runtime_Error_print__E)
                  00005ab0    0000006c                                 : Memory.oem4f (.text:xdc_runtime_Memory_alloc__E)
                  00005b1c    00000068     grlib.lib : context.obj (.text:GrContextInit)
                  00005b84    00000068     driverlib.lib : interrupt.obj (.text:IntEnable)
                  00005bec    00000068     rtsv7M4_T_le_v4SPD16_eabi.lib : copy_decompress_lzss.c.obj (.text:decompress:lzss:__TI_decompress_lzss)
                  00005c54    00000004     --HOLE-- [fill = 0]
                  00005c58    00000068     sysbios.aem4f : BIOS.obj (.text:ti_sysbios_family_arm_lm4_TimestampProvider_initTimerHandle__I)
                  00005cc0    00000066     ti.targets.arm.rtsarm.aem4f : Core-mem.oem4f (.text:xdc_runtime_Core_deleteObject__I)
                  00005d26    00000002     --HOLE-- [fill = 0]
                  00005d28    00000064     rtsv7M4_T_le_v4SPD16_eabi.lib : s_frexp.c.obj (.text:frexp)
                  00005d8c    00000004     --HOLE-- [fill = 0]
                  00005d90    00000064     sysbios.aem4f : BIOS.obj (.text:ti_sysbios_family_arm_lm4_Timer_Module_startup__E)
                  00005df4    00000004     --HOLE-- [fill = 0]
                  00005df8    00000064                   : BIOS.obj (.text:ti_sysbios_family_arm_m3_Hwi_dispatchC__I)
                  00005e5c    00000004     --HOLE-- [fill = 0]
                  00005e60    00000064     main.obj (.text:waveformtask)
                  00005ec4    00000060     driverlib.lib : timer.obj (.text:TimerConfigure)
                  00005f24    00000004     --HOLE-- [fill = 0]
                  00005f28    00000060     sysbios.aem4f : BIOS.obj (.text:ti_sysbios_knl_Task_schedule__I)
                  00005f88    0000005c                   : BIOS.obj (.text:ti_sysbios_knl_Swi_run__I)
                  00005fe4    00000004     --HOLE-- [fill = 0]
                  00005fe8    0000005c                   : BIOS.obj (.text:ti_sysbios_knl_Swi_schedule__I)
                  00006044    00000004     --HOLE-- [fill = 0]
                  00006048    0000005c                   : BIOS.obj (.text:ti_sysbios_knl_Task_Module_startup__E)
                  000060a4    00000004     --HOLE-- [fill = 0]
                  000060a8    0000005c                   : BIOS.obj (.text:ti_sysbios_knl_Task_startCore__E)
                  00006104    0000005b     ti.targets.arm.rtsarm.aem4f : Text.oem4f (.text:xdc_runtime_Text_putLab__E)
                  0000615f    00000001     --HOLE-- [fill = 0]
                  00006160    0000005a     grlib.lib : string.obj (.text:FontWideGlyphDataGet)
                  000061ba    00000002     --HOLE-- [fill = 0]
                  000061bc    00000058     boot.aem4f : boot.oem4f (.text)
                  00006214    00000058     rtsv7M4_T_le_v4SPD16_eabi.lib : hostwrite.c.obj (.text:HOSTwrite)
                  0000626c    00000058     sysbios.aem4f : m3_Hwi_asm_switch.obj (.text:ti_sysbios_family_arm_m3_Hwi_initStacks__E)
                  000062c4    00000056     rtsv7M4_T_le_v4SPD16_eabi.lib : _printfi.c.obj (.text:_pconv_f)
                  0000631a    00000006     ti.targets.arm.rtsarm.aem4f : System.oem4f (.text:xdc_runtime_System_Module_startup__E)
                  00006320    00000054     sampling.obj (.text:FallingTrigger)
                  00006374    00000004     --HOLE-- [fill = 0]
                  00006378    00000054     sampling.obj (.text:RisingTrigger)
                  000063cc    00000054     rtsv7M4_T_le_v4SPD16_eabi.lib : _ltoa.c.obj (.text:__TI_ltoa)
                  00006420    00000054     sysbios.aem4f : BIOS.obj (.text:ti_sysbios_family_arm_lm4_Timer_initDevice__I)
                  00006474    00000054     ti.targets.arm.rtsarm.aem4f : Assert.oem4f (.text:xdc_runtime_Assert_raise__I)
                  000064c8    00000052     rtsv7M4_T_le_v4SPD16_eabi.lib : _printfi.c.obj (.text:_ecpy)
                  0000651a    00000002     --HOLE-- [fill = 0]
                  0000651c    00000050     Boot.aem4f : Boot_sysctl.oem4f (.text:_SysCtlFrequencyGet)
                  0000656c    00000004     --HOLE-- [fill = 0]
                  00006570    00000050     sysbios.aem4f : BIOS.obj (.text:ti_sysbios_family_arm_m3_Hwi_Module_startup__E)
                  000065c0    00000050     ti.targets.arm.rtsarm.aem4f : Startup.oem4f (.text:xdc_runtime_Startup_exec__E)
                  00006610    00000050                                 : Text.oem4f (.text:xdc_runtime_Text_visitRope2__I)
                  00006660    0000004c     rtsv7M4_T_le_v4SPD16_eabi.lib : atoi.c.obj (.text:atoi)
                  000066ac    0000004c                                   : cpy_tbl.c.obj (.text:copy_in)
                  000066f8    0000004c                                   : snprintf.c.obj (.text:snprintf)
                  00006744    00000004     --HOLE-- [fill = 0]
                  00006748    0000004c     sysbios.aem4f : BIOS.obj (.text:ti_sysbios_heaps_HeapMem_getStats__E)
                  00006794    00000004     --HOLE-- [fill = 0]
                  00006798    0000004c                   : BIOS.obj (.text:ti_sysbios_knl_Swi_runLoop__I)
                  000067e4    00000004     --HOLE-- [fill = 0]
                  000067e8    0000004c                   : BIOS.obj (.text:ti_sysbios_knl_Task_allBlockedFunction__I)
                  00006834    0000004a     grlib.lib : string.obj (.text:UpdateContextCharMapping)
                  0000687e    00000002     --HOLE-- [fill = 0]
                  00006880    00000048     sampling.obj (.text:ADC_ISR)
                  000068c8    00000048     driverlib.lib : gpio.obj (.text:GPIOPinConfigure)
                  00006910    00000048     HAL_EK_TM4C1294XL_Crystalfontz128x128_ST7735.obj (.text:HAL_LCD_writeCommand)
                  00006958    00000048     sysctl_pll.obj (.text:SysCtlFrequencyGet)
                  000069a0    00000048     driverlib.lib : sysctl.obj (.text:_SysCtlFrequencyGet)
                  000069e8    00000048     rtsv7M4_T_le_v4SPD16_eabi.lib : fd_toi_t2.asm.obj (.text)
                  00006a30    00000048     sysbios.aem4f : BIOS.obj (.text:ti_sysbios_family_arm_lm4_Timer_enableTimers__I)
                  00006a78    00000048                   : BIOS.obj (.text:ti_sysbios_family_arm_m3_Hwi_disableInterrupt__E)
                  00006ac0    00000048                   : BIOS.obj (.text:ti_sysbios_family_arm_m3_Hwi_enableInterrupt__E)
                  00006b08    00000048                   : BIOS.obj (.text:ti_sysbios_family_arm_m3_Hwi_excReserved__I)
                  00006b50    00000048                   : BIOS.obj (.text:ti_sysbios_knl_Mailbox_Module_startup__E)
                  00006b98    00000046     grlib.lib : line.obj (.text:GrLineDrawH)
                  00006bde    00000046               : line.obj (.text:GrLineDrawV)
                  00006c24    00000046     ti.targets.arm.rtsarm.aem4f : Core-params.oem4f (.text:xdc_runtime_Core_assignParams__I)
                  00006c6a    00000006     --HOLE-- [fill = 0]
                  00006c70    00000044     Crystalfontz128x128_ST7735.obj (.text:Crystalfontz128x128_SetOrientation)
                  00006cb4    00000004     --HOLE-- [fill = 0]
                  00006cb8    00000044     sysbios.aem4f : BIOS.obj (.text:ti_sysbios_family_arm_lm4_Timer_isrStub__E)
                  00006cfc    00000004     --HOLE-- [fill = 0]
                  00006d00    00000044                   : BIOS.obj (.text:ti_sysbios_family_arm_m3_Hwi_getStackInfo__E)
                  00006d44    00000004     --HOLE-- [fill = 0]
                  00006d48    00000044                   : BIOS.obj (.text:ti_sysbios_knl_Swi_post__E)
                  00006d8c    00000044     ti.targets.arm.rtsarm.aem4f : Error.oem4f (.text:xdc_runtime_Error_setX__E)
                  00006dd0    00000044                                 : SysMin.oem4f (.text:xdc_runtime_SysMin_flush__E)
                  00006e14    00000044                                 : Text.oem4f (.text:xdc_runtime_Text_xprintf__I)
                  00006e58    00000040     Crystalfontz128x128_ST7735.obj (.text:Crystalfontz128x128_LineDrawH)
                  00006e98    00000040     rtsv7M4_T_le_v4SPD16_eabi.lib : u_divt2.asm.obj (.text)
                  00006ed8    00000040     sysbios.aem4f : BIOS.obj (.text:ti_sysbios_family_arm_lm4_Timer_startup__E)
                  00006f18    0000003e     driverlib.lib : adc.obj (.text:ADCSequenceConfigure)
                  00006f56    0000003e     rtsv7M4_T_le_v4SPD16_eabi.lib : _printfi.c.obj (.text:_fcpy)
                  00006f94    0000003c     driverlib.lib : ssi.obj (.text:SSIConfigSetExpClk)
                  00006fd0    0000003c     buttons.obj (.text:fifo_get)
                  0000700c    00000004     --HOLE-- [fill = 0]
                  00007010    0000003c     sysbios.aem4f : BIOS.obj (.text:ti_sysbios_family_arm_m3_Hwi_excSvCall__I)
                  0000704c    00000004     --HOLE-- [fill = 0]
                  00007050    0000003c                   : BIOS.obj (.text:ti_sysbios_heaps_HeapMem_init__I)
                  0000708c    00000004     --HOLE-- [fill = 0]
                  00007090    0000003c                   : BIOS.obj (.text:ti_sysbios_knl_Swi_restore__E)
                  000070cc    0000003a     grlib.lib : string.obj (.text:FontGlyphDataGet)
                  00007106    00000002     --HOLE-- [fill = 0]
                  00007108    00000038     Crystalfontz128x128_ST7735.obj (.text:Crystalfontz128x128_Flush)
                  00007140    00000038     rtsv7M4_T_le_v4SPD16_eabi.lib : trgmsg.c.obj (.text:__TI_writemsg)
                  00007178    00000038     main.obj (.text:displaytask)
                  000071b0    00000038     rtsv7M4_T_le_v4SPD16_eabi.lib : fs_tod_t2.asm.obj (.text)
                  000071e8    00000038     sysbios.aem4f : BIOS.obj (.text:ti_sysbios_family_arm_m3_Hwi_excNoIsr__I)
                  00007220    00000038                   : BIOS.obj (.text:ti_sysbios_knl_Task_processVitalTaskFlag__I)
                  00007258    00000038     ti.targets.arm.rtsarm.aem4f : SysMin.oem4f (.text:xdc_runtime_SysMin_putch__E)
                  00007290    00000038                                 : System.oem4f (.text:xdc_runtime_System_atexit__E)
                  000072c8    00000036     grlib.lib : line.obj (.text:GrClipCodeGet)
                  000072fe    00000002     --HOLE-- [fill = 0]
                  00007300    00000034     driverlib.lib : sysctl.obj (.text:SysCtlPeripheralEnable)
                  00007334    00000034     rtsv7M4_T_le_v4SPD16_eabi.lib : trgmsg.c.obj (.text:__TI_readmsg)
                  00007368    00000034     sysbios.aem4f : BIOS.obj (.text:ti_sysbios_family_arm_m3_Hwi_excNmi__I)
                  0000739c    00000004     --HOLE-- [fill = 0]
                  000073a0    00000034                   : BIOS.obj (.text:ti_sysbios_hal_Hwi_checkStack)
                  000073d4    00000034     ti.targets.arm.rtsarm.aem4f : Core-label.oem4f (.text:xdc_runtime_Core_assignLabel__I)
                  00007408    00000033                                 : Text.oem4f (.text:xdc_runtime_Text_printVisFxn__I)
                  0000743b    00000005     --HOLE-- [fill = 0]
                  00007440    00000032     sysbios.aem4f : BIOS.obj (.text:ti_sysbios_hal_Hwi_initStack)
                  00007472    00000030     rtsv7M4_T_le_v4SPD16_eabi.lib : snprintf.c.obj (.text:_outs)
                  000074a2    00000006     --HOLE-- [fill = 0]
                  000074a8    00000030     main.obj (.text:cpu_load_count)
                  000074d8    00000030     rtos_pem4f.oem4f (.text:ti_sysbios_BIOS_atExitFunc__I)
                  00007508    00000030     sysbios.aem4f : BIOS.obj (.text:ti_sysbios_family_arm_lm4_Timer_stop__E)
                  00007538    00000030                   : BIOS.obj (.text:ti_sysbios_family_arm_m3_TaskSupport_start__E)
                  00007568    00000030     rtos_pem4f.oem4f (.text:ti_sysbios_gates_GateHwi_Object__create__S)
                  00007598    00000030     rtos_pem4f.oem4f (.text:ti_sysbios_gates_GateMutex_Object__create__S)
                  000075c8    00000030     rtos_pem4f.oem4f (.text:ti_sysbios_heaps_HeapMem_Object__create__S)
                  000075f8    00000030     sysbios.aem4f : BIOS.obj (.text:ti_sysbios_knl_Mailbox_postInit__I)
                  00007628    00000030     rtos_pem4f.oem4f (.text:ti_sysbios_knl_Semaphore_construct)
                  00007658    00000030     sysbios.aem4f : BIOS.obj (.text:ti_sysbios_knl_Semaphore_pendTimeout__I)
                  00007688    00000030                   : BIOS.obj (.text:ti_sysbios_knl_Task_unblockI__E)
                  000076b8    00000030     ti.targets.arm.rtsarm.aem4f : SysMin.oem4f (.text:xdc_runtime_SysMin_abort__E)
                  000076e8    00000030                                 : System.oem4f (.text:xdc_runtime_System_processAtExit__E)
                  00007718    0000002e     grlib.lib : string.obj (.text:GrStringNextCharGet)
                  00007746    0000002e     rtsv7M4_T_le_v4SPD16_eabi.lib : i_tofd_t2.asm.obj (.text)
                  00007774    00000004     --HOLE-- [fill = 0]
                  00007778    0000002c     rtos_pem4f.oem4f (.text:ti_sysbios_knl_Clock_doTick__I)
                  000077a4    00000004     --HOLE-- [fill = 0]
                  000077a8    0000002c     rtos_pem4f.oem4f (.text:ti_sysbios_knl_Queue_construct)
                  000077d4    00000004     --HOLE-- [fill = 0]
                  000077d8    0000002c     sysbios.aem4f : BIOS.obj (.text:ti_sysbios_knl_Task_restore__E)
                  00007804    0000002c     ti.targets.arm.rtsarm.aem4f : Text.oem4f (.text:xdc_runtime_Text_cordText__E)
                  00007830    0000002a     driverlib.lib : gpio.obj (.text:GPIODirModeSet)
                  0000785a    0000002a     ti.targets.arm.rtsarm.aem4f : System.oem4f (.text:xdc_runtime_System_putchar__I)
                  00007884    00000004     --HOLE-- [fill = 0]
                  00007888    00000028     sysbios.aem4f : BIOS.obj (.text:ti_sysbios_knl_Clock_addI__E)
                  000078b0    00000028                   : BIOS.obj (.text:ti_sysbios_knl_Swi_Module_startup__E)
                  000078d8    00000026     grlib.lib : string.obj (.text:GrFontInfoGet)
                  000078fe    00000026     sysbios.aem4f : m3_Hwi_asm.obj (.text:ti_sysbios_family_arm_m3_Hwi_pendSV__I)
                  00007924    00000026     ti.targets.arm.rtsarm.aem4f : System.oem4f (.text:xdc_runtime_System_avprintf__E)
                  0000794a    00000002     --HOLE-- [fill = 0]
                  0000794c    00000024     driverlib.lib : interrupt.obj (.text:IntPrioritySet)
                  00007970    00000024     rtos_pem4f.oem4f (.text:ti_sysbios_BIOS_errorRaiseHook__I)
                  00007994    00000004     --HOLE-- [fill = 0]
                  00007998    00000024     rtos_pem4f.oem4f (.text:ti_sysbios_BIOS_registerRTSLock__I)
                  000079bc    00000004     --HOLE-- [fill = 0]
                  000079c0    00000024     rtos_pem4f.oem4f (.text:ti_sysbios_BIOS_removeRTSLock__I)
                  000079e4    00000004     --HOLE-- [fill = 0]
                  000079e8    00000024     rtos_pem4f.oem4f (.text:ti_sysbios_BIOS_startFunc__I)
                  00007a0c    00000004     --HOLE-- [fill = 0]
                  00007a10    00000024     rtos_pem4f.oem4f (.text:ti_sysbios_gates_GateMutex_Object__delete__S)
                  00007a34    00000004     --HOLE-- [fill = 0]
                  00007a38    00000024     sysbios.aem4f : BIOS.obj (.text:ti_sysbios_knl_Clock_Module_startup__E)
                  00007a5c    00000004     --HOLE-- [fill = 0]
                  00007a60    00000024                   : BIOS.obj (.text:ti_sysbios_knl_Task_restoreHwi__E)
                  00007a84    00000024     ti.targets.arm.rtsarm.aem4f : System.oem4f (.text:xdc_runtime_System_vprintf__E)
                  00007aa8    00000022     grlib.lib : string.obj (.text:GrFontGlyphDataGet)
                  00007aca    00000022     driverlib.lib : pwm.obj (.text:PWMGenConfigure)
                  00007aec    00000004     --HOLE-- [fill = 0]
                  00007af0    00000022     sysbios.aem4f : BIOS.obj (.text:ti_sysbios_family_arm_lm4_Timer_write__I)
                  00007b12    00000006     --HOLE-- [fill = 0]
                  00007b18    00000022     rtos_pem4f.oem4f (.text:xdc_runtime_SysMin_output__I)
                  00007b3a    00000002     --HOLE-- [fill = 0]
                  00007b3c    00000020     Boot.aem4f : Boot_sysctl.oem4f (.text:_SysCtlMemTimingGet)
                  00007b5c    00000004     --HOLE-- [fill = 0]
                  00007b60    00000020     rtos_pem4f.oem4f (.text:ti_sysbios_BIOS_rtsLock__I)
                  00007b80    00000020     sysbios.aem4f : m3_Hwi_asm.obj (.text:ti_sysbios_family_arm_m3_Hwi_excHandlerAsm__I)
                  00007ba0    00000020                   : BIOS.obj (.text:ti_sysbios_family_arm_m3_Hwi_excHandler__I)
                  00007bc0    00000020     rtos_pem4f.oem4f (.text:ti_sysbios_gates_GateHwi_Object__delete__S)
                  00007be0    00000020     rtos_pem4f.oem4f (.text:ti_sysbios_heaps_HeapMem_Object__delete__S)
                  00007c00    00000020     sysbios.aem4f : BIOS.obj (.text:ti_sysbios_knl_Idle_run__E)
                  00007c20    00000020     rtos_pem4f.oem4f (.text:ti_sysbios_knl_Semaphore_Object__destruct__S)
                  00007c40    00000020     ti.targets.arm.rtsarm.aem4f : Registry.oem4f (.text:xdc_runtime_Registry_findById__E)
                  00007c60    00000020                                 : SysMin.oem4f (.text:xdc_runtime_SysMin_Module_startup__E)
                  00007c80    0000001e     Crystalfontz128x128_ST7735.obj (.text:Crystalfontz128x128_ColorTranslate)
                  00007c9e    0000001e     grlib.lib : string.obj (.text:GrFontCodepageGet)
                  00007cbc    0000001e     driverlib.lib : pwm.obj (.text:PWMPulseWidthSet)
                  00007cda    0000001e     sysbios.aem4f : m3_Hwi_asm_switch.obj (.text:ti_sysbios_family_xxx_Hwi_switchAndRunFunc)
                  00007cf8    0000001c     Crystalfontz128x128_ST7735.obj (.text:Crystalfontz128x128_LineDrawV)
                  00007d14    0000001c     driverlib.lib : sysctl.obj (.text:_SysCtlMemTimingGet)
                  00007d30    0000001c     rtsv7M4_T_le_v4SPD16_eabi.lib : memccpy.c.obj (.text:memccpy)
                  00007d4c    00000004     --HOLE-- [fill = 0]
                  00007d50    0000001c     sysbios.aem4f : BIOS.obj (.text:ti_sysbios_gates_GateMutex_Instance_init__E)
                  00007d6c    00000004     --HOLE-- [fill = 0]
                  00007d70    0000001c     rtos_pem4f.oem4f (.text:ti_sysbios_knl_Queue_Object__destruct__S)
                  00007d8c    00000004     --HOLE-- [fill = 0]
                  00007d90    0000001c     sysbios.aem4f : BIOS.obj (.text:ti_sysbios_knl_Queue_put__E)
                  00007dac    00000004     --HOLE-- [fill = 0]
                  00007db0    0000001c                   : BIOS.obj (.text:ti_sysbios_knl_Task_enter__I)
                  00007dcc    0000001c     ti.targets.arm.rtsarm.aem4f : Error.oem4f (.text:xdc_runtime_Error_raiseX__E)
                  00007de8    0000001c                                 : Memory.oem4f (.text:xdc_runtime_Memory_valloc__E)
                  00007e04    0000001c                                 : SysMin.oem4f (.text:xdc_runtime_SysMin_exit__E)
                  00007e20    0000001c                                 : System.oem4f (.text:xdc_runtime_System_abort__E)
                  00007e3c    0000001a     rtsv7M4_T_le_v4SPD16_eabi.lib : s_copysign.c.obj (.text:copysign)
                  00007e56    00000002     --HOLE-- [fill = 0]
                  00007e58    0000001a     rtos_pem4f.oem4f (.text:ti_sysbios_family_arm_m3_Hwi_Handle__label__S)
                  00007e72    00000006     --HOLE-- [fill = 0]
                  00007e78    0000001a     rtos_pem4f.oem4f (.text:ti_sysbios_gates_GateHwi_Handle__label__S)
                  00007e92    00000006     --HOLE-- [fill = 0]
                  00007e98    0000001a     rtos_pem4f.oem4f (.text:ti_sysbios_gates_GateMutex_Handle__label__S)
                  00007eb2    00000006     --HOLE-- [fill = 0]
                  00007eb8    0000001a     rtos_pem4f.oem4f (.text:ti_sysbios_heaps_HeapMem_Handle__label__S)
                  00007ed2    00000006     --HOLE-- [fill = 0]
                  00007ed8    0000001a     rtos_pem4f.oem4f (.text:ti_sysbios_knl_Swi_Handle__label__S)
                  00007ef2    00000006     --HOLE-- [fill = 0]
                  00007ef8    0000001a     rtos_pem4f.oem4f (.text:ti_sysbios_knl_Task_Handle__label__S)
                  00007f12    00000006     --HOLE-- [fill = 0]
                  00007f18    0000001a     rtos_pem4f.oem4f (.text:xdc_runtime_System_aprintf__E)
                  00007f32    00000006     --HOLE-- [fill = 0]
                  00007f38    0000001a     rtos_pem4f.oem4f (.text:xdc_runtime_System_printf__E)
                  00007f52    00000018     driverlib.lib : adc.obj (.text:ADCClockConfigSet)
                  00007f6a    00000018                   : gpio.obj (.text:GPIOPinTypeGPIOOutput)
                  00007f82    00000002     --HOLE-- [fill = 0]
                  00007f84    00000018     rtsv7M4_T_le_v4SPD16_eabi.lib : args_main.c.obj (.text:_args_main)
                  00007f9c    00000018                                   : snprintf.c.obj (.text:_outc)
                  00007fb4    00000004     --HOLE-- [fill = 0]
                  00007fb8    00000018     rtos_pem4f.oem4f (.text:ti_sysbios_BIOS_rtsUnlock__I)
                  00007fd0    00000018     rtos_pem4f.oem4f (.text:ti_sysbios_family_arm_lm4_Timer_Module__startupDone__F)
                  00007fe8    00000018     rtos_pem4f.oem4f (.text:ti_sysbios_family_arm_m3_Hwi_Module__startupDone__F)
                  00008000    00000018     sysbios.aem4f : m3_TaskSupport_asm.obj (.text:ti_sysbios_family_arm_m3_TaskSupport_swap__E)
                  00008018    00000018                   : BIOS.obj (.text:ti_sysbios_gates_GateMutex_leave__E)
                  00008030    00000018     ti.targets.arm.rtsarm.aem4f : Error.oem4f (.text:xdc_runtime_Error_check__E)
                  00008048    00000018                                 : System.oem4f (.text:xdc_runtime_System_exit__E)
                  00008060    00000018                                 : Text.oem4f (.text:xdc_runtime_Text_ropeText__E)
                  00008078    00000016     grlib.lib : string.obj (.text:GrStringDraw)
                  0000808e    00000016     rtsv7M4_T_le_v4SPD16_eabi.lib : strchr.c.obj (.text:strchr)
                  000080a4    00000004     --HOLE-- [fill = 0]
                  000080a8    00000016     rtos_pem4f.oem4f (.text:ti_sysbios_BIOS_exitFunc__I)
                  000080be    00000002     --HOLE-- [fill = 0]
                  000080c0    00000016     sysbios.aem4f : BIOS.obj (.text:ti_sysbios_knl_Task_unblock__E)
                  000080d6    00000002     --HOLE-- [fill = 0]
                  000080d8    00000014     Crystalfontz128x128_ST7735.obj (.text:Crystalfontz128x128_PixelDraw)
                  000080ec    00000014     driverlib.lib : pwm.obj (.text:PWMClockSet)
                  00008100    00000014                   : timer.obj (.text:TimerDisable)
                  00008114    00000014     rtsv7M4_T_le_v4SPD16_eabi.lib : strlen.c.obj (.text:strlen)
                  00008128    00000014     rtos_pem4f.oem4f (.text:ti_sysbios_family_arm_m3_Hwi_Object__get__S)
                  0000813c    00000004     --HOLE-- [fill = 0]
                  00008140    00000014     sysbios.aem4f : BIOS.obj (.text:ti_sysbios_family_arm_m3_Hwi_switchFromBootStack__E)
                  00008154    00000004     --HOLE-- [fill = 0]
                  00008158    00000014     rtos_pem4f.oem4f (.text:ti_sysbios_heaps_HeapMem_Object__get__S)
                  0000816c    00000004     --HOLE-- [fill = 0]
                  00008170    00000014     rtos_pem4f.oem4f (.text:ti_sysbios_knl_Swi_Object__get__S)
                  00008184    00000012     driverlib.lib : gpio.obj (.text:GPIOPinTypeADC)
                  00008196    00000012                   : gpio.obj (.text:GPIOPinTypeGPIOInput)
                  000081a8    00000012                   : gpio.obj (.text:GPIOPinTypePWM)
                  000081ba    00000012                   : gpio.obj (.text:GPIOPinTypeSSI)
                  000081cc    00000012                   : pwm.obj (.text:PWMOutputState)
                  000081de    00000012                   : timer.obj (.text:TimerLoadSet)
                  000081f0    00000012     sysbios.aem4f : BIOS.obj (.text:ti_sysbios_hal_Hwi_Module_startup__E)
                  00008202    00000012     rtsv7M4_T_le_v4SPD16_eabi.lib : wcslen.c.obj (.text:wcslen)
                  00008214    00000004     --HOLE-- [fill = 0]
                  00008218    00000012     rtos_pem4f.oem4f (.text:xdc_runtime_Startup_exec__I)
                  0000822a    00000006     --HOLE-- [fill = 0]
                  00008230    00000010     rtos_pem4f.oem4f (.text:.bootCodeSection:ti_catalog_arm_cortexm4_tiva_ce_Boot_init__I)
                  00008240    00000010     driverlib.lib : adc.obj (.text:ADCIntEnable)
                  00008250    00000010                   : fpu.obj (.text:FPUEnable)
                  00008260    00000010                   : fpu.obj (.text:FPULazyStackingEnable)
                  00008270    00000010                   : interrupt.obj (.text:IntMasterDisable)
                  00008280    00000010                   : interrupt.obj (.text:IntMasterEnable)
                  00008290    00000010                   : pwm.obj (.text:PWMGenPeriodSet)
                  000082a0    00000010     sysbios.aem4f : BIOS.obj (.text:ti_sysbios_BIOS_setThreadType__E)
                  000082b0    00000010                   : BIOS.obj (.text:ti_sysbios_BIOS_start__E)
                  000082c0    00000010                   : m3_TaskSupport_asm.obj (.text:ti_sysbios_family_arm_m3_TaskSupport_glue)
                  000082d0    00000010                   : BIOS.obj (.text:ti_sysbios_gates_GateMutex_Instance_finalize__E)
                  000082e0    00000010     rtos_pem4f.oem4f (.text:ti_sysbios_knl_Mailbox_Object__get__S)
                  000082f0    00000010     sysbios.aem4f : BIOS.obj (.text:ti_sysbios_knl_Semaphore_Instance_finalize__E)
                  00008300    00000010                   : BIOS.obj (.text:ti_sysbios_knl_Swi_disable__E)
                  00008310    00000010     rtos_pem4f.oem4f (.text:ti_sysbios_knl_Task_Object__get__S)
                  00008320    00000010     sysbios.aem4f : BIOS.obj (.text:ti_sysbios_knl_Task_disable__E)
                  00008330    00000010     ti.targets.arm.rtsarm.aem4f : Gate.oem4f (.text:xdc_runtime_Gate_leaveSystem__E)
                  00008340    00000010                                 : Memory.oem4f (.text:xdc_runtime_Memory_free__E)
                  00008350    00000010                                 : SysMin.oem4f (.text:xdc_runtime_SysMin_ready__E)
                  00008360    00000010                                 : System.oem4f (.text:xdc_runtime_System_vsnprintf__E)
                  00008370    00000010     rtos_pem4f.oem4f (.text:xdc_runtime_Text_visitRope__I)
                  00008380    0000000e     driverlib.lib : adc.obj (.text:ADCSequenceDisable)
                  0000838e    0000000e                   : adc.obj (.text:ADCSequenceEnable)
                  0000839c    0000000e                   : timer.obj (.text:TimerEnable)
                  000083aa    0000000e     rtsv7M4_T_le_v4SPD16_eabi.lib : copy_decompress_none.c.obj (.text:decompress:none:__TI_decompress_none)
                  000083b8    0000000e     sysbios.aem4f : BIOS.obj (.text:ti_sysbios_knl_Idle_loop__E)
                  000083c6    00000002     --HOLE-- [fill = 0]
                  000083c8    0000000e                   : BIOS.obj (.text:ti_sysbios_knl_Queue_empty__E)
                  000083d6    0000000c     driverlib.lib : cpu.obj (.text:CPUcpsid)
                  000083e2    0000000c                   : cpu.obj (.text:CPUcpsie)
                  000083ee    00000002     --HOLE-- [fill = 0]
                  000083f0    0000000c     HAL_EK_TM4C1294XL_Crystalfontz128x128_ST7735.obj (.text:HAL_LCD_writeData)
                  000083fc    0000000c     driverlib.lib : pwm.obj (.text:PWMGenEnable)
                  00008408    0000000c     rtsv7M4_T_le_v4SPD16_eabi.lib : _lock.c.obj (.text:_register_lock)
                  00008414    0000000c                                   : _lock.c.obj (.text:_register_unlock)
                  00008420    0000000c                                   : copy_zero_init.c.obj (.text:decompress:ZI:__TI_zero_init)
                  0000842c    00000004     --HOLE-- [fill = 0]
                  00008430    0000000c     sysbios.aem4f : BIOS.obj (.text:ti_sysbios_family_arm_lm4_Timer_getMaxTicks__E)
                  0000843c    00000004     --HOLE-- [fill = 0]
                  00008440    0000000c                   : BIOS.obj (.text:ti_sysbios_family_arm_m3_TaskSupport_checkStack__E)
                  0000844c    00000004     --HOLE-- [fill = 0]
                  00008450    0000000c                   : BIOS.obj (.text:ti_sysbios_gates_GateHwi_enter__E)
                  0000845c    00000004     --HOLE-- [fill = 0]
                  00008460    0000000c     rtos_pem4f.oem4f (.text:ti_sysbios_knl_Queue_Object__get__S)
                  0000846c    0000000c     ti.targets.arm.rtsarm.aem4f : Error.oem4f (.text:xdc_runtime_Error_init__E)
                  00008478    0000000c                                 : Gate.oem4f (.text:xdc_runtime_Gate_enterSystem__E)
                  00008484    0000000c                                 : Memory.oem4f (.text:xdc_runtime_Memory_calloc__E)
                  00008490    0000000c                                 : Memory.oem4f (.text:xdc_runtime_Memory_getMaxDefaultTypeAlign__E)
                  0000849c    0000000a     driverlib.lib : ssi.obj (.text:SSIDataPut)
                  000084a6    0000000a                   : ssi.obj (.text:SSIEnable)
                  000084b0    0000000a                   : timer.obj (.text:TimerIntStatus)
                  000084ba    00000006     --HOLE-- [fill = 0]
                  000084c0    0000000a     rtos_pem4f.oem4f (.text:xdc_runtime_IHeap_alloc)
                  000084ca    00000006     --HOLE-- [fill = 0]
                  000084d0    0000000a     rtos_pem4f.oem4f (.text:xdc_runtime_IHeap_free)
                  000084da    00000008     grlib.lib : charmap.obj (.text:GrMapISO8859_1_Unicode)
                  000084e2    00000008     driverlib.lib : ssi.obj (.text:SSIBusy)
                  000084ea    00000008                   : timer.obj (.text:TimerIntEnable)
                  000084f2    00000002     --HOLE-- [fill = 0]
                  000084f4    00000008     rtsv7M4_T_le_v4SPD16_eabi.lib : errno.c.obj (.text:__aeabi_errno_addr)
                  000084fc    00000008     sysbios.aem4f : BIOS.obj (.text:ti_sysbios_family_arm_lm4_Timer_masterDisable__I)
                  00008504    00000004     --HOLE-- [fill = 0]
                  00008508    00000008                   : BIOS.obj (.text:ti_sysbios_family_arm_m3_Hwi_doSwiRestore__I)
                  00008510    00000008                   : BIOS.obj (.text:ti_sysbios_family_arm_m3_Hwi_startup__E)
                  00008518    00000006                   : BIOS.obj (.text:ti_sysbios_family_arm_lm4_TimestampProvider_Module_startup__E)
                  0000851e    00000002     --HOLE-- [fill = 0]
                  00008520    00000006                   : BIOS.obj (.text:ti_sysbios_family_arm_m3_Hwi_doTaskRestore__I)
                  00008526    00000002     --HOLE-- [fill = 0]
                  00008528    00000006                   : BIOS.obj (.text:ti_sysbios_gates_GateHwi_leave__E)
                  0000852e    00000002     --HOLE-- [fill = 0]
                  00008530    00000006                   : BIOS.obj (.text:ti_sysbios_heaps_HeapMem_isBlocking__E)
                  00008536    00000002     --HOLE-- [fill = 0]
                  00008538    00000006                   : BIOS.obj (.text:ti_sysbios_knl_Queue_Instance_init__E)
                  0000853e    00000002     --HOLE-- [fill = 0]
                  00008540    00000006                   : BIOS.obj (.text:ti_sysbios_knl_Swi_startup__E)
                  00008546    00000002     --HOLE-- [fill = 0]
                  00008548    00000004     main.obj (.text:task0_func)
                  0000854c    00000004     --HOLE-- [fill = 0]
                  00008550    00000004     rtos_pem4f.oem4f (.text:ti_sysbios_BIOS_RtsGateProxy_enter__E)
                  00008554    00000004     --HOLE-- [fill = 0]
                  00008558    00000004     rtos_pem4f.oem4f (.text:ti_sysbios_BIOS_RtsGateProxy_leave__E)
                  0000855c    00000004     --HOLE-- [fill = 0]
                  00008560    00000004     rtos_pem4f.oem4f (.text:ti_sysbios_family_arm_m3_TaskSupport_Module__startupDone__S)
                  00008564    00000004     --HOLE-- [fill = 0]
                  00008568    00000004     sysbios.aem4f : BIOS.obj (.text:ti_sysbios_gates_GateHwi_query__E)
                  0000856c    00000004     --HOLE-- [fill = 0]
                  00008570    00000004                   : BIOS.obj (.text:ti_sysbios_gates_GateMutex_query__E)
                  00008574    00000004     --HOLE-- [fill = 0]
                  00008578    00000004     rtos_pem4f.oem4f (.text:ti_sysbios_heaps_HeapMem_Module_GateProxy_enter__E)
                  0000857c    00000004     --HOLE-- [fill = 0]
                  00008580    00000004     rtos_pem4f.oem4f (.text:ti_sysbios_heaps_HeapMem_Module_GateProxy_leave__E)
                  00008584    00000004     --HOLE-- [fill = 0]
                  00008588    00000004     rtos_pem4f.oem4f (.text:ti_sysbios_knl_Clock_TimerProxy_getMaxTicks__E)
                  0000858c    00000004     --HOLE-- [fill = 0]
                  00008590    00000004     rtos_pem4f.oem4f (.text:ti_sysbios_knl_Queue_destruct)
                  00008594    00000004     --HOLE-- [fill = 0]
                  00008598    00000004     rtos_pem4f.oem4f (.text:ti_sysbios_knl_Semaphore_destruct)
                  0000859c    00000004     --HOLE-- [fill = 0]
                  000085a0    00000004     sysbios.aem4f : BIOS.obj (.text:ti_sysbios_knl_Task_startup__E)
                  000085a4    00000004     --HOLE-- [fill = 0]
                  000085a8    00000004     rtos_pem4f.oem4f (.text:xdc_runtime_System_Module_GateProxy_enter__E)
                  000085ac    00000004     --HOLE-- [fill = 0]
                  000085b0    00000004     rtos_pem4f.oem4f (.text:xdc_runtime_System_Module_GateProxy_leave__E)
                  000085b4    00000004     --HOLE-- [fill = 0]
                  000085b8    00000002     rtos_pem4f.oem4f (.text:ti_sysbios_BIOS_nullFunc__I)
                  000085ba    00000006     --HOLE-- [fill = 0]
                  000085c0    00000002     sysbios.aem4f : BIOS.obj (.text:ti_sysbios_gates_GateHwi_Instance_init__E)
                  000085c2    00000006     --HOLE-- [fill = 0]
                  000085c8    00000002                   : BIOS.obj (.text:ti_sysbios_knl_Clock_logTick__E)
                  000085ca    00000006     --HOLE-- [fill = 0]
                  000085d0    00000002     rtos_pem4f.oem4f (.text:xdc_runtime_Startup_reset__I)

.const     0    000085d4    00002820     
                  000085d4    00001931     rtos_pem4f.oem4f (.const:xdc_runtime_Text_charTab__A)
                  00009f05    000002f8     grlib.lib : fontfixed6x8.obj (.const:.string:g_pui8FontFixed6x8Data)
                  0000a1fd    00000001     rtos_pem4f.oem4f (.const:xdc_runtime_Error_policy__C)
                  0000a1fe    00000002     rtos_pem4f.oem4f (.const:ti_catalog_arm_cortexm4_tiva_ce_Boot_Module__id__C)
                  0000a200    00000120     Boot.aem4f : Boot_sysctl.oem4f (.const:g_pppui32XTALtoVCO)
                  0000a320    00000120     driverlib.lib : sysctl.obj (.const:g_pppui32XTALtoVCO)
                  0000a440    00000101     rtsv7M4_T_le_v4SPD16_eabi.lib : ctype.c.obj (.const:.string:_ctypes_)
                  0000a541    00000001     --HOLE-- [fill = 0]
                  0000a542    00000002     rtos_pem4f.oem4f (.const:ti_sysbios_family_arm_lm4_TimestampProvider_Module__id__C)
                  0000a544    000000c8     grlib.lib : fontfixed6x8.obj (.const:g_sFontFixed6x8)
                  0000a60c    000000c8     rtos_pem4f.oem4f (.const:xdc_runtime_Text_nodeTab__A)
                  0000a6d4    0000009c     driverlib.lib : interrupt.obj (.const:g_pui32Regs)
                  0000a770    00000090                   : gpio.obj (.const:g_pui32GPIOBaseAddrs)
                  0000a800    00000070                   : interrupt.obj (.const)
                  0000a870    0000006c     Boot.aem4f : Boot_sysctl.oem4f (.const:g_pui32Xtals)
                  0000a8dc    0000006c     driverlib.lib : sysctl.obj (.const:g_pui32Xtals)
                  0000a948    00000048     rtos_pem4f.oem4f (.const:.string)
                  0000a990    00000030     Boot.aem4f : Boot_sysctl.oem4f (.const:g_sXTALtoMEMTIM)
                  0000a9c0    00000030     driverlib.lib : sysctl.obj (.const:g_sXTALtoMEMTIM)
                  0000a9f0    00000028     Crystalfontz128x128_ST7735.obj (.const:g_sCrystalfontz128x128)
                  0000aa18    00000028     rtos_pem4f.oem4f (.const:ti_sysbios_heaps_HeapMem_Module__FXNS__C)
                  0000aa40    00000028     rtos_pem4f.oem4f (.const:xdc_runtime_Startup_sfxnTab__A)
                  0000aa68    00000024     rtos_pem4f.oem4f (.const:ti_sysbios_gates_GateHwi_Module__FXNS__C)
                  0000aa8c    00000024     rtos_pem4f.oem4f (.const:ti_sysbios_gates_GateMutex_Module__FXNS__C)
                  0000aab0    00000024     rtos_pem4f.oem4f (.const:ti_sysbios_heaps_HeapMem_Object__PARAMS__C)
                  0000aad4    00000024     rtos_pem4f.oem4f (.const:ti_sysbios_knl_Semaphore_Object__PARAMS__C)
                  0000aaf8    00000020     rtos_pem4f.oem4f (.const:ti_sysbios_gates_GateHwi_Object__DESC__C)
                  0000ab18    00000020     rtos_pem4f.oem4f (.const:ti_sysbios_gates_GateMutex_Object__DESC__C)
                  0000ab38    00000020     rtos_pem4f.oem4f (.const:ti_sysbios_heaps_HeapMem_Object__DESC__C)
                  0000ab58    00000020     rtos_pem4f.oem4f (.const:ti_sysbios_knl_Queue_Object__DESC__C)
                  0000ab78    00000020     rtos_pem4f.oem4f (.const:ti_sysbios_knl_Semaphore_Object__DESC__C)
                  0000ab98    00000018     rtos_pem4f.oem4f (.const:ti_sysbios_gates_GateHwi_Object__PARAMS__C)
                  0000abb0    00000018     rtos_pem4f.oem4f (.const:ti_sysbios_gates_GateMutex_Object__PARAMS__C)
                  0000abc8    00000018     rtos_pem4f.oem4f (.const:ti_sysbios_knl_Queue_Object__PARAMS__C)
                  0000abe0    00000018     rtos_pem4f.oem4f (.const:xdc_runtime_Startup_firstFxns__A)
                  0000abf8    00000014     rtos_pem4f.oem4f (.const:xdc_runtime_Startup_sfxnRts__A)
                  0000ac0c    00000010     grlib.lib : context.obj (.const)
                  0000ac1c    00000008     Boot.aem4f : Boot_sysctl.oem4f (.const)
                  0000ac24    00000008     driverlib.lib : sysctl.obj (.const)
                  0000ac2c    00000008     rtos_pem4f.oem4f (.const:ti_sysbios_family_arm_m3_Hwi_excHookFuncs__A)
                  0000ac34    00000008     rtos_pem4f.oem4f (.const:ti_sysbios_knl_Idle_funcList__C)
                  0000ac3c    00000008     rtos_pem4f.oem4f (.const:xdc_runtime_Startup_firstFxns__C)
                  0000ac44    00000008     rtos_pem4f.oem4f (.const:xdc_runtime_Startup_lastFxns__C)
                  0000ac4c    00000004     rtos_pem4f.oem4f (.const:ti_catalog_arm_cortexm4_tiva_ce_Boot_A_mustNotUseEnhancedClockMode__C)
                  0000ac50    00000004     rtos_pem4f.oem4f (.const:ti_catalog_arm_cortexm4_tiva_ce_Boot_Module__diagsEnabled__C)
                  0000ac54    00000004     rtos_pem4f.oem4f (.const:ti_catalog_arm_cortexm4_tiva_ce_Boot_Module__diagsIncluded__C)
                  0000ac58    00000004     rtos_pem4f.oem4f (.const:ti_catalog_arm_cortexm4_tiva_ce_Boot_Module__diagsMask__C)
                  0000ac5c    00000004     rtos_pem4f.oem4f (.const:ti_sysbios_family_arm_lm4_Timer_enableFunc__C)
                  0000ac60    00000004     rtos_pem4f.oem4f (.const:ti_sysbios_family_arm_lm4_Timer_numTimerDevices__C)
                  0000ac64    00000004     rtos_pem4f.oem4f (.const:ti_sysbios_family_arm_lm4_Timer_startupNeeded__C)
                  0000ac68    00000004     rtos_pem4f.oem4f (.const:ti_sysbios_family_arm_lm4_TimestampProvider_Module__diagsEnabled__C)
                  0000ac6c    00000004     rtos_pem4f.oem4f (.const:ti_sysbios_family_arm_lm4_TimestampProvider_Module__diagsIncluded__C)
                  0000ac70    00000004     rtos_pem4f.oem4f (.const:ti_sysbios_family_arm_lm4_TimestampProvider_Module__diagsMask__C)
                  0000ac74    00000004     rtos_pem4f.oem4f (.const:ti_sysbios_family_arm_m3_Hwi_E_NMI__C)
                  0000ac78    00000004     rtos_pem4f.oem4f (.const:ti_sysbios_family_arm_m3_Hwi_E_busFault__C)
                  0000ac7c    00000004     rtos_pem4f.oem4f (.const:ti_sysbios_family_arm_m3_Hwi_E_debugMon__C)
                  0000ac80    00000004     rtos_pem4f.oem4f (.const:ti_sysbios_family_arm_m3_Hwi_E_hardFault__C)
                  0000ac84    00000004     rtos_pem4f.oem4f (.const:ti_sysbios_family_arm_m3_Hwi_E_memFault__C)
                  0000ac88    00000004     rtos_pem4f.oem4f (.const:ti_sysbios_family_arm_m3_Hwi_E_noIsr__C)
                  0000ac8c    00000004     rtos_pem4f.oem4f (.const:ti_sysbios_family_arm_m3_Hwi_E_reserved__C)
                  0000ac90    00000004     rtos_pem4f.oem4f (.const:ti_sysbios_family_arm_m3_Hwi_E_svCall__C)
                  0000ac94    00000004     rtos_pem4f.oem4f (.const:ti_sysbios_family_arm_m3_Hwi_E_usageFault__C)
                  0000ac98    00000004     rtos_pem4f.oem4f (.const:ti_sysbios_family_arm_m3_Hwi_NUM_INTERRUPTS__C)
                  0000ac9c    00000004     rtos_pem4f.oem4f (.const:ti_sysbios_family_arm_m3_Hwi_Object__count__C)
                  0000aca0    00000004     rtos_pem4f.oem4f (.const:ti_sysbios_family_arm_m3_Hwi_ccr__C)
                  0000aca4    00000004     rtos_pem4f.oem4f (.const:ti_sysbios_family_arm_m3_Hwi_excHandlerFunc__C)
                  0000aca8    00000004     rtos_pem4f.oem4f (.const:ti_sysbios_family_arm_m3_Hwi_excHookFuncs__C)
                  0000acac    00000004     rtos_pem4f.oem4f (.const:ti_sysbios_family_arm_m3_Hwi_nullIsrFunc__C)
                  0000acb0    00000004     rtos_pem4f.oem4f (.const:ti_sysbios_family_arm_m3_Hwi_priGroup__C)
                  0000acb4    00000004     rtos_pem4f.oem4f (.const:ti_sysbios_gates_GateMutex_A_badContext__C)
                  0000acb8    00000004     rtos_pem4f.oem4f (.const:ti_sysbios_gates_GateMutex_Instance_State_sem__O)
                  0000acbc    00000004     rtos_pem4f.oem4f (.const:ti_sysbios_gates_GateMutex_Module__diagsEnabled__C)
                  0000acc0    00000004     rtos_pem4f.oem4f (.const:ti_sysbios_gates_GateMutex_Module__diagsIncluded__C)
                  0000acc4    00000004     rtos_pem4f.oem4f (.const:ti_sysbios_gates_GateMutex_Module__diagsMask__C)
                  0000acc8    00000004     rtos_pem4f.oem4f (.const:ti_sysbios_hal_Hwi_E_stackOverflow__C)
                  0000accc    00000004     rtos_pem4f.oem4f (.const:ti_sysbios_heaps_HeapMem_A_align__C)
                  0000acd0    00000004     rtos_pem4f.oem4f (.const:ti_sysbios_heaps_HeapMem_A_heapSize__C)
                  0000acd4    00000004     rtos_pem4f.oem4f (.const:ti_sysbios_heaps_HeapMem_A_invalidFree__C)
                  0000acd8    00000004     rtos_pem4f.oem4f (.const:ti_sysbios_heaps_HeapMem_A_zeroBlock__C)
                  0000acdc    00000004     rtos_pem4f.oem4f (.const:ti_sysbios_heaps_HeapMem_E_memory__C)
                  0000ace0    00000004     rtos_pem4f.oem4f (.const:ti_sysbios_heaps_HeapMem_Module__diagsEnabled__C)
                  0000ace4    00000004     rtos_pem4f.oem4f (.const:ti_sysbios_heaps_HeapMem_Module__diagsIncluded__C)
                  0000ace8    00000004     rtos_pem4f.oem4f (.const:ti_sysbios_heaps_HeapMem_Module__diagsMask__C)
                  0000acec    00000004     rtos_pem4f.oem4f (.const:ti_sysbios_heaps_HeapMem_Module__gateObj__C)
                  0000acf0    00000004     rtos_pem4f.oem4f (.const:ti_sysbios_heaps_HeapMem_Object__count__C)
                  0000acf4    00000004     rtos_pem4f.oem4f (.const:ti_sysbios_heaps_HeapMem_reqAlign__C)
                  0000acf8    00000004     rtos_pem4f.oem4f (.const:ti_sysbios_knl_Clock_Module_State_clockQ__O)
                  0000acfc    00000004     rtos_pem4f.oem4f (.const:ti_sysbios_knl_Idle_funcList__A)
                  0000ad00    00000004     rtos_pem4f.oem4f (.const:ti_sysbios_knl_Mailbox_Instance_State_freeQue__O)
                  0000ad04    00000004     rtos_pem4f.oem4f (.const:ti_sysbios_knl_Mailbox_Object__count__C)
                  0000ad08    00000004     rtos_pem4f.oem4f (.const:ti_sysbios_knl_Mailbox_maxTypeAlign__C)
                  0000ad0c    00000004     rtos_pem4f.oem4f (.const:ti_sysbios_knl_Semaphore_A_badContext__C)
                  0000ad10    00000004     rtos_pem4f.oem4f (.const:ti_sysbios_knl_Semaphore_A_noEvents__C)
                  0000ad14    00000004     rtos_pem4f.oem4f (.const:ti_sysbios_knl_Semaphore_A_overflow__C)
                  0000ad18    00000004     rtos_pem4f.oem4f (.const:ti_sysbios_knl_Semaphore_A_pendTaskDisabled__C)
                  0000ad1c    00000004     rtos_pem4f.oem4f (.const:ti_sysbios_knl_Semaphore_Instance_State_pendQ__O)
                  0000ad20    00000004     rtos_pem4f.oem4f (.const:ti_sysbios_knl_Semaphore_Module__diagsEnabled__C)
                  0000ad24    00000004     rtos_pem4f.oem4f (.const:ti_sysbios_knl_Semaphore_Module__diagsIncluded__C)
                  0000ad28    00000004     rtos_pem4f.oem4f (.const:ti_sysbios_knl_Semaphore_Module__diagsMask__C)
                  0000ad2c    00000004     rtos_pem4f.oem4f (.const:ti_sysbios_knl_Swi_Object__count__C)
                  0000ad30    00000004     rtos_pem4f.oem4f (.const:ti_sysbios_knl_Task_E_spOutOfBounds__C)
                  0000ad34    00000004     rtos_pem4f.oem4f (.const:ti_sysbios_knl_Task_E_stackOverflow__C)
                  0000ad38    00000004     rtos_pem4f.oem4f (.const:ti_sysbios_knl_Task_Module_State_inactiveQ__O)
                  0000ad3c    00000004     rtos_pem4f.oem4f (.const:ti_sysbios_knl_Task_Object__count__C)
                  0000ad40    00000004     rtos_pem4f.oem4f (.const:ti_sysbios_knl_Task_allBlockedFunc__C)
                  0000ad44    00000004     rtos_pem4f.oem4f (.const:ti_sysbios_knl_Task_numConstructedTasks__C)
                  0000ad48    00000004     rtos_pem4f.oem4f (.const:xdc_runtime_Assert_E_assertFailed__C)
                  0000ad4c    00000004     rtos_pem4f.oem4f (.const:xdc_runtime_Core_A_initializedParams__C)
                  0000ad50    00000004     rtos_pem4f.oem4f (.const:xdc_runtime_Core_Module__diagsEnabled__C)
                  0000ad54    00000004     rtos_pem4f.oem4f (.const:xdc_runtime_Core_Module__diagsIncluded__C)
                  0000ad58    00000004     rtos_pem4f.oem4f (.const:xdc_runtime_Core_Module__diagsMask__C)
                  0000ad5c    00000004     rtos_pem4f.oem4f (.const:xdc_runtime_Error_E_memory__C)
                  0000ad60    00000004     rtos_pem4f.oem4f (.const:xdc_runtime_Error_Module__diagsEnabled__C)
                  0000ad64    00000004     rtos_pem4f.oem4f (.const:xdc_runtime_Error_Module__diagsIncluded__C)
                  0000ad68    00000004     rtos_pem4f.oem4f (.const:xdc_runtime_Error_Module__diagsMask__C)
                  0000ad6c    00000004     rtos_pem4f.oem4f (.const:xdc_runtime_Error_Module__loggerFxn8__C)
                  0000ad70    00000004     rtos_pem4f.oem4f (.const:xdc_runtime_Error_Module__loggerObj__C)
                  0000ad74    00000004     rtos_pem4f.oem4f (.const:xdc_runtime_Error_policyFxn__C)
                  0000ad78    00000004     rtos_pem4f.oem4f (.const:xdc_runtime_Error_raiseHook__C)
                  0000ad7c    00000004     rtos_pem4f.oem4f (.const:xdc_runtime_IGateProvider_Interface__BASE__C)
                  0000ad80    00000004     rtos_pem4f.oem4f (.const:xdc_runtime_IHeap_Interface__BASE__C)
                  0000ad84    00000004     rtos_pem4f.oem4f (.const:xdc_runtime_IModule_Interface__BASE__C)
                  0000ad88    00000004     rtos_pem4f.oem4f (.const:xdc_runtime_Log_L_error__C)
                  0000ad8c    00000004     rtos_pem4f.oem4f (.const:xdc_runtime_Memory_defaultHeapInstance__C)
                  0000ad90    00000004     rtos_pem4f.oem4f (.const:xdc_runtime_Startup_execImpl__C)
                  0000ad94    00000004     rtos_pem4f.oem4f (.const:xdc_runtime_Startup_maxPasses__C)
                  0000ad98    00000004     rtos_pem4f.oem4f (.const:xdc_runtime_Startup_sfxnRts__C)
                  0000ad9c    00000004     rtos_pem4f.oem4f (.const:xdc_runtime_Startup_sfxnTab__C)
                  0000ada0    00000004     rtos_pem4f.oem4f (.const:xdc_runtime_SysMin_bufSize__C)
                  0000ada4    00000004     rtos_pem4f.oem4f (.const:xdc_runtime_SysMin_outputFunc__C)
                  0000ada8    00000004     rtos_pem4f.oem4f (.const:xdc_runtime_System_Module__gateObj__C)
                  0000adac    00000004     rtos_pem4f.oem4f (.const:xdc_runtime_System_abortFxn__C)
                  0000adb0    00000004     rtos_pem4f.oem4f (.const:xdc_runtime_System_exitFxn__C)
                  0000adb4    00000004     rtos_pem4f.oem4f (.const:xdc_runtime_System_extendFxn__C)
                  0000adb8    00000004     rtos_pem4f.oem4f (.const:xdc_runtime_System_maxAtexitHandlers__C)
                  0000adbc    00000004     rtos_pem4f.oem4f (.const:xdc_runtime_Text_charTab__C)
                  0000adc0    00000004     rtos_pem4f.oem4f (.const:xdc_runtime_Text_nameEmpty__C)
                  0000adc4    00000004     rtos_pem4f.oem4f (.const:xdc_runtime_Text_nameStatic__C)
                  0000adc8    00000004     rtos_pem4f.oem4f (.const:xdc_runtime_Text_nameUnknown__C)
                  0000adcc    00000004     rtos_pem4f.oem4f (.const:xdc_runtime_Text_nodeTab__C)
                  0000add0    00000004     rtos_pem4f.oem4f (.const:xdc_runtime_Text_visitRopeFxn__C)
                  0000add4    00000002     rtos_pem4f.oem4f (.const:ti_sysbios_family_arm_lm4_TimestampProvider_useClockTimer__C)
                  0000add6    00000002     rtos_pem4f.oem4f (.const:ti_sysbios_family_arm_m3_Hwi_Module__id__C)
                  0000add8    00000002     rtos_pem4f.oem4f (.const:ti_sysbios_gates_GateMutex_Module__id__C)
                  0000adda    00000002     rtos_pem4f.oem4f (.const:ti_sysbios_hal_Hwi_Module__id__C)
                  0000addc    00000002     rtos_pem4f.oem4f (.const:ti_sysbios_heaps_HeapMem_Module__id__C)
                  0000adde    00000002     rtos_pem4f.oem4f (.const:ti_sysbios_knl_Semaphore_Module__id__C)
                  0000ade0    00000002     rtos_pem4f.oem4f (.const:ti_sysbios_knl_Task_Module__id__C)
                  0000ade2    00000002     rtos_pem4f.oem4f (.const:xdc_runtime_Core_Module__id__C)
                  0000ade4    00000002     rtos_pem4f.oem4f (.const:xdc_runtime_Error_Module__loggerDefined__C)
                  0000ade6    00000002     rtos_pem4f.oem4f (.const:xdc_runtime_Error_maxDepth__C)
                  0000ade8    00000002     rtos_pem4f.oem4f (.const:xdc_runtime_Memory_Module__id__C)
                  0000adea    00000002     rtos_pem4f.oem4f (.const:xdc_runtime_SysMin_flushAtExit__C)
                  0000adec    00000002     rtos_pem4f.oem4f (.const:xdc_runtime_Text_charCnt__C)
                  0000adee    00000002     rtos_pem4f.oem4f (.const:xdc_runtime_Text_isLoaded__C)
                  0000adf0    00000002     rtos_pem4f.oem4f (.const:xdc_runtime_Text_registryModsLastId__C)
                  0000adf2    00000002     rtos_pem4f.oem4f (.const:xdc_runtime_Text_unnamedModsLastId__C)

.cinit     0    0000adf8    00000278     
                  0000adf8    0000023d     (.cinit..data.load) [load image, compression = lzss]
                  0000b035    00000003     --HOLE-- [fill = 0]
                  0000b038    0000000c     (__TI_handler_table)
                  0000b044    00000004     --HOLE-- [fill = 0]
                  0000b048    00000008     (.cinit..bss.load) [load image, compression = zero_init]
                  0000b050    00000008     (.cinit..vecs.load) [load image, compression = zero_init]
                  0000b058    00000018     (__TI_cinit_table)

.init_array 
*          0    00000000    00000000     UNINITIALIZED

.resetVecs 
*          0    00000000    0000003c     
                  00000000    0000003c     rtos_pem4f.oem4f (.resetVecs)

.data      0    20000360    00008590     UNINITIALIZED
                  20000360    00008000     Crystalfontz128x128_ST7735.obj (.data:Lcd_buffer)
                  20008360    0000017c     rtos_pem4f.oem4f (.data:ti_sysbios_knl_Task_Object__table__V)
                  200084dc    00000080     rtos_pem4f.oem4f (.data:ti_sysbios_knl_Swi_Module_State_0_readyQ__A)
                  2000855c    00000080     rtos_pem4f.oem4f (.data:ti_sysbios_knl_Task_Module_State_0_readyQ__A)
                  200085dc    00000044     rtos_pem4f.oem4f (.data:ti_sysbios_knl_Task_Module__state__V)
                  20008620    00000040     rtos_pem4f.oem4f (.data:ti_sysbios_family_arm_lm4_Timer_Module_State_0_device__A)
                  20008660    00000040     rtos_pem4f.oem4f (.data:ti_sysbios_family_arm_lm4_Timer_Object__table__V)
                  200086a0    00000038     rtos_pem4f.oem4f (.data:ti_sysbios_gates_GateMutex_Object__table__V)
                  200086d8    00000034     rtos_pem4f.oem4f (.data:ti_sysbios_family_arm_m3_Hwi_Module__state__V)
                  2000870c    00000030     rtos_pem4f.oem4f (.data:ti_sysbios_family_arm_m3_Hwi_Object__table__V)
                  2000873c    00000030     rtos_pem4f.oem4f (.data:ti_sysbios_knl_Swi_Object__table__V)
                  2000876c    0000002c     rtos_pem4f.oem4f (.data:ti_sysbios_knl_Clock_Module__state__V)
                  20008798    00000024     main.obj (.data)
                  200087bc    00000024     rtos_pem4f.oem4f (.data:ti_sysbios_BIOS_Module__state__V)
                  200087e0    00000020     rtos_pem4f.oem4f (.data:ti_sysbios_family_arm_lm4_Timer_Module_State_0_handles__A)
                  20008800    0000001c     rtos_pem4f.oem4f (.data:ti_sysbios_knl_Swi_Module__state__V)
                  2000881c    00000018     rtos_pem4f.oem4f (.data:ti_sysbios_heaps_HeapMem_Object__table__V)
                  20008834    00000014     main.obj (.data:fVoltsPerDiv)
                  20008848    0000000d     buttons.obj (.data)
                  20008855    00000001     --HOLE--
                  20008856    00000002     rtos_pem4f.oem4f (.data:ti_sysbios_family_arm_m3_Hwi_Module_State_0_excActive__A)
                  20008858    0000000c     rtos_pem4f.oem4f (.data:ti_sysbios_family_arm_lm4_Timer_Module__state__V)
                  20008864    0000000c     rtos_pem4f.oem4f (.data:xdc_runtime_SysMin_Module__state__V)
                  20008870    00000009     sampling.obj (.data)
                  20008879    00000001     --HOLE--
                  2000887a    00000002     rtos_pem4f.oem4f (.data:xdc_runtime_Error_Module__state__V)
                  2000887c    00000008     rtsv7M4_T_le_v4SPD16_eabi.lib : _lock.c.obj (.data:$O1$$)
                  20008884    00000008     rtos_pem4f.oem4f (.data:ti_sysbios_family_arm_lm4_TimestampProvider_Module__state__V)
                  2000888c    00000008     rtos_pem4f.oem4f (.data:ti_sysbios_gates_GateHwi_Module__root__V)
                  20008894    00000008     rtos_pem4f.oem4f (.data:ti_sysbios_gates_GateMutex_Module__root__V)
                  2000889c    00000008     rtos_pem4f.oem4f (.data:ti_sysbios_heaps_HeapMem_Module__root__V)
                  200088a4    00000008     rtos_pem4f.oem4f (.data:ti_sysbios_knl_Queue_Module__root__V)
                  200088ac    00000008     rtos_pem4f.oem4f (.data:ti_sysbios_knl_Semaphore_Module__root__V)
                  200088b4    00000008     rtos_pem4f.oem4f (.data:xdc_runtime_Registry_Module__state__V)
                  200088bc    00000008     rtos_pem4f.oem4f (.data:xdc_runtime_Startup_Module__state__V)
                  200088c4    00000008     rtos_pem4f.oem4f (.data:xdc_runtime_System_Module_State_0_atexitHandlers__A)
                  200088cc    00000008     rtos_pem4f.oem4f (.data:xdc_runtime_System_Module__state__V)
                  200088d4    00000004     rtsv7M4_T_le_v4SPD16_eabi.lib : errno.c.obj (.data)
                  200088d8    00000004                                   : stkdepth_vars.c.obj (.data)
                  200088dc    00000004     rtos_pem4f.oem4f (.data:ti_sysbios_family_arm_m3_Hwi_Module_State_0_excContext__A)
                  200088e0    00000004     rtos_pem4f.oem4f (.data:ti_sysbios_family_arm_m3_Hwi_Module_State_0_excStack__A)
                  200088e4    00000004     rtos_pem4f.oem4f (.data:ti_sysbios_gates_GateHwi_Object__table__V)
                  200088e8    00000004     rtos_pem4f.oem4f (.data:ti_sysbios_knl_Task_Module_State_0_idleTask__A)
                  200088ec    00000004     rtos_pem4f.oem4f (.data:xdc_runtime_Memory_Module__state__V)

.bss       0    200088f0    00002556     UNINITIALIZED
                  200088f0    00001000     (.common:gADCBuffer)
                  200098f0    00000a00     rtos_pem4f.oem4f (.bss:taskStackSection)
                  2000a2f0    00000400     (.common:ti_sysbios_heaps_HeapMem_Instance_State_0_buf__A)
                  2000a6f0    00000360     (.common:ti_sysbios_family_arm_m3_Hwi_dispatchTable)
                  2000aa50    00000120     rtsv7M4_T_le_v4SPD16_eabi.lib : trgmsg.c.obj (.bss:_CIOBUF_)
                  2000ab70    00000100     (.common:processbuff)
                  2000ac70    00000100     (.common:sampbuff)
                  2000ad70    00000080     (.common:xdc_runtime_SysMin_Module_State_0_outbuf__A)
                  2000adf0    0000002c     (.common:sContext)
                  2000ae1c    0000000c     (.common:fifo)
                  2000ae28    00000008     (.common:parmbuf)
                  2000ae30    00000004     (.common:gADCSamplingRate)
                  2000ae34    00000004     (.common:g_psGrLibDefaults)
                  2000ae38    00000004     (.common:trigger)
                  2000ae3c    00000002     (.common:Lcd_ScreenHeigth)
                  2000ae3e    00000002     (.common:Lcd_ScreenWidth)
                  2000ae40    00000002     (.common:Lcd_TouchTrim)
                  2000ae42    00000001     (.common:Lcd_FlagRead)
                  2000ae43    00000001     (.common:Lcd_FontSolid)
                  2000ae44    00000001     (.common:Lcd_Orientation)
                  2000ae45    00000001     (.common:Lcd_PenSolid)

.stack     0    2000ae48    00000300     UNINITIALIZED
                  2000ae48    00000300     --HOLE--

.bootVecs 
*          0    00000000    00000008     DSECT
                  00000000    00000008     boot.aem4f : boot.oem4f (.bootVecs)

.vecs      0    20000000    00000360     UNINITIALIZED
                  20000000    00000360     rtos_pem4f.oem4f (.vecs)

xdc.meta   0    00000000    00000104     COPY SECTION
                  00000000    00000104     rtos_pem4f.oem4f (xdc.meta)

__llvm_prf_cnts 
*          0    20000000    00000000     UNINITIALIZED

MODULE SUMMARY

       Module                                             code    ro data   rw data
       ------                                             ----    -------   -------
    .\
       Crystalfontz128x128_ST7735.obj                     958     40        32778  
       sampling.obj                                       404     0         4105   
       main.obj                                           1616    0         616    
       buttons.obj                                        476     0         29     
       HAL_EK_TM4C1294XL_Crystalfontz128x128_ST7735.obj   324     0         0      
       sysctl_pll.obj                                     72      0         0      
    +--+--------------------------------------------------+-------+---------+---------+
       Total:                                             3850    40        37528  
                                                                                   
    C:\Users\rjcroesball\Downloads\ece3849_lab2_starter_b22\ece3849_lab2_starter\Debug\configPkg\package\cfg\
       rtos_pem4f.oem4f                                   1470    7742      6768   
    +--+--------------------------------------------------+-------+---------+---------+
       Total:                                             1470    7742      6768   
                                                                                   
    C:/ti/tirtos_tivac_2_16_01_14/products/TivaWare_C_Series-2.1.1.71b/driverlib/ccs/Debug/driverlib.lib
       sysctl.obj                                         674     452       0      
       gpio.obj                                           520     144       0      
       interrupt.obj                                      172     268       0      
       adc.obj                                            252     0         0      
       timer.obj                                          170     0         0      
       pwm.obj                                            130     0         0      
       ssi.obj                                            88      0         0      
       fpu.obj                                            32      0         0      
       cpu.obj                                            24      0         0      
    +--+--------------------------------------------------+-------+---------+---------+
       Total:                                             2062    864       0      
                                                                                   
    C:/ti/tirtos_tivac_2_16_01_14/products/TivaWare_C_Series-2.1.1.71b/grlib/ccs/Debug/grlib.lib
       string.obj                                         1192    0         0      
       fontfixed6x8.obj                                   0       960       0      
       line.obj                                           648     0         0      
       rectangle.obj                                      134     0         0      
       context.obj                                        104     16        4      
       charmap.obj                                        8       0         0      
    +--+--------------------------------------------------+-------+---------+---------+
       Total:                                             2086    976       4      
                                                                                   
    C:\Users\rjcroesball\Downloads\ece3849_lab2_starter_b22\ece3849_lab2_starter\src\sysbios\sysbios.aem4f
       BIOS.obj                                           10324   0         0      
       m3_Hwi_asm.obj                                     314     0         0      
       m3_TaskSupport_asm.obj                             180     0         0      
       m3_Hwi_asm_switch.obj                              118     0         0      
    +--+--------------------------------------------------+-------+---------+---------+
       Total:                                             10936   0         0      
                                                                                   
    C:\ti\ccs1200\ccs\tools\compiler\ti-cgt-arm_20.2.6.LTS\lib\rtsv7M4_T_le_v4SPD16_eabi.lib
       _printfi.c.obj                                     4851    0         0      
       fd_add_t2.asm.obj                                  438     0         0      
       trgmsg.c.obj                                       108     0         288    
       fd_div_t2.asm.obj                                  310     0         0      
       s_scalbn.c.obj                                     272     0         0      
       fd_cmp_t2.asm.obj                                  268     0         0      
       ctype.c.obj                                        0       257       0      
       fd_mul_t2.asm.obj                                  252     0         0      
       memcpy_t2.asm.obj                                  156     0         0      
       ull_div_t2.asm.obj                                 150     0         0      
       snprintf.c.obj                                     148     0         0      
       s_floorf.c.obj                                     128     0         0      
       memset_t2.asm.obj                                  122     0         0      
       s_roundf.c.obj                                     110     0         0      
       copy_decompress_lzss.c.obj                         104     0         0      
       s_frexp.c.obj                                      100     0         0      
       hostwrite.c.obj                                    88      0         0      
       _ltoa.c.obj                                        84      0         0      
       atoi.c.obj                                         76      0         0      
       cpy_tbl.c.obj                                      76      0         0      
       fd_toi_t2.asm.obj                                  72      0         0      
       u_divt2.asm.obj                                    64      0         0      
       fs_tod_t2.asm.obj                                  56      0         0      
       i_tofd_t2.asm.obj                                  46      0         0      
       _lock.c.obj                                        26      0         8      
       memccpy.c.obj                                      28      0         0      
       s_copysign.c.obj                                   26      0         0      
       args_main.c.obj                                    24      0         0      
       strchr.c.obj                                       22      0         0      
       strlen.c.obj                                       20      0         0      
       wcslen.c.obj                                       18      0         0      
[...]
000085c1  ti_sysbios_gates_GateHwi_Instance_init__E                            
000085c9  ti_sysbios_knl_Clock_logTick__E                                      
000085d1  xdc_runtime_Startup_reset__I                                         
000085d4  xdc_runtime_Text_charTab__A                                          
0000a1fd  xdc_runtime_Error_policy__C                                          
0000a1fe  ti_catalog_arm_cortexm4_tiva_ce_Boot_Module__id__C                   
0000a440  _ctypes_                                                             
0000a542  ti_sysbios_family_arm_lm4_TimestampProvider_Module__id__C            
0000a544  g_sFontFixed6x8                                                      
0000a60c  xdc_runtime_Text_nodeTab__A                                          
0000a9f0  g_sCrystalfontz128x128                                               
0000aa18  ti_sysbios_heaps_HeapMem_Module__FXNS__C                             
0000aa40  xdc_runtime_Startup_sfxnTab__A                                       
0000aa68  ti_sysbios_gates_GateHwi_Module__FXNS__C                             
0000aa8c  ti_sysbios_gates_GateMutex_Module__FXNS__C                           
0000aab0  ti_sysbios_heaps_HeapMem_Object__PARAMS__C                           
0000aad4  ti_sysbios_knl_Semaphore_Object__PARAMS__C                           
0000aaf8  ti_sysbios_gates_GateHwi_Object__DESC__C                             
0000ab18  ti_sysbios_gates_GateMutex_Object__DESC__C                           
0000ab38  ti_sysbios_heaps_HeapMem_Object__DESC__C                             
0000ab58  ti_sysbios_knl_Queue_Object__DESC__C                                 
0000ab78  ti_sysbios_knl_Semaphore_Object__DESC__C                             
0000ab98  ti_sysbios_gates_GateHwi_Object__PARAMS__C                           
0000abb0  ti_sysbios_gates_GateMutex_Object__PARAMS__C                         
0000abc8  ti_sysbios_knl_Queue_Object__PARAMS__C                               
0000abe0  xdc_runtime_Startup_firstFxns__A                                     
0000abf8  xdc_runtime_Startup_sfxnRts__A                                       
0000ac0c  g_psDefaultCodePointMapTable                                         
0000ac2c  ti_sysbios_family_arm_m3_Hwi_excHookFuncs__A                         
0000ac34  ti_sysbios_knl_Idle_funcList__C                                      
0000ac3c  xdc_runtime_Startup_firstFxns__C                                     
0000ac44  xdc_runtime_Startup_lastFxns__C                                      
0000ac4c  ti_catalog_arm_cortexm4_tiva_ce_Boot_A_mustNotUseEnhancedClockMode__C
0000ac50  ti_catalog_arm_cortexm4_tiva_ce_Boot_Module__diagsEnabled__C         
0000ac54  ti_catalog_arm_cortexm4_tiva_ce_Boot_Module__diagsIncluded__C        
0000ac58  ti_catalog_arm_cortexm4_tiva_ce_Boot_Module__diagsMask__C            
0000ac5c  ti_sysbios_family_arm_lm4_Timer_enableFunc__C                        
0000ac60  ti_sysbios_family_arm_lm4_Timer_numTimerDevices__C                   
0000ac64  ti_sysbios_family_arm_lm4_Timer_startupNeeded__C                     
0000ac68  ti_sysbios_family_arm_lm4_TimestampProvider_Module__diagsEnabled__C  
0000ac6c  ti_sysbios_family_arm_lm4_TimestampProvider_Module__diagsIncluded__C 
0000ac70  ti_sysbios_family_arm_lm4_TimestampProvider_Module__diagsMask__C     
0000ac74  ti_sysbios_family_arm_m3_Hwi_E_NMI__C                                
0000ac78  ti_sysbios_family_arm_m3_Hwi_E_busFault__C                           
0000ac7c  ti_sysbios_family_arm_m3_Hwi_E_debugMon__C                           
0000ac80  ti_sysbios_family_arm_m3_Hwi_E_hardFault__C                          
0000ac84  ti_sysbios_family_arm_m3_Hwi_E_memFault__C                           
0000ac88  ti_sysbios_family_arm_m3_Hwi_E_noIsr__C                              
0000ac8c  ti_sysbios_family_arm_m3_Hwi_E_reserved__C                           
0000ac90  ti_sysbios_family_arm_m3_Hwi_E_svCall__C                             
0000ac94  ti_sysbios_family_arm_m3_Hwi_E_usageFault__C                         
0000ac98  ti_sysbios_family_arm_m3_Hwi_NUM_INTERRUPTS__C                       
0000ac9c  ti_sysbios_family_arm_m3_Hwi_Object__count__C                        
0000aca0  ti_sysbios_family_arm_m3_Hwi_ccr__C                                  
0000aca4  ti_sysbios_family_arm_m3_Hwi_excHandlerFunc__C                       
0000aca8  ti_sysbios_family_arm_m3_Hwi_excHookFuncs__C                         
0000acac  ti_sysbios_family_arm_m3_Hwi_nullIsrFunc__C                          
0000acb0  ti_sysbios_family_arm_m3_Hwi_priGroup__C                             
0000acb4  ti_sysbios_gates_GateMutex_A_badContext__C                           
0000acb8  ti_sysbios_gates_GateMutex_Instance_State_sem__O                     
0000acbc  ti_sysbios_gates_GateMutex_Module__diagsEnabled__C                   
0000acc0  ti_sysbios_gates_GateMutex_Module__diagsIncluded__C                  
0000acc4  ti_sysbios_gates_GateMutex_Module__diagsMask__C                      
0000acc8  ti_sysbios_hal_Hwi_E_stackOverflow__C                                
0000accc  ti_sysbios_heaps_HeapMem_A_align__C                                  
0000acd0  ti_sysbios_heaps_HeapMem_A_heapSize__C                               
0000acd4  ti_sysbios_heaps_HeapMem_A_invalidFree__C                            
0000acd8  ti_sysbios_heaps_HeapMem_A_zeroBlock__C                              
0000acdc  ti_sysbios_heaps_HeapMem_E_memory__C                                 
0000ace0  ti_sysbios_heaps_HeapMem_Module__diagsEnabled__C                     
0000ace4  ti_sysbios_heaps_HeapMem_Module__diagsIncluded__C                    
0000ace8  ti_sysbios_heaps_HeapMem_Module__diagsMask__C                        
0000acec  ti_sysbios_heaps_HeapMem_Module__gateObj__C                          
0000acf0  ti_sysbios_heaps_HeapMem_Object__count__C                            
0000acf4  ti_sysbios_heaps_HeapMem_reqAlign__C                                 
0000acf8  ti_sysbios_knl_Clock_Module_State_clockQ__O                          
0000acfc  ti_sysbios_knl_Idle_funcList__A                                      
0000ad00  ti_sysbios_knl_Mailbox_Instance_State_freeQue__O                     
0000ad04  ti_sysbios_knl_Mailbox_Object__count__C                              
0000ad08  ti_sysbios_knl_Mailbox_maxTypeAlign__C                               
0000ad0c  ti_sysbios_knl_Semaphore_A_badContext__C                             
0000ad10  ti_sysbios_knl_Semaphore_A_noEvents__C                               
0000ad14  ti_sysbios_knl_Semaphore_A_overflow__C                               
0000ad18  ti_sysbios_knl_Semaphore_A_pendTaskDisabled__C                       
0000ad1c  ti_sysbios_knl_Semaphore_Instance_State_pendQ__O                     
0000ad20  ti_sysbios_knl_Semaphore_Module__diagsEnabled__C                     
0000ad24  ti_sysbios_knl_Semaphore_Module__diagsIncluded__C                    
0000ad28  ti_sysbios_knl_Semaphore_Module__diagsMask__C                        
0000ad2c  ti_sysbios_knl_Swi_Object__count__C                                  
0000ad30  ti_sysbios_knl_Task_E_spOutOfBounds__C                               
0000ad34  ti_sysbios_knl_Task_E_stackOverflow__C                               
0000ad38  ti_sysbios_knl_Task_Module_State_inactiveQ__O                        
0000ad3c  ti_sysbios_knl_Task_Object__count__C                                 
0000ad40  ti_sysbios_knl_Task_allBlockedFunc__C                                
0000ad44  ti_sysbios_knl_Task_numConstructedTasks__C                           
0000ad48  xdc_runtime_Assert_E_assertFailed__C                                 
0000ad4c  xdc_runtime_Core_A_initializedParams__C                              
0000ad50  xdc_runtime_Core_Module__diagsEnabled__C                             
0000ad54  xdc_runtime_Core_Module__diagsIncluded__C                            
0000ad58  xdc_runtime_Core_Module__diagsMask__C                                
0000ad5c  xdc_runtime_Error_E_memory__C                                        
0000ad60  xdc_runtime_Error_Module__diagsEnabled__C                            
0000ad64  xdc_runtime_Error_Module__diagsIncluded__C                           
0000ad68  xdc_runtime_Error_Module__diagsMask__C                               
0000ad6c  xdc_runtime_Error_Module__loggerFxn8__C                              
0000ad70  xdc_runtime_Error_Module__loggerObj__C                               
0000ad74  xdc_runtime_Error_policyFxn__C                                       
0000ad78  xdc_runtime_Error_raiseHook__C                                       
0000ad7c  xdc_runtime_IGateProvider_Interface__BASE__C                         
0000ad80  xdc_runtime_IHeap_Interface__BASE__C                                 
0000ad84  xdc_runtime_IModule_Interface__BASE__C                               
0000ad88  xdc_runtime_Log_L_error__C                                           
0000ad8c  xdc_runtime_Memory_defaultHeapInstance__C                            
0000ad90  xdc_runtime_Startup_execImpl__C                                      
0000ad94  xdc_runtime_Startup_maxPasses__C                                     
0000ad98  xdc_runtime_Startup_sfxnRts__C                                       
0000ad9c  xdc_runtime_Startup_sfxnTab__C                                       
0000ada0  xdc_runtime_SysMin_bufSize__C                                        
0000ada4  xdc_runtime_SysMin_outputFunc__C                                     
0000ada8  xdc_runtime_System_Module__gateObj__C                                
0000adac  xdc_runtime_System_abortFxn__C                                       
0000adb0  xdc_runtime_System_exitFxn__C                                        
0000adb4  xdc_runtime_System_extendFxn__C                                      
0000adb8  xdc_runtime_System_maxAtexitHandlers__C                              
0000adbc  xdc_runtime_Text_charTab__C                                          
0000adc0  xdc_runtime_Text_nameEmpty__C                                        
0000adc4  xdc_runtime_Text_nameStatic__C                                       
0000adc8  xdc_runtime_Text_nameUnknown__C                                      
0000adcc  xdc_runtime_Text_nodeTab__C                                          
0000add0  xdc_runtime_Text_visitRopeFxn__C                                     
0000add4  ti_sysbios_family_arm_lm4_TimestampProvider_useClockTimer__C         
0000add6  ti_sysbios_family_arm_m3_Hwi_Module__id__C                           
0000add8  ti_sysbios_gates_GateMutex_Module__id__C                             
0000adda  ti_sysbios_hal_Hwi_Module__id__C                                     
0000addc  ti_sysbios_heaps_HeapMem_Module__id__C                               
0000adde  ti_sysbios_knl_Semaphore_Module__id__C                               
0000ade0  ti_sysbios_knl_Task_Module__id__C                                    
0000ade2  xdc_runtime_Core_Module__id__C                                       
0000ade4  xdc_runtime_Error_Module__loggerDefined__C                           
0000ade6  xdc_runtime_Error_maxDepth__C                                        
0000ade8  xdc_runtime_Memory_Module__id__C                                     
0000adea  xdc_runtime_SysMin_flushAtExit__C                                    
0000adec  xdc_runtime_Text_charCnt__C                                          
0000adee  xdc_runtime_Text_isLoaded__C                                         
0000adf0  xdc_runtime_Text_registryModsLastId__C                               
0000adf2  xdc_runtime_Text_unnamedModsLastId__C                                
0000adf8  __TI_static_base__                                                   
0000b038  __TI_Handler_Table_Base                                              
0000b044  __TI_Handler_Table_Limit                                             
0000b058  __TI_CINIT_Base                                                      
0000b070  __TI_CINIT_Limit                                                     
20000000  __start___llvm_prf_cnts                                              
20000000  __stop___llvm_prf_cnts                                               
20000000  ti_sysbios_family_arm_m3_Hwi_ramVectors                              
20000360  Lcd_buffer                                                           
20008360  ti_sysbios_knl_Task_Object__table__V                                 
200084dc  ti_sysbios_knl_Swi_Module_State_0_readyQ__A                          
2000855c  ti_sysbios_knl_Task_Module_State_0_readyQ__A                         
200085dc  ti_sysbios_knl_Task_Module__state__V                                 
20008620  ti_sysbios_family_arm_lm4_Timer_Module_State_0_device__A             
20008660  ti_sysbios_family_arm_lm4_Timer_Object__table__V                     
200086a0  ti_sysbios_gates_GateMutex_Object__table__V                          
200086d8  ti_sysbios_family_arm_m3_Hwi_Module__state__V                        
2000870c  ti_sysbios_family_arm_m3_Hwi_Object__table__V                        
2000873c  ti_sysbios_knl_Swi_Object__table__V                                  
2000876c  ti_sysbios_knl_Clock_Module__state__V                                
20008798  gSystemClock                                                         
2000879c  gTime                                                                
200087a0  count_loaded                                                         
200087a4  count_unloaded                                                       
200087a8  cpu_load                                                             
200087ac  waveaphore                                                           
200087ad  processaphore                                                        
200087ae  displayaphore                                                        
200087b0  curry                                                                
200087b4  voltsPerDiv                                                          
200087b8  tSlope                                                               
200087bc  ti_sysbios_BIOS_Module__state__V                                     
200087e0  ti_sysbios_family_arm_lm4_Timer_Module_State_0_handles__A            
20008800  ti_sysbios_knl_Swi_Module__state__V                                  
2000881c  ti_sysbios_heaps_HeapMem_Object__table__V                            
20008834  fVoltsPerDiv                                                         
20008848  gButtons                                                             
2000884c  fifo_head                                                            
20008850  fifo_tail                                                            
20008856  ti_sysbios_family_arm_m3_Hwi_Module_State_0_excActive__A             
20008858  ti_sysbios_family_arm_lm4_Timer_Module__state__V                     
20008864  xdc_runtime_SysMin_Module__state__V                                  
20008870  gADCBufferIndex                                                      
20008874  gADCErrors                                                           
20008878  TrigFound                                                            
2000887a  xdc_runtime_Error_Module__state__V                                   
2000887c  _lock                                                                
20008880  _unlock                                                              
20008884  ti_sysbios_family_arm_lm4_TimestampProvider_Module__state__V         
2000888c  ti_sysbios_gates_GateHwi_Module__root__V                             
20008894  ti_sysbios_gates_GateMutex_Module__root__V                           
2000889c  ti_sysbios_heaps_HeapMem_Module__root__V                             
200088a4  ti_sysbios_knl_Queue_Module__root__V                                 
200088ac  ti_sysbios_knl_Semaphore_Module__root__V                             
200088b4  xdc_runtime_Registry_Module__state__V                                
200088bc  xdc_runtime_Startup_Module__state__V                                 
200088c4  xdc_runtime_System_Module_State_0_atexitHandlers__A                  
200088cc  xdc_runtime_System_Module__state__V                                  
200088d4  errno                                                                
200088d8  main_func_sp                                                         
200088dc  ti_sysbios_family_arm_m3_Hwi_Module_State_0_excContext__A            
200088e0  ti_sysbios_family_arm_m3_Hwi_Module_State_0_excStack__A              
200088e4  ti_sysbios_gates_GateHwi_Object__table__V                            
200088e8  ti_sysbios_knl_Task_Module_State_0_idleTask__A                       
200088ec  xdc_runtime_Memory_Module__state__V                                  
200088f0  gADCBuffer                                                           
200098f0  ti_sysbios_knl_Task_Instance_State_0_stack__A                        
20009af0  ti_sysbios_knl_Task_Instance_State_1_stack__A                        
20009cf0  ti_sysbios_knl_Task_Instance_State_2_stack__A                        
20009ef0  ti_sysbios_knl_Task_Instance_State_3_stack__A                        
2000a0f0  ti_sysbios_knl_Task_Instance_State_4_stack__A                        
2000a2f0  ti_sysbios_heaps_HeapMem_Instance_State_0_buf__A                     
2000a6f0  ti_sysbios_family_arm_m3_Hwi_dispatchTable                           
2000aa50  __CIOBUF_                                                            
2000ab70  processbuff                                                          
2000ac70  sampbuff                                                             
2000ad70  xdc_runtime_SysMin_Module_State_0_outbuf__A                          
2000adf0  sContext                                                             
2000ae1c  fifo                                                                 
2000ae28  parmbuf                                                              
2000ae30  gADCSamplingRate                                                     
2000ae38  trigger                                                              
2000ae3c  Lcd_ScreenHeigth                                                     
2000ae3e  Lcd_ScreenWidth                                                      
2000ae40  Lcd_TouchTrim                                                        
2000ae42  Lcd_FlagRead                                                         
2000ae43  Lcd_FontSolid                                                        
2000ae44  Lcd_Orientation                                                      
2000ae45  Lcd_PenSolid                                                         
2000ae48  __stack                                                              
2000b148  __STACK_END                                                          
e000e000  ti_sysbios_family_arm_m3_Hwi_nvic                                    
ffffffff  __TI_pprof_out_hndl                                                  
ffffffff  __TI_prof_data_size                                                  
ffffffff  __TI_prof_data_start                                                 
ffffffff  __binit__                                                            
ffffffff  __c_args__                                                           
ffffffff  binit                                                                
UNDEFED   SHT$$INIT_ARRAY$$Base                                                
UNDEFED   SHT$$INIT_ARRAY$$Limit                                               

[647 symbols]
